Loaded datasets C1
{"fold": "C1", "arm": "B0", "epoch": 1, "step": 100, "loss": 2.262371063232422}
{"fold": "C1", "arm": "B0", "epoch": 1, "step": 200, "loss": 1.697037696838379}
{"fold": "C1", "arm": "B0", "epoch": 1, "step": 300, "loss": 1.880438208580017}
{"fold": "C1", "arm": "B0", "epoch": 1, "step": 400, "loss": 2.1222949028015137}
{"fold": "C1", "arm": "B0", "epoch": 1, "step": 500, "loss": 1.7731423377990723}
{"fold": "C1", "arm": "B0", "epoch": 1, "step": 600, "loss": 2.124389886856079}
{"fold": "C1", "arm": "B0", "epoch": 1, "seen": {"pooled_auroc": 0.789549602959227, "rows": 1451, "videos": 462, "source_pair_acc": 0.6686991869918699, "source_pairs": 492, "same_query_pair_acc": 0.5864096896011789, "same_query_support": 47, "raw_r1_iou_05": 0.36267232237539765, "raw_r1_iou_07": 0.17179215270413573, "threshold_logit": 5.113354206085205, "gated_r1_iou_05": 0.22269353128313893, "score_distribution": {"0": {"mean": 0.5766422908577159, "std": 4.580091972838853, "quantiles": [-6.865457248687744, 1.2273004651069641, 6.172671842575073]}, "1": {"mean": 5.313460976140196, "std": 3.615498868390939, "quantiles": [0.6485024809837342, 6.258183002471924, 9.224410057067871]}}}, "losses": {"gmr": 2.075422428842736, "gmr_loss_span": 0.04075636799902992, "gmr_loss_giou": 0.26875771509658963, "gmr_loss_label": 0.06584190599348588, "gmr_class_error": 7.2590289420269904, "gmr_loss_exist": 0.19651711486721565, "gmr_loss_span_0": 0.04090936906284746, "gmr_loss_giou_0": 0.268621093505784, "gmr_loss_label_0": 0.06537537791944564, "gmr_class_error_0": 7.605767647183775, "coarse": 3.101976418929984, "fine": 0.8386489613077923, "total": 2.075422428842736}, "chains": 2630, "seconds": 103.57577800750732, "selected": true, "exposure_sha256": "dd1b8444924396e221771e46273c471327997116a6848aa6d70e304376c56a7b"}
{"fold": "C1", "arm": "B0", "epoch": 2, "step": 100, "loss": 2.614147424697876}
{"fold": "C1", "arm": "B0", "epoch": 2, "step": 200, "loss": 2.2298431396484375}
{"fold": "C1", "arm": "B0", "epoch": 2, "step": 300, "loss": 2.3368613719940186}
{"fold": "C1", "arm": "B0", "epoch": 2, "step": 400, "loss": 2.0822668075561523}
{"fold": "C1", "arm": "B0", "epoch": 2, "step": 500, "loss": 1.7984472513198853}
{"fold": "C1", "arm": "B0", "epoch": 2, "step": 600, "loss": 1.5686835050582886}
{"fold": "C1", "arm": "B0", "epoch": 2, "seen": {"pooled_auroc": 0.7879829410242066, "rows": 1451, "videos": 462, "source_pair_acc": 0.6646341463414634, "source_pairs": 492, "same_query_pair_acc": 0.5570630315311167, "same_query_support": 47, "raw_r1_iou_05": 0.35737009544008486, "raw_r1_iou_07": 0.16755037115588547, "threshold_logit": 5.044013500213623, "gated_r1_iou_05": 0.21739130434782608, "score_distribution": {"0": {"mean": 0.34391896589475823, "std": 4.712329114197295, "quantiles": [-7.1976330280303955, 1.1089093685150146, 6.076602602005005]}, "1": {"mean": 5.138374528279755, "std": 3.6443604833152956, "quantiles": [0.4944815039634705, 6.069426536560059, 9.035774993896485]}}}, "losses": {"gmr": 2.0474945035024255, "gmr_loss_span": 0.03995918566898916, "gmr_loss_giou": 0.2644490648547929, "gmr_loss_label": 0.06567379292157283, "gmr_class_error": 7.468539443784209, "gmr_loss_exist": 0.19476388244660384, "gmr_loss_span_0": 0.039955876801604555, "gmr_loss_giou_0": 0.2644668980798823, "gmr_loss_label_0": 0.06549221646935201, "gmr_class_error_0": 7.596696244909408, "coarse": 3.097122171729531, "fine": 0.8348224209253549, "total": 2.0474945035024255}, "chains": 2632, "seconds": 103.42791652679443, "selected": false, "exposure_sha256": "6060c7700ed87ffcfe4ab42acbbed6cdcc22e3a662a36bf54f696481bef07c67"}
{"fold": "C1", "arm": "B0", "epoch": 3, "step": 100, "loss": 1.6111983060836792}
{"fold": "C1", "arm": "B0", "epoch": 3, "step": 200, "loss": 2.125479221343994}
{"fold": "C1", "arm": "B0", "epoch": 3, "step": 300, "loss": 2.0941832065582275}
{"fold": "C1", "arm": "B0", "epoch": 3, "step": 400, "loss": 2.2737174034118652}
{"fold": "C1", "arm": "B0", "epoch": 3, "step": 500, "loss": 2.337329149246216}
{"fold": "C1", "arm": "B0", "epoch": 3, "step": 600, "loss": 2.5028297901153564}
{"fold": "C1", "arm": "B0", "epoch": 3, "seen": {"pooled_auroc": 0.7839446898405991, "rows": 1451, "videos": 462, "source_pair_acc": 0.6585365853658537, "source_pairs": 492, "same_query_pair_acc": 0.5896065518405944, "same_query_support": 47, "raw_r1_iou_05": 0.36903499469777307, "raw_r1_iou_07": 0.176033934252386, "threshold_logit": 4.991815090179443, "gated_r1_iou_05": 0.23117709437963946, "score_distribution": {"0": {"mean": 0.5666041794255023, "std": 4.776000266178822, "quantiles": [-7.22913088798523, 1.2446451783180237, 6.477657461166382]}, "1": {"mean": 5.313008077101919, "std": 3.6268254684988737, "quantiles": [0.6748087763786316, 6.296505451202393, 9.158403778076172]}}}, "losses": {"gmr": 2.0329723265758037, "gmr_loss_span": 0.03954370042428057, "gmr_loss_giou": 0.2621130552199474, "gmr_loss_label": 0.06548825852957903, "gmr_class_error": 7.593330423882667, "gmr_loss_exist": 0.19216480327481375, "gmr_loss_span_0": 0.03980039416792545, "gmr_loss_giou_0": 0.26372829061511077, "gmr_loss_label_0": 0.06489304952198884, "gmr_class_error_0": 7.756763643769145, "coarse": 3.10152417403224, "fine": 0.8345408163353303, "total": 2.0329723265758037}, "chains": 2630, "seconds": 101.98102879524231, "selected": false, "exposure_sha256": "4717bd3aa38344b0bda292298aee7a5d827fed945d71364f3c6ad61b08b2577d"}
{"fold": "C1", "arm": "B0", "epoch": 4, "step": 100, "loss": 1.5071299076080322}
{"fold": "C1", "arm": "B0", "epoch": 4, "step": 200, "loss": 2.143258810043335}
{"fold": "C1", "arm": "B0", "epoch": 4, "step": 300, "loss": 2.2769150733947754}
{"fold": "C1", "arm": "B0", "epoch": 4, "step": 400, "loss": 1.760643482208252}
{"fold": "C1", "arm": "B0", "epoch": 4, "step": 500, "loss": 2.17421293258667}
{"fold": "C1", "arm": "B0", "epoch": 4, "step": 600, "loss": 1.7353500127792358}
{"fold": "C1", "arm": "B0", "epoch": 4, "seen": {"pooled_auroc": 0.7842494635148336, "rows": 1451, "videos": 462, "source_pair_acc": 0.6605691056910569, "source_pairs": 492, "same_query_pair_acc": 0.5692164809186085, "same_query_support": 47, "raw_r1_iou_05": 0.35737009544008486, "raw_r1_iou_07": 0.17391304347826086, "threshold_logit": 4.9246506690979, "gated_r1_iou_05": 0.21951219512195122, "score_distribution": {"0": {"mean": 0.3934770212490405, "std": 4.964956369211694, "quantiles": [-7.463386917114258, 1.081447422504425, 6.625987195968628]}, "1": {"mean": 5.377342991724468, "std": 3.8408787179562247, "quantiles": [0.4224520146846772, 6.454407215118408, 9.497908973693848]}}}, "losses": {"gmr": 2.0367091943065447, "gmr_loss_span": 0.03975913857356121, "gmr_loss_giou": 0.2641113173997873, "gmr_loss_label": 0.06518609718756473, "gmr_class_error": 7.274072420995648, "gmr_loss_exist": 0.19115148157187056, "gmr_loss_span_0": 0.03991680007744977, "gmr_loss_giou_0": 0.26506523040652635, "gmr_loss_label_0": 0.06471934757764397, "gmr_class_error_0": 7.758176305011413, "coarse": 3.0987250315744466, "fine": 0.8330622123367518, "total": 2.0367091943065447}, "chains": 2631, "seconds": 102.20280194282532, "selected": false, "exposure_sha256": "5ed8e3c879cb94ac5518c4ba3f688bdaafbc201d174b38bf87129c2f6b3f3713"}
{"fold": "C1", "arm": "B0", "epoch": 5, "step": 100, "loss": 2.065408706665039}
{"fold": "C1", "arm": "B0", "epoch": 5, "step": 200, "loss": 1.9624173641204834}
{"fold": "C1", "arm": "B0", "epoch": 5, "step": 300, "loss": 2.0900893211364746}
{"fold": "C1", "arm": "B0", "epoch": 5, "step": 400, "loss": 2.0207436084747314}
{"fold": "C1", "arm": "B0", "epoch": 5, "step": 500, "loss": 2.126955270767212}
{"fold": "C1", "arm": "B0", "epoch": 5, "step": 600, "loss": 1.737023115158081}
{"fold": "C1", "arm": "B0", "epoch": 5, "seen": {"pooled_auroc": 0.7833643673650019, "rows": 1451, "videos": 462, "source_pair_acc": 0.6626016260162602, "source_pairs": 492, "same_query_pair_acc": 0.5710459457799884, "same_query_support": 47, "raw_r1_iou_05": 0.35949098621421, "raw_r1_iou_07": 0.1633085896076352, "threshold_logit": 5.607285499572754, "gated_r1_iou_05": 0.21208907741251326, "score_distribution": {"0": {"mean": 0.5063375370122316, "std": 4.906085768917528, "quantiles": [-7.433586072921753, 1.095909833908081, 6.759144878387452]}, "1": {"mean": 5.487221099001732, "std": 3.8881704472518277, "quantiles": [0.4861710190773011, 6.522083759307861, 9.794936561584473]}}}, "losses": {"gmr": 2.025453061499494, "gmr_loss_span": 0.039460554484017536, "gmr_loss_giou": 0.2628761399367479, "gmr_loss_label": 0.06513940206074968, "gmr_class_error": 7.552627372161958, "gmr_loss_exist": 0.18862921687191223, "gmr_loss_span_0": 0.03967837713047364, "gmr_loss_giou_0": 0.2634451932820143, "gmr_loss_label_0": 0.06463889518362048, "gmr_class_error_0": 7.983606686345712, "coarse": 3.096357340508319, "fine": 0.8358937855187158, "total": 2.025453061499494}, "chains": 2631, "seconds": 102.52778029441833, "selected": false, "exposure_sha256": "0f11eeedbb5c2ea71e3af78014338bb0875143849220d57ab62495e8e10abf76"}
{"fold": "C1", "arm": "B0", "epoch": 6, "step": 100, "loss": 2.338906764984131}
{"fold": "C1", "arm": "B0", "epoch": 6, "step": 200, "loss": 1.8545843362808228}
{"fold": "C1", "arm": "B0", "epoch": 6, "step": 300, "loss": 1.8338720798492432}
{"fold": "C1", "arm": "B0", "epoch": 6, "step": 400, "loss": 2.3268585205078125}
{"fold": "C1", "arm": "B0", "epoch": 6, "step": 500, "loss": 2.4448912143707275}
{"fold": "C1", "arm": "B0", "epoch": 6, "step": 600, "loss": 2.093008279800415}
{"fold": "C1", "arm": "B0", "epoch": 6, "seen": {"pooled_auroc": 0.7818467614665876, "rows": 1451, "videos": 462, "source_pair_acc": 0.6565040650406504, "source_pairs": 492, "same_query_pair_acc": 0.5890907555801173, "same_query_support": 47, "raw_r1_iou_05": 0.35737009544008486, "raw_r1_iou_07": 0.17179215270413573, "threshold_logit": 5.449766159057617, "gated_r1_iou_05": 0.22163308589607636, "score_distribution": {"0": {"mean": 0.5886453887755712, "std": 5.000051704516215, "quantiles": [-7.5761542320251465, 1.1840789914131165, 6.7485013008117685]}, "1": {"mean": 5.542142684060847, "std": 3.8368607928273013, "quantiles": [0.6683466792106628, 6.409432411193848, 9.865806579589844]}}}, "losses": {"gmr": 2.0112396822874308, "gmr_loss_span": 0.03922289066401658, "gmr_loss_giou": 0.260919173335866, "gmr_loss_label": 0.06483295083181836, "gmr_class_error": 7.57496876122379, "gmr_loss_exist": 0.1867811096079172, "gmr_loss_span_0": 0.03929612433996425, "gmr_loss_giou_0": 0.26113341261822404, "gmr_loss_label_0": 0.06447100842592383, "gmr_class_error_0": 8.048177295905116, "coarse": 3.0856930618952836, "fine": 0.8329750630087404, "total": 2.0112396822874308}, "chains": 2632, "seconds": 101.98449802398682, "selected": false, "exposure_sha256": "093a4239ceeba0c16bad6a6ffced2e1bd5e0469eebc0f071116f3e0dd6c4877f"}
{"fold": "C1", "arm": "B0", "epoch": 7, "step": 100, "loss": 1.9402685165405273}
{"fold": "C1", "arm": "B0", "epoch": 7, "step": 200, "loss": 2.3860321044921875}
{"fold": "C1", "arm": "B0", "epoch": 7, "step": 300, "loss": 2.2473292350769043}
{"fold": "C1", "arm": "B0", "epoch": 7, "step": 400, "loss": 2.1732866764068604}
{"fold": "C1", "arm": "B0", "epoch": 7, "step": 500, "loss": 2.743596315383911}
{"fold": "C1", "arm": "B0", "epoch": 7, "step": 600, "loss": 2.0661990642547607}
{"fold": "C1", "arm": "B0", "epoch": 7, "seen": {"pooled_auroc": 0.7808552032798657, "rows": 1451, "videos": 462, "source_pair_acc": 0.6524390243902439, "source_pairs": 492, "same_query_pair_acc": 0.592894753001136, "same_query_support": 47, "raw_r1_iou_05": 0.352067868504772, "raw_r1_iou_07": 0.16436903499469777, "threshold_logit": 4.8965229988098145, "gated_r1_iou_05": 0.22375397667020147, "score_distribution": {"0": {"mean": 0.5187235421090438, "std": 5.133167447362576, "quantiles": [-7.717393779754639, 1.180599868297577, 6.874485540390015]}, "1": {"mean": 5.550932487571654, "std": 3.874803775676244, "quantiles": [0.6150036454200746, 6.572583198547363, 9.868308258056642]}}}, "losses": {"gmr": 2.019804146333306, "gmr_loss_span": 0.03943604407237565, "gmr_loss_giou": 0.26146995341886503, "gmr_loss_label": 0.0651390027583189, "gmr_class_error": 7.787701453119063, "gmr_loss_exist": 0.18846411228683807, "gmr_loss_span_0": 0.039468632914737366, "gmr_loss_giou_0": 0.26083487392287125, "gmr_loss_label_0": 0.06485810637541999, "gmr_class_error_0": 8.36089484380009, "coarse": 3.093188844190905, "fine": 0.8365308132396281, "total": 2.019804146333306}, "chains": 2631, "seconds": 102.36638879776001, "selected": false, "exposure_sha256": "5344ac7be05830f16adeda1df1d49db84f81100012e9df4890e426e7bafb068b"}
{"fold": "C1", "arm": "B0", "epoch": 8, "step": 100, "loss": 1.8977309465408325}
{"fold": "C1", "arm": "B0", "epoch": 8, "step": 200, "loss": 1.9800660610198975}
{"fold": "C1", "arm": "B0", "epoch": 8, "step": 300, "loss": 2.4149060249328613}
{"fold": "C1", "arm": "B0", "epoch": 8, "step": 400, "loss": 1.8725910186767578}
{"fold": "C1", "arm": "B0", "epoch": 8, "step": 500, "loss": 2.067384719848633}
{"fold": "C1", "arm": "B0", "epoch": 8, "step": 600, "loss": 2.1494462490081787}
{"fold": "C1", "arm": "B0", "epoch": 8, "seen": {"pooled_auroc": 0.7828049197985989, "rows": 1451, "videos": 462, "source_pair_acc": 0.6544715447154471, "source_pairs": 492, "same_query_pair_acc": 0.5582773018943231, "same_query_support": 47, "raw_r1_iou_05": 0.35418875927889715, "raw_r1_iou_07": 0.17073170731707318, "threshold_logit": 5.561734676361084, "gated_r1_iou_05": 0.2163308589607635, "score_distribution": {"0": {"mean": 0.6470974725726112, "std": 5.073191369414484, "quantiles": [-7.6983692169189455, 1.3220534324645996, 6.84687819480896]}, "1": {"mean": 5.655054684962449, "std": 3.831829397891767, "quantiles": [0.6919493436813355, 6.688800811767578, 9.876362609863282]}}}, "losses": {"gmr": 2.014041392998855, "gmr_loss_span": 0.03928952298118622, "gmr_loss_giou": 0.26222808998768815, "gmr_loss_label": 0.06489353975150904, "gmr_class_error": 7.412919180733817, "gmr_loss_exist": 0.18658041655394533, "gmr_loss_span_0": 0.03929062737123673, "gmr_loss_giou_0": 0.2614840063688241, "gmr_loss_label_0": 0.06459330391467161, "gmr_class_error_0": 7.939618849826801, "coarse": 3.0847629917428847, "fine": 0.8325255412642354, "total": 2.014041392998855}, "chains": 2632, "seconds": 102.29557514190674, "selected": false, "exposure_sha256": "1b15c3ec4d3ee56d618a9da3e35bc77a5daf107294deb14d54cf59df1a7a033b"}
{"fold": "C1", "arm": "B0", "epoch": 9, "step": 100, "loss": 2.0919251441955566}
{"fold": "C1", "arm": "B0", "epoch": 9, "step": 200, "loss": 1.4757333993911743}
{"fold": "C1", "arm": "B0", "epoch": 9, "step": 300, "loss": 1.9796043634414673}
{"fold": "C1", "arm": "B0", "epoch": 9, "step": 400, "loss": 1.4954218864440918}
{"fold": "C1", "arm": "B0", "epoch": 9, "step": 500, "loss": 1.459671139717102}
{"fold": "C1", "arm": "B0", "epoch": 9, "step": 600, "loss": 1.4030102491378784}
{"fold": "C1", "arm": "B0", "epoch": 9, "seen": {"pooled_auroc": 0.7813875134643165, "rows": 1451, "videos": 462, "source_pair_acc": 0.6544715447154471, "source_pairs": 492, "same_query_pair_acc": 0.5792261520984926, "same_query_support": 47, "raw_r1_iou_05": 0.352067868504772, "raw_r1_iou_07": 0.1728525980911983, "threshold_logit": 4.049039363861084, "gated_r1_iou_05": 0.23966065747614, "score_distribution": {"0": {"mean": 0.5779718038384017, "std": 5.1426100558831696, "quantiles": [-7.609043169021606, 1.0757836699485779, 6.970817995071411]}, "1": {"mean": 5.712568289946966, "std": 3.993495244931216, "quantiles": [0.5431058883666993, 6.765366554260254, 10.124510002136232]}}}, "losses": {"gmr": 2.012654903268379, "gmr_loss_span": 0.03920563859553685, "gmr_loss_giou": 0.26032218697132675, "gmr_loss_label": 0.06490848810726205, "gmr_class_error": 7.791634498758519, "gmr_loss_exist": 0.18725566443347438, "gmr_loss_span_0": 0.0394269469757437, "gmr_loss_giou_0": 0.2609966091109627, "gmr_loss_label_0": 0.0645301591910671, "gmr_class_error_0": 7.948412295170468, "coarse": 3.0894110441932563, "fine": 0.8344498714233967, "total": 2.012654903268379}, "chains": 2631, "seconds": 102.24374318122864, "selected": false, "exposure_sha256": "f2aaaf6ef30d4a910efa11ba4cc63fc23a562a30950b4da88824ad02403c978a"}
{"fold": "C1", "arm": "B0", "epoch": 10, "step": 100, "loss": 1.3011462688446045}
{"fold": "C1", "arm": "B0", "epoch": 10, "step": 200, "loss": 2.270341634750366}
{"fold": "C1", "arm": "B0", "epoch": 10, "step": 300, "loss": 2.8616349697113037}
{"fold": "C1", "arm": "B0", "epoch": 10, "step": 400, "loss": 1.9291242361068726}
{"fold": "C1", "arm": "B0", "epoch": 10, "step": 500, "loss": 2.0899767875671387}
{"fold": "C1", "arm": "B0", "epoch": 10, "step": 600, "loss": 1.8123011589050293}
{"fold": "C1", "arm": "B0", "epoch": 10, "seen": {"pooled_auroc": 0.7815482502651112, "rows": 1451, "videos": 462, "source_pair_acc": 0.6504065040650406, "source_pairs": 492, "same_query_pair_acc": 0.5767841791777962, "same_query_support": 47, "raw_r1_iou_05": 0.3488865323435843, "raw_r1_iou_07": 0.16967126193001061, "threshold_logit": 6.24086332321167, "gated_r1_iou_05": 0.20996818663838812, "score_distribution": {"0": {"mean": 0.6428035889994207, "std": 5.387940377594068, "quantiles": [-7.81205940246582, 1.1722511053085327, 7.394314527511597]}, "1": {"mean": 5.997195425316936, "std": 4.165858368504017, "quantiles": [0.4760278105735779, 7.208826065063477, 10.518719291687013]}}}, "losses": {"gmr": 2.001152397470271, "gmr_loss_span": 0.039016149049245476, "gmr_loss_giou": 0.2604506790502093, "gmr_loss_label": 0.06466509152407614, "gmr_class_error": 7.528171782797956, "gmr_loss_exist": 0.18141442942461367, "gmr_loss_span_0": 0.03929827626692669, "gmr_loss_giou_0": 0.26110122424173865, "gmr_loss_label_0": 0.06409536107049796, "gmr_class_error_0": 8.033427908065471, "coarse": 3.0943525522313218, "fine": 0.8325868212705687, "total": 2.001152397470271}, "chains": 2630, "seconds": 102.02949690818787, "selected": false, "exposure_sha256": "bab766f8cfc7a21dae8053be8f9dbe20a3851fae58fa23c3255a839edc038b32"}
{"fold": "C1", "arm": "B0", "epoch": 11, "step": 100, "loss": 1.9200745820999146}
{"fold": "C1", "arm": "B0", "epoch": 11, "step": 200, "loss": 2.0738790035247803}
{"fold": "C1", "arm": "B0", "epoch": 11, "step": 300, "loss": 1.6741716861724854}
{"fold": "C1", "arm": "B0", "epoch": 11, "step": 400, "loss": 1.7741014957427979}
{"fold": "C1", "arm": "B0", "epoch": 11, "step": 500, "loss": 2.1270956993103027}
{"fold": "C1", "arm": "B0", "epoch": 11, "step": 600, "loss": 2.201329469680786}
{"fold": "C1", "arm": "B0", "epoch": 11, "seen": {"pooled_auroc": 0.776465209876337, "rows": 1451, "videos": 462, "source_pair_acc": 0.6524390243902439, "source_pairs": 492, "same_query_pair_acc": 0.5812087439747015, "same_query_support": 47, "raw_r1_iou_05": 0.352067868504772, "raw_r1_iou_07": 0.16967126193001061, "threshold_logit": 5.517982482910156, "gated_r1_iou_05": 0.21314952279957583, "score_distribution": {"0": {"mean": 0.7358790402388655, "std": 5.0707338325371705, "quantiles": [-7.649365520477295, 1.373035728931427, 6.805670738220215]}, "1": {"mean": 5.569535620324906, "std": 3.7348582653567655, "quantiles": [0.7844188690185547, 6.5014472007751465, 9.696422767639161]}}}, "losses": {"gmr": 2.0000738624743777, "gmr_loss_span": 0.03861063880715689, "gmr_loss_giou": 0.2593417749442953, "gmr_loss_label": 0.06532116991249805, "gmr_class_error": 7.873735538007278, "gmr_loss_exist": 0.1879007107242772, "gmr_loss_span_0": 0.03880545544214434, "gmr_loss_giou_0": 0.25959617241447097, "gmr_loss_label_0": 0.06444739587152076, "gmr_class_error_0": 8.015504326863853, "coarse": 3.0919148798771543, "fine": 0.8332487046718597, "total": 2.0000738624743777}, "chains": 2632, "seconds": 102.23549509048462, "selected": false, "exposure_sha256": "4cf55c045f3b7ce4174e1ec75c982e2703d29150bb7378422941fdc1cf7195a5"}
{"fold": "C1", "arm": "B0", "epoch": 12, "step": 100, "loss": 1.8235951662063599}
{"fold": "C1", "arm": "B0", "epoch": 12, "step": 200, "loss": 2.2450332641601562}
{"fold": "C1", "arm": "B0", "epoch": 12, "step": 300, "loss": 1.9837472438812256}
{"fold": "C1", "arm": "B0", "epoch": 12, "step": 400, "loss": 1.6673392057418823}
{"fold": "C1", "arm": "B0", "epoch": 12, "step": 500, "loss": 2.3054068088531494}
{"fold": "C1", "arm": "B0", "epoch": 12, "step": 600, "loss": 2.5662336349487305}
{"fold": "C1", "arm": "B0", "epoch": 12, "seen": {"pooled_auroc": 0.7801183189853125, "rows": 1451, "videos": 462, "source_pair_acc": 0.6524390243902439, "source_pairs": 492, "same_query_pair_acc": 0.5885427220533603, "same_query_support": 47, "raw_r1_iou_05": 0.34676564156945916, "raw_r1_iou_07": 0.17179215270413573, "threshold_logit": 5.131120681762695, "gated_r1_iou_05": 0.21208907741251326, "score_distribution": {"0": {"mean": 0.43152060720328916, "std": 5.013609530861964, "quantiles": [-7.740097379684448, 1.1051639318466187, 6.513653659820557]}, "1": {"mean": 5.362772670396716, "std": 3.80286092450744, "quantiles": [0.5347431302070619, 6.309233665466309, 9.630218315124512]}}}, "losses": {"gmr": 2.0039317577080884, "gmr_loss_span": 0.039168222297809585, "gmr_loss_giou": 0.2598437886334118, "gmr_loss_label": 0.06445938851514486, "gmr_class_error": 7.309764670745943, "gmr_loss_exist": 0.18351306561819394, "gmr_loss_span_0": 0.03935632832903177, "gmr_loss_giou_0": 0.2605865515066498, "gmr_loss_label_0": 0.06422632346127896, "gmr_class_error_0": 7.648366794760104, "coarse": 3.0906762054988315, "fine": 0.835102647633538, "total": 2.0039317577080884}, "chains": 2631, "seconds": 101.97177457809448, "selected": false, "exposure_sha256": "ddf687f458889cd6c8106eac630c203921f95c9e7d2412d36988f6667ba7e25c"}
{"fold": "C1", "arm": "B0", "epoch": 13, "step": 100, "loss": 1.3800420761108398}
{"fold": "C1", "arm": "B0", "epoch": 13, "step": 200, "loss": 2.2282907962799072}
{"fold": "C1", "arm": "B0", "epoch": 13, "step": 300, "loss": 1.699973225593567}
{"fold": "C1", "arm": "B0", "epoch": 13, "step": 400, "loss": 1.7219477891921997}
{"fold": "C1", "arm": "B0", "epoch": 13, "step": 500, "loss": 2.1028571128845215}
{"fold": "C1", "arm": "B0", "epoch": 13, "step": 600, "loss": 2.423125743865967}
{"fold": "C1", "arm": "B0", "epoch": 13, "seen": {"pooled_auroc": 0.7764171975851903, "rows": 1451, "videos": 462, "source_pair_acc": 0.6463414634146342, "source_pairs": 492, "same_query_pair_acc": 0.5787345337877253, "same_query_support": 47, "raw_r1_iou_05": 0.35100742311770944, "raw_r1_iou_07": 0.1664899257688229, "threshold_logit": 6.184051513671875, "gated_r1_iou_05": 0.2014846235418876, "score_distribution": {"0": {"mean": 0.8323653199577954, "std": 5.188979070726394, "quantiles": [-7.758354234695434, 1.5232654213905334, 7.052989387512207]}, "1": {"mean": 5.751545732673988, "std": 3.777617228273515, "quantiles": [0.828672230243683, 6.711822509765625, 9.897278213500977]}}}, "losses": {"gmr": 1.9901406598308529, "gmr_loss_span": 0.03874261937695796, "gmr_loss_giou": 0.2598471723179868, "gmr_loss_label": 0.06431225101862635, "gmr_class_error": 7.1900871184096875, "gmr_loss_exist": 0.18272094297191654, "gmr_loss_span_0": 0.03874677345213285, "gmr_loss_giou_0": 0.2589453652297291, "gmr_loss_label_0": 0.06412106172654404, "gmr_class_error_0": 7.563919380443075, "coarse": 3.0942670552563887, "fine": 0.8358005864098441, "total": 1.9901406598308529}, "chains": 2632, "seconds": 102.21732091903687, "selected": false, "exposure_sha256": "7f1feaec1bb27e849be9564787b600de427681d8cf2d07730ede5670551074d3"}
{"fold": "C1", "arm": "B0", "epoch": 14, "step": 100, "loss": 1.9072102308273315}
{"fold": "C1", "arm": "B0", "epoch": 14, "step": 200, "loss": 1.7026236057281494}
{"fold": "C1", "arm": "B0", "epoch": 14, "step": 300, "loss": 2.0256712436676025}
{"fold": "C1", "arm": "B0", "epoch": 14, "step": 400, "loss": 1.8637181520462036}
{"fold": "C1", "arm": "B0", "epoch": 14, "step": 500, "loss": 2.449472188949585}
{"fold": "C1", "arm": "B0", "epoch": 14, "step": 600, "loss": 2.104743003845215}
{"fold": "C1", "arm": "B0", "epoch": 14, "seen": {"pooled_auroc": 0.7769766451515936, "rows": 1451, "videos": 462, "source_pair_acc": 0.6504065040650406, "source_pairs": 492, "same_query_pair_acc": 0.5488532743851893, "same_query_support": 47, "raw_r1_iou_05": 0.3552492046659597, "raw_r1_iou_07": 0.17497348886532343, "threshold_logit": 5.5100226402282715, "gated_r1_iou_05": 0.21314952279957583, "score_distribution": {"0": {"mean": 0.6397819108747709, "std": 5.13536503584205, "quantiles": [-7.812923812866211, 1.3309707641601562, 6.754136419296265]}, "1": {"mean": 5.549450871235398, "std": 3.770551207213541, "quantiles": [0.6857147216796875, 6.526547431945801, 9.63308162689209]}}}, "losses": {"gmr": 2.000261510759139, "gmr_loss_span": 0.03914316697753853, "gmr_loss_giou": 0.2605006197937354, "gmr_loss_label": 0.06394809368703412, "gmr_class_error": 7.66558285976978, "gmr_loss_exist": 0.18642285208523524, "gmr_loss_span_0": 0.03901516109150141, "gmr_loss_giou_0": 0.25930957690923045, "gmr_loss_label_0": 0.06416320106677009, "gmr_class_error_0": 8.109939401272944, "coarse": 3.0922431163150126, "fine": 0.8352324365663674, "total": 2.000261510759139}, "chains": 2632, "seconds": 102.06940984725952, "selected": false, "exposure_sha256": "12d718ef5a4a82743c747f172d9b49ce87f1beb611d3dbb45e396a37f0d5b76b"}
{"fold": "C1", "arm": "B0", "epoch": 15, "step": 100, "loss": 1.475053310394287}
{"fold": "C1", "arm": "B0", "epoch": 15, "step": 200, "loss": 2.572801113128662}
{"fold": "C1", "arm": "B0", "epoch": 15, "step": 300, "loss": 1.636765956878662}
{"fold": "C1", "arm": "B0", "epoch": 15, "step": 400, "loss": 2.218778610229492}
{"fold": "C1", "arm": "B0", "epoch": 15, "step": 500, "loss": 2.1760094165802}
{"fold": "C1", "arm": "B0", "epoch": 15, "step": 600, "loss": 1.8456951379776}
{"fold": "C1", "arm": "B0", "epoch": 15, "seen": {"pooled_auroc": 0.7765299220948388, "rows": 1451, "videos": 462, "source_pair_acc": 0.6483739837398373, "source_pairs": 492, "same_query_pair_acc": 0.5934696509164594, "same_query_support": 47, "raw_r1_iou_05": 0.3488865323435843, "raw_r1_iou_07": 0.17497348886532343, "threshold_logit": 5.6849751472473145, "gated_r1_iou_05": 0.20254506892895016, "score_distribution": {"0": {"mean": 0.8145993781701376, "std": 5.117229051882737, "quantiles": [-7.592447423934937, 1.433981478214264, 6.961798143386841]}, "1": {"mean": 5.731632431056489, "std": 3.824870872471276, "quantiles": [0.6830273866653442, 6.697516441345215, 9.914780235290527]}}}, "losses": {"gmr": 1.9952373580729708, "gmr_loss_span": 0.03927489399264558, "gmr_loss_giou": 0.261121799971195, "gmr_loss_label": 0.06392723863157458, "gmr_class_error": 7.730248564282449, "gmr_loss_exist": 0.18204678442452307, "gmr_loss_span_0": 0.03883191174898285, "gmr_loss_giou_0": 0.25766825420062955, "gmr_loss_label_0": 0.06440587742622138, "gmr_class_error_0": 8.068690552175227, "coarse": 3.099713950171659, "fine": 0.8348343030841154, "total": 1.9952373580729708}, "chains": 2631, "seconds": 102.42692542076111, "selected": false, "exposure_sha256": "5610277808f3292429433cfd5978649a7b079c862fe171546b99310f4bc2d9ab"}
{"fold": "C1", "arm": "B0", "epoch": 16, "step": 100, "loss": 1.4451826810836792}
{"fold": "C1", "arm": "B0", "epoch": 16, "step": 200, "loss": 2.136625051498413}
{"fold": "C1", "arm": "B0", "epoch": 16, "step": 300, "loss": 2.2468185424804688}
{"fold": "C1", "arm": "B0", "epoch": 16, "step": 400, "loss": 2.052267551422119}
{"fold": "C1", "arm": "B0", "epoch": 16, "step": 500, "loss": 1.3998347520828247}
{"fold": "C1", "arm": "B0", "epoch": 16, "step": 600, "loss": 1.789583683013916}
{"fold": "C1", "arm": "B0", "epoch": 16, "seen": {"pooled_auroc": 0.7782354021760005, "rows": 1451, "videos": 462, "source_pair_acc": 0.6483739837398373, "source_pairs": 492, "same_query_pair_acc": 0.5928249055908631, "same_query_support": 47, "raw_r1_iou_05": 0.3563096500530223, "raw_r1_iou_07": 0.1728525980911983, "threshold_logit": 5.307260513305664, "gated_r1_iou_05": 0.21739130434782608, "score_distribution": {"0": {"mean": 0.6669615732879913, "std": 5.156505297890157, "quantiles": [-7.802407932281494, 1.433654248714447, 6.770809507369996]}, "1": {"mean": 5.593854192648308, "std": 3.749668818120012, "quantiles": [0.7736481428146362, 6.54043436050415, 9.707038688659669]}}}, "losses": {"gmr": 1.9731439109268885, "gmr_loss_span": 0.03868841636914613, "gmr_loss_giou": 0.25871929764113527, "gmr_loss_label": 0.0634179587920386, "gmr_class_error": 7.17750746428423, "gmr_loss_exist": 0.17897418105485072, "gmr_loss_span_0": 0.03837209650086052, "gmr_loss_giou_0": 0.25641766133913513, "gmr_loss_label_0": 0.0636889532400935, "gmr_class_error_0": 7.85497987741395, "coarse": 3.096986534385333, "fine": 0.8338731536386947, "total": 1.9731439109268885}, "chains": 2631, "seconds": 102.72690868377686, "selected": false, "exposure_sha256": "3f5ba6e21b55a2276d7a424afdfb84ad6bb1ff32c79ca81a9d9035968e8db70f"}
{"fold": "C1", "arm": "B0", "epoch": 17, "step": 100, "loss": 1.8474245071411133}
{"fold": "C1", "arm": "B0", "epoch": 17, "step": 200, "loss": 1.893997311592102}
{"fold": "C1", "arm": "B0", "epoch": 17, "step": 300, "loss": 2.3303871154785156}
{"fold": "C1", "arm": "B0", "epoch": 17, "step": 400, "loss": 2.328702449798584}
{"fold": "C1", "arm": "B0", "epoch": 17, "step": 500, "loss": 2.288864850997925}
{"fold": "C1", "arm": "B0", "epoch": 17, "step": 600, "loss": 1.9102405309677124}
{"fold": "C1", "arm": "B0", "epoch": 17, "seen": {"pooled_auroc": 0.7777615417372934, "rows": 1451, "videos": 462, "source_pair_acc": 0.6443089430894309, "source_pairs": 492, "same_query_pair_acc": 0.5781650087501152, "same_query_support": 47, "raw_r1_iou_05": 0.3563096500530223, "raw_r1_iou_07": 0.17497348886532343, "threshold_logit": 5.276667594909668, "gated_r1_iou_05": 0.22269353128313893, "score_distribution": {"0": {"mean": 0.7683576322710655, "std": 5.143296284518839, "quantiles": [-7.752897930145264, 1.3850407600402832, 6.902338743209839]}, "1": {"mean": 5.730125693349545, "std": 3.8481085170611635, "quantiles": [0.7051510334014893, 6.788165092468262, 10.053280830383303]}}}, "losses": {"gmr": 1.985403097871589, "gmr_loss_span": 0.03873645535763636, "gmr_loss_giou": 0.2589994333797675, "gmr_loss_label": 0.06427786797907849, "gmr_class_error": 7.2407047828280096, "gmr_loss_exist": 0.1827889729127016, "gmr_loss_span_0": 0.03851364454463985, "gmr_loss_giou_0": 0.25726981422549683, "gmr_loss_label_0": 0.06418310188742123, "gmr_class_error_0": 7.903415656741991, "coarse": 3.1000282249914477, "fine": 0.8382555923019861, "total": 1.985403097871589}, "chains": 2631, "seconds": 102.92489552497864, "selected": false, "exposure_sha256": "12575839584711276c77119a03b3539656c077a7fa7520d45ea0526ebdec06de"}
{"fold": "C1", "arm": "B0", "epoch": 18, "step": 100, "loss": 2.2696785926818848}
{"fold": "C1", "arm": "B0", "epoch": 18, "step": 200, "loss": 1.6632988452911377}
{"fold": "C1", "arm": "B0", "epoch": 18, "step": 300, "loss": 1.824007511138916}
{"fold": "C1", "arm": "B0", "epoch": 18, "step": 400, "loss": 2.226170778274536}
{"fold": "C1", "arm": "B0", "epoch": 18, "step": 500, "loss": 1.9467027187347412}
{"fold": "C1", "arm": "B0", "epoch": 18, "step": 600, "loss": 1.6441088914871216}
{"fold": "C1", "arm": "B0", "epoch": 18, "seen": {"pooled_auroc": 0.7766572590409232, "rows": 1451, "videos": 462, "source_pair_acc": 0.6422764227642277, "source_pairs": 492, "same_query_pair_acc": 0.5678517699794295, "same_query_support": 47, "raw_r1_iou_05": 0.3488865323435843, "raw_r1_iou_07": 0.1633085896076352, "threshold_logit": 5.99005126953125, "gated_r1_iou_05": 0.20784729586426298, "score_distribution": {"0": {"mean": 0.9630666065092133, "std": 5.379302111074585, "quantiles": [-7.781154012680053, 1.5159475803375244, 7.4769412040710455]}, "1": {"mean": 6.079465127620186, "std": 3.946813477849167, "quantiles": [0.7702491879463196, 7.22892951965332, 10.441924476623536]}}}, "losses": {"gmr": 1.9770938877276736, "gmr_loss_span": 0.03864096350809361, "gmr_loss_giou": 0.2587220322533219, "gmr_loss_label": 0.06394651460271657, "gmr_class_error": 7.329621109194306, "gmr_loss_exist": 0.18000030797824126, "gmr_loss_span_0": 0.038401918760345155, "gmr_loss_giou_0": 0.25662037612457045, "gmr_loss_label_0": 0.06388407224919478, "gmr_class_error_0": 7.9439316607536155, "coarse": 3.1025282108312684, "fine": 0.8375731562589802, "total": 1.9770938877276736}, "chains": 2631, "seconds": 98.37923836708069, "selected": false, "exposure_sha256": "fb7cc2286c11de28d285a5ca17d8799b15e83cf79a290816daa6f8272494c306"}
{"fold": "C1", "arm": "B0", "epoch": 19, "step": 100, "loss": 1.9663132429122925}
{"fold": "C1", "arm": "B0", "epoch": 19, "step": 200, "loss": 2.0632290840148926}
{"fold": "C1", "arm": "B0", "epoch": 19, "step": 300, "loss": 2.218902111053467}
{"fold": "C1", "arm": "B0", "epoch": 19, "step": 400, "loss": 2.162367343902588}
{"fold": "C1", "arm": "B0", "epoch": 19, "step": 500, "loss": 2.3282268047332764}
{"fold": "C1", "arm": "B0", "epoch": 19, "step": 600, "loss": 1.8771286010742188}
{"fold": "C1", "arm": "B0", "epoch": 19, "seen": {"pooled_auroc": 0.7725824767662262, "rows": 1451, "videos": 462, "source_pair_acc": 0.6504065040650406, "source_pairs": 492, "same_query_pair_acc": 0.5653748733535968, "same_query_support": 47, "raw_r1_iou_05": 0.34782608695652173, "raw_r1_iou_07": 0.1664899257688229, "threshold_logit": 5.326639175415039, "gated_r1_iou_05": 0.2205726405090138, "score_distribution": {"0": {"mean": 0.941891692281796, "std": 5.2486976182483245, "quantiles": [-7.883570384979248, 1.5604090094566345, 7.142242336273194]}, "1": {"mean": 5.81638854684966, "std": 3.7803798706427774, "quantiles": [0.797268557548523, 6.829962253570557, 9.94465560913086]}}}, "losses": {"gmr": 1.9740946604488105, "gmr_loss_span": 0.03858100337550995, "gmr_loss_giou": 0.25771467168008666, "gmr_loss_label": 0.06388009467521699, "gmr_class_error": 7.396439317511932, "gmr_loss_exist": 0.17794748110410766, "gmr_loss_span_0": 0.03852333151381519, "gmr_loss_giou_0": 0.25686741692769854, "gmr_loss_label_0": 0.06375034044759977, "gmr_class_error_0": 7.685634601442285, "coarse": 3.0937862178837277, "fine": 0.8351884313086246, "total": 1.9740946604488105}, "chains": 2631, "seconds": 90.08657765388489, "selected": false, "exposure_sha256": "b7e94a89ec6d60a0e1cfb1c0ed3bbf72f1a49d2bdba475f78a68ddfa2db2c258"}
{"fold": "C1", "arm": "B0", "epoch": 20, "step": 100, "loss": 1.9227808713912964}
{"fold": "C1", "arm": "B0", "epoch": 20, "step": 200, "loss": 2.351628303527832}
{"fold": "C1", "arm": "B0", "epoch": 20, "step": 300, "loss": 2.0670487880706787}
{"fold": "C1", "arm": "B0", "epoch": 20, "step": 400, "loss": 2.1043665409088135}
{"fold": "C1", "arm": "B0", "epoch": 20, "step": 500, "loss": 2.209918737411499}
{"fold": "C1", "arm": "B0", "epoch": 20, "step": 600, "loss": 1.5473181009292603}
{"fold": "C1", "arm": "B0", "epoch": 20, "seen": {"pooled_auroc": 0.772304840473944, "rows": 1451, "videos": 462, "source_pair_acc": 0.6402439024390244, "source_pairs": 492, "same_query_pair_acc": 0.5495517484879187, "same_query_support": 47, "raw_r1_iou_05": 0.3488865323435843, "raw_r1_iou_07": 0.1728525980911983, "threshold_logit": 5.528134346008301, "gated_r1_iou_05": 0.21314952279957583, "score_distribution": {"0": {"mean": 0.7618313491285786, "std": 5.176665288975804, "quantiles": [-7.768512964248657, 1.3722562193870544, 6.984970569610597]}, "1": {"mean": 5.679518626916913, "std": 3.916336563647426, "quantiles": [0.5710753321647645, 6.677327632904053, 10.11278877258301]}}}, "losses": {"gmr": 1.9777689481941039, "gmr_loss_span": 0.03856741556880775, "gmr_loss_giou": 0.2583614351811018, "gmr_loss_label": 0.06350735097410197, "gmr_class_error": 7.3726021149238194, "gmr_loss_exist": 0.18369880452253898, "gmr_loss_span_0": 0.038340828288063455, "gmr_loss_giou_0": 0.2568005325334956, "gmr_loss_label_0": 0.06394908297523902, "gmr_class_error_0": 8.214798831649826, "coarse": 3.094123645031706, "fine": 0.8323330078443858, "total": 1.9777689481941039}, "chains": 2632, "seconds": 89.8947069644928, "selected": false, "exposure_sha256": "a91c0d75751716963a353808a3ba6efbbdbabe6a3b258cf3b94f4c2ab2dae266"}
{"fold": "C1", "arm": "B0", "epoch": 21, "step": 100, "loss": 1.6221925020217896}
{"fold": "C1", "arm": "B0", "epoch": 21, "step": 200, "loss": 2.2518510818481445}
{"fold": "C1", "arm": "B0", "epoch": 21, "step": 300, "loss": 2.0297389030456543}
{"fold": "C1", "arm": "B0", "epoch": 21, "step": 400, "loss": 2.0618293285369873}
{"fold": "C1", "arm": "B0", "epoch": 21, "step": 500, "loss": 1.4864869117736816}
{"fold": "C1", "arm": "B0", "epoch": 21, "step": 600, "loss": 2.3133904933929443}
{"fold": "C1", "arm": "B0", "epoch": 21, "seen": {"pooled_auroc": 0.7745196683394426, "rows": 1451, "videos": 462, "source_pair_acc": 0.6463414634146342, "source_pairs": 492, "same_query_pair_acc": 0.5515988148966873, "same_query_support": 47, "raw_r1_iou_05": 0.35418875927889715, "raw_r1_iou_07": 0.16755037115588547, "threshold_logit": 5.749703407287598, "gated_r1_iou_05": 0.2046659597030753, "score_distribution": {"0": {"mean": 0.6557955731432445, "std": 5.21793789344972, "quantiles": [-7.759040403366089, 1.2236775159835815, 6.980401229858399]}, "1": {"mean": 5.6425260043844245, "std": 3.9355026402624893, "quantiles": [0.5299575924873352, 6.721514701843262, 9.948686981201172]}}}, "losses": {"gmr": 1.9789086679919512, "gmr_loss_span": 0.03836011978030476, "gmr_loss_giou": 0.2579920011201709, "gmr_loss_label": 0.06424045988491603, "gmr_class_error": 7.073665143508679, "gmr_loss_exist": 0.18256800983794313, "gmr_loss_span_0": 0.03831364142235742, "gmr_loss_giou_0": 0.2575965414565385, "gmr_loss_label_0": 0.0642631658067004, "gmr_class_error_0": 7.507863633176114, "coarse": 3.0970445117689556, "fine": 0.8319809550028804, "total": 1.9789086679919512}, "chains": 2632, "seconds": 90.01964139938354, "selected": false, "exposure_sha256": "b5a64b5c4d0f76d3804c9bfb09cde3b9c9b59abed005f315191b94f17c29382e"}
{"fold": "C1", "arm": "B0", "epoch": 22, "step": 100, "loss": 1.745350956916809}
{"fold": "C1", "arm": "B0", "epoch": 22, "step": 200, "loss": 2.3107569217681885}
{"fold": "C1", "arm": "B0", "epoch": 22, "step": 300, "loss": 2.098639726638794}
{"fold": "C1", "arm": "B0", "epoch": 22, "step": 400, "loss": 1.9501503705978394}
{"fold": "C1", "arm": "B0", "epoch": 22, "step": 500, "loss": 1.8935836553573608}
{"fold": "C1", "arm": "B0", "epoch": 22, "step": 600, "loss": 1.797038197517395}
{"fold": "C1", "arm": "B0", "epoch": 22, "seen": {"pooled_auroc": 0.7747889546680471, "rows": 1451, "videos": 462, "source_pair_acc": 0.6382113821138211, "source_pairs": 492, "same_query_pair_acc": 0.5485550796721009, "same_query_support": 47, "raw_r1_iou_05": 0.35737009544008486, "raw_r1_iou_07": 0.17497348886532343, "threshold_logit": 5.862851142883301, "gated_r1_iou_05": 0.21314952279957583, "score_distribution": {"0": {"mean": 0.9345584287781151, "std": 5.182941340196675, "quantiles": [-7.661840534210205, 1.5617255568504333, 7.118642377853393]}, "1": {"mean": 5.8382462396465185, "std": 3.812071954471139, "quantiles": [0.8395962357521057, 6.845837116241455, 10.05030918121338]}}}, "losses": {"gmr": 1.9737334845638566, "gmr_loss_span": 0.03849001896021304, "gmr_loss_giou": 0.2576368383632967, "gmr_loss_label": 0.06366994384234619, "gmr_class_error": 7.554726870226642, "gmr_loss_exist": 0.18149748610015562, "gmr_loss_span_0": 0.03841798860964713, "gmr_loss_giou_0": 0.2567662619575179, "gmr_loss_label_0": 0.06351826147467894, "gmr_class_error_0": 7.858105529043088, "coarse": 3.093118778840387, "fine": 0.8326777035885669, "total": 1.9737334845638566}, "chains": 2632, "seconds": 90.151034116745, "selected": false, "exposure_sha256": "2b75e6b99f61c58c2dcf67431bb6097a415fecf1af4d3fad7c19d740f4ca02a2"}
{"fold": "C1", "arm": "B0", "epoch": 23, "step": 100, "loss": 2.098635196685791}
{"fold": "C1", "arm": "B0", "epoch": 23, "step": 200, "loss": 1.8525855541229248}
{"fold": "C1", "arm": "B0", "epoch": 23, "step": 300, "loss": 1.8821789026260376}
{"fold": "C1", "arm": "B0", "epoch": 23, "step": 400, "loss": 2.1175901889801025}
{"fold": "C1", "arm": "B0", "epoch": 23, "step": 500, "loss": 1.8394498825073242}
{"fold": "C1", "arm": "B0", "epoch": 23, "step": 600, "loss": 2.057279109954834}
{"fold": "C1", "arm": "B0", "epoch": 23, "seen": {"pooled_auroc": 0.7698102888252437, "rows": 1451, "videos": 462, "source_pair_acc": 0.6463414634146342, "source_pairs": 492, "same_query_pair_acc": 0.5461319118234013, "same_query_support": 47, "raw_r1_iou_05": 0.35100742311770944, "raw_r1_iou_07": 0.16861081654294804, "threshold_logit": 5.945754051208496, "gated_r1_iou_05": 0.2046659597030753, "score_distribution": {"0": {"mean": 0.829376722810658, "std": 5.338394497306801, "quantiles": [-7.828070211410522, 1.4975935220718384, 7.2486711025238035]}, "1": {"mean": 5.778638633250527, "std": 3.9581232731770197, "quantiles": [0.6440977931022644, 6.851138591766357, 10.057599067687988]}}}, "losses": {"gmr": 1.9673761401132972, "gmr_loss_span": 0.03860609174499396, "gmr_loss_giou": 0.25842833736384896, "gmr_loss_label": 0.06316816823494742, "gmr_class_error": 7.038720881685298, "gmr_loss_exist": 0.17595633267535402, "gmr_loss_span_0": 0.03839139212885345, "gmr_loss_giou_0": 0.25630680692458585, "gmr_loss_label_0": 0.06350928817318022, "gmr_class_error_0": 8.026272498365593, "coarse": 3.0980535002827283, "fine": 0.835882536183737, "total": 1.9673761401132972}, "chains": 2632, "seconds": 90.59198307991028, "selected": false, "exposure_sha256": "0846c8bbb562dcc9f66e0b23c20e4cf572bd6eec98119ddee8e14168811388f2"}
{"fold": "C1", "arm": "B0", "epoch": 24, "step": 100, "loss": 1.4098780155181885}
{"fold": "C1", "arm": "B0", "epoch": 24, "step": 200, "loss": 1.947245478630066}
{"fold": "C1", "arm": "B0", "epoch": 24, "step": 300, "loss": 2.08668851852417}
{"fold": "C1", "arm": "B0", "epoch": 24, "step": 400, "loss": 2.2783899307250977}
{"fold": "C1", "arm": "B0", "epoch": 24, "step": 500, "loss": 2.217379093170166}
{"fold": "C1", "arm": "B0", "epoch": 24, "step": 600, "loss": 1.8928861618041992}
{"fold": "C1", "arm": "B0", "epoch": 24, "seen": {"pooled_auroc": 0.7727014637486327, "rows": 1451, "videos": 462, "source_pair_acc": 0.6422764227642277, "source_pairs": 492, "same_query_pair_acc": 0.5450439040864573, "same_query_support": 47, "raw_r1_iou_05": 0.35100742311770944, "raw_r1_iou_07": 0.1633085896076352, "threshold_logit": 5.863032817840576, "gated_r1_iou_05": 0.20890774125132555, "score_distribution": {"0": {"mean": 0.9190822016946444, "std": 5.335597632568714, "quantiles": [-7.718921852111817, 1.5814476609230042, 7.4542206764221195]}, "1": {"mean": 5.960981083447202, "std": 3.9850452480153336, "quantiles": [0.6832702279090882, 7.048030853271484, 10.339725112915039]}}}, "losses": {"gmr": 1.9609504485202778, "gmr_loss_span": 0.03799962981867301, "gmr_loss_giou": 0.25479526095386695, "gmr_loss_label": 0.06423485964978266, "gmr_class_error": 7.717563072598814, "gmr_loss_exist": 0.17809596851235962, "gmr_loss_span_0": 0.03806166067481675, "gmr_loss_giou_0": 0.25464705291761813, "gmr_loss_label_0": 0.0639649569071082, "gmr_class_error_0": 7.742826513968702, "coarse": 3.097716266985722, "fine": 0.8330359952609228, "total": 1.9609504485202778}, "chains": 2631, "seconds": 98.15475845336914, "selected": false, "exposure_sha256": "8fe7cf23d521ba0c330d47f496c93d259d0a1f558e51e0b9e3424c36a3e8dd6c"}
{"fold": "C1", "arm": "B0", "epoch": 25, "step": 100, "loss": 1.9174503087997437}
{"fold": "C1", "arm": "B0", "epoch": 25, "step": 200, "loss": 2.082444429397583}
{"fold": "C1", "arm": "B0", "epoch": 25, "step": 300, "loss": 2.231858253479004}
{"fold": "C1", "arm": "B0", "epoch": 25, "step": 400, "loss": 1.9727157354354858}
{"fold": "C1", "arm": "B0", "epoch": 25, "step": 500, "loss": 1.9826886653900146}
{"fold": "C1", "arm": "B0", "epoch": 25, "step": 600, "loss": 2.5479090213775635}
{"fold": "C1", "arm": "B0", "epoch": 25, "seen": {"pooled_auroc": 0.7718184550897204, "rows": 1451, "videos": 462, "source_pair_acc": 0.6402439024390244, "source_pairs": 492, "same_query_pair_acc": 0.5446355653802463, "same_query_support": 47, "raw_r1_iou_05": 0.3531283138918346, "raw_r1_iou_07": 0.176033934252386, "threshold_logit": 6.365375518798828, "gated_r1_iou_05": 0.19618239660657477, "score_distribution": {"0": {"mean": 0.9860567570146994, "std": 5.374292411718583, "quantiles": [-7.797410488128662, 1.618000864982605, 7.4306727886199955]}, "1": {"mean": 5.975086305947226, "std": 3.9185852009678688, "quantiles": [0.7785547733306885, 7.098862648010254, 10.203139305114746]}}}, "losses": {"gmr": 1.9527818866776117, "gmr_loss_span": 0.038282724536140095, "gmr_loss_giou": 0.25595540908875797, "gmr_loss_label": 0.0633383916979684, "gmr_class_error": 7.503733939312874, "gmr_loss_exist": 0.17277868775464914, "gmr_loss_span_0": 0.0380973601855315, "gmr_loss_giou_0": 0.2538881508412694, "gmr_loss_label_0": 0.06325130589238416, "gmr_class_error_0": 7.991934906747928, "coarse": 3.0966536611046833, "fine": 0.8342014561127022, "total": 1.9527818866776117}, "chains": 2632, "seconds": 103.65775418281555, "selected": false, "exposure_sha256": "d8b54b13d808ef1d427ff404db47de44885aeedcf9e0f0ee6d8219092489eb6e"}
{"fold": "C1", "arm": "B0", "epoch": 26, "step": 100, "loss": 2.153287172317505}
{"fold": "C1", "arm": "B0", "epoch": 26, "step": 200, "loss": 1.9986019134521484}
{"fold": "C1", "arm": "B0", "epoch": 26, "step": 300, "loss": 2.077083110809326}
{"fold": "C1", "arm": "B0", "epoch": 26, "step": 400, "loss": 2.3418426513671875}
{"fold": "C1", "arm": "B0", "epoch": 26, "step": 500, "loss": 2.0093259811401367}
{"fold": "C1", "arm": "B0", "epoch": 26, "step": 600, "loss": 1.6730340719223022}
{"fold": "C1", "arm": "B0", "epoch": 26, "seen": {"pooled_auroc": 0.774072945282688, "rows": 1451, "videos": 462, "source_pair_acc": 0.6361788617886179, "source_pairs": 492, "same_query_pair_acc": 0.5518459672714991, "same_query_support": 47, "raw_r1_iou_05": 0.3457051961823966, "raw_r1_iou_07": 0.16436903499469777, "threshold_logit": 5.461801052093506, "gated_r1_iou_05": 0.21314952279957583, "score_distribution": {"0": {"mean": 0.6523356183549375, "std": 5.306741743965775, "quantiles": [-7.8512452125549315, 1.3346763849258423, 7.091485643386841]}, "1": {"mean": 5.69919122209968, "std": 3.9683920759514666, "quantiles": [0.5210541963577271, 6.811286449432373, 10.043008804321289]}}}, "losses": {"gmr": 1.9609844769750322, "gmr_loss_span": 0.03848977052071627, "gmr_loss_giou": 0.2583415469092439, "gmr_loss_label": 0.06311562846734621, "gmr_class_error": 6.953021000221508, "gmr_loss_exist": 0.175306287381832, "gmr_loss_span_0": 0.03807736155902542, "gmr_loss_giou_0": 0.25464538525574837, "gmr_loss_label_0": 0.06363935512702878, "gmr_class_error_0": 7.527590192197667, "coarse": 3.0981310819782384, "fine": 0.8349173886073035, "total": 1.9609844769750322}, "chains": 2632, "seconds": 102.98916506767273, "selected": false, "exposure_sha256": "57a6483d2d7755336490bff93da1c20263e291f43eabadb120b5350636e610a1"}
{"fold": "C1", "arm": "B0", "epoch": 27, "step": 100, "loss": 1.795553207397461}
{"fold": "C1", "arm": "B0", "epoch": 27, "step": 200, "loss": 2.061309576034546}
{"fold": "C1", "arm": "B0", "epoch": 27, "step": 300, "loss": 2.1456844806671143}
{"fold": "C1", "arm": "B0", "epoch": 27, "step": 400, "loss": 2.2611939907073975}
{"fold": "C1", "arm": "B0", "epoch": 27, "step": 500, "loss": 2.176532745361328}
{"fold": "C1", "arm": "B0", "epoch": 27, "step": 600, "loss": 1.693963885307312}
{"fold": "C1", "arm": "B0", "epoch": 27, "seen": {"pooled_auroc": 0.7699397132622473, "rows": 1451, "videos": 462, "source_pair_acc": 0.6443089430894309, "source_pairs": 492, "same_query_pair_acc": 0.5438027693346842, "same_query_support": 47, "raw_r1_iou_05": 0.3425238600212089, "raw_r1_iou_07": 0.16861081654294804, "threshold_logit": 6.4246368408203125, "gated_r1_iou_05": 0.18663838812301167, "score_distribution": {"0": {"mean": 0.7979118166946051, "std": 5.29444832425038, "quantiles": [-7.835839319229126, 1.397663950920105, 7.146983766555787]}, "1": {"mean": 5.7692530342473525, "std": 4.004829818091258, "quantiles": [0.5605200409889222, 6.72525691986084, 10.204800605773926]}}}, "losses": {"gmr": 1.9639176514373362, "gmr_loss_span": 0.03849733212968408, "gmr_loss_giou": 0.2574899391381574, "gmr_loss_label": 0.06330930109285837, "gmr_class_error": 7.406901582758477, "gmr_loss_exist": 0.17704174937174363, "gmr_loss_span_0": 0.03823191605474358, "gmr_loss_giou_0": 0.2549802354426551, "gmr_loss_label_0": 0.06346900939465837, "gmr_class_error_0": 7.712300981794085, "coarse": 3.094596514585895, "fine": 0.8352175704614008, "total": 1.9639176514373362}, "chains": 2632, "seconds": 121.2131245136261, "selected": false, "exposure_sha256": "44ae6fe7f15e5216ec28794a614bdf86587109aba766df6214a1502565b5f2bb"}
{"fold": "C1", "arm": "B0", "epoch": 28, "step": 100, "loss": 1.9509902000427246}
{"fold": "C1", "arm": "B0", "epoch": 28, "step": 200, "loss": 1.9895961284637451}
{"fold": "C1", "arm": "B0", "epoch": 28, "step": 300, "loss": 1.62472665309906}
{"fold": "C1", "arm": "B0", "epoch": 28, "step": 400, "loss": 1.7159212827682495}
{"fold": "C1", "arm": "B0", "epoch": 28, "step": 500, "loss": 1.5583186149597168}
{"fold": "C1", "arm": "B0", "epoch": 28, "step": 600, "loss": 2.360412120819092}
{"fold": "C1", "arm": "B0", "epoch": 28, "seen": {"pooled_auroc": 0.7722933592738872, "rows": 1451, "videos": 462, "source_pair_acc": 0.6402439024390244, "source_pairs": 492, "same_query_pair_acc": 0.5514107641767216, "same_query_support": 47, "raw_r1_iou_05": 0.34994697773064687, "raw_r1_iou_07": 0.17073170731707318, "threshold_logit": 6.121681213378906, "gated_r1_iou_05": 0.20360551431601273, "score_distribution": {"0": {"mean": 0.9514527362661334, "std": 5.397451839456774, "quantiles": [-7.742915153503418, 1.437636137008667, 7.480574274063111]}, "1": {"mean": 6.052149745860865, "std": 4.067202013324252, "quantiles": [0.6611891746520997, 7.150975704193115, 10.483614921569824]}}}, "losses": {"gmr": 1.9461289504741102, "gmr_loss_span": 0.03772381386269552, "gmr_loss_giou": 0.25265520223413557, "gmr_loss_label": 0.06367802369128063, "gmr_class_error": 7.3697624322491215, "gmr_loss_exist": 0.17626351217447714, "gmr_loss_span_0": 0.03777037532632112, "gmr_loss_giou_0": 0.2529431207949086, "gmr_loss_label_0": 0.06365328175114825, "gmr_class_error_0": 7.853199955902563, "coarse": 3.0952318294432386, "fine": 0.8327851997501582, "total": 1.9461289504741102}, "chains": 2632, "seconds": 134.78069710731506, "selected": false, "exposure_sha256": "c5d779e35bc04d41ef33245caff33d0b9d99b12a1ef32834ccb6a9fb34690a9a"}
{"fold": "C1", "arm": "B0", "epoch": 29, "step": 100, "loss": 1.5271706581115723}
{"fold": "C1", "arm": "B0", "epoch": 29, "step": 200, "loss": 1.7917815446853638}
{"fold": "C1", "arm": "B0", "epoch": 29, "step": 300, "loss": 2.035822868347168}
{"fold": "C1", "arm": "B0", "epoch": 29, "step": 400, "loss": 2.3707869052886963}
{"fold": "C1", "arm": "B0", "epoch": 29, "step": 500, "loss": 2.4843389987945557}
{"fold": "C1", "arm": "B0", "epoch": 29, "step": 600, "loss": 1.717005968093872}
{"fold": "C1", "arm": "B0", "epoch": 29, "seen": {"pooled_auroc": 0.7723716401833651, "rows": 1451, "videos": 462, "source_pair_acc": 0.6382113821138211, "source_pairs": 492, "same_query_pair_acc": 0.554570016272144, "same_query_support": 47, "raw_r1_iou_05": 0.34358430540827145, "raw_r1_iou_07": 0.16542948038176034, "threshold_logit": 6.406298637390137, "gated_r1_iou_05": 0.19936373276776245, "score_distribution": {"0": {"mean": 0.9618799911709283, "std": 5.315675943569638, "quantiles": [-7.75937557220459, 1.476309895515442, 7.168643665313721]}, "1": {"mean": 5.961929058804239, "std": 3.951246750664249, "quantiles": [0.6872331023216248, 6.949545383453369, 10.319459915161135]}}}, "losses": {"gmr": 1.9511992739326687, "gmr_loss_span": 0.03761285114863542, "gmr_loss_giou": 0.25347452320860514, "gmr_loss_label": 0.06426218628181331, "gmr_class_error": 7.182002186412869, "gmr_loss_exist": 0.1753384410157746, "gmr_loss_span_0": 0.03792820644414896, "gmr_loss_giou_0": 0.2549120507975842, "gmr_loss_label_0": 0.06375373330952368, "gmr_class_error_0": 7.628793571495358, "coarse": 3.1024639910839973, "fine": 0.8354938264856947, "total": 1.9511992739326687}, "chains": 2632, "seconds": 134.7749581336975, "selected": false, "exposure_sha256": "a9f851368f0e0ceb4cc1cd19843979c888c6cc3071870bd208b0d58857693e08"}
{"fold": "C1", "arm": "B0", "epoch": 30, "step": 100, "loss": 1.8096987009048462}
{"fold": "C1", "arm": "B0", "epoch": 30, "step": 200, "loss": 2.578378438949585}
{"fold": "C1", "arm": "B0", "epoch": 30, "step": 300, "loss": 1.888737440109253}
{"fold": "C1", "arm": "B0", "epoch": 30, "step": 400, "loss": 1.8220548629760742}
{"fold": "C1", "arm": "B0", "epoch": 30, "step": 500, "loss": 1.8751070499420166}
{"fold": "C1", "arm": "B0", "epoch": 30, "step": 600, "loss": 2.544182062149048}
{"fold": "C1", "arm": "B0", "epoch": 30, "seen": {"pooled_auroc": 0.7734320855704278, "rows": 1451, "videos": 462, "source_pair_acc": 0.6402439024390244, "source_pairs": 492, "same_query_pair_acc": 0.5647543059777103, "same_query_support": 47, "raw_r1_iou_05": 0.34146341463414637, "raw_r1_iou_07": 0.16967126193001061, "threshold_logit": 6.609192371368408, "gated_r1_iou_05": 0.18133616118769882, "score_distribution": {"0": {"mean": 0.7523326099094912, "std": 5.330210457031086, "quantiles": [-7.808916187286377, 1.421975553035736, 7.030251312255859]}, "1": {"mean": 5.7772423854257715, "std": 3.9498854395335403, "quantiles": [0.5971157431602478, 6.800512790679932, 10.126771926879885]}}}, "losses": {"gmr": 1.9471284129336974, "gmr_loss_span": 0.03786601541467623, "gmr_loss_giou": 0.25394054349387307, "gmr_loss_label": 0.06352555118274725, "gmr_class_error": 7.374076553391106, "gmr_loss_exist": 0.17491719107169057, "gmr_loss_span_0": 0.037939204528678695, "gmr_loss_giou_0": 0.2535374627694895, "gmr_loss_label_0": 0.06314470162643487, "gmr_class_error_0": 7.7151786085320095, "coarse": 3.101631080850642, "fine": 0.8344256172245397, "total": 1.9471284129336974}, "chains": 2632, "seconds": 134.18640756607056, "selected": false, "exposure_sha256": "c1772e17517b888a3effe1a1b672fd550795532000dda8c77a6896876a7f0064"}
{"fold": "C1", "arm": "B0", "epoch": 31, "step": 100, "loss": 1.5353888273239136}
{"fold": "C1", "arm": "B0", "epoch": 31, "step": 200, "loss": 2.111685276031494}
{"fold": "C1", "arm": "B0", "epoch": 31, "step": 300, "loss": 1.7769851684570312}
{"fold": "C1", "arm": "B0", "epoch": 31, "step": 400, "loss": 2.167243719100952}
{"fold": "C1", "arm": "B0", "epoch": 31, "step": 500, "loss": 2.1232035160064697}
{"fold": "C1", "arm": "B0", "epoch": 31, "step": 600, "loss": 2.00600004196167}
{"fold": "C1", "arm": "B0", "epoch": 31, "seen": {"pooled_auroc": 0.7729269127679295, "rows": 1451, "videos": 462, "source_pair_acc": 0.6300813008130082, "source_pairs": 492, "same_query_pair_acc": 0.5682896595130638, "same_query_support": 47, "raw_r1_iou_05": 0.3488865323435843, "raw_r1_iou_07": 0.17391304347826086, "threshold_logit": 5.28335428237915, "gated_r1_iou_05": 0.2142099681866384, "score_distribution": {"0": {"mean": 0.7167281605427953, "std": 5.247539384950671, "quantiles": [-7.842758417129517, 1.349577009677887, 6.962483596801758]}, "1": {"mean": 5.717459359718832, "std": 3.9747692420091445, "quantiles": [0.5988380670547485, 6.644248008728027, 10.262007331848144]}}}, "losses": {"gmr": 1.943415794510247, "gmr_loss_span": 0.03785213194561041, "gmr_loss_giou": 0.2540190531716521, "gmr_loss_label": 0.06314964080937094, "gmr_class_error": 7.14579778746631, "gmr_loss_exist": 0.1757120700598352, "gmr_loss_span_0": 0.037638930312292734, "gmr_loss_giou_0": 0.25205540634397317, "gmr_loss_label_0": 0.0635300199798447, "gmr_class_error_0": 7.771267841652172, "coarse": 3.1068046020519406, "fine": 0.8374495546143831, "total": 1.943415794510247}, "chains": 2631, "seconds": 131.30485725402832, "selected": false, "exposure_sha256": "5d4cbae428dd37df9c3d937e58b984054435d65b8111001079a1a2cd441f6be9"}
{"fold": "C1", "arm": "B0", "epoch": 32, "step": 100, "loss": 2.0469369888305664}
{"fold": "C1", "arm": "B0", "epoch": 32, "step": 200, "loss": 1.8900747299194336}
{"fold": "C1", "arm": "B0", "epoch": 32, "step": 300, "loss": 2.1583738327026367}
{"fold": "C1", "arm": "B0", "epoch": 32, "step": 400, "loss": 2.1322224140167236}
{"fold": "C1", "arm": "B0", "epoch": 32, "step": 500, "loss": 1.9329594373703003}
{"fold": "C1", "arm": "B0", "epoch": 32, "step": 600, "loss": 1.9951237440109253}
{"fold": "C1", "arm": "B0", "epoch": 32, "seen": {"pooled_auroc": 0.7646959360726782, "rows": 1451, "videos": 462, "source_pair_acc": 0.6382113821138211, "source_pairs": 492, "same_query_pair_acc": 0.5634594424488042, "same_query_support": 47, "raw_r1_iou_05": 0.3457051961823966, "raw_r1_iou_07": 0.16436903499469777, "threshold_logit": 6.267411231994629, "gated_r1_iou_05": 0.20360551431601273, "score_distribution": {"0": {"mean": 1.0145480322695564, "std": 5.518782984248403, "quantiles": [-7.898167514801026, 1.6310863494873047, 7.503071165084839]}, "1": {"mean": 5.977545760820836, "std": 3.9958366061615282, "quantiles": [0.666984510421753, 6.942234039306641, 10.290919303894045]}}}, "losses": {"gmr": 1.9456006726957744, "gmr_loss_span": 0.037979299117638345, "gmr_loss_giou": 0.25456713620109034, "gmr_loss_label": 0.06323758656538365, "gmr_class_error": 7.3659201161115, "gmr_loss_exist": 0.1726429798593603, "gmr_loss_span_0": 0.037843384131743915, "gmr_loss_giou_0": 0.2534345281296226, "gmr_loss_label_0": 0.06344471227003992, "gmr_class_error_0": 7.863157417274174, "coarse": 3.102284447038065, "fine": 0.8350488607825479, "total": 1.9456006726957744}, "chains": 2632, "seconds": 132.70948028564453, "selected": false, "exposure_sha256": "1b01fae5c10fec8976962241dd287652a179009ebb6bf08350ffb3004785f0e7"}
{"fold": "C1", "arm": "B0", "epoch": 33, "step": 100, "loss": 2.2179007530212402}
{"fold": "C1", "arm": "B0", "epoch": 33, "step": 200, "loss": 1.8741025924682617}
{"fold": "C1", "arm": "B0", "epoch": 33, "step": 300, "loss": 1.6980689764022827}
{"fold": "C1", "arm": "B0", "epoch": 33, "step": 400, "loss": 1.8169009685516357}
{"fold": "C1", "arm": "B0", "epoch": 33, "step": 500, "loss": 2.3626766204833984}
{"fold": "C1", "arm": "B0", "epoch": 33, "step": 600, "loss": 1.901648759841919}
{"fold": "C1", "arm": "B0", "epoch": 33, "seen": {"pooled_auroc": 0.7708623842486285, "rows": 1451, "videos": 462, "source_pair_acc": 0.6321138211382114, "source_pairs": 492, "same_query_pair_acc": 0.5588226489822234, "same_query_support": 47, "raw_r1_iou_05": 0.3404029692470838, "raw_r1_iou_07": 0.16436903499469777, "threshold_logit": 6.4368085861206055, "gated_r1_iou_05": 0.19406150583244963, "score_distribution": {"0": {"mean": 0.8904941153243243, "std": 5.5078975469725275, "quantiles": [-7.8518143653869625, 1.4442576169967651, 7.718539237976074]}, "1": {"mean": 6.06917879167324, "std": 4.15154661404021, "quantiles": [0.5789403200149537, 7.1183929443359375, 10.714581489562988]}}}, "losses": {"gmr": 1.9387650415527784, "gmr_loss_span": 0.03781464372656809, "gmr_loss_giou": 0.2535137328288113, "gmr_loss_label": 0.06310848242923119, "gmr_class_error": 7.084478395688135, "gmr_loss_exist": 0.17063269197182182, "gmr_loss_span_0": 0.037716549441875115, "gmr_loss_giou_0": 0.2529065826720923, "gmr_loss_label_0": 0.06349154292268956, "gmr_class_error_0": 7.693960752168325, "coarse": 3.098463006657308, "fine": 0.8342523222455138, "total": 1.9387650415527784}, "chains": 2631, "seconds": 135.54959344863892, "selected": false, "exposure_sha256": "7d0f1a50ddb387d112d20dca6cd4aaa6057d6d4fe29aecb64becf55f6a6a2314"}
{"fold": "C1", "arm": "B0", "epoch": 34, "step": 100, "loss": 1.8923709392547607}
{"fold": "C1", "arm": "B0", "epoch": 34, "step": 200, "loss": 1.9798023700714111}
{"fold": "C1", "arm": "B0", "epoch": 34, "step": 300, "loss": 2.0123305320739746}
{"fold": "C1", "arm": "B0", "epoch": 34, "step": 400, "loss": 1.8320893049240112}
{"fold": "C1", "arm": "B0", "epoch": 34, "step": 500, "loss": 1.8194397687911987}
{"fold": "C1", "arm": "B0", "epoch": 34, "step": 600, "loss": 2.1607439517974854}
{"fold": "C1", "arm": "B0", "epoch": 34, "seen": {"pooled_auroc": 0.7696683394427234, "rows": 1451, "videos": 462, "source_pair_acc": 0.6321138211382114, "source_pairs": 492, "same_query_pair_acc": 0.5648671364096896, "same_query_support": 47, "raw_r1_iou_05": 0.35100742311770944, "raw_r1_iou_07": 0.16542948038176034, "threshold_logit": 6.273444175720215, "gated_r1_iou_05": 0.2014846235418876, "score_distribution": {"0": {"mean": 0.8771576252472624, "std": 5.4437929579909, "quantiles": [-7.93477463722229, 1.6141384840011597, 7.41877932548523]}, "1": {"mean": 5.920354318454435, "std": 3.9721567134496443, "quantiles": [0.7055554747581483, 6.864602088928223, 10.433708572387697]}}}, "losses": {"gmr": 1.9447106911056309, "gmr_loss_span": 0.03838770723927166, "gmr_loss_giou": 0.25674054927920137, "gmr_loss_label": 0.062494451038562056, "gmr_class_error": 7.238610751723083, "gmr_loss_exist": 0.17235933413366733, "gmr_loss_span_0": 0.03778051978435741, "gmr_loss_giou_0": 0.25249848222660076, "gmr_loss_label_0": 0.06286306257464422, "gmr_class_error_0": 7.72785363588652, "coarse": 3.0992317148979676, "fine": 0.834105396252635, "total": 1.9447106911056309}, "chains": 2631, "seconds": 135.778249502182, "selected": false, "exposure_sha256": "dc8608f6ccb45c736c9ea76274188242774a12713ddee9513bde5768780040b1"}
{"fold": "C1", "arm": "B0", "epoch": 35, "step": 100, "loss": 2.049805164337158}
{"fold": "C1", "arm": "B0", "epoch": 35, "step": 200, "loss": 1.7499918937683105}
{"fold": "C1", "arm": "B0", "epoch": 35, "step": 300, "loss": 2.0293045043945312}
{"fold": "C1", "arm": "B0", "epoch": 35, "step": 400, "loss": 1.6129251718521118}
{"fold": "C1", "arm": "B0", "epoch": 35, "step": 500, "loss": 1.8975400924682617}
{"fold": "C1", "arm": "B0", "epoch": 35, "step": 600, "loss": 2.153928518295288}
{"fold": "C1", "arm": "B0", "epoch": 35, "seen": {"pooled_auroc": 0.766835614265078, "rows": 1451, "videos": 462, "source_pair_acc": 0.6280487804878049, "source_pairs": 492, "same_query_pair_acc": 0.5658369408369409, "same_query_support": 47, "raw_r1_iou_05": 0.3531283138918346, "raw_r1_iou_07": 0.17179215270413573, "threshold_logit": 5.4181623458862305, "gated_r1_iou_05": 0.22163308589607636, "score_distribution": {"0": {"mean": 0.8162996780097954, "std": 5.647198817844669, "quantiles": [-8.184854698181152, 1.4066323041915894, 7.593827819824219]}, "1": {"mean": 5.96287884587503, "std": 4.123941527308845, "quantiles": [0.5046961665153504, 7.04034423828125, 10.338311958312989]}}}, "losses": {"gmr": 1.9284437206378462, "gmr_loss_span": 0.037730449816285656, "gmr_loss_giou": 0.2530406179942621, "gmr_loss_label": 0.06258582485143356, "gmr_class_error": 7.332699303206701, "gmr_loss_exist": 0.16916267971839405, "gmr_loss_span_0": 0.037499454019642164, "gmr_loss_giou_0": 0.25151057656865716, "gmr_loss_label_0": 0.06302187545366562, "gmr_class_error_0": 7.999832356229741, "coarse": 3.106296254871102, "fine": 0.8350390050911252, "total": 1.9284437206378462}, "chains": 2631, "seconds": 136.48266077041626, "selected": false, "exposure_sha256": "1eeaea4292346cfd8f0957899570586d13bb6e17a84d065a486ca8cff374e7da"}
{"fold": "C1", "arm": "B0", "epoch": 36, "step": 100, "loss": 1.868850827217102}
{"fold": "C1", "arm": "B0", "epoch": 36, "step": 200, "loss": 2.3221757411956787}
{"fold": "C1", "arm": "B0", "epoch": 36, "step": 300, "loss": 2.348356008529663}
{"fold": "C1", "arm": "B0", "epoch": 36, "step": 400, "loss": 2.0705158710479736}
{"fold": "C1", "arm": "B0", "epoch": 36, "step": 500, "loss": 1.8769629001617432}
{"fold": "C1", "arm": "B0", "epoch": 36, "step": 600, "loss": 1.9361363649368286}
{"fold": "C1", "arm": "B0", "epoch": 36, "seen": {"pooled_auroc": 0.7683469576907341, "rows": 1451, "videos": 462, "source_pair_acc": 0.6239837398373984, "source_pairs": 492, "same_query_pair_acc": 0.5594673943078198, "same_query_support": 47, "raw_r1_iou_05": 0.35737009544008486, "raw_r1_iou_07": 0.16436903499469777, "threshold_logit": 4.940186023712158, "gated_r1_iou_05": 0.22269353128313893, "score_distribution": {"0": {"mean": 0.561667852349374, "std": 5.320234326618777, "quantiles": [-8.07512674331665, 1.152022123336792, 7.121320486068726]}, "1": {"mean": 5.5516646150084785, "std": 4.013154779257044, "quantiles": [0.4381535887718201, 6.454705715179443, 10.15737648010254]}}}, "losses": {"gmr": 1.9418916599004101, "gmr_loss_span": 0.038041493781816815, "gmr_loss_giou": 0.2554466847817224, "gmr_loss_label": 0.06262337225050549, "gmr_class_error": 7.750778244621485, "gmr_loss_exist": 0.17455604469855132, "gmr_loss_span_0": 0.03758155666065252, "gmr_loss_giou_0": 0.2524791924130047, "gmr_loss_label_0": 0.06317143586087734, "gmr_class_error_0": 8.074680096472651, "coarse": 3.104834380120854, "fine": 0.8350084572577549, "total": 1.9418916599004101}, "chains": 2631, "seconds": 139.84458947181702, "selected": false, "exposure_sha256": "e698af07ddd83b01571f7c57ef2faff97e2a2aa15b129ffef2ed884eb8deface"}
{"fold": "C1", "arm": "B0", "epoch": 37, "step": 100, "loss": 1.7382272481918335}
{"fold": "C1", "arm": "B0", "epoch": 37, "step": 200, "loss": 1.8994923830032349}
{"fold": "C1", "arm": "B0", "epoch": 37, "step": 300, "loss": 1.7293386459350586}
{"fold": "C1", "arm": "B0", "epoch": 37, "step": 400, "loss": 1.9648587703704834}
{"fold": "C1", "arm": "B0", "epoch": 37, "step": 500, "loss": 1.8530179262161255}
{"fold": "C1", "arm": "B0", "epoch": 37, "step": 600, "loss": 2.3387954235076904}
{"fold": "C1", "arm": "B0", "epoch": 37, "seen": {"pooled_auroc": 0.7645456367264802, "rows": 1451, "videos": 462, "source_pair_acc": 0.6199186991869918, "source_pairs": 492, "same_query_pair_acc": 0.5688887353780971, "same_query_support": 47, "raw_r1_iou_05": 0.3552492046659597, "raw_r1_iou_07": 0.17815482502651114, "threshold_logit": 7.000977993011475, "gated_r1_iou_05": 0.2067868504772004, "score_distribution": {"0": {"mean": 1.2534153713206724, "std": 5.8149610993015335, "quantiles": [-8.021755599975586, 1.527607798576355, 8.419307899475099]}, "1": {"mean": 6.562775666415613, "std": 4.344536123389053, "quantiles": [0.6329758048057557, 7.8514299392700195, 11.322057914733886]}}}, "losses": {"gmr": 1.9289673055921281, "gmr_loss_span": 0.03767346677378862, "gmr_loss_giou": 0.25387271928479244, "gmr_loss_label": 0.0629493050888679, "gmr_class_error": 7.670766708698679, "gmr_loss_exist": 0.17048922297509392, "gmr_loss_span_0": 0.03729591952880284, "gmr_loss_giou_0": 0.25082449474595603, "gmr_loss_label_0": 0.06307244491636028, "gmr_class_error_0": 8.116271926276951, "coarse": 3.0989798093639247, "fine": 0.8319559100007576, "total": 1.9289673055921281}, "chains": 2632, "seconds": 138.7101447582245, "selected": false, "exposure_sha256": "691593551afb102ee01e090f1cbb8a2bada59b41d725c20ceaa4235de0cd2063"}
{"fold": "C1", "arm": "B0", "epoch": 38, "step": 100, "loss": 1.5925239324569702}
{"fold": "C1", "arm": "B0", "epoch": 38, "step": 200, "loss": 1.9445371627807617}
{"fold": "C1", "arm": "B0", "epoch": 38, "step": 300, "loss": 1.8733479976654053}
{"fold": "C1", "arm": "B0", "epoch": 38, "step": 400, "loss": 1.921326756477356}
{"fold": "C1", "arm": "B0", "epoch": 38, "step": 500, "loss": 1.6962095499038696}
{"fold": "C1", "arm": "B0", "epoch": 38, "step": 600, "loss": 1.8103265762329102}
{"fold": "C1", "arm": "B0", "epoch": 38, "seen": {"pooled_auroc": 0.7681486460533897, "rows": 1451, "videos": 462, "source_pair_acc": 0.6260162601626016, "source_pairs": 492, "same_query_pair_acc": 0.5711668355285376, "same_query_support": 47, "raw_r1_iou_05": 0.3488865323435843, "raw_r1_iou_07": 0.1728525980911983, "threshold_logit": 6.570858955383301, "gated_r1_iou_05": 0.18451749734888653, "score_distribution": {"0": {"mean": 0.9175185137208346, "std": 5.458133531383249, "quantiles": [-7.988855075836182, 1.5345616340637207, 7.54942889213562]}, "1": {"mean": 5.979777321580912, "std": 4.0106065944013505, "quantiles": [0.7190195441246033, 7.0473761558532715, 10.519793510437013]}}}, "losses": {"gmr": 1.9319994337290616, "gmr_loss_span": 0.0377571988046894, "gmr_loss_giou": 0.2550351621758612, "gmr_loss_label": 0.062335381558940584, "gmr_class_error": 7.665687050862878, "gmr_loss_exist": 0.173360370364929, "gmr_loss_span_0": 0.03730312331457902, "gmr_loss_giou_0": 0.25149094723278265, "gmr_loss_label_0": 0.06304205132302995, "gmr_class_error_0": 7.748557922687937, "coarse": 3.098483608486442, "fine": 0.8348415443237792, "total": 1.9319994337290616}, "chains": 2631, "seconds": 138.35148787498474, "selected": false, "exposure_sha256": "fdc93047dcf24f6334917a74b0e3c93458bb403da95f995bb394102bd607b5b4"}
{"fold": "C1", "arm": "B0", "epoch": 39, "step": 100, "loss": 1.426235318183899}
{"fold": "C1", "arm": "B0", "epoch": 39, "step": 200, "loss": 1.562888741493225}
{"fold": "C1", "arm": "B0", "epoch": 39, "step": 300, "loss": 2.148916006088257}
{"fold": "C1", "arm": "B0", "epoch": 39, "step": 400, "loss": 2.761570930480957}
{"fold": "C1", "arm": "B0", "epoch": 39, "step": 500, "loss": 2.437950849533081}
{"fold": "C1", "arm": "B0", "epoch": 39, "step": 600, "loss": 1.900329351425171}
{"fold": "C1", "arm": "B0", "epoch": 39, "seen": {"pooled_auroc": 0.7687957682384082, "rows": 1451, "videos": 462, "source_pair_acc": 0.6341463414634146, "source_pairs": 492, "same_query_pair_acc": 0.5627206717632249, "same_query_support": 47, "raw_r1_iou_05": 0.352067868504772, "raw_r1_iou_07": 0.1633085896076352, "threshold_logit": 5.912621021270752, "gated_r1_iou_05": 0.20996818663838812, "score_distribution": {"0": {"mean": 0.825990795575845, "std": 5.479907322075317, "quantiles": [-7.9576287269592285, 1.4515133500099182, 7.394402313232423]}, "1": {"mean": 5.8752471647548274, "std": 3.9879819264215124, "quantiles": [0.6783777117729187, 6.82110071182251, 10.271436882019044]}}}, "losses": {"gmr": 1.9343935812860273, "gmr_loss_span": 0.037879565163122034, "gmr_loss_giou": 0.25525780259928804, "gmr_loss_label": 0.0624269268767042, "gmr_class_error": 7.510192934865285, "gmr_loss_exist": 0.17254759006394713, "gmr_loss_span_0": 0.03740458025973528, "gmr_loss_giou_0": 0.25192718947232673, "gmr_loss_label_0": 0.06302795880743073, "gmr_class_error_0": 7.646880616532996, "coarse": 3.098275992645681, "fine": 0.8338386485279512, "total": 1.9343935812860273}, "chains": 2632, "seconds": 143.33320450782776, "selected": false, "exposure_sha256": "d7f508e840ae2fd695014d6d4eb6e67481d69915df0916c4af7a103aff50b6cc"}
{"fold": "C1", "arm": "B0", "epoch": 40, "step": 100, "loss": 2.571985960006714}
{"fold": "C1", "arm": "B0", "epoch": 40, "step": 200, "loss": 1.9552863836288452}
{"fold": "C1", "arm": "B0", "epoch": 40, "step": 300, "loss": 1.8704166412353516}
{"fold": "C1", "arm": "B0", "epoch": 40, "step": 400, "loss": 1.9949685335159302}
{"fold": "C1", "arm": "B0", "epoch": 40, "step": 500, "loss": 2.0008795261383057}
{"fold": "C1", "arm": "B0", "epoch": 40, "step": 600, "loss": 2.4499568939208984}
{"fold": "C1", "arm": "B0", "epoch": 40, "seen": {"pooled_auroc": 0.7702173495545295, "rows": 1451, "videos": 462, "source_pair_acc": 0.6300813008130082, "source_pairs": 492, "same_query_pair_acc": 0.5654930766632894, "same_query_support": 47, "raw_r1_iou_05": 0.3584305408271474, "raw_r1_iou_07": 0.16542948038176034, "threshold_logit": 6.031543254852295, "gated_r1_iou_05": 0.19936373276776245, "score_distribution": {"0": {"mean": 0.5864592576326113, "std": 5.43891767045667, "quantiles": [-8.129316329956055, 1.3952352404594421, 7.039967393875122]}, "1": {"mean": 5.6186449210359966, "std": 3.947245520509025, "quantiles": [0.6049986839294433, 6.569576263427734, 10.129481887817382]}}}, "losses": {"gmr": 1.9176873019401064, "gmr_loss_span": 0.0377183002660385, "gmr_loss_giou": 0.25317236142499105, "gmr_loss_label": 0.06190669419962947, "gmr_class_error": 7.137391122278834, "gmr_loss_exist": 0.16610385544985917, "gmr_loss_span_0": 0.03731618418236543, "gmr_loss_giou_0": 0.2501066108786226, "gmr_loss_label_0": 0.06258321224533497, "gmr_class_error_0": 7.720148718465787, "coarse": 3.095367375840532, "fine": 0.8330461329421012, "total": 1.9176873019401064}, "chains": 2632, "seconds": 139.73964643478394, "selected": false, "exposure_sha256": "8d14cceeecf14101ae262ecdd4f743d43dd02b8014e6ad799fc9e9fae5a0c52c"}
{"fold": "C1", "arm": "B0", "epoch": 41, "step": 100, "loss": 1.6923737525939941}
{"fold": "C1", "arm": "B0", "epoch": 41, "step": 200, "loss": 2.000547409057617}
{"fold": "C1", "arm": "B0", "epoch": 41, "step": 300, "loss": 1.7339894771575928}
{"fold": "C1", "arm": "B0", "epoch": 41, "step": 400, "loss": 2.4758079051971436}
{"fold": "C1", "arm": "B0", "epoch": 41, "step": 500, "loss": 2.3343422412872314}
{"fold": "C1", "arm": "B0", "epoch": 41, "step": 600, "loss": 1.7850180864334106}
{"fold": "C1", "arm": "B0", "epoch": 41, "seen": {"pooled_auroc": 0.7669775636475982, "rows": 1451, "videos": 462, "source_pair_acc": 0.6341463414634146, "source_pairs": 492, "same_query_pair_acc": 0.5619523502502227, "same_query_support": 47, "raw_r1_iou_05": 0.35418875927889715, "raw_r1_iou_07": 0.16542948038176034, "threshold_logit": 6.37209939956665, "gated_r1_iou_05": 0.21314952279957583, "score_distribution": {"0": {"mean": 1.0537389760880957, "std": 5.597458861010904, "quantiles": [-8.01465654373169, 1.7782652378082275, 7.708534860610962]}, "1": {"mean": 6.080437541015897, "std": 3.9504017749085882, "quantiles": [0.8324798107147218, 7.102649211883545, 10.382518577575684]}}}, "losses": {"gmr": 1.918807858935243, "gmr_loss_span": 0.03758606396751382, "gmr_loss_giou": 0.25354287100780337, "gmr_loss_label": 0.06237220656590983, "gmr_class_error": 7.555042046544037, "gmr_loss_exist": 0.16908304353519188, "gmr_loss_span_0": 0.03699898433596983, "gmr_loss_giou_0": 0.24945010652476893, "gmr_loss_label_0": 0.06284813337752704, "gmr_class_error_0": 7.887035885842738, "coarse": 3.0929727478230253, "fine": 0.833848897084639, "total": 1.918807858935243}, "chains": 2631, "seconds": 141.40701580047607, "selected": false, "exposure_sha256": "d8539d6a69c8cec777eea49923182d6892c1f3b3b9c48fcb39f4c6a1eff427e1"}
{"fold": "C1", "arm": "B0", "epoch": 42, "step": 100, "loss": 1.781317114830017}
{"fold": "C1", "arm": "B0", "epoch": 42, "step": 200, "loss": 1.6651930809020996}
{"fold": "C1", "arm": "B0", "epoch": 42, "step": 300, "loss": 2.1674134731292725}
{"fold": "C1", "arm": "B0", "epoch": 42, "step": 400, "loss": 1.6921358108520508}
{"fold": "C1", "arm": "B0", "epoch": 42, "step": 500, "loss": 2.389798402786255}
{"fold": "C1", "arm": "B0", "epoch": 42, "step": 600, "loss": 2.021653175354004}
{"fold": "C1", "arm": "B0", "epoch": 42, "seen": {"pooled_auroc": 0.7695890147877857, "rows": 1451, "videos": 462, "source_pair_acc": 0.6300813008130082, "source_pairs": 492, "same_query_pair_acc": 0.5647032636394338, "same_query_support": 47, "raw_r1_iou_05": 0.35100742311770944, "raw_r1_iou_07": 0.18027571580063625, "threshold_logit": 5.84630823135376, "gated_r1_iou_05": 0.20996818663838812, "score_distribution": {"0": {"mean": 0.7482908280625, "std": 5.471077923780605, "quantiles": [-8.12124719619751, 1.4698371887207031, 7.16510729789734]}, "1": {"mean": 5.7646662445812, "std": 3.93146610318927, "quantiles": [0.6834320068359375, 6.787962436676025, 10.219039916992188]}}}, "losses": {"gmr": 1.9238269024706902, "gmr_loss_span": 0.03769469502916996, "gmr_loss_giou": 0.2531871402064355, "gmr_loss_label": 0.062168595984034625, "gmr_class_error": 7.482240769638479, "gmr_loss_exist": 0.17014775161934298, "gmr_loss_span_0": 0.037288142843766414, "gmr_loss_giou_0": 0.24992623528901567, "gmr_loss_label_0": 0.06301575150669164, "gmr_class_error_0": 8.391588599486191, "coarse": 3.0986229416809548, "fine": 0.8337978684431151, "total": 1.9238269024706902}, "chains": 2632, "seconds": 143.4486038684845, "selected": false, "exposure_sha256": "6f58da1903544f5210ccb66c702930b971516c05cf77082bc8b7417dc9c4dbdd"}
{"fold": "C1", "arm": "B0", "epoch": 43, "step": 100, "loss": 1.8458666801452637}
{"fold": "C1", "arm": "B0", "epoch": 43, "step": 200, "loss": 2.490003824234009}
{"fold": "C1", "arm": "B0", "epoch": 43, "step": 300, "loss": 2.2175307273864746}
{"fold": "C1", "arm": "B0", "epoch": 43, "step": 400, "loss": 1.8637865781784058}
{"fold": "C1", "arm": "B0", "epoch": 43, "step": 500, "loss": 1.6452263593673706}
{"fold": "C1", "arm": "B0", "epoch": 43, "step": 600, "loss": 1.8539457321166992}
{"fold": "C1", "arm": "B0", "epoch": 43, "seen": {"pooled_auroc": 0.7656332194954953, "rows": 1451, "videos": 462, "source_pair_acc": 0.6280487804878049, "source_pairs": 492, "same_query_pair_acc": 0.5601551226551227, "same_query_support": 47, "raw_r1_iou_05": 0.3531283138918346, "raw_r1_iou_07": 0.17497348886532343, "threshold_logit": 6.4937520027160645, "gated_r1_iou_05": 0.19618239660657477, "score_distribution": {"0": {"mean": 1.0910098002856876, "std": 5.5528951772293915, "quantiles": [-7.897088432312012, 1.6343119144439697, 7.663164377212525]}, "1": {"mean": 6.115381703570817, "std": 4.039957235759409, "quantiles": [0.6877270221710207, 7.153109073638916, 10.524652481079103]}}}, "losses": {"gmr": 1.9262594615072466, "gmr_loss_span": 0.0377749601877252, "gmr_loss_giou": 0.2534970859784667, "gmr_loss_label": 0.06248662130210809, "gmr_class_error": 7.584210920478798, "gmr_loss_exist": 0.17079026225917493, "gmr_loss_span_0": 0.03724195927064469, "gmr_loss_giou_0": 0.24919949051864604, "gmr_loss_label_0": 0.06316423465109977, "gmr_class_error_0": 8.153437913007648, "coarse": 3.0937725635285074, "fine": 0.8326834662163511, "total": 1.9262594615072466}, "chains": 2632, "seconds": 138.784930229187, "selected": false, "exposure_sha256": "aad2567fd60946e1c40bad39c8f2a893f1b6f3936f66fde922bc4d7df9161d6d"}
{"fold": "C1", "arm": "B0", "epoch": 44, "step": 100, "loss": 1.765518307685852}
{"fold": "C1", "arm": "B0", "epoch": 44, "step": 200, "loss": 1.9994800090789795}
{"fold": "C1", "arm": "B0", "epoch": 44, "step": 300, "loss": 1.7593919038772583}
{"fold": "C1", "arm": "B0", "epoch": 44, "step": 400, "loss": 1.978941559791565}
{"fold": "C1", "arm": "B0", "epoch": 44, "step": 500, "loss": 2.0302515029907227}
{"fold": "C1", "arm": "B0", "epoch": 44, "step": 600, "loss": 2.0487468242645264}
{"fold": "C1", "arm": "B0", "epoch": 44, "seen": {"pooled_auroc": 0.7650153221833484, "rows": 1451, "videos": 462, "source_pair_acc": 0.6260162601626016, "source_pairs": 492, "same_query_pair_acc": 0.567601931165761, "same_query_support": 47, "raw_r1_iou_05": 0.3552492046659597, "raw_r1_iou_07": 0.16861081654294804, "threshold_logit": 6.722117900848389, "gated_r1_iou_05": 0.18769883351007424, "score_distribution": {"0": {"mean": 0.9520326809825626, "std": 5.629381219661477, "quantiles": [-8.04363784790039, 1.528783142566681, 7.695898389816285]}, "1": {"mean": 6.029658630067603, "std": 4.078947308247783, "quantiles": [0.6827803134918213, 7.083765983581543, 10.47944507598877]}}}, "losses": {"gmr": 1.9138663161127039, "gmr_loss_span": 0.03758069415121002, "gmr_loss_giou": 0.25309869940293594, "gmr_loss_label": 0.06190708898981654, "gmr_class_error": 7.1605865861144835, "gmr_loss_exist": 0.16699994425784717, "gmr_loss_span_0": 0.03712748202826477, "gmr_loss_giou_0": 0.2496867274757939, "gmr_loss_label_0": 0.06234270631474383, "gmr_class_error_0": 7.466530825954078, "coarse": 3.0975065437856055, "fine": 0.8364783396836835, "total": 1.9138663161127039}, "chains": 2632, "seconds": 144.24170184135437, "selected": false, "exposure_sha256": "913629c0545487eec0a7edceb2a0f04c844dca9f064e26767c5534d35e85b0d2"}
{"fold": "C1", "arm": "B0", "epoch": 45, "step": 100, "loss": 1.5801352262496948}
{"fold": "C1", "arm": "B0", "epoch": 45, "step": 200, "loss": 1.5661829710006714}
{"fold": "C1", "arm": "B0", "epoch": 45, "step": 300, "loss": 1.6911115646362305}
{"fold": "C1", "arm": "B0", "epoch": 45, "step": 400, "loss": 2.021752119064331}
{"fold": "C1", "arm": "B0", "epoch": 45, "step": 500, "loss": 1.7948799133300781}
{"fold": "C1", "arm": "B0", "epoch": 45, "step": 600, "loss": 2.143913745880127}
{"fold": "C1", "arm": "B0", "epoch": 45, "seen": {"pooled_auroc": 0.7602140930686951, "rows": 1451, "videos": 462, "source_pair_acc": 0.6260162601626016, "source_pairs": 492, "same_query_pair_acc": 0.5706483528292039, "same_query_support": 47, "raw_r1_iou_05": 0.35418875927889715, "raw_r1_iou_07": 0.17179215270413573, "threshold_logit": 6.814518928527832, "gated_r1_iou_05": 0.19830328738069988, "score_distribution": {"0": {"mean": 1.338511754076664, "std": 5.640671756284155, "quantiles": [-7.9739098072052, 1.917752981185913, 7.957690238952637]}, "1": {"mean": 6.258279983544859, "std": 3.975274488103342, "quantiles": [0.917538595199585, 7.272982597351074, 10.539712142944337]}}}, "losses": {"gmr": 1.9135271973885302, "gmr_loss_span": 0.03754199446549803, "gmr_loss_giou": 0.2527552509969129, "gmr_loss_label": 0.0621986765029492, "gmr_class_error": 7.530531920922925, "gmr_loss_exist": 0.16521716864120023, "gmr_loss_span_0": 0.037122949354894075, "gmr_loss_giou_0": 0.24955394383984134, "gmr_loss_label_0": 0.06263917307496795, "gmr_class_error_0": 7.674418649412578, "coarse": 3.0979145497174247, "fine": 0.83219118230611, "total": 1.9135271973885302}, "chains": 2632, "seconds": 142.08286905288696, "selected": false, "exposure_sha256": "2c309c66a1659cae3f6472b9264ec9dcec197f95077c66cfac32b94ae68a3ea4"}
{"fold": "C1", "arm": "B0", "epoch": 46, "step": 100, "loss": 2.0328006744384766}
{"fold": "C1", "arm": "B0", "epoch": 46, "step": 200, "loss": 1.8648896217346191}
{"fold": "C1", "arm": "B0", "epoch": 46, "step": 300, "loss": 1.9979126453399658}
{"fold": "C1", "arm": "B0", "epoch": 46, "step": 400, "loss": 1.8273656368255615}
{"fold": "C1", "arm": "B0", "epoch": 46, "step": 500, "loss": 1.9148818254470825}
{"fold": "C1", "arm": "B0", "epoch": 46, "step": 600, "loss": 1.8279993534088135}
{"fold": "C1", "arm": "B0", "epoch": 46, "seen": {"pooled_auroc": 0.7618673858768715, "rows": 1451, "videos": 462, "source_pair_acc": 0.6280487804878049, "source_pairs": 492, "same_query_pair_acc": 0.5695576586534034, "same_query_support": 47, "raw_r1_iou_05": 0.35737009544008486, "raw_r1_iou_07": 0.17179215270413573, "threshold_logit": 6.613595962524414, "gated_r1_iou_05": 0.19830328738069988, "score_distribution": {"0": {"mean": 1.1066461410593447, "std": 5.693409633299752, "quantiles": [-8.215492820739746, 1.9300717115402222, 7.890937471389771]}, "1": {"mean": 6.066602760667133, "std": 3.9344645043233153, "quantiles": [0.8705085515975952, 7.1369428634643555, 10.358378028869629]}}}, "losses": {"gmr": 1.9154257254397615, "gmr_loss_span": 0.037644350437000165, "gmr_loss_giou": 0.25281757886286566, "gmr_loss_label": 0.06179655321780309, "gmr_class_error": 7.424090075275456, "gmr_loss_exist": 0.16664222598296666, "gmr_loss_span_0": 0.03722903376167759, "gmr_loss_giou_0": 0.2499652564480312, "gmr_loss_label_0": 0.06252015213903866, "gmr_class_error_0": 7.737201371816154, "coarse": 3.0947029978308636, "fine": 0.8367233698491268, "total": 1.9154257254397615}, "chains": 2631, "seconds": 144.146719455719, "selected": false, "exposure_sha256": "4ca301a3b52a21db73bb52cf50909371b85cca7af9cb989aad2aa93a2d8edeae"}
{"fold": "C1", "arm": "B0", "epoch": 47, "step": 100, "loss": 2.4648454189300537}
{"fold": "C1", "arm": "B0", "epoch": 47, "step": 200, "loss": 2.004150867462158}
{"fold": "C1", "arm": "B0", "epoch": 47, "step": 300, "loss": 2.109398365020752}
{"fold": "C1", "arm": "B0", "epoch": 47, "step": 400, "loss": 1.9056496620178223}
{"fold": "C1", "arm": "B0", "epoch": 47, "step": 500, "loss": 1.9876453876495361}
{"fold": "C1", "arm": "B0", "epoch": 47, "step": 600, "loss": 2.5315136909484863}
{"fold": "C1", "arm": "B0", "epoch": 47, "seen": {"pooled_auroc": 0.7638985145414617, "rows": 1451, "videos": 462, "source_pair_acc": 0.6361788617886179, "source_pairs": 492, "same_query_pair_acc": 0.5668067452641921, "same_query_support": 47, "raw_r1_iou_05": 0.3616118769883351, "raw_r1_iou_07": 0.18027571580063625, "threshold_logit": 3.7575056552886963, "gated_r1_iou_05": 0.2513255567338282, "score_distribution": {"0": {"mean": 0.8265943284051156, "std": 5.455594389365292, "quantiles": [-8.075815868377685, 1.5161436796188354, 7.348600196838379]}, "1": {"mean": 5.730306356203123, "std": 3.909063222482731, "quantiles": [0.6544245839118958, 6.577890396118164, 10.164517211914063]}}}, "losses": {"gmr": 1.9120880504871935, "gmr_loss_span": 0.03709539776458476, "gmr_loss_giou": 0.25046649110987557, "gmr_loss_label": 0.06257946554877113, "gmr_class_error": 7.900477290515842, "gmr_loss_exist": 0.17253815348749826, "gmr_loss_span_0": 0.03680085968565887, "gmr_loss_giou_0": 0.24738549694735953, "gmr_loss_label_0": 0.06310436887649598, "gmr_class_error_0": 8.054597431403163, "coarse": 3.100558399067099, "fine": 0.8372039130031157, "total": 1.9120880504871935}, "chains": 2632, "seconds": 142.2540934085846, "selected": false, "exposure_sha256": "7a6d762c7fe82abf700dc699cbd7733c225bf7e76b6a1f0bf37fd47df42effa2"}
{"fold": "C1", "arm": "B0", "epoch": 48, "step": 100, "loss": 2.8667070865631104}
{"fold": "C1", "arm": "B0", "epoch": 48, "step": 200, "loss": 1.8380687236785889}
{"fold": "C1", "arm": "B0", "epoch": 48, "step": 300, "loss": 1.6150132417678833}
{"fold": "C1", "arm": "B0", "epoch": 48, "step": 400, "loss": 1.6570717096328735}
{"fold": "C1", "arm": "B0", "epoch": 48, "step": 500, "loss": 2.4190151691436768}
{"fold": "C1", "arm": "B0", "epoch": 48, "step": 600, "loss": 1.7855924367904663}
{"fold": "C1", "arm": "B0", "epoch": 48, "seen": {"pooled_auroc": 0.7638108399228464, "rows": 1451, "videos": 462, "source_pair_acc": 0.6402439024390244, "source_pairs": 492, "same_query_pair_acc": 0.5710056491971385, "same_query_support": 47, "raw_r1_iou_05": 0.3647932131495228, "raw_r1_iou_07": 0.1823966065747614, "threshold_logit": 6.931110382080078, "gated_r1_iou_05": 0.18027571580063625, "score_distribution": {"0": {"mean": 0.9218796297218504, "std": 5.686719121564159, "quantiles": [-8.223987007141114, 1.6601710319519043, 7.730342292785645]}, "1": {"mean": 6.001105441821468, "std": 4.053698106309118, "quantiles": [0.6968397140502931, 7.049462795257568, 10.408619880676271]}}}, "losses": {"gmr": 1.906434250457671, "gmr_loss_span": 0.037206793934287996, "gmr_loss_giou": 0.2502336084253882, "gmr_loss_label": 0.0621338747498384, "gmr_class_error": 7.351043875094243, "gmr_loss_exist": 0.16916384544481147, "gmr_loss_span_0": 0.03691019001770708, "gmr_loss_giou_0": 0.2475433880434935, "gmr_loss_label_0": 0.062447015493315584, "gmr_class_error_0": 7.8863998285542865, "coarse": 3.0972270711939385, "fine": 0.8339303230079836, "total": 1.906434250457671}, "chains": 2631, "seconds": 143.23775839805603, "selected": false, "exposure_sha256": "a9909d7bb55b38d9d3d4a2b3794b6cb27d978ab046d21dba930614fcbc368f8f"}
{"fold": "C1", "arm": "B0", "epoch": 49, "step": 100, "loss": 1.7078545093536377}
{"fold": "C1", "arm": "B0", "epoch": 49, "step": 200, "loss": 2.1468117237091064}
{"fold": "C1", "arm": "B0", "epoch": 49, "step": 300, "loss": 1.7816308736801147}
{"fold": "C1", "arm": "B0", "epoch": 49, "step": 400, "loss": 1.2246077060699463}
{"fold": "C1", "arm": "B0", "epoch": 49, "step": 500, "loss": 1.8908095359802246}
{"fold": "C1", "arm": "B0", "epoch": 49, "step": 600, "loss": 1.7414320707321167}
{"fold": "C1", "arm": "B0", "epoch": 49, "seen": {"pooled_auroc": 0.761804761149289, "rows": 1451, "videos": 462, "source_pair_acc": 0.6239837398373984, "source_pairs": 492, "same_query_pair_acc": 0.5547193055171779, "same_query_support": 47, "raw_r1_iou_05": 0.352067868504772, "raw_r1_iou_07": 0.17073170731707318, "threshold_logit": 7.01078462600708, "gated_r1_iou_05": 0.2046659597030753, "score_distribution": {"0": {"mean": 1.2659680284853057, "std": 5.905953818655248, "quantiles": [-8.246736240386962, 1.8104212284088135, 8.310183715820312]}, "1": {"mean": 6.504349582774262, "std": 4.200413784263998, "quantiles": [0.8072371363639832, 7.645017623901367, 11.155978202819824]}}}, "losses": {"gmr": 1.9066095917420547, "gmr_loss_span": 0.037402268564243626, "gmr_loss_giou": 0.2517986943475381, "gmr_loss_label": 0.06217167276526747, "gmr_class_error": 7.56082224048742, "gmr_loss_exist": 0.16124858919921753, "gmr_loss_span_0": 0.037145115423800376, "gmr_loss_giou_0": 0.24938133553712202, "gmr_loss_label_0": 0.06250511024905918, "gmr_class_error_0": 8.154447427998923, "coarse": 3.101037751215207, "fine": 0.8357588075395775, "total": 1.9066095917420547}, "chains": 2631, "seconds": 143.34785914421082, "selected": false, "exposure_sha256": "eb7a60c4200738e4296f0a8521ac56585bf3b431b5f898b68c08cb6e4bbcf758"}
{"fold": "C1", "arm": "B0", "epoch": 50, "step": 100, "loss": 1.8053077459335327}
{"fold": "C1", "arm": "B0", "epoch": 50, "step": 200, "loss": 1.6913366317749023}
{"fold": "C1", "arm": "B0", "epoch": 50, "step": 300, "loss": 1.8033987283706665}
{"fold": "C1", "arm": "B0", "epoch": 50, "step": 400, "loss": 1.8164266347885132}
{"fold": "C1", "arm": "B0", "epoch": 50, "step": 500, "loss": 2.2321484088897705}
{"fold": "C1", "arm": "B0", "epoch": 50, "step": 600, "loss": 2.0215225219726562}
{"fold": "C1", "arm": "B0", "epoch": 50, "seen": {"pooled_auroc": 0.7590972854268084, "rows": 1451, "videos": 462, "source_pair_acc": 0.6219512195121951, "source_pairs": 492, "same_query_pair_acc": 0.5575224125756041, "same_query_support": 47, "raw_r1_iou_05": 0.34676564156945916, "raw_r1_iou_07": 0.17709437963944857, "threshold_logit": 6.1611528396606445, "gated_r1_iou_05": 0.19406150583244963, "score_distribution": {"0": {"mean": 0.8844896773477708, "std": 5.644896687278643, "quantiles": [-8.281513690948486, 1.6368885040283203, 7.777296018600465]}, "1": {"mean": 5.951204112816843, "std": 4.2223935087444895, "quantiles": [0.3933768630027771, 6.916060924530029, 10.812677001953125]}}}, "losses": {"gmr": 1.900321094823101, "gmr_loss_span": 0.03725348281359872, "gmr_loss_giou": 0.24976016939999848, "gmr_loss_label": 0.06166055101029416, "gmr_class_error": 7.389590567730843, "gmr_loss_exist": 0.16294603529534837, "gmr_loss_span_0": 0.03706736266782853, "gmr_loss_giou_0": 0.24858907804934813, "gmr_loss_label_0": 0.06229378868992749, "gmr_class_error_0": 7.680730547223773, "coarse": 3.0974243248849653, "fine": 0.8344227773077945, "total": 1.900321094823101}, "chains": 2631, "seconds": 144.11326551437378, "selected": false, "exposure_sha256": "939c6bcdff0df25fae9e89eb36271ef5f4dc710a81509fcc11d47ea49750bffc"}
COMPLETED {"fold": "C1", "arm": "B0", "seed": 3407, "best_epoch": 1, "seen_val": {"pooled_auroc": 0.789549602959227, "rows": 1451, "videos": 462, "source_pair_acc": 0.6686991869918699, "source_pairs": 492, "same_query_pair_acc": 0.5864096896011789, "same_query_support": 47, "raw_r1_iou_05": 0.36267232237539765, "raw_r1_iou_07": 0.17179215270413573, "threshold_logit": 5.113354206085205, "gated_r1_iou_05": 0.22269353128313893}, "epoch0": {"seen": {"pooled_auroc": 0.7902468249263117, "rows": 1451, "videos": 462, "source_pair_acc": 0.6565040650406504, "source_pairs": 492, "same_query_pair_acc": 0.5358992662184151, "same_query_support": 47, "raw_r1_iou_05": 0.3584305408271474, "raw_r1_iou_07": 0.1792152704135737, "threshold_logit": 4.316905498504639, "gated_r1_iou_05": 0.22905620360551432}}, "elapsed_seconds": 5922.592792510986, "peak_gpu_bytes": 0, "formal_U_accessed": false}
