Loaded datasets A1
{"fold": "A1", "arm": "S1_saliency_only", "epoch": 1, "step": 100, "loss": 3.7408053874969482}
{"fold": "A1", "arm": "S1_saliency_only", "epoch": 1, "step": 200, "loss": 3.4418365955352783}
{"fold": "A1", "arm": "S1_saliency_only", "epoch": 1, "step": 300, "loss": 3.5340211391448975}
{"fold": "A1", "arm": "S1_saliency_only", "epoch": 1, "step": 400, "loss": 2.4462757110595703}
{"fold": "A1", "arm": "S1_saliency_only", "epoch": 1, "step": 500, "loss": 2.0171875953674316}
{"fold": "A1", "arm": "S1_saliency_only", "epoch": 1, "seen": {"pooled_auroc": 0.8555660550699531, "rows": 1257, "videos": 389, "source_pair_acc": 0.7392156862745098, "source_pairs": 510, "same_query_pair_acc": 0.6901844683094682, "same_query_support": 52, "raw_r1_iou_05": 0.570281124497992, "raw_r1_iou_07": 0.37349397590361444, "threshold_logit": 3.5204267501831055, "gated_r1_iou_05": 0.4578313253012048, "score_distribution": {"0": {"mean": -2.4926400108938562, "std": 7.405139693440675, "quantiles": [-12.084270191192626, -2.6981523036956787, 6.226930952072144]}, "1": {"mean": 8.039419959542382, "std": 6.218777906858012, "quantiles": [-0.8355701208114621, 8.917196273803711, 15.278436851501464]}}}, "losses": {"gmr": 0.39549011897752717, "gmr_loss_reg": 0.20388765266116668, "gmr_loss_cls": 0.020627502921525542, "gmr_loss_exist": 0.08846495271719677, "coarse": 2.1692379506990367, "fine": 0.8105290330475591, "total": 3.3752570976555125}, "chains": 2152, "seconds": 168.07053923606873, "selected": true, "exposure_sha256": "141325fad5754388325eabc4189b9256ef47aa7cd740e6b70a9fdeb466605a14"}
{"fold": "A1", "arm": "S1_saliency_only", "epoch": 2, "step": 100, "loss": 1.9672770500183105}
{"fold": "A1", "arm": "S1_saliency_only", "epoch": 2, "step": 200, "loss": 3.8342771530151367}
{"fold": "A1", "arm": "S1_saliency_only", "epoch": 2, "step": 300, "loss": 2.6268482208251953}
{"fold": "A1", "arm": "S1_saliency_only", "epoch": 2, "step": 400, "loss": 3.373011827468872}
{"fold": "A1", "arm": "S1_saliency_only", "epoch": 2, "step": 500, "loss": 2.052745819091797}
{"fold": "A1", "arm": "S1_saliency_only", "epoch": 2, "seen": {"pooled_auroc": 0.8541066225687061, "rows": 1257, "videos": 389, "source_pair_acc": 0.7352941176470589, "source_pairs": 510, "same_query_pair_acc": 0.7130088661338662, "same_query_support": 52, "raw_r1_iou_05": 0.5635876840696118, "raw_r1_iou_07": 0.3788487282463186, "threshold_logit": 3.802666425704956, "gated_r1_iou_05": 0.4431057563587684, "score_distribution": {"0": {"mean": -1.8898724280882115, "std": 6.881673590629689, "quantiles": [-10.52430238723755, -2.095530152320862, 6.127590942382813]}, "1": {"mean": 7.931266834115338, "std": 6.007252808137695, "quantiles": [-0.3008109092712399, 8.536090850830078, 15.10648250579834]}}}, "losses": {"gmr": 0.3817268567623702, "gmr_loss_reg": 0.20374410689486447, "gmr_loss_cls": 0.020431915711833087, "gmr_loss_exist": 0.07582317056459678, "coarse": 1.771802000396757, "fine": 0.8194998630139021, "total": 2.9730287220841447}, "chains": 2152, "seconds": 165.15158343315125, "selected": false, "exposure_sha256": "a6a2c62b5de94ba2ac761e04fa648e77fd9f30a0a790f7d0659edab97522c869"}
{"fold": "A1", "arm": "S1_saliency_only", "epoch": 3, "step": 100, "loss": 3.6265857219696045}
{"fold": "A1", "arm": "S1_saliency_only", "epoch": 3, "step": 200, "loss": 3.3192496299743652}
{"fold": "A1", "arm": "S1_saliency_only", "epoch": 3, "step": 300, "loss": 3.33243989944458}
{"fold": "A1", "arm": "S1_saliency_only", "epoch": 3, "step": 400, "loss": 2.582986354827881}
{"fold": "A1", "arm": "S1_saliency_only", "epoch": 3, "step": 500, "loss": 2.7944934368133545}
{"fold": "A1", "arm": "S1_saliency_only", "epoch": 3, "seen": {"pooled_auroc": 0.8583641756568758, "rows": 1257, "videos": 389, "source_pair_acc": 0.7294117647058823, "source_pairs": 510, "same_query_pair_acc": 0.7398944805194805, "same_query_support": 52, "raw_r1_iou_05": 0.5742971887550201, "raw_r1_iou_07": 0.3627844712182062, "threshold_logit": 4.674330711364746, "gated_r1_iou_05": 0.41633199464524767, "score_distribution": {"0": {"mean": -1.9964402595352309, "std": 6.7959974637569225, "quantiles": [-10.502329921722412, -2.4868640899658203, 5.957949161529541]}, "1": {"mean": 7.93147998080256, "std": 5.971095847101083, "quantiles": [-0.8899377822875972, 8.606130599975586, 14.974816703796385]}}}, "losses": {"gmr": 0.3771356436178144, "gmr_loss_reg": 0.20076177765002481, "gmr_loss_cls": 0.020041004429159334, "gmr_loss_exist": 0.07616884359954873, "coarse": 1.7073875177083848, "fine": 0.8254868174906557, "total": 2.9100099784290925}, "chains": 2152, "seconds": 167.5492639541626, "selected": true, "exposure_sha256": "c86121cdee7b21a052f875f91be989e7ea2c42f0b9f697527fcc6c84940b2ec8"}
{"fold": "A1", "arm": "S1_saliency_only", "epoch": 4, "step": 100, "loss": 2.77846097946167}
{"fold": "A1", "arm": "S1_saliency_only", "epoch": 4, "step": 200, "loss": 2.3313581943511963}
{"fold": "A1", "arm": "S1_saliency_only", "epoch": 4, "step": 300, "loss": 2.8366174697875977}
{"fold": "A1", "arm": "S1_saliency_only", "epoch": 4, "step": 400, "loss": 2.6190617084503174}
{"fold": "A1", "arm": "S1_saliency_only", "epoch": 4, "step": 500, "loss": 2.891792058944702}
{"fold": "A1", "arm": "S1_saliency_only", "epoch": 4, "seen": {"pooled_auroc": 0.8602435887340211, "rows": 1257, "videos": 389, "source_pair_acc": 0.7588235294117647, "source_pairs": 510, "same_query_pair_acc": 0.689901764901765, "same_query_support": 52, "raw_r1_iou_05": 0.5796519410977242, "raw_r1_iou_07": 0.3654618473895582, "threshold_logit": 2.719144344329834, "gated_r1_iou_05": 0.4738955823293173, "score_distribution": {"0": {"mean": -2.2631948929937447, "std": 6.729374607958542, "quantiles": [-10.544026184082032, -3.00674045085907, 5.8966968059539795]}, "1": {"mean": 7.6455061898194, "std": 5.846906011887612, "quantiles": [-0.5349064230918873, 8.336648941040039, 14.683222007751464]}}}, "losses": {"gmr": 0.3787791799324596, "gmr_loss_reg": 0.20085070581351958, "gmr_loss_cls": 0.01993746241056066, "gmr_loss_exist": 0.07824116116878663, "coarse": 1.6594833472958284, "fine": 0.8250440392352392, "total": 2.8633065611456407}, "chains": 2152, "seconds": 163.98009538650513, "selected": true, "exposure_sha256": "edb136ff97d360e576922c184fc3d65d127e6cf97410bef57d7621bcfcbd577b"}
{"fold": "A1", "arm": "S1_saliency_only", "epoch": 5, "step": 100, "loss": 2.1331727504730225}
{"fold": "A1", "arm": "S1_saliency_only", "epoch": 5, "step": 200, "loss": 2.8037588596343994}
{"fold": "A1", "arm": "S1_saliency_only", "epoch": 5, "step": 300, "loss": 2.645854949951172}
{"fold": "A1", "arm": "S1_saliency_only", "epoch": 5, "step": 400, "loss": 2.3606948852539062}
{"fold": "A1", "arm": "S1_saliency_only", "epoch": 5, "step": 500, "loss": 2.5470223426818848}
{"fold": "A1", "arm": "S1_saliency_only", "epoch": 5, "seen": {"pooled_auroc": 0.8607659395752947, "rows": 1257, "videos": 389, "source_pair_acc": 0.7588235294117647, "source_pairs": 510, "same_query_pair_acc": 0.6969155844155844, "same_query_support": 52, "raw_r1_iou_05": 0.5769745649263721, "raw_r1_iou_07": 0.36010709504685406, "threshold_logit": 3.793752908706665, "gated_r1_iou_05": 0.4497991967871486, "score_distribution": {"0": {"mean": -1.885464798655434, "std": 6.45573086122003, "quantiles": [-10.071991634368896, -1.852150321006775, 5.983793878555298]}, "1": {"mean": 7.560955977960025, "std": 5.577972094996261, "quantiles": [-0.24773860573768572, 8.174761772155762, 14.225918769836424]}}}, "losses": {"gmr": 0.3742407972207743, "gmr_loss_reg": 0.19939747872350383, "gmr_loss_cls": 0.019850577208729372, "gmr_loss_exist": 0.07559043209128632, "coarse": 1.5986733546265883, "fine": 0.8033488072094864, "total": 2.776262957367312}, "chains": 2152, "seconds": 163.43840384483337, "selected": true, "exposure_sha256": "8a3111e25616601676fc7b2421736b389ac9e695c4a47ae58391c871182c83ac"}
{"fold": "A1", "arm": "S1_saliency_only", "epoch": 6, "step": 100, "loss": 2.7736003398895264}
{"fold": "A1", "arm": "S1_saliency_only", "epoch": 6, "step": 200, "loss": 3.034005641937256}
{"fold": "A1", "arm": "S1_saliency_only", "epoch": 6, "step": 300, "loss": 2.9505560398101807}
{"fold": "A1", "arm": "S1_saliency_only", "epoch": 6, "step": 400, "loss": 2.442122459411621}
{"fold": "A1", "arm": "S1_saliency_only", "epoch": 6, "step": 500, "loss": 3.024934768676758}
{"fold": "A1", "arm": "S1_saliency_only", "epoch": 6, "seen": {"pooled_auroc": 0.8627450980392157, "rows": 1257, "videos": 389, "source_pair_acc": 0.7568627450980392, "source_pairs": 510, "same_query_pair_acc": 0.7144345238095238, "same_query_support": 52, "raw_r1_iou_05": 0.5783132530120482, "raw_r1_iou_07": 0.36412315930388217, "threshold_logit": 3.976743459701538, "gated_r1_iou_05": 0.428380187416332, "score_distribution": {"0": {"mean": -2.3833150209292917, "std": 6.545737471239419, "quantiles": [-10.566060066223145, -2.5821022987365723, 5.488890981674199]}, "1": {"mean": 7.367303729632064, "std": 5.729237469984859, "quantiles": [-0.745208656787871, 8.163442611694336, 14.161327171325683]}}}, "losses": {"gmr": 0.36803087833091674, "gmr_loss_reg": 0.20000641408019793, "gmr_loss_cls": 0.01975209062025782, "gmr_loss_exist": 0.0692640114212097, "coarse": 1.581506235670423, "fine": 0.8045528707229515, "total": 2.7540899838656743}, "chains": 2152, "seconds": 163.37415480613708, "selected": true, "exposure_sha256": "eaca79b4a632bc52ef4abf21c73eb949fcf8845e22b998da495fb6e20c15ad60"}
{"fold": "A1", "arm": "S1_saliency_only", "epoch": 7, "step": 100, "loss": 3.075214147567749}
{"fold": "A1", "arm": "S1_saliency_only", "epoch": 7, "step": 200, "loss": 1.9393162727355957}
{"fold": "A1", "arm": "S1_saliency_only", "epoch": 7, "step": 300, "loss": 2.4436702728271484}
{"fold": "A1", "arm": "S1_saliency_only", "epoch": 7, "step": 400, "loss": 3.634232521057129}
{"fold": "A1", "arm": "S1_saliency_only", "epoch": 7, "step": 500, "loss": 2.414222240447998}
{"fold": "A1", "arm": "S1_saliency_only", "epoch": 7, "seen": {"pooled_auroc": 0.861437908496732, "rows": 1257, "videos": 389, "source_pair_acc": 0.7588235294117647, "source_pairs": 510, "same_query_pair_acc": 0.7403960622710622, "same_query_support": 52, "raw_r1_iou_05": 0.5742971887550201, "raw_r1_iou_07": 0.36947791164658633, "threshold_logit": 3.4030444622039795, "gated_r1_iou_05": 0.4524765729585007, "score_distribution": {"0": {"mean": -1.974424766948191, "std": 6.31307438700443, "quantiles": [-9.874320888519287, -1.950775384902954, 5.677294540405277]}, "1": {"mean": 7.348935898089185, "std": 5.554110223626938, "quantiles": [-0.640136706829071, 7.99465799331665, 14.07217388153076]}}}, "losses": {"gmr": 0.3723981977340014, "gmr_loss_reg": 0.19898997438330632, "gmr_loss_cls": 0.01955542407175145, "gmr_loss_exist": 0.0756311032906578, "coarse": 1.5546286911270875, "fine": 0.8084065203440677, "total": 2.735433409426735}, "chains": 2152, "seconds": 157.7703080177307, "selected": false, "exposure_sha256": "c7cc5251dc8521057dd891fbdd36f1225fccddd33b62dc3de915cd9bc6a26324"}
{"fold": "A1", "arm": "S1_saliency_only", "epoch": 8, "step": 100, "loss": 2.88335919380188}
{"fold": "A1", "arm": "S1_saliency_only", "epoch": 8, "step": 200, "loss": 2.437861919403076}
{"fold": "A1", "arm": "S1_saliency_only", "epoch": 8, "step": 300, "loss": 2.2669830322265625}
{"fold": "A1", "arm": "S1_saliency_only", "epoch": 8, "step": 400, "loss": 2.695960521697998}
{"fold": "A1", "arm": "S1_saliency_only", "epoch": 8, "step": 500, "loss": 2.7524285316467285}
{"fold": "A1", "arm": "S1_saliency_only", "epoch": 8, "seen": {"pooled_auroc": 0.8548730871197208, "rows": 1257, "videos": 389, "source_pair_acc": 0.7450980392156863, "source_pairs": 510, "same_query_pair_acc": 0.7418248418248417, "same_query_support": 52, "raw_r1_iou_05": 0.5876840696117804, "raw_r1_iou_07": 0.38018741633199465, "threshold_logit": 3.9900801181793213, "gated_r1_iou_05": 0.4457831325301205, "score_distribution": {"0": {"mean": -1.364514843213792, "std": 6.085568185823197, "quantiles": [-9.116024208068847, -1.2592928409576416, 5.762784624099733]}, "1": {"mean": 7.2692703645978085, "std": 5.334244431041545, "quantiles": [-0.09783205986022932, 7.668522834777832, 13.832774925231934]}}}, "losses": {"gmr": 0.3704864789063603, "gmr_loss_reg": 0.1983949046401951, "gmr_loss_cls": 0.019655702507545735, "gmr_loss_exist": 0.0738130620857969, "coarse": 1.5317750215308816, "fine": 0.8135555989791027, "total": 2.7158170991670687}, "chains": 2152, "seconds": 143.23170161247253, "selected": false, "exposure_sha256": "eb4ff8f43b141222187a23bb4b5dce46e20bc25310d373ac8b3ecd61f32e0252"}
{"fold": "A1", "arm": "S1_saliency_only", "epoch": 9, "step": 100, "loss": 2.2206974029541016}
{"fold": "A1", "arm": "S1_saliency_only", "epoch": 9, "step": 200, "loss": 2.814319372177124}
{"fold": "A1", "arm": "S1_saliency_only", "epoch": 9, "step": 300, "loss": 2.2915163040161133}
{"fold": "A1", "arm": "S1_saliency_only", "epoch": 9, "step": 400, "loss": 3.3977060317993164}
{"fold": "A1", "arm": "S1_saliency_only", "epoch": 9, "step": 500, "loss": 3.1348228454589844}
{"fold": "A1", "arm": "S1_saliency_only", "epoch": 9, "seen": {"pooled_auroc": 0.855156574008452, "rows": 1257, "videos": 389, "source_pair_acc": 0.7372549019607844, "source_pairs": 510, "same_query_pair_acc": 0.7198769980019979, "same_query_support": 52, "raw_r1_iou_05": 0.5756358768406962, "raw_r1_iou_07": 0.35876840696117807, "threshold_logit": 3.6263139247894287, "gated_r1_iou_05": 0.4457831325301205, "score_distribution": {"0": {"mean": -1.7802044177391365, "std": 6.267473869731794, "quantiles": [-9.48879985809326, -1.8724459409713745, 5.687800979614259]}, "1": {"mean": 7.2939119161900825, "std": 5.639861708251308, "quantiles": [-0.6378632187843317, 7.918785572052002, 14.046839141845703]}}}, "losses": {"gmr": 0.3666955309895778, "gmr_loss_reg": 0.19698821559382193, "gmr_loss_cls": 0.019358501293554514, "gmr_loss_exist": 0.07291480876374679, "coarse": 1.504395977271977, "fine": 0.8038187533284652, "total": 2.6749102683758648}, "chains": 2152, "seconds": 141.75942015647888, "selected": false, "exposure_sha256": "4d47b0a2c7e81b940f2146f85ea42723b6e5257e36d5e196b61f264c9da5ef7d"}
{"fold": "A1", "arm": "S1_saliency_only", "epoch": 10, "step": 100, "loss": 2.5949149131774902}
{"fold": "A1", "arm": "S1_saliency_only", "epoch": 10, "step": 200, "loss": 2.3581972122192383}
{"fold": "A1", "arm": "S1_saliency_only", "epoch": 10, "step": 300, "loss": 2.6113414764404297}
{"fold": "A1", "arm": "S1_saliency_only", "epoch": 10, "step": 400, "loss": 2.776695489883423}
{"fold": "A1", "arm": "S1_saliency_only", "epoch": 10, "step": 500, "loss": 2.5613372325897217}
{"fold": "A1", "arm": "S1_saliency_only", "epoch": 10, "seen": {"pooled_auroc": 0.8565818830879073, "rows": 1257, "videos": 389, "source_pair_acc": 0.7411764705882353, "source_pairs": 510, "same_query_pair_acc": 0.7281520562770563, "same_query_support": 52, "raw_r1_iou_05": 0.5609103078982597, "raw_r1_iou_07": 0.34805890227576974, "threshold_logit": 4.0118184089660645, "gated_r1_iou_05": 0.4390896921017403, "score_distribution": {"0": {"mean": -1.745707752365692, "std": 6.403925276187545, "quantiles": [-9.755694007873535, -1.7988072633743286, 5.96819353103638]}, "1": {"mean": 7.452751068924485, "std": 5.6033030703477475, "quantiles": [-0.4634720027446745, 7.958427906036377, 14.145354270935059]}}}, "losses": {"gmr": 0.3611270043320372, "gmr_loss_reg": 0.19680629548751732, "gmr_loss_cls": 0.01931098174843868, "gmr_loss_exist": 0.06776580063506725, "coarse": 1.4914580579694763, "fine": 0.8010289346639995, "total": 2.653614006077933}, "chains": 2152, "seconds": 134.00692176818848, "selected": false, "exposure_sha256": "8ddf76b5ec7bab1978521b6979e7916693693006628c3fbcd0d0da3a63b8035a"}
{"fold": "A1", "arm": "S1_saliency_only", "epoch": 11, "step": 100, "loss": 2.739426851272583}
{"fold": "A1", "arm": "S1_saliency_only", "epoch": 11, "step": 200, "loss": 1.6905639171600342}
{"fold": "A1", "arm": "S1_saliency_only", "epoch": 11, "step": 300, "loss": 2.2017555236816406}
{"fold": "A1", "arm": "S1_saliency_only", "epoch": 11, "step": 400, "loss": 2.6994409561157227}
{"fold": "A1", "arm": "S1_saliency_only", "epoch": 11, "step": 500, "loss": 3.3607723712921143}
{"fold": "A1", "arm": "S1_saliency_only", "epoch": 11, "seen": {"pooled_auroc": 0.8585216683728377, "rows": 1257, "videos": 389, "source_pair_acc": 0.7529411764705882, "source_pairs": 510, "same_query_pair_acc": 0.7217345154845156, "same_query_support": 52, "raw_r1_iou_05": 0.571619812583668, "raw_r1_iou_07": 0.35207496653279785, "threshold_logit": 3.7419283390045166, "gated_r1_iou_05": 0.4444444444444444, "score_distribution": {"0": {"mean": -1.871812339132542, "std": 6.271156438345661, "quantiles": [-9.675346088409423, -2.2153230905532837, 5.8547155380249025]}, "1": {"mean": 7.330683335432486, "std": 5.576878049246235, "quantiles": [-0.6968172550201416, 7.89193058013916, 14.082050704956055]}}}, "losses": {"gmr": 0.36325591694577475, "gmr_loss_reg": 0.19687986907074886, "gmr_loss_cls": 0.01925831968587958, "gmr_loss_exist": 0.07008445045885242, "coarse": 1.4735279289320056, "fine": 0.8042154437325701, "total": 2.640999286591342}, "chains": 2152, "seconds": 123.72076177597046, "selected": false, "exposure_sha256": "bc50ffd7658982ac715840bba44e67aada3df4dd94e5ad59b32e4ae90b88edab"}
{"fold": "A1", "arm": "S1_saliency_only", "epoch": 12, "step": 100, "loss": 2.8038265705108643}
{"fold": "A1", "arm": "S1_saliency_only", "epoch": 12, "step": 200, "loss": 2.1829323768615723}
{"fold": "A1", "arm": "S1_saliency_only", "epoch": 12, "step": 300, "loss": 2.2511038780212402}
{"fold": "A1", "arm": "S1_saliency_only", "epoch": 12, "step": 400, "loss": 2.573293685913086}
{"fold": "A1", "arm": "S1_saliency_only", "epoch": 12, "step": 500, "loss": 2.7525811195373535}
{"fold": "A1", "arm": "S1_saliency_only", "epoch": 12, "seen": {"pooled_auroc": 0.8586712864530015, "rows": 1257, "videos": 389, "source_pair_acc": 0.7431372549019608, "source_pairs": 510, "same_query_pair_acc": 0.7598307942057941, "same_query_support": 52, "raw_r1_iou_05": 0.5796519410977242, "raw_r1_iou_07": 0.36412315930388217, "threshold_logit": 3.4137539863586426, "gated_r1_iou_05": 0.4564926372155288, "score_distribution": {"0": {"mean": -1.8475832949958595, "std": 6.289896383213222, "quantiles": [-9.661901092529297, -2.256563901901245, 5.657066631317139]}, "1": {"mean": 7.394097750036512, "std": 5.660166327186523, "quantiles": [-0.47476770281791547, 7.877193927764893, 14.328472137451172]}}}, "losses": {"gmr": 0.3574010291064096, "gmr_loss_reg": 0.19620447619696976, "gmr_loss_cls": 0.01917648864182952, "gmr_loss_exist": 0.06531410927184923, "coarse": 1.4701266839934104, "fine": 0.7828619623051257, "total": 2.610389680445859}, "chains": 2152, "seconds": 123.17209839820862, "selected": false, "exposure_sha256": "f5f34b0479f499d110cfd09fec3b90d75c1cac942b568993a7385ae4f38e4f1e"}
{"fold": "A1", "arm": "S1_saliency_only", "epoch": 13, "step": 100, "loss": 2.4373364448547363}
{"fold": "A1", "arm": "S1_saliency_only", "epoch": 13, "step": 200, "loss": 2.671872138977051}
{"fold": "A1", "arm": "S1_saliency_only", "epoch": 13, "step": 300, "loss": 2.3617653846740723}
{"fold": "A1", "arm": "S1_saliency_only", "epoch": 13, "step": 400, "loss": 2.5096142292022705}
{"fold": "A1", "arm": "S1_saliency_only", "epoch": 13, "step": 500, "loss": 2.5580410957336426}
{"fold": "A1", "arm": "S1_saliency_only", "epoch": 13, "seen": {"pooled_auroc": 0.8597527364359399, "rows": 1257, "videos": 389, "source_pair_acc": 0.7607843137254902, "source_pairs": 510, "same_query_pair_acc": 0.7388746669996671, "same_query_support": 52, "raw_r1_iou_05": 0.5676037483266398, "raw_r1_iou_07": 0.357429718875502, "threshold_logit": 3.6290180683135986, "gated_r1_iou_05": 0.4404283801874163, "score_distribution": {"0": {"mean": -1.9210754405926256, "std": 6.327127842546402, "quantiles": [-9.813376235961913, -2.153537392616272, 5.7646039962768585]}, "1": {"mean": 7.368609524954115, "std": 5.535509309024382, "quantiles": [-0.3127652823925017, 7.905963897705078, 14.033516311645508]}}}, "losses": {"gmr": 0.3647821978233118, "gmr_loss_reg": 0.19638718341972305, "gmr_loss_cls": 0.019055106355133553, "gmr_loss_exist": 0.0731194829611003, "coarse": 1.443928491670403, "fine": 0.7970153370311269, "total": 2.605726020929982}, "chains": 2152, "seconds": 124.2892165184021, "selected": false, "exposure_sha256": "0f9ed6505c5f3ab98904c3915456900429b362ecfb0b9290e7e8444de0aa42c4"}
{"fold": "A1", "arm": "S1_saliency_only", "epoch": 14, "step": 100, "loss": 2.5811448097229004}
{"fold": "A1", "arm": "S1_saliency_only", "epoch": 14, "step": 200, "loss": 2.4025750160217285}
{"fold": "A1", "arm": "S1_saliency_only", "epoch": 14, "step": 300, "loss": 3.0195915699005127}
{"fold": "A1", "arm": "S1_saliency_only", "epoch": 14, "step": 400, "loss": 1.896054983139038}
{"fold": "A1", "arm": "S1_saliency_only", "epoch": 14, "step": 500, "loss": 2.2803993225097656}
{"fold": "A1", "arm": "S1_saliency_only", "epoch": 14, "seen": {"pooled_auroc": 0.8524135758721159, "rows": 1257, "videos": 389, "source_pair_acc": 0.7352941176470589, "source_pairs": 510, "same_query_pair_acc": 0.7585060772560772, "same_query_support": 52, "raw_r1_iou_05": 0.5796519410977242, "raw_r1_iou_07": 0.36412315930388217, "threshold_logit": 3.879068613052368, "gated_r1_iou_05": 0.43775100401606426, "score_distribution": {"0": {"mean": -1.5718838097856325, "std": 6.088875932235558, "quantiles": [-9.205318832397461, -1.5063244700431824, 5.669717884063721]}, "1": {"mean": 7.070468501682821, "std": 5.5018429100263475, "quantiles": [-0.6849406480789183, 7.518449783325195, 13.811902236938476]}}}, "losses": {"gmr": 0.35756549330559806, "gmr_loss_reg": 0.19603145367649408, "gmr_loss_cls": 0.018885741114173238, "gmr_loss_exist": 0.06710533420299959, "coarse": 1.391869782625964, "fine": 0.7878168760954669, "total": 2.537252156043141}, "chains": 2152, "seconds": 122.69708681106567, "selected": false, "exposure_sha256": "27c13a68d0ef33363d3f44e877ef791569b55f521329136064426b9c83fd6b9d"}
{"fold": "A1", "arm": "S1_saliency_only", "epoch": 15, "step": 100, "loss": 2.0196475982666016}
{"fold": "A1", "arm": "S1_saliency_only", "epoch": 15, "step": 200, "loss": 1.9837236404418945}
{"fold": "A1", "arm": "S1_saliency_only", "epoch": 15, "step": 300, "loss": 2.024566173553467}
{"fold": "A1", "arm": "S1_saliency_only", "epoch": 15, "step": 400, "loss": 2.6303181648254395}
{"fold": "A1", "arm": "S1_saliency_only", "epoch": 15, "step": 500, "loss": 2.0795795917510986}
{"fold": "A1", "arm": "S1_saliency_only", "epoch": 15, "seen": {"pooled_auroc": 0.8579231960521826, "rows": 1257, "videos": 389, "source_pair_acc": 0.7509803921568627, "source_pairs": 510, "same_query_pair_acc": 0.7317859224109224, "same_query_support": 52, "raw_r1_iou_05": 0.5756358768406962, "raw_r1_iou_07": 0.34805890227576974, "threshold_logit": 3.6360409259796143, "gated_r1_iou_05": 0.45113788487282463, "score_distribution": {"0": {"mean": -1.5654695445342977, "std": 6.111042750815432, "quantiles": [-9.260637092590333, -1.66459059715271, 5.722668361663822]}, "1": {"mean": 7.304512722150908, "std": 5.45927838297649, "quantiles": [-0.3402465641498561, 7.7794599533081055, 13.886780929565429]}}}, "losses": {"gmr": 0.35783764636871096, "gmr_loss_reg": 0.19377906408617931, "gmr_loss_cls": 0.018795306482750466, "gmr_loss_exist": 0.07008204950914687, "coarse": 1.3665499946441793, "fine": 0.7819187455017771, "total": 2.506306388121112}, "chains": 2152, "seconds": 127.26643347740173, "selected": false, "exposure_sha256": "24732d8b652c9bc07acb2546148b5fa148fd0df59376db29586eb0604eed0bb3"}
{"fold": "A1", "arm": "S1_saliency_only", "epoch": 16, "step": 100, "loss": 2.069350242614746}
{"fold": "A1", "arm": "S1_saliency_only", "epoch": 16, "step": 200, "loss": 2.5334665775299072}
{"fold": "A1", "arm": "S1_saliency_only", "epoch": 16, "step": 300, "loss": 2.0285770893096924}
{"fold": "A1", "arm": "S1_saliency_only", "epoch": 16, "step": 400, "loss": 3.090437173843384}
{"fold": "A1", "arm": "S1_saliency_only", "epoch": 16, "step": 500, "loss": 2.098686695098877}
{"fold": "A1", "arm": "S1_saliency_only", "epoch": 16, "seen": {"pooled_auroc": 0.8573194739743286, "rows": 1257, "videos": 389, "source_pair_acc": 0.7450980392156863, "source_pairs": 510, "same_query_pair_acc": 0.7436230436230437, "same_query_support": 52, "raw_r1_iou_05": 0.570281124497992, "raw_r1_iou_07": 0.36412315930388217, "threshold_logit": 3.8521478176116943, "gated_r1_iou_05": 0.4323962516733601, "score_distribution": {"0": {"mean": -1.949925514781738, "std": 6.233244399762862, "quantiles": [-9.720543766021729, -2.0344150066375732, 5.54429054260254]}, "1": {"mean": 7.151139027345551, "std": 5.596224918803692, "quantiles": [-0.92923367023468, 7.742802619934082, 13.960007095336914]}}}, "losses": {"gmr": 0.3539610705909676, "gmr_loss_reg": 0.1935571968195385, "gmr_loss_cls": 0.018604716905790856, "gmr_loss_exist": 0.06738028819441232, "coarse": 1.332102204898033, "fine": 0.782302715299741, "total": 2.4683659929768305}, "chains": 2152, "seconds": 128.0075719356537, "selected": false, "exposure_sha256": "bacc97d33f73b266a95a520863d96775541be9afe8fa890b6f740c290d5a45f9"}
{"fold": "A1", "arm": "S1_saliency_only", "epoch": 17, "step": 100, "loss": 3.0236330032348633}
{"fold": "A1", "arm": "S1_saliency_only", "epoch": 17, "step": 200, "loss": 3.3457231521606445}
{"fold": "A1", "arm": "S1_saliency_only", "epoch": 17, "step": 300, "loss": 3.087245225906372}
{"fold": "A1", "arm": "S1_saliency_only", "epoch": 17, "step": 400, "loss": 2.2299764156341553}
{"fold": "A1", "arm": "S1_saliency_only", "epoch": 17, "step": 500, "loss": 2.042875289916992}
{"fold": "A1", "arm": "S1_saliency_only", "epoch": 17, "seen": {"pooled_auroc": 0.8575950862272619, "rows": 1257, "videos": 389, "source_pair_acc": 0.7647058823529411, "source_pairs": 510, "same_query_pair_acc": 0.7191860223110222, "same_query_support": 52, "raw_r1_iou_05": 0.5676037483266398, "raw_r1_iou_07": 0.36010709504685406, "threshold_logit": 3.941070318222046, "gated_r1_iou_05": 0.42570281124497994, "score_distribution": {"0": {"mean": -2.12342960388564, "std": 6.251918433978953, "quantiles": [-9.791452407836914, -2.4834859371185303, 5.594941139221193]}, "1": {"mean": 7.045268252963223, "std": 5.623537887877513, "quantiles": [-1.1683923244476315, 7.61140251159668, 13.885559082031248]}}}, "losses": {"gmr": 0.35390130327979874, "gmr_loss_reg": 0.19460217500984892, "gmr_loss_cls": 0.018511521432645704, "gmr_loss_exist": 0.0667415199512235, "coarse": 1.3425960056068287, "fine": 0.7736679610266561, "total": 2.4701652628781625}, "chains": 2152, "seconds": 126.66986727714539, "selected": false, "exposure_sha256": "6db6c8f33a4307d0fc2e20c00e92ca216e13e9481c506f617af0360b20ba6cb2"}
{"fold": "A1", "arm": "S1_saliency_only", "epoch": 18, "step": 100, "loss": 2.6632421016693115}
{"fold": "A1", "arm": "S1_saliency_only", "epoch": 18, "step": 200, "loss": 3.134726047515869}
{"fold": "A1", "arm": "S1_saliency_only", "epoch": 18, "step": 300, "loss": 2.5033676624298096}
{"fold": "A1", "arm": "S1_saliency_only", "epoch": 18, "step": 400, "loss": 3.5206010341644287}
{"fold": "A1", "arm": "S1_saliency_only", "epoch": 18, "step": 500, "loss": 2.9989185333251953}
{"fold": "A1", "arm": "S1_saliency_only", "epoch": 18, "seen": {"pooled_auroc": 0.8568706197338373, "rows": 1257, "videos": 389, "source_pair_acc": 0.7470588235294118, "source_pairs": 510, "same_query_pair_acc": 0.7244599150849151, "same_query_support": 52, "raw_r1_iou_05": 0.5809906291834003, "raw_r1_iou_07": 0.3453815261044177, "threshold_logit": 3.560724973678589, "gated_r1_iou_05": 0.4538152610441767, "score_distribution": {"0": {"mean": -1.9526908187232181, "std": 6.236365920475029, "quantiles": [-9.626084518432616, -2.371245503425598, 5.902548027038577]}, "1": {"mean": 7.222428217580121, "std": 5.6853784212662175, "quantiles": [-0.9139411926269516, 7.775100231170654, 14.134263610839843]}}}, "losses": {"gmr": 0.35173102493179775, "gmr_loss_reg": 0.1930436652333763, "gmr_loss_cls": 0.01842840310172299, "gmr_loss_exist": 0.06654534435945261, "coarse": 1.3249537634583655, "fine": 0.7701564792917563, "total": 2.4468412674049462}, "chains": 2152, "seconds": 122.99370503425598, "selected": false, "exposure_sha256": "a20e89f7ee690ecb848192a5a79330bde83107f4560d0aff48189bcf8acbd3fb"}
{"fold": "A1", "arm": "S1_saliency_only", "epoch": 19, "step": 100, "loss": 1.8202868700027466}
{"fold": "A1", "arm": "S1_saliency_only", "epoch": 19, "step": 200, "loss": 2.458606481552124}
{"fold": "A1", "arm": "S1_saliency_only", "epoch": 19, "step": 300, "loss": 2.6713011264801025}
{"fold": "A1", "arm": "S1_saliency_only", "epoch": 19, "step": 400, "loss": 2.138052463531494}
{"fold": "A1", "arm": "S1_saliency_only", "epoch": 19, "step": 500, "loss": 2.5383248329162598}
{"fold": "A1", "arm": "S1_saliency_only", "epoch": 19, "seen": {"pooled_auroc": 0.8576370842848517, "rows": 1257, "videos": 389, "source_pair_acc": 0.7450980392156863, "source_pairs": 510, "same_query_pair_acc": 0.7194617882117882, "same_query_support": 52, "raw_r1_iou_05": 0.5649263721552878, "raw_r1_iou_07": 0.3467202141900937, "threshold_logit": 3.770641803741455, "gated_r1_iou_05": 0.43373493975903615, "score_distribution": {"0": {"mean": -1.7918920169438364, "std": 6.124412971331472, "quantiles": [-9.213924407958984, -2.2981925010681152, 6.03630485534668]}, "1": {"mean": 7.245686497981878, "std": 5.565894591009164, "quantiles": [-0.603141593933105, 7.6518144607543945, 13.978472709655762]}}}, "losses": {"gmr": 0.35036583951082373, "gmr_loss_reg": 0.19339456249956305, "gmr_loss_cls": 0.01837231891859863, "gmr_loss_exist": 0.06510968249367782, "coarse": 1.3277325573685443, "fine": 0.7736558924155608, "total": 2.4517542917045962}, "chains": 2152, "seconds": 122.98513841629028, "selected": false, "exposure_sha256": "f27f5b1388aca1a958f6bb0d8c3e57704096cc4ae214082842a5317db9dcc5ed"}
{"fold": "A1", "arm": "S1_saliency_only", "epoch": 20, "step": 100, "loss": 1.8406338691711426}
{"fold": "A1", "arm": "S1_saliency_only", "epoch": 20, "step": 200, "loss": 2.1900994777679443}
{"fold": "A1", "arm": "S1_saliency_only", "epoch": 20, "step": 300, "loss": 3.6456820964813232}
{"fold": "A1", "arm": "S1_saliency_only", "epoch": 20, "step": 400, "loss": 1.8630634546279907}
{"fold": "A1", "arm": "S1_saliency_only", "epoch": 20, "step": 500, "loss": 1.6079906225204468}
{"fold": "A1", "arm": "S1_saliency_only", "epoch": 20, "seen": {"pooled_auroc": 0.8610153030422343, "rows": 1257, "videos": 389, "source_pair_acc": 0.7666666666666667, "source_pairs": 510, "same_query_pair_acc": 0.7646821928071927, "same_query_support": 52, "raw_r1_iou_05": 0.5756358768406962, "raw_r1_iou_07": 0.3614457831325301, "threshold_logit": 3.4838523864746094, "gated_r1_iou_05": 0.45515394912985274, "score_distribution": {"0": {"mean": -1.8125089008397623, "std": 6.145611028939043, "quantiles": [-9.484347820281982, -1.8793426752090454, 5.873154878616335]}, "1": {"mean": 7.24762945615972, "std": 5.456454195777487, "quantiles": [-0.1179207801818842, 7.693051815032959, 14.00367031097412]}}}, "losses": {"gmr": 0.3473539863709624, "gmr_loss_reg": 0.1922490350957475, "gmr_loss_cls": 0.01832724655337881, "gmr_loss_exist": 0.06346871816426806, "coarse": 1.317950101423884, "fine": 0.7738117569552035, "total": 2.4391158402630833}, "chains": 2152, "seconds": 123.24449276924133, "selected": false, "exposure_sha256": "897fceae49bbd709c777c6801387309b4270df743307cc030b717147c8c39c65"}
{"fold": "A1", "arm": "S1_saliency_only", "epoch": 21, "step": 100, "loss": 2.902860403060913}
{"fold": "A1", "arm": "S1_saliency_only", "epoch": 21, "step": 200, "loss": 3.0411877632141113}
{"fold": "A1", "arm": "S1_saliency_only", "epoch": 21, "step": 300, "loss": 2.332057237625122}
{"fold": "A1", "arm": "S1_saliency_only", "epoch": 21, "step": 400, "loss": 4.00588846206665}
{"fold": "A1", "arm": "S1_saliency_only", "epoch": 21, "step": 500, "loss": 2.2535290718078613}
{"fold": "A1", "arm": "S1_saliency_only", "epoch": 21, "seen": {"pooled_auroc": 0.8565241357587212, "rows": 1257, "videos": 389, "source_pair_acc": 0.7529411764705882, "source_pairs": 510, "same_query_pair_acc": 0.7546151764901765, "same_query_support": 52, "raw_r1_iou_05": 0.5742971887550201, "raw_r1_iou_07": 0.37349397590361444, "threshold_logit": 3.2286272048950195, "gated_r1_iou_05": 0.4564926372155288, "score_distribution": {"0": {"mean": -1.641907885210479, "std": 5.999945860651844, "quantiles": [-9.084964370727539, -1.8740108013153076, 5.948086643218996]}, "1": {"mean": 7.137930041515683, "std": 5.435278074777176, "quantiles": [-0.4154432415962213, 7.5447306632995605, 13.80277214050293]}}}, "losses": {"gmr": 0.34776937349467474, "gmr_loss_reg": 0.19209955917969068, "gmr_loss_cls": 0.018277476642100783, "gmr_loss_exist": 0.06428243095333494, "coarse": 1.2978189724417868, "fine": 0.7679930308272848, "total": 2.4135813812784104}, "chains": 2152, "seconds": 124.158700466156, "selected": false, "exposure_sha256": "3f5e2a3505f663aad5221863e9eecb57f235894b66937a39071312bd7009c8af"}
{"fold": "A1", "arm": "S1_saliency_only", "epoch": 22, "step": 100, "loss": 1.5164873600006104}
{"fold": "A1", "arm": "S1_saliency_only", "epoch": 22, "step": 200, "loss": 2.681535243988037}
{"fold": "A1", "arm": "S1_saliency_only", "epoch": 22, "step": 300, "loss": 2.4144320487976074}
{"fold": "A1", "arm": "S1_saliency_only", "epoch": 22, "step": 400, "loss": 2.5778417587280273}
{"fold": "A1", "arm": "S1_saliency_only", "epoch": 22, "step": 500, "loss": 2.5098302364349365}
{"fold": "A1", "arm": "S1_saliency_only", "epoch": 22, "seen": {"pooled_auroc": 0.8568443709478437, "rows": 1257, "videos": 389, "source_pair_acc": 0.7607843137254902, "source_pairs": 510, "same_query_pair_acc": 0.7506451881451881, "same_query_support": 52, "raw_r1_iou_05": 0.5622489959839357, "raw_r1_iou_07": 0.3493975903614458, "threshold_logit": 3.240532875061035, "gated_r1_iou_05": 0.4404283801874163, "score_distribution": {"0": {"mean": -1.9717286001744807, "std": 5.978776705670609, "quantiles": [-9.137769985198974, -2.197925090789795, 5.98501605987549]}, "1": {"mean": 6.935042174251244, "std": 5.548642785384168, "quantiles": [-0.9910855412483212, 7.322909355163574, 13.744568634033204]}}}, "losses": {"gmr": 0.35104759771473787, "gmr_loss_reg": 0.19347754291165273, "gmr_loss_cls": 0.018366332887758442, "gmr_loss_exist": 0.06573839002862515, "coarse": 1.307264771727935, "fine": 0.7676227246186104, "total": 2.4259350924686873}, "chains": 2152, "seconds": 124.31453561782837, "selected": false, "exposure_sha256": "94b4053002e1ad5283237413ae96a7f8e776851b622a7e1b3dbb42c066c25659"}
{"fold": "A1", "arm": "S1_saliency_only", "epoch": 23, "step": 100, "loss": 2.253528594970703}
{"fold": "A1", "arm": "S1_saliency_only", "epoch": 23, "step": 200, "loss": 1.7619078159332275}
{"fold": "A1", "arm": "S1_saliency_only", "epoch": 23, "step": 300, "loss": 2.5870227813720703}
{"fold": "A1", "arm": "S1_saliency_only", "epoch": 23, "step": 400, "loss": 2.431680917739868}
{"fold": "A1", "arm": "S1_saliency_only", "epoch": 23, "step": 500, "loss": 1.9013996124267578}
{"fold": "A1", "arm": "S1_saliency_only", "epoch": 23, "seen": {"pooled_auroc": 0.8539281308239494, "rows": 1257, "videos": 389, "source_pair_acc": 0.7450980392156863, "source_pairs": 510, "same_query_pair_acc": 0.7562177405927405, "same_query_support": 52, "raw_r1_iou_05": 0.5568942436412316, "raw_r1_iou_07": 0.3534136546184739, "threshold_logit": 3.7273101806640625, "gated_r1_iou_05": 0.428380187416332, "score_distribution": {"0": {"mean": -1.6173597565103395, "std": 6.0201184194197435, "quantiles": [-9.043241500854492, -1.7771989107131958, 6.0927983283996605]}, "1": {"mean": 7.133234726933331, "std": 5.53074557492492, "quantiles": [-0.6391093730926514, 7.5965681076049805, 13.834540367126465]}}}, "losses": {"gmr": 0.3518752577025651, "gmr_loss_reg": 0.19275545245763537, "gmr_loss_cls": 0.018317237537922026, "gmr_loss_exist": 0.0675336168414643, "coarse": 1.287578763682603, "fine": 0.7648155990586405, "total": 2.4042696234905145}, "chains": 2152, "seconds": 122.89007997512817, "selected": false, "exposure_sha256": "bfce72fc6a3a7267ddac29d328f995961e57799f7d72760b70fbdec3efae24ee"}
{"fold": "A1", "arm": "S1_saliency_only", "epoch": 24, "step": 100, "loss": 2.143932819366455}
{"fold": "A1", "arm": "S1_saliency_only", "epoch": 24, "step": 200, "loss": 2.67854642868042}
{"fold": "A1", "arm": "S1_saliency_only", "epoch": 24, "step": 300, "loss": 2.541642189025879}
{"fold": "A1", "arm": "S1_saliency_only", "epoch": 24, "step": 400, "loss": 2.307036876678467}
{"fold": "A1", "arm": "S1_saliency_only", "epoch": 24, "step": 500, "loss": 2.005262613296509}
{"fold": "A1", "arm": "S1_saliency_only", "epoch": 24, "seen": {"pooled_auroc": 0.8561802766622044, "rows": 1257, "videos": 389, "source_pair_acc": 0.7549019607843137, "source_pairs": 510, "same_query_pair_acc": 0.7588567682317682, "same_query_support": 52, "raw_r1_iou_05": 0.5809906291834003, "raw_r1_iou_07": 0.3668005354752343, "threshold_logit": 3.40282940864563, "gated_r1_iou_05": 0.4578313253012048, "score_distribution": {"0": {"mean": -1.8539674835754376, "std": 6.122090741047554, "quantiles": [-9.477392482757567, -1.9078736901283264, 5.922297668457032]}, "1": {"mean": 6.994479204642735, "std": 5.4438092261594475, "quantiles": [-0.5393616914749136, 7.480889797210693, 13.57430648803711]}}}, "losses": {"gmr": 0.3450273567859125, "gmr_loss_reg": 0.19083722353978672, "gmr_loss_cls": 0.018053292056206323, "gmr_loss_exist": 0.06392367294886526, "coarse": 1.2495377434341437, "fine": 0.7729672620619983, "total": 2.3675323638331047}, "chains": 2152, "seconds": 121.87832498550415, "selected": false, "exposure_sha256": "638354fb6160ab3ad1cfb1bebb6545ebca767f69dc3d1a4b9789510a831ef55a"}
{"fold": "A1", "arm": "S1_saliency_only", "epoch": 25, "step": 100, "loss": 2.713737964630127}
{"fold": "A1", "arm": "S1_saliency_only", "epoch": 25, "step": 200, "loss": 1.4969456195831299}
{"fold": "A1", "arm": "S1_saliency_only", "epoch": 25, "step": 300, "loss": 3.690598249435425}
{"fold": "A1", "arm": "S1_saliency_only", "epoch": 25, "step": 400, "loss": 2.4538774490356445}
{"fold": "A1", "arm": "S1_saliency_only", "epoch": 25, "step": 500, "loss": 2.0982842445373535}
{"fold": "A1", "arm": "S1_saliency_only", "epoch": 25, "seen": {"pooled_auroc": 0.8605979473449353, "rows": 1257, "videos": 389, "source_pair_acc": 0.7705882352941177, "source_pairs": 510, "same_query_pair_acc": 0.7396405677655677, "same_query_support": 52, "raw_r1_iou_05": 0.5635876840696118, "raw_r1_iou_07": 0.35876840696117807, "threshold_logit": 3.5103039741516113, "gated_r1_iou_05": 0.4484605087014726, "score_distribution": {"0": {"mean": -1.983975265825204, "std": 6.299262120147521, "quantiles": [-9.600302791595459, -2.378550410270691, 6.085628652572632]}, "1": {"mean": 7.2660804178485945, "std": 5.508582352870321, "quantiles": [-0.40919141173362666, 7.905135631561279, 13.93582649230957]}}}, "losses": {"gmr": 0.34657817045884504, "gmr_loss_reg": 0.19252888416545985, "gmr_loss_cls": 0.018017011031605388, "gmr_loss_exist": 0.06396423119129388, "coarse": 1.2490292091795059, "fine": 0.7602697561553863, "total": 2.355877136873933}, "chains": 2152, "seconds": 120.8012375831604, "selected": false, "exposure_sha256": "8000a49888d8ece26a40eecc6105ef286b53e151d3a0fc9025da80cbd515122e"}
{"fold": "A1", "arm": "S1_saliency_only", "epoch": 26, "step": 100, "loss": 2.423959493637085}
{"fold": "A1", "arm": "S1_saliency_only", "epoch": 26, "step": 200, "loss": 2.8090202808380127}
{"fold": "A1", "arm": "S1_saliency_only", "epoch": 26, "step": 300, "loss": 3.2482945919036865}
{"fold": "A1", "arm": "S1_saliency_only", "epoch": 26, "step": 400, "loss": 2.8043806552886963}
{"fold": "A1", "arm": "S1_saliency_only", "epoch": 26, "step": 500, "loss": 3.330448627471924}
{"fold": "A1", "arm": "S1_saliency_only", "epoch": 26, "seen": {"pooled_auroc": 0.8606819434601151, "rows": 1257, "videos": 389, "source_pair_acc": 0.7666666666666667, "source_pairs": 510, "same_query_pair_acc": 0.7717345154845154, "same_query_support": 52, "raw_r1_iou_05": 0.5662650602409639, "raw_r1_iou_07": 0.3493975903614458, "threshold_logit": 3.7977840900421143, "gated_r1_iou_05": 0.4484605087014726, "score_distribution": {"0": {"mean": -1.920274176141795, "std": 6.425705228031246, "quantiles": [-9.839572715759278, -2.303490400314331, 6.005350875854493]}, "1": {"mean": 7.463637528070803, "std": 5.587285346278107, "quantiles": [-0.11457666605710926, 8.019208908081055, 14.302579689025878]}}}, "losses": {"gmr": 0.33922748048841733, "gmr_loss_reg": 0.19043495327400453, "gmr_loss_cls": 0.017848790000057797, "gmr_loss_exist": 0.059548576769776485, "coarse": 1.2294532903799005, "fine": 0.7634464594843663, "total": 2.332127234971213}, "chains": 2152, "seconds": 120.62669134140015, "selected": false, "exposure_sha256": "e8ff563a8a7b4eaf066695d718465d6f815c979a1d6e4582ba73093511c60f6e"}
{"fold": "A1", "arm": "S1_saliency_only", "epoch": 27, "step": 100, "loss": 2.0176658630371094}
{"fold": "A1", "arm": "S1_saliency_only", "epoch": 27, "step": 200, "loss": 2.3535726070404053}
{"fold": "A1", "arm": "S1_saliency_only", "epoch": 27, "step": 300, "loss": 2.663557529449463}
{"fold": "A1", "arm": "S1_saliency_only", "epoch": 27, "step": 400, "loss": 2.1038899421691895}
{"fold": "A1", "arm": "S1_saliency_only", "epoch": 27, "step": 500, "loss": 2.1605401039123535}
{"fold": "A1", "arm": "S1_saliency_only", "epoch": 27, "seen": {"pooled_auroc": 0.8611727957581962, "rows": 1257, "videos": 389, "source_pair_acc": 0.7686274509803922, "source_pairs": 510, "same_query_pair_acc": 0.7599920912420912, "same_query_support": 52, "raw_r1_iou_05": 0.571619812583668, "raw_r1_iou_07": 0.36010709504685406, "threshold_logit": 3.165750503540039, "gated_r1_iou_05": 0.4725568942436412, "score_distribution": {"0": {"mean": -1.485302501018433, "std": 6.00419786069497, "quantiles": [-8.87061948776245, -1.5004162788391113, 5.8486114025115965]}, "1": {"mean": 7.407169071620847, "std": 5.421797207921499, "quantiles": [-0.14953695274889206, 7.776822566986084, 13.902941513061524]}}}, "losses": {"gmr": 0.34840495516044057, "gmr_loss_reg": 0.19129990491337492, "gmr_loss_cls": 0.017923568174603038, "gmr_loss_exist": 0.0674872094545458, "coarse": 1.2207090335042947, "fine": 0.755483307858382, "total": 2.324597293559503}, "chains": 2152, "seconds": 120.03318357467651, "selected": false, "exposure_sha256": "f00a1a59ee00f505930acd89f06fcfce0d56e4c18bc991fbce3b8cd6355e6275"}
{"fold": "A1", "arm": "S1_saliency_only", "epoch": 28, "step": 100, "loss": 2.5928432941436768}
{"fold": "A1", "arm": "S1_saliency_only", "epoch": 28, "step": 200, "loss": 2.1438450813293457}
{"fold": "A1", "arm": "S1_saliency_only", "epoch": 28, "step": 300, "loss": 1.4334371089935303}
{"fold": "A1", "arm": "S1_saliency_only", "epoch": 28, "step": 400, "loss": 2.302422285079956}
{"fold": "A1", "arm": "S1_saliency_only", "epoch": 28, "step": 500, "loss": 2.117185592651367}
{"fold": "A1", "arm": "S1_saliency_only", "epoch": 28, "seen": {"pooled_auroc": 0.8572748510381394, "rows": 1257, "videos": 389, "source_pair_acc": 0.7784313725490196, "source_pairs": 510, "same_query_pair_acc": 0.7455773393273393, "same_query_support": 52, "raw_r1_iou_05": 0.5622489959839357, "raw_r1_iou_07": 0.3534136546184739, "threshold_logit": 3.472226858139038, "gated_r1_iou_05": 0.4444444444444444, "score_distribution": {"0": {"mean": -1.562673788912156, "std": 6.024994452214555, "quantiles": [-8.732633590698242, -2.134442090988159, 6.014398574829103]}, "1": {"mean": 7.270542035699688, "std": 5.450516739889201, "quantiles": [-0.34330450296401976, 7.649231910705566, 13.919027328491211]}}}, "losses": {"gmr": 0.33993928198145223, "gmr_loss_reg": 0.18876472094743668, "gmr_loss_cls": 0.017778735190671507, "gmr_loss_exist": 0.06228088397027658, "coarse": 1.2022308902780363, "fine": 0.7692446566868892, "total": 2.311414831854597}, "chains": 2152, "seconds": 120.77327346801758, "selected": false, "exposure_sha256": "a5ad2eba4fb5565234bc5b074b8c68cd7ebc7d43b55b0dc166f453a62f5ac187"}
{"fold": "A1", "arm": "S1_saliency_only", "epoch": 29, "step": 100, "loss": 1.7177956104278564}
{"fold": "A1", "arm": "S1_saliency_only", "epoch": 29, "step": 200, "loss": 2.3080406188964844}
{"fold": "A1", "arm": "S1_saliency_only", "epoch": 29, "step": 300, "loss": 3.073153018951416}
{"fold": "A1", "arm": "S1_saliency_only", "epoch": 29, "step": 400, "loss": 2.261486768722534}
{"fold": "A1", "arm": "S1_saliency_only", "epoch": 29, "step": 500, "loss": 2.8279712200164795}
{"fold": "A1", "arm": "S1_saliency_only", "epoch": 29, "seen": {"pooled_auroc": 0.8593380056172402, "rows": 1257, "videos": 389, "source_pair_acc": 0.7725490196078432, "source_pairs": 510, "same_query_pair_acc": 0.771487887112887, "same_query_support": 52, "raw_r1_iou_05": 0.570281124497992, "raw_r1_iou_07": 0.357429718875502, "threshold_logit": 3.5212082862854004, "gated_r1_iou_05": 0.44176706827309237, "score_distribution": {"0": {"mean": -1.811921052145315, "std": 6.1387959542215125, "quantiles": [-9.287437057495117, -2.176335334777832, 5.8075752735137955]}, "1": {"mean": 7.254707142069856, "std": 5.540469142745948, "quantiles": [-0.4368776082992553, 7.785630702972412, 13.92488613128662]}}}, "losses": {"gmr": 0.33763330235911126, "gmr_loss_reg": 0.1897124203829074, "gmr_loss_cls": 0.01760991933308957, "gmr_loss_exist": 0.05987128534526945, "coarse": 1.2000865387318302, "fine": 0.7568493630584731, "total": 2.2945692058389513}, "chains": 2152, "seconds": 121.00266551971436, "selected": false, "exposure_sha256": "f545fe128af4bf9e5d68cdc0c01155e694cb5a6581d6f81e66921885f0cc4f79"}
{"fold": "A1", "arm": "S1_saliency_only", "epoch": 30, "step": 100, "loss": 1.8157739639282227}
{"fold": "A1", "arm": "S1_saliency_only", "epoch": 30, "step": 200, "loss": 2.953885316848755}
{"fold": "A1", "arm": "S1_saliency_only", "epoch": 30, "step": 300, "loss": 2.1799798011779785}
{"fold": "A1", "arm": "S1_saliency_only", "epoch": 30, "step": 400, "loss": 3.2089762687683105}
{"fold": "A1", "arm": "S1_saliency_only", "epoch": 30, "step": 500, "loss": 2.5727078914642334}
{"fold": "A1", "arm": "S1_saliency_only", "epoch": 30, "seen": {"pooled_auroc": 0.8633934430532587, "rows": 1257, "videos": 389, "source_pair_acc": 0.7764705882352941, "source_pairs": 510, "same_query_pair_acc": 0.7489246864246865, "same_query_support": 52, "raw_r1_iou_05": 0.5742971887550201, "raw_r1_iou_07": 0.36412315930388217, "threshold_logit": 3.737654447555542, "gated_r1_iou_05": 0.45917001338688085, "score_distribution": {"0": {"mean": -1.9965780382829845, "std": 6.449323472042668, "quantiles": [-9.687469673156738, -2.6878159046173096, 6.04784631729126]}, "1": {"mean": 7.666354079929042, "std": 5.70214944511283, "quantiles": [0.05276586487889403, 8.464325904846191, 14.49330768585205]}}}, "losses": {"gmr": 0.3375290671578127, "gmr_loss_reg": 0.1889007994732006, "gmr_loss_cls": 0.01759608909418481, "gmr_loss_exist": 0.06064782173482729, "coarse": 1.1829691801538698, "fine": 0.7622718850919306, "total": 2.2827701311572333}, "chains": 2152, "seconds": 121.42412829399109, "selected": true, "exposure_sha256": "312069c34a7f25f7c3ead91bc5ca92d067426f9b3b3e3cac1707d97314db47e6"}
{"fold": "A1", "arm": "S1_saliency_only", "epoch": 31, "step": 100, "loss": 2.528247594833374}
{"fold": "A1", "arm": "S1_saliency_only", "epoch": 31, "step": 200, "loss": 2.270247220993042}
{"fold": "A1", "arm": "S1_saliency_only", "epoch": 31, "step": 300, "loss": 1.8320492506027222}
{"fold": "A1", "arm": "S1_saliency_only", "epoch": 31, "step": 400, "loss": 2.530172109603882}
{"fold": "A1", "arm": "S1_saliency_only", "epoch": 31, "step": 500, "loss": 2.6117966175079346}
{"fold": "A1", "arm": "S1_saliency_only", "epoch": 31, "seen": {"pooled_auroc": 0.860603197102134, "rows": 1257, "videos": 389, "source_pair_acc": 0.7529411764705882, "source_pairs": 510, "same_query_pair_acc": 0.7651178682428683, "same_query_support": 52, "raw_r1_iou_05": 0.5796519410977242, "raw_r1_iou_07": 0.3668005354752343, "threshold_logit": 3.4221887588500977, "gated_r1_iou_05": 0.4538152610441767, "score_distribution": {"0": {"mean": -1.7706977328614277, "std": 6.210762628200313, "quantiles": [-9.444894886016845, -1.5703119039535522, 5.72378888130188]}, "1": {"mean": 7.349985215169598, "std": 5.5577375634292965, "quantiles": [-0.4453866958618159, 7.7579121589660645, 14.281339645385742]}}}, "losses": {"gmr": 0.33680794318812485, "gmr_loss_reg": 0.18901381019821398, "gmr_loss_cls": 0.017295364465315214, "gmr_loss_exist": 0.06131731056579913, "coarse": 1.1832011480535274, "fine": 0.7580937207520673, "total": 2.278102813157007}, "chains": 2152, "seconds": 121.24142026901245, "selected": false, "exposure_sha256": "4160fd1d6a407c050cd47e1e51e9fd6350c9d7aabf6e20f95337918113ee6fa0"}
{"fold": "A1", "arm": "S1_saliency_only", "epoch": 32, "step": 100, "loss": 1.9107778072357178}
{"fold": "A1", "arm": "S1_saliency_only", "epoch": 32, "step": 200, "loss": 1.9287688732147217}
{"fold": "A1", "arm": "S1_saliency_only", "epoch": 32, "step": 300, "loss": 3.0284712314605713}
{"fold": "A1", "arm": "S1_saliency_only", "epoch": 32, "step": 400, "loss": 2.4214465618133545}
{"fold": "A1", "arm": "S1_saliency_only", "epoch": 32, "step": 500, "loss": 1.7436912059783936}
{"fold": "A1", "arm": "S1_saliency_only", "epoch": 32, "seen": {"pooled_auroc": 0.8611412972150039, "rows": 1257, "videos": 389, "source_pair_acc": 0.7745098039215687, "source_pairs": 510, "same_query_pair_acc": 0.7515689171939172, "same_query_support": 52, "raw_r1_iou_05": 0.5649263721552878, "raw_r1_iou_07": 0.36010709504685406, "threshold_logit": 3.4604833126068115, "gated_r1_iou_05": 0.4538152610441767, "score_distribution": {"0": {"mean": -1.9116381573326446, "std": 6.349391825297406, "quantiles": [-9.532975578308106, -2.3556101322174072, 6.115940093994141]}, "1": {"mean": 7.446037839951026, "std": 5.545726980307486, "quantiles": [-0.1609207987785335, 7.963633060455322, 14.03292293548584]}}}, "losses": {"gmr": 0.32816567781578654, "gmr_loss_reg": 0.1868782198146595, "gmr_loss_cls": 0.017453674192377627, "gmr_loss_exist": 0.05401908740850051, "coarse": 1.1620521364685106, "fine": 0.7616862216514283, "total": 2.2519040375837163}, "chains": 2152, "seconds": 121.76567792892456, "selected": false, "exposure_sha256": "8fc69f132057bbac11c0c26e8fffaa9834c10b31d3377e089eab721d66af07ad"}
{"fold": "A1", "arm": "S1_saliency_only", "epoch": 33, "step": 100, "loss": 2.478985548019409}
{"fold": "A1", "arm": "S1_saliency_only", "epoch": 33, "step": 200, "loss": 2.6804521083831787}
{"fold": "A1", "arm": "S1_saliency_only", "epoch": 33, "step": 300, "loss": 1.7690365314483643}
{"fold": "A1", "arm": "S1_saliency_only", "epoch": 33, "step": 400, "loss": 2.1926486492156982}
{"fold": "A1", "arm": "S1_saliency_only", "epoch": 33, "step": 500, "loss": 2.609201431274414}
{"fold": "A1", "arm": "S1_saliency_only", "epoch": 33, "seen": {"pooled_auroc": 0.8598603564585138, "rows": 1257, "videos": 389, "source_pair_acc": 0.7686274509803922, "source_pairs": 510, "same_query_pair_acc": 0.744389985014985, "same_query_support": 52, "raw_r1_iou_05": 0.571619812583668, "raw_r1_iou_07": 0.36412315930388217, "threshold_logit": 3.3542933464050293, "gated_r1_iou_05": 0.464524765729585, "score_distribution": {"0": {"mean": -1.7252303181910047, "std": 6.467100980144465, "quantiles": [-9.51395969390869, -2.0745638608932495, 6.397980070114136]}, "1": {"mean": 7.767252709940974, "std": 5.699864006539276, "quantiles": [0.07468103915453021, 8.209748268127441, 14.644713211059567]}}}, "losses": {"gmr": 0.3334574711311705, "gmr_loss_reg": 0.1871108448749138, "gmr_loss_cls": 0.01712652908458087, "gmr_loss_exist": 0.06071398006983666, "coarse": 1.1542099613183936, "fine": 0.7527010364381798, "total": 2.2403684714912924}, "chains": 2152, "seconds": 121.75357389450073, "selected": false, "exposure_sha256": "f9b477f879eabe92ed8242a4716b497dd9fdf0c45676ef684ca438519868a67d"}
{"fold": "A1", "arm": "S1_saliency_only", "epoch": 34, "step": 100, "loss": 2.2823734283447266}
{"fold": "A1", "arm": "S1_saliency_only", "epoch": 34, "step": 200, "loss": 1.6993814706802368}
{"fold": "A1", "arm": "S1_saliency_only", "epoch": 34, "step": 300, "loss": 2.317784547805786}
{"fold": "A1", "arm": "S1_saliency_only", "epoch": 34, "step": 400, "loss": 1.240099310874939}
{"fold": "A1", "arm": "S1_saliency_only", "epoch": 34, "step": 500, "loss": 1.4742138385772705}
{"fold": "A1", "arm": "S1_saliency_only", "epoch": 34, "seen": {"pooled_auroc": 0.862710974617424, "rows": 1257, "videos": 389, "source_pair_acc": 0.7666666666666667, "source_pairs": 510, "same_query_pair_acc": 0.7705409174159173, "same_query_support": 52, "raw_r1_iou_05": 0.5662650602409639, "raw_r1_iou_07": 0.35876840696117807, "threshold_logit": 3.231809616088867, "gated_r1_iou_05": 0.4564926372155288, "score_distribution": {"0": {"mean": -1.8181795446019546, "std": 6.293146375013421, "quantiles": [-9.494191455841063, -1.9305449724197388, 5.991782093048096]}, "1": {"mean": 7.5477067527736486, "std": 5.6287387487126805, "quantiles": [-0.16468164026737064, 8.025538444519043, 14.243794822692871]}}}, "losses": {"gmr": 0.3330177592743728, "gmr_loss_reg": 0.18874573679883241, "gmr_loss_cls": 0.017168475723510337, "gmr_loss_exist": 0.058429644586395935, "coarse": 1.1438704141896896, "fine": 0.7577121944675659, "total": 2.234600368485575}, "chains": 2152, "seconds": 120.85305833816528, "selected": false, "exposure_sha256": "13e87098317964a2de982e16c7b22ba02f63e422b7b51ee9c08c09e5e79e51b7"}
{"fold": "A1", "arm": "S1_saliency_only", "epoch": 35, "step": 100, "loss": 2.1652112007141113}
{"fold": "A1", "arm": "S1_saliency_only", "epoch": 35, "step": 200, "loss": 2.3741986751556396}
{"fold": "A1", "arm": "S1_saliency_only", "epoch": 35, "step": 300, "loss": 2.092729091644287}
{"fold": "A1", "arm": "S1_saliency_only", "epoch": 35, "step": 400, "loss": 1.6169476509094238}
{"fold": "A1", "arm": "S1_saliency_only", "epoch": 35, "step": 500, "loss": 1.8533130884170532}
{"fold": "A1", "arm": "S1_saliency_only", "epoch": 35, "seen": {"pooled_auroc": 0.8635141874688296, "rows": 1257, "videos": 389, "source_pair_acc": 0.7666666666666667, "source_pairs": 510, "same_query_pair_acc": 0.7899503274503274, "same_query_support": 52, "raw_r1_iou_05": 0.571619812583668, "raw_r1_iou_07": 0.36412315930388217, "threshold_logit": 2.9590303897857666, "gated_r1_iou_05": 0.46184738955823296, "score_distribution": {"0": {"mean": -2.1488950723928273, "std": 6.316707025101244, "quantiles": [-9.604775238037108, -2.4259029626846313, 5.639243602752686]}, "1": {"mean": 7.312657505286286, "std": 5.685905526080709, "quantiles": [-0.3147283494472503, 7.748219966888428, 14.155757522583007]}}}, "losses": {"gmr": 0.3392384939975898, "gmr_loss_reg": 0.18727344852010114, "gmr_loss_cls": 0.01720821119664881, "gmr_loss_exist": 0.06592398998013795, "coarse": 1.146136707809778, "fine": 0.7458456733634481, "total": 2.2312208786329815}, "chains": 2152, "seconds": 121.25891447067261, "selected": true, "exposure_sha256": "1aa9d1b5702de42c707f83de53232cdbb1914d2a871070b93d9a315834d26d8d"}
{"fold": "A1", "arm": "S1_saliency_only", "epoch": 36, "step": 100, "loss": 2.7226390838623047}
{"fold": "A1", "arm": "S1_saliency_only", "epoch": 36, "step": 200, "loss": 2.5199873447418213}
{"fold": "A1", "arm": "S1_saliency_only", "epoch": 36, "step": 300, "loss": 1.5416775941848755}
{"fold": "A1", "arm": "S1_saliency_only", "epoch": 36, "step": 400, "loss": 1.5228452682495117}
{"fold": "A1", "arm": "S1_saliency_only", "epoch": 36, "step": 500, "loss": 3.0664639472961426}
{"fold": "A1", "arm": "S1_saliency_only", "epoch": 36, "seen": {"pooled_auroc": 0.8631519542221173, "rows": 1257, "videos": 389, "source_pair_acc": 0.7803921568627451, "source_pairs": 510, "same_query_pair_acc": 0.7585851648351648, "same_query_support": 52, "raw_r1_iou_05": 0.5769745649263721, "raw_r1_iou_07": 0.35609103078982596, "threshold_logit": 2.997694969177246, "gated_r1_iou_05": 0.464524765729585, "score_distribution": {"0": {"mean": -2.0495401582443247, "std": 6.287231668044381, "quantiles": [-9.667205333709717, -2.5236736536026, 5.926748752593994]}, "1": {"mean": 7.245853148410758, "std": 5.471704238318109, "quantiles": [-0.2825707912445061, 7.671904563903809, 13.737012481689453]}}}, "losses": {"gmr": 0.32930450243910003, "gmr_loss_reg": 0.1865725424625395, "gmr_loss_cls": 0.01703209284914581, "gmr_loss_exist": 0.05757149517764233, "coarse": 1.1173913948044014, "fine": 0.7536670032154672, "total": 2.2003629072448136}, "chains": 2152, "seconds": 121.20813417434692, "selected": false, "exposure_sha256": "00cade4860dd093c3c0015b1de8471bcf90fccb12782bb095b1b34e0e66e16b1"}
{"fold": "A1", "arm": "S1_saliency_only", "epoch": 37, "step": 100, "loss": 3.111881971359253}
{"fold": "A1", "arm": "S1_saliency_only", "epoch": 37, "step": 200, "loss": 2.215468406677246}
{"fold": "A1", "arm": "S1_saliency_only", "epoch": 37, "step": 300, "loss": 2.1082587242126465}
{"fold": "A1", "arm": "S1_saliency_only", "epoch": 37, "step": 400, "loss": 2.004157066345215}
{"fold": "A1", "arm": "S1_saliency_only", "epoch": 37, "step": 500, "loss": 1.802382469177246}
{"fold": "A1", "arm": "S1_saliency_only", "epoch": 37, "seen": {"pooled_auroc": 0.8620521300889834, "rows": 1257, "videos": 389, "source_pair_acc": 0.7725490196078432, "source_pairs": 510, "same_query_pair_acc": 0.7301125957375958, "same_query_support": 52, "raw_r1_iou_05": 0.5890227576974565, "raw_r1_iou_07": 0.37617135207496655, "threshold_logit": 4.007602214813232, "gated_r1_iou_05": 0.4390896921017403, "score_distribution": {"0": {"mean": -2.2091086543731246, "std": 6.415687826694225, "quantiles": [-9.911043071746827, -2.9531127214431763, 5.933785724639893]}, "1": {"mean": 7.313323776111745, "std": 5.6741832691930005, "quantiles": [-0.4949051737785338, 7.7015557289123535, 14.175675964355468]}}}, "losses": {"gmr": 0.3323609483563324, "gmr_loss_reg": 0.18572926168160367, "gmr_loss_cls": 0.016976101938496625, "gmr_loss_exist": 0.06175117723395586, "coarse": 1.1125166977869976, "fine": 0.7451479665962737, "total": 2.1900256158694016}, "chains": 2152, "seconds": 120.92242407798767, "selected": false, "exposure_sha256": "20500bc59605f0572f76567f97dd6dfa693653d8dc193f0126cd2b5ad4b8cab4"}
{"fold": "A1", "arm": "S1_saliency_only", "epoch": 38, "step": 100, "loss": 1.509451150894165}
{"fold": "A1", "arm": "S1_saliency_only", "epoch": 38, "step": 200, "loss": 3.061460494995117}
{"fold": "A1", "arm": "S1_saliency_only", "epoch": 38, "step": 300, "loss": 2.8305983543395996}
{"fold": "A1", "arm": "S1_saliency_only", "epoch": 38, "step": 400, "loss": 1.8254703283309937}
{"fold": "A1", "arm": "S1_saliency_only", "epoch": 38, "step": 500, "loss": 2.539635419845581}
{"fold": "A1", "arm": "S1_saliency_only", "epoch": 38, "seen": {"pooled_auroc": 0.8628815917263827, "rows": 1257, "videos": 389, "source_pair_acc": 0.7803921568627451, "source_pairs": 510, "same_query_pair_acc": 0.7577179764679765, "same_query_support": 52, "raw_r1_iou_05": 0.5729585006693441, "raw_r1_iou_07": 0.3627844712182062, "threshold_logit": 3.7097160816192627, "gated_r1_iou_05": 0.44712182061579653, "score_distribution": {"0": {"mean": -2.1748515810452256, "std": 6.5559820204119434, "quantiles": [-10.028720569610595, -3.1020309925079346, 6.197829627990723]}, "1": {"mean": 7.5745426823535915, "std": 5.717016285051756, "quantiles": [-0.5265455245971679, 8.178929328918457, 14.328902626037598]}}}, "losses": {"gmr": 0.32976405829412786, "gmr_loss_reg": 0.1864635229221507, "gmr_loss_cls": 0.016805266892212033, "gmr_loss_exist": 0.059274201565049936, "coarse": 1.0796639000006767, "fine": 0.7374889309964658, "total": 2.146916887130879}, "chains": 2152, "seconds": 121.16486668586731, "selected": false, "exposure_sha256": "c7e378a3ae77e2912618ebb0ed5e96e170b3a0700c22d09b50766f9be9b2252b"}
{"fold": "A1", "arm": "S1_saliency_only", "epoch": 39, "step": 100, "loss": 3.128566265106201}
{"fold": "A1", "arm": "S1_saliency_only", "epoch": 39, "step": 200, "loss": 1.9159200191497803}
{"fold": "A1", "arm": "S1_saliency_only", "epoch": 39, "step": 300, "loss": 1.7658066749572754}
{"fold": "A1", "arm": "S1_saliency_only", "epoch": 39, "step": 400, "loss": 2.1371026039123535}
{"fold": "A1", "arm": "S1_saliency_only", "epoch": 39, "step": 500, "loss": 2.1726694107055664}
{"fold": "A1", "arm": "S1_saliency_only", "epoch": 39, "seen": {"pooled_auroc": 0.8596424915347665, "rows": 1257, "videos": 389, "source_pair_acc": 0.7666666666666667, "source_pairs": 510, "same_query_pair_acc": 0.7687600593850594, "same_query_support": 52, "raw_r1_iou_05": 0.570281124497992, "raw_r1_iou_07": 0.36010709504685406, "threshold_logit": 3.0005290508270264, "gated_r1_iou_05": 0.4538152610441767, "score_distribution": {"0": {"mean": -2.096352799499736, "std": 6.267757753741854, "quantiles": [-9.785131454467773, -2.4211920499801636, 5.7845953941345245]}, "1": {"mean": 7.085269985478646, "std": 5.52136423207066, "quantiles": [-0.6810747861862182, 7.582631587982178, 13.540693855285644]}}}, "losses": {"gmr": 0.32499322552774035, "gmr_loss_reg": 0.1851213508766823, "gmr_loss_cls": 0.016587843062515373, "gmr_loss_exist": 0.05693265992829353, "coarse": 1.0797930257775747, "fine": 0.728980985549746, "total": 2.1337672371181857}, "chains": 2152, "seconds": 121.41557383537292, "selected": false, "exposure_sha256": "d31cc9cfc2e0c595af7e07e7435c7109f8faf9a481d31c1921ff8ccd61069323"}
{"fold": "A1", "arm": "S1_saliency_only", "epoch": 40, "step": 100, "loss": 2.737722396850586}
{"fold": "A1", "arm": "S1_saliency_only", "epoch": 40, "step": 200, "loss": 2.8607749938964844}
{"fold": "A1", "arm": "S1_saliency_only", "epoch": 40, "step": 300, "loss": 2.668405055999756}
{"fold": "A1", "arm": "S1_saliency_only", "epoch": 40, "step": 400, "loss": 1.5036818981170654}
{"fold": "A1", "arm": "S1_saliency_only", "epoch": 40, "step": 500, "loss": 2.7001373767852783}
{"fold": "A1", "arm": "S1_saliency_only", "epoch": 40, "seen": {"pooled_auroc": 0.8610599259784234, "rows": 1257, "videos": 389, "source_pair_acc": 0.7803921568627451, "source_pairs": 510, "same_query_pair_acc": 0.7520424020424021, "same_query_support": 52, "raw_r1_iou_05": 0.5729585006693441, "raw_r1_iou_07": 0.38018741633199465, "threshold_logit": 3.0998268127441406, "gated_r1_iou_05": 0.4605087014725569, "score_distribution": {"0": {"mean": -2.226021802447298, "std": 6.492115181770426, "quantiles": [-9.994619560241699, -3.006661534309387, 6.04269042015076]}, "1": {"mean": 7.311905373942601, "std": 5.642454229827118, "quantiles": [-0.3657493412494657, 7.78515625, 13.967260360717773]}}}, "losses": {"gmr": 0.3288349943533263, "gmr_loss_reg": 0.18617980424522468, "gmr_loss_cls": 0.01677584295510747, "gmr_loss_exist": 0.05877597553055685, "coarse": 1.0909116429356394, "fine": 0.7491009377746334, "total": 2.1688475726262344}, "chains": 2152, "seconds": 120.1964316368103, "selected": false, "exposure_sha256": "084d6d45d3450bd866050796485635c1bb792f819eac8fd8dc74d1e51fd7aa9c"}
{"fold": "A1", "arm": "S1_saliency_only", "epoch": 41, "step": 100, "loss": 1.1196892261505127}
{"fold": "A1", "arm": "S1_saliency_only", "epoch": 41, "step": 200, "loss": 1.8530770540237427}
{"fold": "A1", "arm": "S1_saliency_only", "epoch": 41, "step": 300, "loss": 2.395198106765747}
{"fold": "A1", "arm": "S1_saliency_only", "epoch": 41, "step": 400, "loss": 1.5862023830413818}
{"fold": "A1", "arm": "S1_saliency_only", "epoch": 41, "step": 500, "loss": 1.4297150373458862}
{"fold": "A1", "arm": "S1_saliency_only", "epoch": 41, "seen": {"pooled_auroc": 0.8617187705068641, "rows": 1257, "videos": 389, "source_pair_acc": 0.788235294117647, "source_pairs": 510, "same_query_pair_acc": 0.7501786408036408, "same_query_support": 52, "raw_r1_iou_05": 0.5689424364123159, "raw_r1_iou_07": 0.37349397590361444, "threshold_logit": 3.8282241821289062, "gated_r1_iou_05": 0.4431057563587684, "score_distribution": {"0": {"mean": -2.213870870526515, "std": 6.496371397302278, "quantiles": [-10.037622451782227, -2.9493547677993774, 6.107709074020387]}, "1": {"mean": 7.468907368383115, "std": 5.727817604747931, "quantiles": [-0.25788375139236447, 8.0965576171875, 14.062294578552246]}}}, "losses": {"gmr": 0.3232816148646259, "gmr_loss_reg": 0.18692056570188265, "gmr_loss_cls": 0.01644366335116853, "gmr_loss_exist": 0.0541427326951259, "coarse": 1.0601008896712476, "fine": 0.7360822103612928, "total": 2.1194647129583535}, "chains": 2152, "seconds": 120.00541973114014, "selected": false, "exposure_sha256": "2128daf7eafb7adcc4aa5a241ed2a1e231a7bd705e1af4e72a80ef98f207e471"}
{"fold": "A1", "arm": "S1_saliency_only", "epoch": 42, "step": 100, "loss": 1.4277111291885376}
{"fold": "A1", "arm": "S1_saliency_only", "epoch": 42, "step": 200, "loss": 3.0077013969421387}
{"fold": "A1", "arm": "S1_saliency_only", "epoch": 42, "step": 300, "loss": 1.6737759113311768}
{"fold": "A1", "arm": "S1_saliency_only", "epoch": 42, "step": 400, "loss": 2.813471794128418}
{"fold": "A1", "arm": "S1_saliency_only", "epoch": 42, "step": 500, "loss": 2.491753101348877}
{"fold": "A1", "arm": "S1_saliency_only", "epoch": 42, "seen": {"pooled_auroc": 0.8601963409192324, "rows": 1257, "videos": 389, "source_pair_acc": 0.7686274509803922, "source_pairs": 510, "same_query_pair_acc": 0.765190712065712, "same_query_support": 52, "raw_r1_iou_05": 0.5823293172690763, "raw_r1_iou_07": 0.3868808567603748, "threshold_logit": 4.121556282043457, "gated_r1_iou_05": 0.45113788487282463, "score_distribution": {"0": {"mean": -1.6041841023400718, "std": 6.533993183724761, "quantiles": [-9.72237491607666, -1.7790772914886475, 6.362516307830814]}, "1": {"mean": 7.898139768964555, "std": 5.6640316214776565, "quantiles": [0.13974505662918094, 8.564404487609863, 14.559166717529296]}}}, "losses": {"gmr": 0.32781468794359153, "gmr_loss_reg": 0.18580979776315973, "gmr_loss_cls": 0.01648021320514658, "gmr_loss_exist": 0.05960382368346567, "coarse": 1.0674559984176133, "fine": 0.7351876691980876, "total": 2.130458357054948}, "chains": 2152, "seconds": 119.59045696258545, "selected": false, "exposure_sha256": "b1c3fd356ee9fa18399cbf9720b6c006e39a1783f5015f9179d34c28994d7d53"}
{"fold": "A1", "arm": "S1_saliency_only", "epoch": 43, "step": 100, "loss": 3.2128727436065674}
{"fold": "A1", "arm": "S1_saliency_only", "epoch": 43, "step": 200, "loss": 2.7895829677581787}
{"fold": "A1", "arm": "S1_saliency_only", "epoch": 43, "step": 300, "loss": 1.7452075481414795}
{"fold": "A1", "arm": "S1_saliency_only", "epoch": 43, "step": 400, "loss": 3.073058605194092}
{"fold": "A1", "arm": "S1_saliency_only", "epoch": 43, "step": 500, "loss": 2.4636974334716797}
{"fold": "A1", "arm": "S1_saliency_only", "epoch": 43, "seen": {"pooled_auroc": 0.8566055069953014, "rows": 1257, "videos": 389, "source_pair_acc": 0.7568627450980392, "source_pairs": 510, "same_query_pair_acc": 0.7592379842379842, "same_query_support": 52, "raw_r1_iou_05": 0.5863453815261044, "raw_r1_iou_07": 0.38420348058902276, "threshold_logit": 3.473036050796509, "gated_r1_iou_05": 0.46184738955823296, "score_distribution": {"0": {"mean": -1.8020436237694002, "std": 6.407593351618424, "quantiles": [-9.746244812011719, -1.9676517248153687, 6.059592866897583]}, "1": {"mean": 7.363225149058075, "std": 5.561126672365695, "quantiles": [-0.2841541379690156, 7.956897258758545, 13.982910346984863]}}}, "losses": {"gmr": 0.3246076651831542, "gmr_loss_reg": 0.18489248589456747, "gmr_loss_cls": 0.016345704071306828, "gmr_loss_exist": 0.05798665937477702, "coarse": 1.0417533609392917, "fine": 0.7486754107430965, "total": 2.115036440161524}, "chains": 2152, "seconds": 119.69325876235962, "selected": false, "exposure_sha256": "97ad1cd8e59906c919176d8e3d5be3667fea6e1b5c9aab4db5b7cd4bda3cefe7"}
{"fold": "A1", "arm": "S1_saliency_only", "epoch": 44, "step": 100, "loss": 1.9097952842712402}
{"fold": "A1", "arm": "S1_saliency_only", "epoch": 44, "step": 200, "loss": 1.3552383184432983}
{"fold": "A1", "arm": "S1_saliency_only", "epoch": 44, "step": 300, "loss": 1.5856372117996216}
{"fold": "A1", "arm": "S1_saliency_only", "epoch": 44, "step": 400, "loss": 2.4391329288482666}
{"fold": "A1", "arm": "S1_saliency_only", "epoch": 44, "step": 500, "loss": 1.3948944807052612}
{"fold": "A1", "arm": "S1_saliency_only", "epoch": 44, "seen": {"pooled_auroc": 0.8529149276845946, "rows": 1257, "videos": 389, "source_pair_acc": 0.7431372549019608, "source_pairs": 510, "same_query_pair_acc": 0.7694312631812632, "same_query_support": 52, "raw_r1_iou_05": 0.5742971887550201, "raw_r1_iou_07": 0.37617135207496655, "threshold_logit": 4.215755462646484, "gated_r1_iou_05": 0.43105756358768405, "score_distribution": {"0": {"mean": -1.686382828985213, "std": 6.446022799071452, "quantiles": [-9.625896453857422, -1.9944987893104553, 6.227522182464599]}, "1": {"mean": 7.460466465796811, "std": 5.685660535240895, "quantiles": [-0.5993971467018127, 7.995090484619141, 14.396728706359863]}}}, "losses": {"gmr": 0.3241871380451444, "gmr_loss_reg": 0.18362084227756054, "gmr_loss_cls": 0.016275248266964266, "gmr_loss_exist": 0.059190054620044015, "coarse": 1.0303778038896814, "fine": 0.7355954720739095, "total": 2.0901604148535036}, "chains": 2152, "seconds": 119.7651035785675, "selected": false, "exposure_sha256": "d15b8260809a3be1a0ada9118445c9ff5b87447d9a77cd9882ef432ccf30b78e"}
{"fold": "A1", "arm": "S1_saliency_only", "epoch": 45, "step": 100, "loss": 2.5212481021881104}
{"fold": "A1", "arm": "S1_saliency_only", "epoch": 45, "step": 200, "loss": 1.6089130640029907}
{"fold": "A1", "arm": "S1_saliency_only", "epoch": 45, "step": 300, "loss": 1.7863610982894897}
{"fold": "A1", "arm": "S1_saliency_only", "epoch": 45, "step": 400, "loss": 2.4815869331359863}
{"fold": "A1", "arm": "S1_saliency_only", "epoch": 45, "step": 500, "loss": 2.639167070388794}
{"fold": "A1", "arm": "S1_saliency_only", "epoch": 45, "seen": {"pooled_auroc": 0.8512691288027929, "rows": 1257, "videos": 389, "source_pair_acc": 0.7372549019607844, "source_pairs": 510, "same_query_pair_acc": 0.7417311854811856, "same_query_support": 52, "raw_r1_iou_05": 0.5662650602409639, "raw_r1_iou_07": 0.36947791164658633, "threshold_logit": 3.5741143226623535, "gated_r1_iou_05": 0.43105756358768405, "score_distribution": {"0": {"mean": -1.9822223340617675, "std": 6.459925072150373, "quantiles": [-9.830509090423584, -2.3130964040756226, 5.954735422134402]}, "1": {"mean": 7.293564044744515, "std": 5.891595973463451, "quantiles": [-0.9677424192428583, 7.932254314422607, 14.35855484008789]}}}, "losses": {"gmr": 0.32102487612944997, "gmr_loss_reg": 0.1838051782969427, "gmr_loss_cls": 0.016149833813988254, "gmr_loss_exist": 0.05647052942681495, "coarse": 1.0460760495642747, "fine": 0.7436160752099686, "total": 2.1107170010144825}, "chains": 2152, "seconds": 113.61626553535461, "selected": false, "exposure_sha256": "6972ce4046e4177bee4139ba059d8a97427492757baf45c4aacb420abfbf80ed"}
{"fold": "A1", "arm": "S1_saliency_only", "epoch": 46, "step": 100, "loss": 1.3668580055236816}
{"fold": "A1", "arm": "S1_saliency_only", "epoch": 46, "step": 200, "loss": 1.8747193813323975}
{"fold": "A1", "arm": "S1_saliency_only", "epoch": 46, "step": 300, "loss": 2.9398796558380127}
{"fold": "A1", "arm": "S1_saliency_only", "epoch": 46, "step": 400, "loss": 2.679738759994507}
{"fold": "A1", "arm": "S1_saliency_only", "epoch": 46, "step": 500, "loss": 1.3607555627822876}
{"fold": "A1", "arm": "S1_saliency_only", "epoch": 46, "seen": {"pooled_auroc": 0.8548074651547365, "rows": 1257, "videos": 389, "source_pair_acc": 0.7450980392156863, "source_pairs": 510, "same_query_pair_acc": 0.7336711899211898, "same_query_support": 52, "raw_r1_iou_05": 0.5729585006693441, "raw_r1_iou_07": 0.36813922356091033, "threshold_logit": 2.937999963760376, "gated_r1_iou_05": 0.4497991967871486, "score_distribution": {"0": {"mean": -2.0282440291936785, "std": 6.262625350834703, "quantiles": [-9.536973094940185, -2.3992925882339478, 5.89299750328064]}, "1": {"mean": 7.13678400920906, "std": 5.736760958447964, "quantiles": [-0.9718033194541917, 7.727954387664795, 13.869085502624511]}}}, "losses": {"gmr": 0.3213174840276126, "gmr_loss_reg": 0.1842654584647333, "gmr_loss_cls": 0.016257645726744017, "gmr_loss_exist": 0.055763795899002655, "coarse": 1.0161674704582717, "fine": 0.7402068645205196, "total": 2.0776918237980415}, "chains": 2152, "seconds": 103.4062123298645, "selected": false, "exposure_sha256": "61096f862627b9e4675d4c61eb545cdfa93be9e02f4606818e0d7af7a99e0615"}
{"fold": "A1", "arm": "S1_saliency_only", "epoch": 47, "step": 100, "loss": 2.479222536087036}
{"fold": "A1", "arm": "S1_saliency_only", "epoch": 47, "step": 200, "loss": 2.2602813243865967}
{"fold": "A1", "arm": "S1_saliency_only", "epoch": 47, "step": 300, "loss": 2.093845844268799}
{"fold": "A1", "arm": "S1_saliency_only", "epoch": 47, "step": 400, "loss": 1.9740972518920898}
{"fold": "A1", "arm": "S1_saliency_only", "epoch": 47, "step": 500, "loss": 2.430131435394287}
{"fold": "A1", "arm": "S1_saliency_only", "epoch": 47, "seen": {"pooled_auroc": 0.8558889151376747, "rows": 1257, "videos": 389, "source_pair_acc": 0.7529411764705882, "source_pairs": 510, "same_query_pair_acc": 0.7223158785658785, "same_query_support": 52, "raw_r1_iou_05": 0.5742971887550201, "raw_r1_iou_07": 0.3654618473895582, "threshold_logit": 2.8978986740112305, "gated_r1_iou_05": 0.45515394912985274, "score_distribution": {"0": {"mean": -2.4228585175877693, "std": 6.428542734838263, "quantiles": [-9.937001514434815, -3.5178604125976562, 6.056708765029907]}, "1": {"mean": 7.154717224965513, "std": 5.962897972395931, "quantiles": [-1.533761835098266, 7.86781644821167, 14.132057571411131]}}}, "losses": {"gmr": 0.31858966300146285, "gmr_loss_reg": 0.18436742272075668, "gmr_loss_cls": 0.016172835284837116, "gmr_loss_exist": 0.053358063138229425, "coarse": 1.0320398640510762, "fine": 0.7328784171644197, "total": 2.083507947319059}, "chains": 2152, "seconds": 103.64787578582764, "selected": false, "exposure_sha256": "af9d207b59916bf812bb8cbd52353c0e501113f77ea053ca74555993bfe0a03e"}
{"fold": "A1", "arm": "S1_saliency_only", "epoch": 48, "step": 100, "loss": 1.608158826828003}
{"fold": "A1", "arm": "S1_saliency_only", "epoch": 48, "step": 200, "loss": 1.7443264722824097}
{"fold": "A1", "arm": "S1_saliency_only", "epoch": 48, "step": 300, "loss": 1.6526559591293335}
{"fold": "A1", "arm": "S1_saliency_only", "epoch": 48, "step": 400, "loss": 1.6114895343780518}
{"fold": "A1", "arm": "S1_saliency_only", "epoch": 48, "step": 500, "loss": 1.8750354051589966}
{"fold": "A1", "arm": "S1_saliency_only", "epoch": 48, "seen": {"pooled_auroc": 0.8581699346405228, "rows": 1257, "videos": 389, "source_pair_acc": 0.7745098039215687, "source_pairs": 510, "same_query_pair_acc": 0.7452908202908203, "same_query_support": 52, "raw_r1_iou_05": 0.5850066934404283, "raw_r1_iou_07": 0.38420348058902276, "threshold_logit": 3.6114518642425537, "gated_r1_iou_05": 0.464524765729585, "score_distribution": {"0": {"mean": -1.9593030838113206, "std": 6.546150863841878, "quantiles": [-9.88751392364502, -2.7246110439300537, 6.54577684402466]}, "1": {"mean": 7.636062828781535, "std": 5.761824081193419, "quantiles": [-0.5267147600650781, 8.307930946350098, 14.33803424835205]}}}, "losses": {"gmr": 0.3162736364235222, "gmr_loss_reg": 0.1824881133370683, "gmr_loss_cls": 0.01601844551093655, "gmr_loss_exist": 0.05369329527443488, "coarse": 0.9921352894332772, "fine": 0.7304893337107059, "total": 2.038898256963957}, "chains": 2152, "seconds": 103.54077625274658, "selected": false, "exposure_sha256": "0990431a248a8a5b276814bb441558b81934b17b27197ce5c3c730bf752ee334"}
{"fold": "A1", "arm": "S1_saliency_only", "epoch": 49, "step": 100, "loss": 1.4688678979873657}
{"fold": "A1", "arm": "S1_saliency_only", "epoch": 49, "step": 200, "loss": 1.551186442375183}
{"fold": "A1", "arm": "S1_saliency_only", "epoch": 49, "step": 300, "loss": 1.713833212852478}
{"fold": "A1", "arm": "S1_saliency_only", "epoch": 49, "step": 400, "loss": 2.6744632720947266}
{"fold": "A1", "arm": "S1_saliency_only", "epoch": 49, "step": 500, "loss": 2.210082530975342}
{"fold": "A1", "arm": "S1_saliency_only", "epoch": 49, "seen": {"pooled_auroc": 0.8574612174186944, "rows": 1257, "videos": 389, "source_pair_acc": 0.7509803921568627, "source_pairs": 510, "same_query_pair_acc": 0.7527913059163059, "same_query_support": 52, "raw_r1_iou_05": 0.5783132530120482, "raw_r1_iou_07": 0.36813922356091033, "threshold_logit": 4.388843059539795, "gated_r1_iou_05": 0.43105756358768405, "score_distribution": {"0": {"mean": -1.4639233276759294, "std": 6.421382302562507, "quantiles": [-9.550029373168945, -1.4512960314750671, 6.382981300354004]}, "1": {"mean": 7.794966434840477, "std": 5.657945917662994, "quantiles": [0.12414737939834714, 8.290105819702148, 14.558258247375488]}}}, "losses": {"gmr": 0.3178305838354015, "gmr_loss_reg": 0.18450235943811977, "gmr_loss_cls": 0.016063938822708054, "gmr_loss_exist": 0.05300853064624103, "coarse": 1.000497689228297, "fine": 0.7272730389935377, "total": 2.0456013125557884}, "chains": 2152, "seconds": 103.9476306438446, "selected": false, "exposure_sha256": "bc263858cae95f30d0a0170de3dfca0cf4acbcadc831a8e66c270e6ff814e4fa"}
{"fold": "A1", "arm": "S1_saliency_only", "epoch": 50, "step": 100, "loss": 1.5124430656433105}
{"fold": "A1", "arm": "S1_saliency_only", "epoch": 50, "step": 200, "loss": 3.5188112258911133}
{"fold": "A1", "arm": "S1_saliency_only", "epoch": 50, "step": 300, "loss": 1.6385518312454224}
{"fold": "A1", "arm": "S1_saliency_only", "epoch": 50, "step": 400, "loss": 2.79611873626709}
{"fold": "A1", "arm": "S1_saliency_only", "epoch": 50, "step": 500, "loss": 2.2783098220825195}
{"fold": "A1", "arm": "S1_saliency_only", "epoch": 50, "seen": {"pooled_auroc": 0.8583668005354752, "rows": 1257, "videos": 389, "source_pair_acc": 0.7686274509803922, "source_pairs": 510, "same_query_pair_acc": 0.7581151487401486, "same_query_support": 52, "raw_r1_iou_05": 0.5809906291834003, "raw_r1_iou_07": 0.37215528781793844, "threshold_logit": 3.2591071128845215, "gated_r1_iou_05": 0.4685408299866131, "score_distribution": {"0": {"mean": -2.0516049197162776, "std": 6.455340079708769, "quantiles": [-9.789641857147217, -2.3914287090301514, 5.973618078231814]}, "1": {"mean": 7.419296567102612, "std": 5.820660307403157, "quantiles": [-0.37568464279174585, 7.9637131690979, 14.365669059753415]}}}, "losses": {"gmr": 0.31786995129071205, "gmr_loss_reg": 0.18130137671657653, "gmr_loss_cls": 0.015890340291337565, "gmr_loss_exist": 0.057116873903034715, "coarse": 0.9996695378206698, "fine": 0.7361681989245256, "total": 2.05370768428292}, "chains": 2152, "seconds": 104.26376509666443, "selected": false, "exposure_sha256": "b415a9006d49a4731163d3df876e4551afe66a0d923231a2746ee8ed4415d909"}
COMPLETED {"fold": "A1", "arm": "S1_saliency_only", "seed": 3407, "best_epoch": 35, "seen_val": {"pooled_auroc": 0.8635141874688296, "rows": 1257, "videos": 389, "source_pair_acc": 0.7666666666666667, "source_pairs": 510, "same_query_pair_acc": 0.7899503274503274, "same_query_support": 52, "raw_r1_iou_05": 0.571619812583668, "raw_r1_iou_07": 0.36412315930388217, "threshold_logit": 2.9590303897857666, "gated_r1_iou_05": 0.46184738955823296}, "epoch0": {"seen": {"pooled_auroc": 0.8547444680683519, "rows": 1257, "videos": 389, "source_pair_acc": 0.7254901960784313, "source_pairs": 510, "same_query_pair_acc": 0.6900717338217338, "same_query_support": 52, "raw_r1_iou_05": 0.5823293172690763, "raw_r1_iou_07": 0.38018741633199465, "threshold_logit": 6.047595977783203, "gated_r1_iou_05": 0.42302543507362783}}, "elapsed_seconds": 6397.2739408016205, "peak_gpu_bytes": 2765728256, "formal_U_accessed": false}
