[eval_main] GT: {"total": 5170, "kept": 5170, "dropped_empty": 0, "dropped_invalid": 0}
[eval_main] shared=5170, gt_only=0, pred_only=0
[eval_main] 2683 positive (2683 single + 0 multi), 2487 negative, time=4.2s
{
  "AUROC": 66.83,
  "Rej-F1@0.4": 42.59,
  "Acc@0.4": 62.51,
  "Rej-F1@0.6": 43.92,
  "Acc@0.6": 62.65,
  "G-mIoU@1": 36.72,
  "G-mIoU@3": 21.51,
  "G-mIoU@5": 18.47,
  "mAP": 38.34,
  "mR@1": 29.8,
  "mR@3": 42.2,
  "mR@5": 50.16,
  "mR+@1": 0.0,
  "mR+@3": 0.0,
  "mR+@5": 0.0,
  "mIoU@1": 46.81,
  "mIoU@3": 46.81,
  "mIoU@5": 46.81,
  "mIoU+@1": 0.0,
  "mIoU+@3": 0.0,
  "mIoU+@5": 0.0
}
[eval_main] Saved -> /home/guoxiangyu/VLMbasedIter_momentretrival/Unseen/results/dq_cgp_semantic_existence/A1/official_test_metrics.json
