Loaded datasets C1
{"fold": "C1", "arm": "B0", "epoch": 1, "step": 100, "loss": 2.2744336128234863}
{"fold": "C1", "arm": "B0", "epoch": 1, "step": 200, "loss": 1.4234356880187988}
{"fold": "C1", "arm": "B0", "epoch": 1, "step": 300, "loss": 1.6843595504760742}
{"fold": "C1", "arm": "B0", "epoch": 1, "step": 400, "loss": 1.280306100845337}
{"fold": "C1", "arm": "B0", "epoch": 1, "step": 500, "loss": 1.6197407245635986}
{"fold": "C1", "arm": "B0", "epoch": 1, "step": 600, "loss": 1.8706315755844116}
{"fold": "C1", "arm": "B0", "epoch": 1, "seen": {"pooled_auroc": 0.7825857332520603, "rows": 1451, "videos": 462, "source_pair_acc": 0.6707317073170732, "source_pairs": 492, "same_query_pair_acc": 0.5921356421356421, "same_query_support": 47, "raw_r1_iou_05": 0.3679745493107105, "raw_r1_iou_07": 0.1728525980911983, "threshold_logit": 4.404780387878418, "gated_r1_iou_05": 0.23435843054082714, "score_distribution": {"0": {"mean": 0.8048232995765651, "std": 4.619216261148252, "quantiles": [-7.313792419433594, 1.1682702898979187, 6.226623964309693]}, "1": {"mean": 5.547636546905637, "std": 3.8572911035492345, "quantiles": [0.7100859999656678, 5.78066873550415, 10.462303352355958]}}}, "losses": {"gmr": 1.5388448273700783, "gmr_loss_span": 0.03334469880942697, "gmr_loss_giou": 0.23719099071159913, "gmr_loss_label": 0.02547542085180393, "gmr_class_error": 2.3472471498066168, "gmr_loss_saliency": 0.0, "gmr_loss_exist": 0.18606264676224996, "gmr_loss_span_0": 0.03366170015672963, "gmr_loss_giou_0": 0.2396507813711297, "gmr_loss_label_0": 0.025993683926002504, "gmr_class_error_0": 2.405629642103943, "gmr_loss_exist_0": 0.0, "coarse": 3.134893890572174, "fine": 0.847687481837432, "rotated_bce": 4.905857217710431, "exist_pair": 1.4483618773746454, "total": 1.5388448273700783}, "chains": 2630, "seconds": 46.380961418151855, "selected": true, "exposure_sha256": "dd1b8444924396e221771e46273c471327997116a6848aa6d70e304376c56a7b"}
{"fold": "C1", "arm": "B0", "epoch": 2, "step": 100, "loss": 1.6710219383239746}
{"fold": "C1", "arm": "B0", "epoch": 2, "step": 200, "loss": 1.4706743955612183}
{"fold": "C1", "arm": "B0", "epoch": 2, "step": 300, "loss": 1.591721534729004}
{"fold": "C1", "arm": "B0", "epoch": 2, "step": 400, "loss": 1.6872785091400146}
{"fold": "C1", "arm": "B0", "epoch": 2, "step": 500, "loss": 1.345653772354126}
{"fold": "C1", "arm": "B0", "epoch": 2, "step": 600, "loss": 1.227250099182129}
{"fold": "C1", "arm": "B0", "epoch": 2, "seen": {"pooled_auroc": 0.7808343283706716, "rows": 1451, "videos": 462, "source_pair_acc": 0.6707317073170732, "source_pairs": 492, "same_query_pair_acc": 0.6153679653679653, "same_query_support": 47, "raw_r1_iou_05": 0.3616118769883351, "raw_r1_iou_07": 0.1792152704135737, "threshold_logit": 4.451964378356934, "gated_r1_iou_05": 0.23860021208907742, "score_distribution": {"0": {"mean": 0.75066266736881, "std": 4.872966304690055, "quantiles": [-7.434256315231323, 0.95514315366745, 6.560786390304566]}, "1": {"mean": 5.750225209612261, "std": 4.136210921399698, "quantiles": [0.526099967956543, 6.024936676025391, 11.112141418457032]}}}, "losses": {"gmr": 1.4939964239720516, "gmr_loss_span": 0.03234129674070285, "gmr_loss_giou": 0.23104318119245823, "gmr_loss_label": 0.024491042626234718, "gmr_class_error": 2.30688692226236, "gmr_loss_saliency": 0.0, "gmr_loss_exist": 0.18067821118510738, "gmr_loss_span_0": 0.032619720641919904, "gmr_loss_giou_0": 0.23279035667744452, "gmr_loss_label_0": 0.02547758307851466, "gmr_class_error_0": 2.194655641596368, "gmr_loss_exist_0": 0.0, "coarse": 3.151844927605162, "fine": 0.845948216038272, "rotated_bce": 5.078420226697139, "exist_pair": 1.473444659478034, "total": 1.4939964239720516}, "chains": 2632, "seconds": 45.52939176559448, "selected": false, "exposure_sha256": "6060c7700ed87ffcfe4ab42acbbed6cdcc22e3a662a36bf54f696481bef07c67"}
{"fold": "C1", "arm": "B0", "epoch": 3, "step": 100, "loss": 1.2024126052856445}
{"fold": "C1", "arm": "B0", "epoch": 3, "step": 200, "loss": 1.413182258605957}
{"fold": "C1", "arm": "B0", "epoch": 3, "step": 300, "loss": 1.3145053386688232}
{"fold": "C1", "arm": "B0", "epoch": 3, "step": 400, "loss": 1.470849633216858}
{"fold": "C1", "arm": "B0", "epoch": 3, "step": 500, "loss": 1.4763706922531128}
{"fold": "C1", "arm": "B0", "epoch": 3, "step": 600, "loss": 1.7818028926849365}
{"fold": "C1", "arm": "B0", "epoch": 3, "seen": {"pooled_auroc": 0.7808071909887192, "rows": 1451, "videos": 462, "source_pair_acc": 0.6686991869918699, "source_pairs": 492, "same_query_pair_acc": 0.5864108409321175, "same_query_support": 47, "raw_r1_iou_05": 0.34994697773064687, "raw_r1_iou_07": 0.17815482502651114, "threshold_logit": 4.746077060699463, "gated_r1_iou_05": 0.22693531283138918, "score_distribution": {"0": {"mean": 0.9674313253187757, "std": 4.988630813147851, "quantiles": [-7.519151782989502, 1.3457165360450745, 7.0411446571350105]}, "1": {"mean": 6.042273195035763, "std": 4.144541250039833, "quantiles": [0.6783678054809571, 6.450493335723877, 11.381144332885743]}}}, "losses": {"gmr": 1.4824489101450493, "gmr_loss_span": 0.03205265904604075, "gmr_loss_giou": 0.22859503239347942, "gmr_loss_label": 0.024566734695133378, "gmr_class_error": 2.162568854705903, "gmr_loss_saliency": 0.0, "gmr_loss_exist": 0.18165248444220364, "gmr_loss_span_0": 0.032251078946838624, "gmr_loss_giou_0": 0.22933689692824807, "gmr_loss_label_0": 0.025390044410959295, "gmr_class_error_0": 2.3309662653682444, "gmr_loss_exist_0": 0.0, "coarse": 3.1364720545278857, "fine": 0.8446877468320736, "rotated_bce": 5.1365179555394365, "exist_pair": 1.536738261376652, "total": 1.4824489101450493}, "chains": 2630, "seconds": 45.439762115478516, "selected": false, "exposure_sha256": "4717bd3aa38344b0bda292298aee7a5d827fed945d71364f3c6ad61b08b2577d"}
{"fold": "C1", "arm": "B0", "epoch": 4, "step": 100, "loss": 1.1897271871566772}
{"fold": "C1", "arm": "B0", "epoch": 4, "step": 200, "loss": 1.6699111461639404}
{"fold": "C1", "arm": "B0", "epoch": 4, "step": 300, "loss": 1.5172890424728394}
{"fold": "C1", "arm": "B0", "epoch": 4, "step": 400, "loss": 1.2224783897399902}
{"fold": "C1", "arm": "B0", "epoch": 4, "step": 500, "loss": 1.3558483123779297}
{"fold": "C1", "arm": "B0", "epoch": 4, "step": 600, "loss": 1.8533951044082642}
{"fold": "C1", "arm": "B0", "epoch": 4, "seen": {"pooled_auroc": 0.7738078339359223, "rows": 1451, "videos": 462, "source_pair_acc": 0.6727642276422764, "source_pairs": 492, "same_query_pair_acc": 0.549415891437168, "same_query_support": 47, "raw_r1_iou_05": 0.35100742311770944, "raw_r1_iou_07": 0.1728525980911983, "threshold_logit": 4.7582879066467285, "gated_r1_iou_05": 0.22269353128313893, "score_distribution": {"0": {"mean": 1.1845684421329399, "std": 4.913004706272681, "quantiles": [-7.109474992752075, 1.4035589098930359, 7.391924905776977]}, "1": {"mean": 6.020163130504993, "std": 4.063766559220938, "quantiles": [0.7668413639068604, 6.312760353088379, 11.291428565979006]}}}, "losses": {"gmr": 1.4734842520897875, "gmr_loss_span": 0.03180572113424177, "gmr_loss_giou": 0.22658098704184443, "gmr_loss_label": 0.024150994116593275, "gmr_class_error": 2.127715438332601, "gmr_loss_saliency": 0.0, "gmr_loss_exist": 0.18316963587329924, "gmr_loss_span_0": 0.03207521480833687, "gmr_loss_giou_0": 0.2288391624314082, "gmr_loss_label_0": 0.0248702836157839, "gmr_class_error_0": 2.2069869229858767, "gmr_loss_exist_0": 0.0, "coarse": 3.149252761823428, "fine": 0.8427451839019462, "rotated_bce": 5.231243100209801, "exist_pair": 1.502172034947162, "total": 1.4734842520897875}, "chains": 2631, "seconds": 45.84553265571594, "selected": false, "exposure_sha256": "5ed8e3c879cb94ac5518c4ba3f688bdaafbc201d174b38bf87129c2f6b3f3713"}
{"fold": "C1", "arm": "B0", "epoch": 5, "step": 100, "loss": 1.3067153692245483}
{"fold": "C1", "arm": "B0", "epoch": 5, "step": 200, "loss": 1.3555477857589722}
{"fold": "C1", "arm": "B0", "epoch": 5, "step": 300, "loss": 1.8506182432174683}
{"fold": "C1", "arm": "B0", "epoch": 5, "step": 400, "loss": 1.4599838256835938}
{"fold": "C1", "arm": "B0", "epoch": 5, "step": 500, "loss": 1.1190928220748901}
{"fold": "C1", "arm": "B0", "epoch": 5, "step": 600, "loss": 1.3086230754852295}
{"fold": "C1", "arm": "B0", "epoch": 5, "seen": {"pooled_auroc": 0.7843621880244821, "rows": 1451, "videos": 462, "source_pair_acc": 0.6747967479674797, "source_pairs": 492, "same_query_pair_acc": 0.5537732952626571, "same_query_support": 47, "raw_r1_iou_05": 0.35418875927889715, "raw_r1_iou_07": 0.176033934252386, "threshold_logit": 3.533430576324463, "gated_r1_iou_05": 0.23647932131495228, "score_distribution": {"0": {"mean": 0.42375388094700694, "std": 4.815538963248313, "quantiles": [-7.7511265754699705, 0.8062124252319336, 6.092986869812012]}, "1": {"mean": 5.486929232517331, "std": 4.177459192522819, "quantiles": [0.4133592784404755, 5.6294779777526855, 10.94933433532715]}}}, "losses": {"gmr": 1.4581542790479574, "gmr_loss_span": 0.031449483724531796, "gmr_loss_giou": 0.2246826752272964, "gmr_loss_label": 0.02408574254317124, "gmr_class_error": 2.1346123877992023, "gmr_loss_saliency": 0.0, "gmr_loss_exist": 0.18105296030184848, "gmr_loss_span_0": 0.031639451730011266, "gmr_loss_giou_0": 0.22572861752249188, "gmr_loss_label_0": 0.024864424842389973, "gmr_class_error_0": 2.163414071033791, "gmr_loss_exist_0": 0.0, "coarse": 3.1430276056191118, "fine": 0.8436250231910983, "rotated_bce": 5.14926578063733, "exist_pair": 1.4858731312682927, "total": 1.4581542790479574}, "chains": 2631, "seconds": 49.606961250305176, "selected": true, "exposure_sha256": "0f11eeedbb5c2ea71e3af78014338bb0875143849220d57ab62495e8e10abf76"}
{"fold": "C1", "arm": "B0", "epoch": 6, "step": 100, "loss": 2.026332139968872}
{"fold": "C1", "arm": "B0", "epoch": 6, "step": 200, "loss": 1.2065770626068115}
{"fold": "C1", "arm": "B0", "epoch": 6, "step": 300, "loss": 1.5981732606887817}
{"fold": "C1", "arm": "B0", "epoch": 6, "step": 400, "loss": 1.8405241966247559}
{"fold": "C1", "arm": "B0", "epoch": 6, "step": 500, "loss": 1.832052230834961}
{"fold": "C1", "arm": "B0", "epoch": 6, "step": 600, "loss": 2.1579668521881104}
{"fold": "C1", "arm": "B0", "epoch": 6, "seen": {"pooled_auroc": 0.7775820175182236, "rows": 1451, "videos": 462, "source_pair_acc": 0.6747967479674797, "source_pairs": 492, "same_query_pair_acc": 0.5789774646157625, "same_query_support": 47, "raw_r1_iou_05": 0.352067868504772, "raw_r1_iou_07": 0.17179215270413573, "threshold_logit": 5.225373268127441, "gated_r1_iou_05": 0.21208907741251326, "score_distribution": {"0": {"mean": 0.9610086761591002, "std": 5.0652580636852536, "quantiles": [-7.679956293106079, 1.2853561043739319, 6.793118286132813]}, "1": {"mean": 6.009363283467413, "std": 4.196644772859963, "quantiles": [0.7225794911384583, 6.367553234100342, 11.475344276428226]}}}, "losses": {"gmr": 1.438872128906221, "gmr_loss_span": 0.03113707491001369, "gmr_loss_giou": 0.22318829258615122, "gmr_loss_label": 0.023835006017113348, "gmr_class_error": 2.0570139319701037, "gmr_loss_saliency": 0.0, "gmr_loss_exist": 0.1744577356838511, "gmr_loss_span_0": 0.031336693844749484, "gmr_loss_giou_0": 0.22412420180838521, "gmr_loss_label_0": 0.024256048344024728, "gmr_class_error_0": 2.1205883431941905, "gmr_loss_exist_0": 0.0, "coarse": 3.14807542877719, "fine": 0.8463165100584639, "rotated_bce": 5.253735525267465, "exist_pair": 1.4948281605464708, "total": 1.438872128906221}, "chains": 2632, "seconds": 47.21753430366516, "selected": false, "exposure_sha256": "093a4239ceeba0c16bad6a6ffced2e1bd5e0469eebc0f071116f3e0dd6c4877f"}
{"fold": "C1", "arm": "B0", "epoch": 7, "step": 100, "loss": 1.362453579902649}
{"fold": "C1", "arm": "B0", "epoch": 7, "step": 200, "loss": 1.8594483137130737}
{"fold": "C1", "arm": "B0", "epoch": 7, "step": 300, "loss": 1.8113443851470947}
{"fold": "C1", "arm": "B0", "epoch": 7, "step": 400, "loss": 1.5954865217208862}
{"fold": "C1", "arm": "B0", "epoch": 7, "step": 500, "loss": 1.5948716402053833}
{"fold": "C1", "arm": "B0", "epoch": 7, "step": 600, "loss": 1.2456135749816895}
{"fold": "C1", "arm": "B0", "epoch": 7, "seen": {"pooled_auroc": 0.7792436602900779, "rows": 1451, "videos": 462, "source_pair_acc": 0.6686991869918699, "source_pairs": 492, "same_query_pair_acc": 0.5756086702895213, "same_query_support": 47, "raw_r1_iou_05": 0.35949098621421, "raw_r1_iou_07": 0.17815482502651114, "threshold_logit": 4.597076416015625, "gated_r1_iou_05": 0.23435843054082714, "score_distribution": {"0": {"mean": 1.1242607277414696, "std": 5.027865895017642, "quantiles": [-7.751639747619628, 1.4569583535194397, 6.9466117382049575]}, "1": {"mean": 6.1346741681592585, "std": 4.087957078148076, "quantiles": [0.8570153832435609, 6.51301383972168, 11.334693145751954]}}}, "losses": {"gmr": 1.4533786210245636, "gmr_loss_span": 0.03135844883098519, "gmr_loss_giou": 0.22468846975217113, "gmr_loss_label": 0.02404807659154786, "gmr_class_error": 2.283454442821375, "gmr_loss_saliency": 0.0, "gmr_loss_exist": 0.1773083094690748, "gmr_loss_span_0": 0.031624243756059815, "gmr_loss_giou_0": 0.2267561130633289, "gmr_loss_label_0": 0.02465162423827139, "gmr_class_error_0": 2.225834147908405, "gmr_loss_exist_0": 0.0, "coarse": 3.13391825674515, "fine": 0.8454291490798301, "rotated_bce": 5.265308267439752, "exist_pair": 1.4926900028004835, "total": 1.4533786210245636}, "chains": 2631, "seconds": 46.9960036277771, "selected": false, "exposure_sha256": "5344ac7be05830f16adeda1df1d49db84f81100012e9df4890e426e7bafb068b"}
{"fold": "C1", "arm": "B0", "epoch": 8, "step": 100, "loss": 1.1996301412582397}
{"fold": "C1", "arm": "B0", "epoch": 8, "step": 200, "loss": 1.469789981842041}
{"fold": "C1", "arm": "B0", "epoch": 8, "step": 300, "loss": 1.514780044555664}
{"fold": "C1", "arm": "B0", "epoch": 8, "step": 400, "loss": 1.2137222290039062}
{"fold": "C1", "arm": "B0", "epoch": 8, "step": 500, "loss": 1.2982456684112549}
{"fold": "C1", "arm": "B0", "epoch": 8, "step": 600, "loss": 1.1856099367141724}
{"fold": "C1", "arm": "B0", "epoch": 8, "seen": {"pooled_auroc": 0.7774713804994949, "rows": 1451, "videos": 462, "source_pair_acc": 0.6666666666666666, "source_pairs": 492, "same_query_pair_acc": 0.5827572840870713, "same_query_support": 47, "raw_r1_iou_05": 0.34676564156945916, "raw_r1_iou_07": 0.17073170731707318, "threshold_logit": 5.197490215301514, "gated_r1_iou_05": 0.20572640509013787, "score_distribution": {"0": {"mean": 0.9169325818432363, "std": 4.985217307319802, "quantiles": [-7.602628231048584, 1.1889150142669678, 6.718420553207399]}, "1": {"mean": 5.965036236595122, "std": 4.223178150465736, "quantiles": [0.508993399143219, 6.363162994384766, 11.536804580688479]}}}, "losses": {"gmr": 1.4267816643222124, "gmr_loss_span": 0.030767104611095143, "gmr_loss_giou": 0.22127544477944316, "gmr_loss_label": 0.023680414216123002, "gmr_class_error": 2.122130849078796, "gmr_loss_saliency": 0.0, "gmr_loss_exist": 0.17123567920580143, "gmr_loss_span_0": 0.031139207567940367, "gmr_loss_giou_0": 0.223763390786742, "gmr_loss_label_0": 0.02418059367675187, "gmr_class_error_0": 2.1556426514970495, "gmr_loss_exist_0": 0.0, "coarse": 3.140445369355222, "fine": 0.842580802806605, "rotated_bce": 5.323489371766436, "exist_pair": 1.5137387877584954, "total": 1.4267816643222124}, "chains": 2632, "seconds": 46.917312145233154, "selected": false, "exposure_sha256": "1b15c3ec4d3ee56d618a9da3e35bc77a5daf107294deb14d54cf59df1a7a033b"}
{"fold": "C1", "arm": "B0", "epoch": 9, "step": 100, "loss": 1.7397667169570923}
{"fold": "C1", "arm": "B0", "epoch": 9, "step": 200, "loss": 0.9314395785331726}
{"fold": "C1", "arm": "B0", "epoch": 9, "step": 300, "loss": 1.49503493309021}
{"fold": "C1", "arm": "B0", "epoch": 9, "step": 400, "loss": 1.6563575267791748}
{"fold": "C1", "arm": "B0", "epoch": 9, "step": 500, "loss": 1.0165700912475586}
{"fold": "C1", "arm": "B0", "epoch": 9, "step": 600, "loss": 1.358485460281372}
{"fold": "C1", "arm": "B0", "epoch": 9, "seen": {"pooled_auroc": 0.7790182112707809, "rows": 1451, "videos": 462, "source_pair_acc": 0.6707317073170732, "source_pairs": 492, "same_query_pair_acc": 0.5769733812287005, "same_query_support": 47, "raw_r1_iou_05": 0.352067868504772, "raw_r1_iou_07": 0.176033934252386, "threshold_logit": 4.270240783691406, "gated_r1_iou_05": 0.22269353128313893, "score_distribution": {"0": {"mean": 0.6661065482483135, "std": 5.027689835129792, "quantiles": [-7.841659879684448, 0.8576109707355499, 6.786148214340211]}, "1": {"mean": 5.828169484378835, "std": 4.360599348291504, "quantiles": [0.5225834608078004, 6.074796199798584, 11.58994140625]}}}, "losses": {"gmr": 1.4118622239781007, "gmr_loss_span": 0.030436370821845204, "gmr_loss_giou": 0.2187516597810125, "gmr_loss_label": 0.02336283973602176, "gmr_class_error": 2.165715527751888, "gmr_loss_saliency": 0.0, "gmr_loss_exist": 0.16998599993707583, "gmr_loss_span_0": 0.030711356934024117, "gmr_loss_giou_0": 0.22114927918398272, "gmr_loss_label_0": 0.024261662459119836, "gmr_class_error_0": 2.0672204269826593, "gmr_loss_exist_0": 0.0, "coarse": 3.1472467513794595, "fine": 0.8413026937054283, "rotated_bce": 5.483560766130233, "exist_pair": 1.5771644621702494, "total": 1.4118622239781007}, "chains": 2631, "seconds": 46.861976623535156, "selected": false, "exposure_sha256": "f2aaaf6ef30d4a910efa11ba4cc63fc23a562a30950b4da88824ad02403c978a"}
{"fold": "C1", "arm": "B0", "epoch": 10, "step": 100, "loss": 1.0202451944351196}
{"fold": "C1", "arm": "B0", "epoch": 10, "step": 200, "loss": 1.6636766195297241}
{"fold": "C1", "arm": "B0", "epoch": 10, "step": 300, "loss": 1.6403117179870605}
{"fold": "C1", "arm": "B0", "epoch": 10, "step": 400, "loss": 1.8243452310562134}
{"fold": "C1", "arm": "B0", "epoch": 10, "step": 500, "loss": 1.4353777170181274}
{"fold": "C1", "arm": "B0", "epoch": 10, "step": 600, "loss": 1.1349804401397705}
{"fold": "C1", "arm": "B0", "epoch": 10, "seen": {"pooled_auroc": 0.7795651338916676, "rows": 1451, "videos": 462, "source_pair_acc": 0.6666666666666666, "source_pairs": 492, "same_query_pair_acc": 0.5900133554388873, "same_query_support": 47, "raw_r1_iou_05": 0.34994697773064687, "raw_r1_iou_07": 0.17815482502651114, "threshold_logit": 3.9594430923461914, "gated_r1_iou_05": 0.24708377518557795, "score_distribution": {"0": {"mean": 1.0443062629242699, "std": 5.034309899483869, "quantiles": [-7.548132848739624, 1.252979576587677, 7.290018129348756]}, "1": {"mean": 6.1748433488985075, "std": 4.268466142857576, "quantiles": [0.672050166130066, 6.595229625701904, 11.63168525695801]}}}, "losses": {"gmr": 1.427979568036494, "gmr_loss_span": 0.030573755901839052, "gmr_loss_giou": 0.22106073727678383, "gmr_loss_label": 0.023944513691804375, "gmr_class_error": 2.248068151502986, "gmr_loss_saliency": 0.0, "gmr_loss_exist": 0.17354194221821384, "gmr_loss_span_0": 0.03097506888822219, "gmr_loss_giou_0": 0.22398560584769062, "gmr_loss_label_0": 0.024531245108490023, "gmr_class_error_0": 2.3967984092271797, "gmr_loss_exist_0": 0.0, "coarse": 3.1426398739626342, "fine": 0.8449533500207593, "rotated_bce": 5.4508311230360915, "exist_pair": 1.5487372791875822, "total": 1.427979568036494}, "chains": 2630, "seconds": 47.34427213668823, "selected": false, "exposure_sha256": "bab766f8cfc7a21dae8053be8f9dbe20a3851fae58fa23c3255a839edc038b32"}
COMPLETED {"fold": "C1", "arm": "B0", "seed": 3407, "best_epoch": 5, "seen_val": {"pooled_auroc": 0.7843621880244821, "rows": 1451, "videos": 462, "source_pair_acc": 0.6747967479674797, "source_pairs": 492, "same_query_pair_acc": 0.5537732952626571, "same_query_support": 47, "raw_r1_iou_05": 0.35418875927889715, "raw_r1_iou_07": 0.176033934252386, "threshold_logit": 3.533430576324463, "gated_r1_iou_05": 0.23647932131495228}, "epoch0": {"seen": {"pooled_auroc": 0.7882616210619483, "rows": 1451, "videos": 462, "source_pair_acc": 0.676829268292683, "source_pairs": 492, "same_query_pair_acc": 0.5633719412974733, "same_query_support": 47, "raw_r1_iou_05": 0.3743372216330859, "raw_r1_iou_07": 0.20042417815482502, "threshold_logit": 1.8752331733703613, "gated_r1_iou_05": 0.2735949098621421}}, "elapsed_seconds": 469.93398332595825, "peak_gpu_bytes": 0, "formal_U_accessed": false}
{"fold": "C1", "arm": "S1_saliency_only", "epoch": 1, "step": 100, "loss": 6.311300754547119}
{"fold": "C1", "arm": "S1_saliency_only", "epoch": 1, "step": 200, "loss": 5.30381965637207}
{"fold": "C1", "arm": "S1_saliency_only", "epoch": 1, "step": 300, "loss": 5.3290791511535645}
{"fold": "C1", "arm": "S1_saliency_only", "epoch": 1, "step": 400, "loss": 4.679791450500488}
{"fold": "C1", "arm": "S1_saliency_only", "epoch": 1, "step": 500, "loss": 5.304734706878662}
{"fold": "C1", "arm": "S1_saliency_only", "epoch": 1, "step": 600, "loss": 5.536628246307373}
{"fold": "C1", "arm": "S1_saliency_only", "epoch": 1, "seen": {"pooled_auroc": 0.7900547757617256, "rows": 1451, "videos": 462, "source_pair_acc": 0.6707317073170732, "source_pairs": 492, "same_query_pair_acc": 0.5979383500660096, "same_query_support": 47, "raw_r1_iou_05": 0.3647932131495228, "raw_r1_iou_07": 0.1792152704135737, "threshold_logit": 4.507059574127197, "gated_r1_iou_05": 0.2301166489925769, "score_distribution": {"0": {"mean": 0.7579286978616724, "std": 4.5984423835366535, "quantiles": [-7.341628885269165, 1.1938026547431946, 6.0770293235778805]}, "1": {"mean": 5.65441616736787, "std": 3.8649470952695397, "quantiles": [0.7639803886413574, 5.81741189956665, 10.624289703369142]}}}, "losses": {"gmr": 1.544800562427399, "gmr_loss_span": 0.03341212503946072, "gmr_loss_giou": 0.23804705479043595, "gmr_loss_label": 0.025671768064488936, "gmr_class_error": 2.487576446996996, "gmr_loss_saliency": 0.0, "gmr_loss_exist": 0.18714736924877554, "gmr_loss_span_0": 0.03373375038777713, "gmr_loss_giou_0": 0.24055698914821388, "gmr_loss_label_0": 0.026225830220240862, "gmr_class_error_0": 2.512376222929331, "gmr_loss_exist_0": 0.0, "coarse": 2.9516047942239827, "fine": 0.8899456135770107, "rotated_bce": 4.875922004502595, "exist_pair": 1.482447511802419, "total": 5.386350977746911}, "chains": 2630, "seconds": 51.330620527267456, "selected": true, "exposure_sha256": "dd1b8444924396e221771e46273c471327997116a6848aa6d70e304376c56a7b"}
{"fold": "C1", "arm": "S1_saliency_only", "epoch": 2, "step": 100, "loss": 5.151432991027832}
{"fold": "C1", "arm": "S1_saliency_only", "epoch": 2, "step": 200, "loss": 5.645760536193848}
{"fold": "C1", "arm": "S1_saliency_only", "epoch": 2, "step": 300, "loss": 5.661421298980713}
{"fold": "C1", "arm": "S1_saliency_only", "epoch": 2, "step": 400, "loss": 5.474396705627441}
{"fold": "C1", "arm": "S1_saliency_only", "epoch": 2, "step": 500, "loss": 4.616689205169678}
{"fold": "C1", "arm": "S1_saliency_only", "epoch": 2, "step": 600, "loss": 5.667535781860352}
{"fold": "C1", "arm": "S1_saliency_only", "epoch": 2, "seen": {"pooled_auroc": 0.7867523651272117, "rows": 1451, "videos": 462, "source_pair_acc": 0.6686991869918699, "source_pairs": 492, "same_query_pair_acc": 0.6075558011728225, "same_query_support": 47, "raw_r1_iou_05": 0.3584305408271474, "raw_r1_iou_07": 0.18875927889713678, "threshold_logit": 3.8853888511657715, "gated_r1_iou_05": 0.23966065747614, "score_distribution": {"0": {"mean": 0.6163183870747333, "std": 4.720631175139309, "quantiles": [-7.484346771240235, 0.9501181244850159, 6.331989574432373]}, "1": {"mean": 5.623544526658755, "std": 4.050274135131673, "quantiles": [0.5630623698234559, 5.89487361907959, 10.892764282226564]}}}, "losses": {"gmr": 1.5153789249415819, "gmr_loss_span": 0.03278379798314809, "gmr_loss_giou": 0.2345586208722874, "gmr_loss_label": 0.025023666254349482, "gmr_class_error": 2.320070342089992, "gmr_loss_saliency": 0.0, "gmr_loss_exist": 0.18267001498753832, "gmr_loss_span_0": 0.033099978538031906, "gmr_loss_giou_0": 0.2365308926981452, "gmr_loss_label_0": 0.025671741012257374, "gmr_class_error_0": 2.3296618592050664, "gmr_loss_exist_0": 0.0, "coarse": 2.7567025462907138, "fine": 0.9230272330592831, "rotated_bce": 4.989542980324534, "exist_pair": 1.5037157269913737, "total": 5.1951087061032695}, "chains": 2632, "seconds": 51.452980756759644, "selected": false, "exposure_sha256": "6060c7700ed87ffcfe4ab42acbbed6cdcc22e3a662a36bf54f696481bef07c67"}
{"fold": "C1", "arm": "S1_saliency_only", "epoch": 3, "step": 100, "loss": 4.350035190582275}
{"fold": "C1", "arm": "S1_saliency_only", "epoch": 3, "step": 200, "loss": 5.232504844665527}
{"fold": "C1", "arm": "S1_saliency_only", "epoch": 3, "step": 300, "loss": 4.946511268615723}
{"fold": "C1", "arm": "S1_saliency_only", "epoch": 3, "step": 400, "loss": 5.120320796966553}
{"fold": "C1", "arm": "S1_saliency_only", "epoch": 3, "step": 500, "loss": 5.494359493255615}
{"fold": "C1", "arm": "S1_saliency_only", "epoch": 3, "step": 600, "loss": 5.422598361968994}
{"fold": "C1", "arm": "S1_saliency_only", "epoch": 3, "seen": {"pooled_auroc": 0.7844895249705663, "rows": 1451, "videos": 462, "source_pair_acc": 0.6686991869918699, "source_pairs": 492, "same_query_pair_acc": 0.5942444966381136, "same_query_support": 47, "raw_r1_iou_05": 0.37009544008483564, "raw_r1_iou_07": 0.19088016967126192, "threshold_logit": 4.206130504608154, "gated_r1_iou_05": 0.2449628844114528, "score_distribution": {"0": {"mean": 0.890574307591603, "std": 4.837306702024818, "quantiles": [-7.392526912689209, 1.2006734609603882, 6.661939907073975]}, "1": {"mean": 5.926240279136793, "std": 4.06911202170241, "quantiles": [0.7105468273162842, 6.330944061279297, 11.114586830139162]}}}, "losses": {"gmr": 1.5127116732503143, "gmr_loss_span": 0.03267877352760827, "gmr_loss_giou": 0.23358831401789804, "gmr_loss_label": 0.024833532010621214, "gmr_class_error": 2.2192384319827188, "gmr_loss_saliency": 0.0, "gmr_loss_exist": 0.18436223516094932, "gmr_loss_span_0": 0.03299891816786176, "gmr_loss_giou_0": 0.23511662404406758, "gmr_loss_label_0": 0.025883363605134393, "gmr_class_error_0": 2.2155364596010343, "gmr_loss_exist_0": 0.0, "coarse": 2.587749097303779, "fine": 0.9036584149559218, "rotated_bce": 4.977323925241511, "exist_pair": 1.541978569491837, "total": 5.004119192575612}, "chains": 2630, "seconds": 51.603378772735596, "selected": false, "exposure_sha256": "4717bd3aa38344b0bda292298aee7a5d827fed945d71364f3c6ad61b08b2577d"}
{"fold": "C1", "arm": "S1_saliency_only", "epoch": 4, "step": 100, "loss": 5.04872989654541}
{"fold": "C1", "arm": "S1_saliency_only", "epoch": 4, "step": 200, "loss": 5.054831504821777}
{"fold": "C1", "arm": "S1_saliency_only", "epoch": 4, "step": 300, "loss": 5.057820796966553}
{"fold": "C1", "arm": "S1_saliency_only", "epoch": 4, "step": 400, "loss": 4.679355144500732}
{"fold": "C1", "arm": "S1_saliency_only", "epoch": 4, "step": 500, "loss": 4.873021602630615}
{"fold": "C1", "arm": "S1_saliency_only", "epoch": 4, "step": 600, "loss": 4.918985366821289}
{"fold": "C1", "arm": "S1_saliency_only", "epoch": 4, "seen": {"pooled_auroc": 0.7788846118519385, "rows": 1451, "videos": 462, "source_pair_acc": 0.6666666666666666, "source_pairs": 492, "same_query_pair_acc": 0.6208939700960978, "same_query_support": 47, "raw_r1_iou_05": 0.3584305408271474, "raw_r1_iou_07": 0.18133616118769882, "threshold_logit": 4.286876201629639, "gated_r1_iou_05": 0.22693531283138918, "score_distribution": {"0": {"mean": 0.9023009209460983, "std": 4.833991964712488, "quantiles": [-7.386122751235962, 1.1487708687782288, 6.563111019134522]}, "1": {"mean": 5.737420397770146, "std": 3.9450387377709033, "quantiles": [0.7133052110671997, 6.013329982757568, 10.88184051513672]}}}, "losses": {"gmr": 1.5068406881170069, "gmr_loss_span": 0.032554171922811986, "gmr_loss_giou": 0.23142433404288393, "gmr_loss_label": 0.024667492221282245, "gmr_class_error": 2.2540031247588277, "gmr_loss_saliency": 0.0, "gmr_loss_exist": 0.18682875432495855, "gmr_loss_span_0": 0.0328322621147321, "gmr_loss_giou_0": 0.23369811442440042, "gmr_loss_label_0": 0.025588794519394456, "gmr_class_error_0": 2.30874932935535, "gmr_loss_exist_0": 0.0, "coarse": 2.501234364002309, "fine": 0.8902668932107444, "rotated_bce": 5.085236376904427, "exist_pair": 1.5045645465242101, "total": 4.898341953210918}, "chains": 2631, "seconds": 51.51239848136902, "selected": false, "exposure_sha256": "5ed8e3c879cb94ac5518c4ba3f688bdaafbc201d174b38bf87129c2f6b3f3713"}
{"fold": "C1", "arm": "S1_saliency_only", "epoch": 5, "step": 100, "loss": 4.466506481170654}
{"fold": "C1", "arm": "S1_saliency_only", "epoch": 5, "step": 200, "loss": 3.753589153289795}
{"fold": "C1", "arm": "S1_saliency_only", "epoch": 5, "step": 300, "loss": 4.911933422088623}
{"fold": "C1", "arm": "S1_saliency_only", "epoch": 5, "step": 400, "loss": 4.366130828857422}
{"fold": "C1", "arm": "S1_saliency_only", "epoch": 5, "step": 500, "loss": 4.791974067687988}
{"fold": "C1", "arm": "S1_saliency_only", "epoch": 5, "step": 600, "loss": 4.792407035827637}
{"fold": "C1", "arm": "S1_saliency_only", "epoch": 5, "seen": {"pooled_auroc": 0.7861177678877098, "rows": 1451, "videos": 462, "source_pair_acc": 0.6646341463414634, "source_pairs": 492, "same_query_pair_acc": 0.5832139786927022, "same_query_support": 47, "raw_r1_iou_05": 0.36585365853658536, "raw_r1_iou_07": 0.18345705196182396, "threshold_logit": 4.671974182128906, "gated_r1_iou_05": 0.2163308589607635, "score_distribution": {"0": {"mean": 0.5481828527275737, "std": 4.756243686183321, "quantiles": [-7.790329837799072, 0.8798523545265198, 5.973469972610475]}, "1": {"mean": 5.549754651956663, "std": 4.049292253478973, "quantiles": [0.45263422131538394, 5.76873779296875, 10.827546119689941]}}}, "losses": {"gmr": 1.4987008067974565, "gmr_loss_span": 0.032283270482460776, "gmr_loss_giou": 0.23067492357593902, "gmr_loss_label": 0.024932161589240866, "gmr_class_error": 2.301864786350981, "gmr_loss_saliency": 0.0, "gmr_loss_exist": 0.18636104305371032, "gmr_loss_span_0": 0.032523279069812464, "gmr_loss_giou_0": 0.2312612278234089, "gmr_loss_label_0": 0.025652367386706513, "gmr_class_error_0": 2.1746028332000082, "gmr_loss_exist_0": 0.0, "coarse": 2.4360942952901032, "fine": 0.8858647835653242, "rotated_bce": 4.9397256656982975, "exist_pair": 1.4761121033218132, "total": 4.820659880580148}, "chains": 2631, "seconds": 51.47183060646057, "selected": false, "exposure_sha256": "0f11eeedbb5c2ea71e3af78014338bb0875143849220d57ab62495e8e10abf76"}
{"fold": "C1", "arm": "S1_saliency_only", "epoch": 6, "step": 100, "loss": 5.0234832763671875}
{"fold": "C1", "arm": "S1_saliency_only", "epoch": 6, "step": 200, "loss": 4.453810691833496}
{"fold": "C1", "arm": "S1_saliency_only", "epoch": 6, "step": 300, "loss": 5.2353315353393555}
{"fold": "C1", "arm": "S1_saliency_only", "epoch": 6, "step": 400, "loss": 4.112045764923096}
{"fold": "C1", "arm": "S1_saliency_only", "epoch": 6, "step": 500, "loss": 5.385524272918701}
{"fold": "C1", "arm": "S1_saliency_only", "epoch": 6, "step": 600, "loss": 5.4374799728393555}
{"fold": "C1", "arm": "S1_saliency_only", "epoch": 6, "seen": {"pooled_auroc": 0.7830804685999615, "rows": 1451, "videos": 462, "source_pair_acc": 0.6727642276422764, "source_pairs": 492, "same_query_pair_acc": 0.5895109913726935, "same_query_support": 47, "raw_r1_iou_05": 0.36267232237539765, "raw_r1_iou_07": 0.18875927889713678, "threshold_logit": 4.95216178894043, "gated_r1_iou_05": 0.22269353128313893, "score_distribution": {"0": {"mean": 0.9003867893883093, "std": 4.884849274194395, "quantiles": [-7.808895063400269, 1.323619544506073, 6.581783437728882]}, "1": {"mean": 5.86012373976844, "std": 3.974867869654741, "quantiles": [0.7536448001861573, 6.230075359344482, 10.942721176147463]}}}, "losses": {"gmr": 1.4825376271295692, "gmr_loss_span": 0.0321655309812865, "gmr_loss_giou": 0.22914796409771798, "gmr_loss_label": 0.024354455416518234, "gmr_class_error": 2.3278734270924857, "gmr_loss_saliency": 0.0, "gmr_loss_exist": 0.17941471507863388, "gmr_loss_span_0": 0.032440625332114725, "gmr_loss_giou_0": 0.23069228490072904, "gmr_loss_label_0": 0.0249508206971771, "gmr_class_error_0": 2.111462404662715, "gmr_loss_exist_0": 0.0, "coarse": 2.3640373224183056, "fine": 0.8910795371401998, "rotated_bce": 4.984910816407131, "exist_pair": 1.4933075989995683, "total": 4.737654476180265}, "chains": 2632, "seconds": 84.16399359703064, "selected": false, "exposure_sha256": "093a4239ceeba0c16bad6a6ffced2e1bd5e0469eebc0f071116f3e0dd6c4877f"}
{"fold": "C1", "arm": "S1_saliency_only", "epoch": 7, "step": 100, "loss": 4.932827949523926}
{"fold": "C1", "arm": "S1_saliency_only", "epoch": 7, "step": 200, "loss": 4.617400169372559}
{"fold": "C1", "arm": "S1_saliency_only", "epoch": 7, "step": 300, "loss": 5.48366641998291}
{"fold": "C1", "arm": "S1_saliency_only", "epoch": 7, "step": 400, "loss": 5.3669023513793945}
{"fold": "C1", "arm": "S1_saliency_only", "epoch": 7, "step": 500, "loss": 4.954621315002441}
{"fold": "C1", "arm": "S1_saliency_only", "epoch": 7, "step": 600, "loss": 3.796569347381592}
{"fold": "C1", "arm": "S1_saliency_only", "epoch": 7, "seen": {"pooled_auroc": 0.7840762017685223, "rows": 1451, "videos": 462, "source_pair_acc": 0.6666666666666666, "source_pairs": 492, "same_query_pair_acc": 0.5973849436615395, "same_query_support": 47, "raw_r1_iou_05": 0.3616118769883351, "raw_r1_iou_07": 0.18345705196182396, "threshold_logit": 4.430799961090088, "gated_r1_iou_05": 0.23435843054082714, "score_distribution": {"0": {"mean": 0.9441802121522859, "std": 4.861531570842787, "quantiles": [-7.695676040649414, 1.3439047932624817, 6.486735582351686]}, "1": {"mean": 5.890933538505596, "std": 3.92661805775991, "quantiles": [0.7594528436660767, 6.307555198669434, 10.93839626312256]}}}, "losses": {"gmr": 1.4980917318432527, "gmr_loss_span": 0.03248648579291841, "gmr_loss_giou": 0.2314169330120449, "gmr_loss_label": 0.024406942439840196, "gmr_class_error": 2.3235406034985573, "gmr_loss_saliency": 0.0, "gmr_loss_exist": 0.18218895518376654, "gmr_loss_span_0": 0.03271484292058506, "gmr_loss_giou_0": 0.23342674910614555, "gmr_loss_label_0": 0.025354511728708413, "gmr_class_error_0": 2.324619826574818, "gmr_loss_exist_0": 0.0, "coarse": 2.3279392849710576, "fine": 0.8664001046161883, "rotated_bce": 4.937477133194364, "exist_pair": 1.4565130394733423, "total": 4.69243111472724}, "chains": 2631, "seconds": 87.33982062339783, "selected": false, "exposure_sha256": "5344ac7be05830f16adeda1df1d49db84f81100012e9df4890e426e7bafb068b"}
{"fold": "C1", "arm": "S1_saliency_only", "epoch": 8, "step": 100, "loss": 4.95195198059082}
{"fold": "C1", "arm": "S1_saliency_only", "epoch": 8, "step": 200, "loss": 5.13147497177124}
{"fold": "C1", "arm": "S1_saliency_only", "epoch": 8, "step": 300, "loss": 4.731626033782959}
{"fold": "C1", "arm": "S1_saliency_only", "epoch": 8, "step": 400, "loss": 3.1686482429504395}
{"fold": "C1", "arm": "S1_saliency_only", "epoch": 8, "step": 500, "loss": 3.7878527641296387}
{"fold": "C1", "arm": "S1_saliency_only", "epoch": 8, "step": 600, "loss": 2.9851441383361816}
{"fold": "C1", "arm": "S1_saliency_only", "epoch": 8, "seen": {"pooled_auroc": 0.786547791017109, "rows": 1451, "videos": 462, "source_pair_acc": 0.6646341463414634, "source_pairs": 492, "same_query_pair_acc": 0.5871899082005465, "same_query_support": 47, "raw_r1_iou_05": 0.3584305408271474, "raw_r1_iou_07": 0.18027571580063625, "threshold_logit": 4.4545578956604, "gated_r1_iou_05": 0.22375397667020147, "score_distribution": {"0": {"mean": 0.6812712352018891, "std": 4.840103185179294, "quantiles": [-7.901150798797607, 1.0018229484558105, 6.212807130813599]}, "1": {"mean": 5.748923427858888, "std": 4.062820182337262, "quantiles": [0.5337560653686524, 6.133555889129639, 10.964303016662598]}}}, "losses": {"gmr": 1.4758116784066777, "gmr_loss_span": 0.031872889215245524, "gmr_loss_giou": 0.22857386992513953, "gmr_loss_label": 0.024164843630600483, "gmr_class_error": 2.145424179030769, "gmr_loss_saliency": 0.0, "gmr_loss_exist": 0.17729950524402335, "gmr_loss_span_0": 0.032325272061961126, "gmr_loss_giou_0": 0.23127604860212303, "gmr_loss_label_0": 0.025005317975322527, "gmr_class_error_0": 2.2381360943918893, "gmr_loss_exist_0": 0.0, "coarse": 2.275190097763908, "fine": 0.8665156501223613, "rotated_bce": 5.051119426282344, "exist_pair": 1.4945303687038844, "total": 4.617517424934179}, "chains": 2632, "seconds": 87.08964943885803, "selected": false, "exposure_sha256": "1b15c3ec4d3ee56d618a9da3e35bc77a5daf107294deb14d54cf59df1a7a033b"}
{"fold": "C1", "arm": "S1_saliency_only", "epoch": 9, "step": 100, "loss": 5.405538082122803}
{"fold": "C1", "arm": "S1_saliency_only", "epoch": 9, "step": 200, "loss": 3.61824107170105}
{"fold": "C1", "arm": "S1_saliency_only", "epoch": 9, "step": 300, "loss": 4.66225528717041}
{"fold": "C1", "arm": "S1_saliency_only", "epoch": 9, "step": 400, "loss": 3.7050695419311523}
{"fold": "C1", "arm": "S1_saliency_only", "epoch": 9, "step": 500, "loss": 4.448493957519531}
{"fold": "C1", "arm": "S1_saliency_only", "epoch": 9, "step": 600, "loss": 4.337986946105957}
{"fold": "C1", "arm": "S1_saliency_only", "epoch": 9, "seen": {"pooled_auroc": 0.786547791017109, "rows": 1451, "videos": 462, "source_pair_acc": 0.6666666666666666, "source_pairs": 492, "same_query_pair_acc": 0.5961115716434866, "same_query_support": 47, "raw_r1_iou_05": 0.35418875927889715, "raw_r1_iou_07": 0.18451749734888653, "threshold_logit": 3.8748857975006104, "gated_r1_iou_05": 0.23329798515376457, "score_distribution": {"0": {"mean": 0.596684324819096, "std": 4.824851982426881, "quantiles": [-7.98243556022644, 0.8871439099311829, 6.035272264480591]}, "1": {"mean": 5.709946128368883, "std": 4.1543794883639675, "quantiles": [0.44763112664222715, 5.8780131340026855, 11.170056915283206]}}}, "losses": {"gmr": 1.4610794447475655, "gmr_loss_span": 0.03159294624764778, "gmr_loss_giou": 0.22624959775153264, "gmr_loss_label": 0.02421896016978203, "gmr_class_error": 2.27324984936004, "gmr_loss_saliency": 0.0, "gmr_loss_exist": 0.17578987226719575, "gmr_loss_span_0": 0.03183361864436452, "gmr_loss_giou_0": 0.22789188706539684, "gmr_loss_label_0": 0.025001649774531735, "gmr_class_error_0": 2.234452476617413, "gmr_loss_exist_0": 0.0, "coarse": 2.2320640444030877, "fine": 0.8644000005124188, "rotated_bce": 5.138667778765901, "exist_pair": 1.5535907703692426, "total": 4.557543493331747}, "chains": 2631, "seconds": 86.55771374702454, "selected": false, "exposure_sha256": "f2aaaf6ef30d4a910efa11ba4cc63fc23a562a30950b4da88824ad02403c978a"}
{"fold": "C1", "arm": "S1_saliency_only", "epoch": 10, "step": 100, "loss": 3.529097080230713}
{"fold": "C1", "arm": "S1_saliency_only", "epoch": 10, "step": 200, "loss": 4.845519542694092}
{"fold": "C1", "arm": "S1_saliency_only", "epoch": 10, "step": 300, "loss": 4.4928483963012695}
{"fold": "C1", "arm": "S1_saliency_only", "epoch": 10, "step": 400, "loss": 4.18675422668457}
{"fold": "C1", "arm": "S1_saliency_only", "epoch": 10, "step": 500, "loss": 4.7400383949279785}
{"fold": "C1", "arm": "S1_saliency_only", "epoch": 10, "step": 600, "loss": 4.087325096130371}
{"fold": "C1", "arm": "S1_saliency_only", "epoch": 10, "seen": {"pooled_auroc": 0.7845563246799876, "rows": 1451, "videos": 462, "source_pair_acc": 0.6666666666666666, "source_pairs": 492, "same_query_pair_acc": 0.5892557796813116, "same_query_support": 47, "raw_r1_iou_05": 0.36585365853658536, "raw_r1_iou_07": 0.18345705196182396, "threshold_logit": 4.414689064025879, "gated_r1_iou_05": 0.22693531283138918, "score_distribution": {"0": {"mean": 0.8282165296199754, "std": 4.91878754912623, "quantiles": [-7.8236206531524655, 1.1582379341125488, 6.352425622940063]}, "1": {"mean": 5.90523450016533, "std": 4.0773175458643145, "quantiles": [0.5685401916503906, 6.240376949310303, 11.105823516845703]}}}, "losses": {"gmr": 1.4815522540122905, "gmr_loss_span": 0.0318421051812027, "gmr_loss_giou": 0.22880171877997263, "gmr_loss_label": 0.024545123659096953, "gmr_class_error": 2.2149677682430187, "gmr_loss_saliency": 0.0, "gmr_loss_exist": 0.18156164694445825, "gmr_loss_span_0": 0.032198570929127986, "gmr_loss_giou_0": 0.23087439755130684, "gmr_loss_label_0": 0.025431809302894993, "gmr_class_error_0": 2.346019605735153, "gmr_loss_exist_0": 0.0, "coarse": 2.2118249015605196, "fine": 0.8655788758514862, "rotated_bce": 5.135953943055451, "exist_pair": 1.5190072242612171, "total": 4.558956044423182}, "chains": 2630, "seconds": 86.98320412635803, "selected": false, "exposure_sha256": "bab766f8cfc7a21dae8053be8f9dbe20a3851fae58fa23c3255a839edc038b32"}
COMPLETED {"fold": "C1", "arm": "S1_saliency_only", "seed": 3407, "best_epoch": 1, "seen_val": {"pooled_auroc": 0.7900547757617256, "rows": 1451, "videos": 462, "source_pair_acc": 0.6707317073170732, "source_pairs": 492, "same_query_pair_acc": 0.5979383500660096, "same_query_support": 47, "raw_r1_iou_05": 0.3647932131495228, "raw_r1_iou_07": 0.1792152704135737, "threshold_logit": 4.507059574127197, "gated_r1_iou_05": 0.2301166489925769}, "epoch0": {"seen": {"pooled_auroc": 0.7882616210619483, "rows": 1451, "videos": 462, "source_pair_acc": 0.676829268292683, "source_pairs": 492, "same_query_pair_acc": 0.5633719412974733, "same_query_support": 47, "raw_r1_iou_05": 0.3743372216330859, "raw_r1_iou_07": 0.20042417815482502, "threshold_logit": 1.8752331733703613, "gated_r1_iou_05": 0.2735949098621421}}, "elapsed_seconds": 691.346533536911, "peak_gpu_bytes": 0, "formal_U_accessed": false}
Traceback (most recent call last):
  File "/home/guoxiangyu/VLMbasedIter_momentretrival/Unseen3/research_ideas/10_shine_absence_aware_transfer/code/train_ablation_v2.py", line 340, in <module>
    if __name__=='__main__':main()
  File "/home/guoxiangyu/VLMbasedIter_momentretrival/Unseen3/research_ideas/10_shine_absence_aware_transfer/code/train_ablation_v2.py", line 336, in main
    results.append(run_arm(args,opt,checkpoint,datasets,arm))
  File "/home/guoxiangyu/VLMbasedIter_momentretrival/Unseen3/research_ideas/10_shine_absence_aware_transfer/code/train_ablation_v2.py", line 165, in run_arm
    raise RuntimeError(f'Existing run: {run}')
RuntimeError: Existing run: /home/guoxiangyu/VLMbasedIter_momentretrival/Unseen3/research_ideas/10_shine_absence_aware_transfer/runs/ablation_v2/C1/E1_rotated_exist_only/seed3407/component_v2_10ep
