Loaded datasets C2_alt
{"fold": "C2_alt", "arm": "baseline", "epoch": 1, "step": 100, "loss": 2.898627758026123}
{"fold": "C2_alt", "arm": "baseline", "epoch": 1, "step": 200, "loss": 3.253344774246216}
{"fold": "C2_alt", "arm": "baseline", "epoch": 1, "step": 300, "loss": 2.4429802894592285}
{"fold": "C2_alt", "arm": "baseline", "epoch": 1, "step": 400, "loss": 2.8027560710906982}
{"fold": "C2_alt", "arm": "baseline", "epoch": 1, "step": 500, "loss": 2.0288007259368896}
{"fold": "C2_alt", "arm": "baseline", "epoch": 1, "step": 600, "loss": 2.6780974864959717}
{"fold": "C2_alt", "arm": "baseline", "epoch": 1, "seen": {"pooled_auroc": 0.7040287003446856, "rows": 1476, "videos": 466, "source_pair_acc": 0.7510460251046025, "source_pairs": 478, "same_query_pair_acc": 0.5273343904157858, "same_query_support": 43, "raw_r1_iou_05": 0.3717277486910995, "raw_r1_iou_07": 0.19790575916230366, "threshold_logit": 1.885887622833252, "gated_r1_iou_05": 0.26596858638743454}, "losses": {"gmr": 2.687690223735499}, "chains": 0, "seconds": 31.764958381652832, "selected": true}
{"fold": "C2_alt", "arm": "baseline", "epoch": 2, "step": 100, "loss": 2.1382102966308594}
{"fold": "C2_alt", "arm": "baseline", "epoch": 2, "step": 200, "loss": 2.2906742095947266}
{"fold": "C2_alt", "arm": "baseline", "epoch": 2, "step": 300, "loss": 2.283804416656494}
{"fold": "C2_alt", "arm": "baseline", "epoch": 2, "step": 400, "loss": 2.889638900756836}
{"fold": "C2_alt", "arm": "baseline", "epoch": 2, "step": 500, "loss": 2.242800712585449}
{"fold": "C2_alt", "arm": "baseline", "epoch": 2, "step": 600, "loss": 2.6019458770751953}
{"fold": "C2_alt", "arm": "baseline", "epoch": 2, "seen": {"pooled_auroc": 0.7037573735566922, "rows": 1476, "videos": 466, "source_pair_acc": 0.7510460251046025, "source_pairs": 478, "same_query_pair_acc": 0.5743745595489781, "same_query_support": 43, "raw_r1_iou_05": 0.3706806282722513, "raw_r1_iou_07": 0.19267015706806281, "threshold_logit": 1.5888214111328125, "gated_r1_iou_05": 0.28167539267015707}, "losses": {"gmr": 2.659138388123857}, "chains": 0, "seconds": 31.417397260665894, "selected": false}
{"fold": "C2_alt", "arm": "baseline", "epoch": 3, "step": 100, "loss": 2.564990282058716}
{"fold": "C2_alt", "arm": "baseline", "epoch": 3, "step": 200, "loss": 1.8546819686889648}
{"fold": "C2_alt", "arm": "baseline", "epoch": 3, "step": 300, "loss": 3.311128854751587}
{"fold": "C2_alt", "arm": "baseline", "epoch": 3, "step": 400, "loss": 2.5084798336029053}
{"fold": "C2_alt", "arm": "baseline", "epoch": 3, "step": 500, "loss": 2.6245694160461426}
{"fold": "C2_alt", "arm": "baseline", "epoch": 3, "step": 600, "loss": 2.5252676010131836}
{"fold": "C2_alt", "arm": "baseline", "epoch": 3, "seen": {"pooled_auroc": 0.6999708574931414, "rows": 1476, "videos": 466, "source_pair_acc": 0.7510460251046025, "source_pairs": 478, "same_query_pair_acc": 0.5508104298801973, "same_query_support": 43, "raw_r1_iou_05": 0.3675392670157068, "raw_r1_iou_07": 0.18638743455497384, "threshold_logit": 1.927652359008789, "gated_r1_iou_05": 0.25863874345549737}, "losses": {"gmr": 2.6206769164068153}, "chains": 0, "seconds": 31.285170555114746, "selected": false}
{"fold": "C2_alt", "arm": "baseline", "epoch": 4, "step": 100, "loss": 2.909400224685669}
{"fold": "C2_alt", "arm": "baseline", "epoch": 4, "step": 200, "loss": 2.1846492290496826}
{"fold": "C2_alt", "arm": "baseline", "epoch": 4, "step": 300, "loss": 2.4475889205932617}
{"fold": "C2_alt", "arm": "baseline", "epoch": 4, "step": 400, "loss": 2.919544219970703}
{"fold": "C2_alt", "arm": "baseline", "epoch": 4, "step": 500, "loss": 2.602540969848633}
{"fold": "C2_alt", "arm": "baseline", "epoch": 4, "step": 600, "loss": 2.8396518230438232}
{"fold": "C2_alt", "arm": "baseline", "epoch": 4, "seen": {"pooled_auroc": 0.7034277617549819, "rows": 1476, "videos": 466, "source_pair_acc": 0.7552301255230126, "source_pairs": 478, "same_query_pair_acc": 0.5809372797744891, "same_query_support": 43, "raw_r1_iou_05": 0.3612565445026178, "raw_r1_iou_07": 0.181151832460733, "threshold_logit": 1.487942099571228, "gated_r1_iou_05": 0.2837696335078534}, "losses": {"gmr": 2.600692059081721}, "chains": 0, "seconds": 31.218294143676758, "selected": false}
{"fold": "C2_alt", "arm": "baseline", "epoch": 5, "step": 100, "loss": 2.6545250415802}
{"fold": "C2_alt", "arm": "baseline", "epoch": 5, "step": 200, "loss": 2.741300344467163}
{"fold": "C2_alt", "arm": "baseline", "epoch": 5, "step": 300, "loss": 2.021864891052246}
{"fold": "C2_alt", "arm": "baseline", "epoch": 5, "step": 400, "loss": 2.4238386154174805}
{"fold": "C2_alt", "arm": "baseline", "epoch": 5, "step": 500, "loss": 3.0593554973602295}
{"fold": "C2_alt", "arm": "baseline", "epoch": 5, "step": 600, "loss": 2.821145534515381}
{"fold": "C2_alt", "arm": "baseline", "epoch": 5, "seen": {"pooled_auroc": 0.7048024841474811, "rows": 1476, "videos": 466, "source_pair_acc": 0.7510460251046025, "source_pairs": 478, "same_query_pair_acc": 0.5560958421423537, "same_query_support": 43, "raw_r1_iou_05": 0.3612565445026178, "raw_r1_iou_07": 0.181151832460733, "threshold_logit": 1.4028708934783936, "gated_r1_iou_05": 0.2858638743455497}, "losses": {"gmr": 2.579321690173034}, "chains": 0, "seconds": 31.561226844787598, "selected": true}
{"fold": "C2_alt", "arm": "baseline", "epoch": 6, "step": 100, "loss": 2.3086965084075928}
{"fold": "C2_alt", "arm": "baseline", "epoch": 6, "step": 200, "loss": 2.472398042678833}
{"fold": "C2_alt", "arm": "baseline", "epoch": 6, "step": 300, "loss": 2.2327914237976074}
{"fold": "C2_alt", "arm": "baseline", "epoch": 6, "step": 400, "loss": 2.633960723876953}
{"fold": "C2_alt", "arm": "baseline", "epoch": 6, "step": 500, "loss": 2.656632423400879}
{"fold": "C2_alt", "arm": "baseline", "epoch": 6, "step": 600, "loss": 3.4039957523345947}
{"fold": "C2_alt", "arm": "baseline", "epoch": 6, "seen": {"pooled_auroc": 0.7018018108550814, "rows": 1476, "videos": 466, "source_pair_acc": 0.7552301255230126, "source_pairs": 478, "same_query_pair_acc": 0.5583421423537702, "same_query_support": 43, "raw_r1_iou_05": 0.3539267015706806, "raw_r1_iou_07": 0.181151832460733, "threshold_logit": 2.034824848175049, "gated_r1_iou_05": 0.23979057591623038}, "losses": {"gmr": 2.5614482855581375}, "chains": 0, "seconds": 30.1197566986084, "selected": false}
{"fold": "C2_alt", "arm": "baseline", "epoch": 7, "step": 100, "loss": 2.9111926555633545}
{"fold": "C2_alt", "arm": "baseline", "epoch": 7, "step": 200, "loss": 1.9983817338943481}
{"fold": "C2_alt", "arm": "baseline", "epoch": 7, "step": 300, "loss": 2.323513984680176}
{"fold": "C2_alt", "arm": "baseline", "epoch": 7, "step": 400, "loss": 2.714592456817627}
{"fold": "C2_alt", "arm": "baseline", "epoch": 7, "step": 500, "loss": 2.523771286010742}
{"fold": "C2_alt", "arm": "baseline", "epoch": 7, "step": 600, "loss": 2.934441089630127}
{"fold": "C2_alt", "arm": "baseline", "epoch": 7, "seen": {"pooled_auroc": 0.6993317321703127, "rows": 1476, "videos": 466, "source_pair_acc": 0.7531380753138075, "source_pairs": 478, "same_query_pair_acc": 0.5619538407329105, "same_query_support": 43, "raw_r1_iou_05": 0.36544502617801045, "raw_r1_iou_07": 0.18638743455497384, "threshold_logit": 1.450724720954895, "gated_r1_iou_05": 0.30157068062827225}, "losses": {"gmr": 2.553032073629908}, "chains": 0, "seconds": 31.216330766677856, "selected": false}
{"fold": "C2_alt", "arm": "baseline", "epoch": 8, "step": 100, "loss": 2.22666335105896}
{"fold": "C2_alt", "arm": "baseline", "epoch": 8, "step": 200, "loss": 2.273799419403076}
{"fold": "C2_alt", "arm": "baseline", "epoch": 8, "step": 300, "loss": 2.7671141624450684}
{"fold": "C2_alt", "arm": "baseline", "epoch": 8, "step": 400, "loss": 2.430546283721924}
{"fold": "C2_alt", "arm": "baseline", "epoch": 8, "step": 500, "loss": 3.047172784805298}
{"fold": "C2_alt", "arm": "baseline", "epoch": 8, "step": 600, "loss": 3.07212495803833}
{"fold": "C2_alt", "arm": "baseline", "epoch": 8, "seen": {"pooled_auroc": 0.7016611228909367, "rows": 1476, "videos": 466, "source_pair_acc": 0.7531380753138075, "source_pairs": 478, "same_query_pair_acc": 0.5538847780126851, "same_query_support": 43, "raw_r1_iou_05": 0.35916230366492147, "raw_r1_iou_07": 0.17591623036649215, "threshold_logit": 1.2043827772140503, "gated_r1_iou_05": 0.2973821989528796}, "losses": {"gmr": 2.526447987879615}, "chains": 0, "seconds": 31.326122999191284, "selected": false}
{"fold": "C2_alt", "arm": "baseline", "epoch": 9, "step": 100, "loss": 1.8493270874023438}
{"fold": "C2_alt", "arm": "baseline", "epoch": 9, "step": 200, "loss": 1.7557899951934814}
{"fold": "C2_alt", "arm": "baseline", "epoch": 9, "step": 300, "loss": 3.0019237995147705}
{"fold": "C2_alt", "arm": "baseline", "epoch": 9, "step": 400, "loss": 2.082435369491577}
{"fold": "C2_alt", "arm": "baseline", "epoch": 9, "step": 500, "loss": 2.1746554374694824}
{"fold": "C2_alt", "arm": "baseline", "epoch": 9, "step": 600, "loss": 3.072559118270874}
{"fold": "C2_alt", "arm": "baseline", "epoch": 9, "seen": {"pooled_auroc": 0.706287747083237, "rows": 1476, "videos": 466, "source_pair_acc": 0.7552301255230126, "source_pairs": 478, "same_query_pair_acc": 0.5821969696969697, "same_query_support": 43, "raw_r1_iou_05": 0.35916230366492147, "raw_r1_iou_07": 0.17486910994764399, "threshold_logit": 1.3000702857971191, "gated_r1_iou_05": 0.29842931937172773}, "losses": {"gmr": 2.5344966676938965}, "chains": 0, "seconds": 31.33236074447632, "selected": true}
{"fold": "C2_alt", "arm": "baseline", "epoch": 10, "step": 100, "loss": 2.1463961601257324}
{"fold": "C2_alt", "arm": "baseline", "epoch": 10, "step": 200, "loss": 2.292968273162842}
{"fold": "C2_alt", "arm": "baseline", "epoch": 10, "step": 300, "loss": 2.5415432453155518}
{"fold": "C2_alt", "arm": "baseline", "epoch": 10, "step": 400, "loss": 2.7365822792053223}
{"fold": "C2_alt", "arm": "baseline", "epoch": 10, "step": 500, "loss": 1.7940276861190796}
{"fold": "C2_alt", "arm": "baseline", "epoch": 10, "step": 600, "loss": 2.530766010284424}
{"fold": "C2_alt", "arm": "baseline", "epoch": 10, "seen": {"pooled_auroc": 0.7060244596074806, "rows": 1476, "videos": 466, "source_pair_acc": 0.7510460251046025, "source_pairs": 478, "same_query_pair_acc": 0.5765327695560253, "same_query_support": 43, "raw_r1_iou_05": 0.35916230366492147, "raw_r1_iou_07": 0.17801047120418848, "threshold_logit": 1.306188702583313, "gated_r1_iou_05": 0.2848167539267016}, "losses": {"gmr": 2.5084824592593207}, "chains": 0, "seconds": 31.07775568962097, "selected": false}
{"fold": "C2_alt", "arm": "baseline", "epoch": 11, "step": 100, "loss": 2.1282718181610107}
{"fold": "C2_alt", "arm": "baseline", "epoch": 11, "step": 200, "loss": 2.790726900100708}
{"fold": "C2_alt", "arm": "baseline", "epoch": 11, "step": 300, "loss": 3.04280161857605}
{"fold": "C2_alt", "arm": "baseline", "epoch": 11, "step": 400, "loss": 2.6345860958099365}
{"fold": "C2_alt", "arm": "baseline", "epoch": 11, "step": 500, "loss": 2.2144691944122314}
{"fold": "C2_alt", "arm": "baseline", "epoch": 11, "step": 600, "loss": 2.259815216064453}
{"fold": "C2_alt", "arm": "baseline", "epoch": 11, "seen": {"pooled_auroc": 0.7027424103867915, "rows": 1476, "videos": 466, "source_pair_acc": 0.7552301255230126, "source_pairs": 478, "same_query_pair_acc": 0.5667899929527835, "same_query_support": 43, "raw_r1_iou_05": 0.33298429319371725, "raw_r1_iou_07": 0.1706806282722513, "threshold_logit": 1.3280417919158936, "gated_r1_iou_05": 0.2680628272251309}, "losses": {"gmr": 2.4829957379275056}, "chains": 0, "seconds": 31.23656153678894, "selected": false}
{"fold": "C2_alt", "arm": "baseline", "epoch": 12, "step": 100, "loss": 2.730722427368164}
{"fold": "C2_alt", "arm": "baseline", "epoch": 12, "step": 200, "loss": 2.9851956367492676}
{"fold": "C2_alt", "arm": "baseline", "epoch": 12, "step": 300, "loss": 2.329251289367676}
{"fold": "C2_alt", "arm": "baseline", "epoch": 12, "step": 400, "loss": 2.9752726554870605}
{"fold": "C2_alt", "arm": "baseline", "epoch": 12, "step": 500, "loss": 2.476045608520508}
{"fold": "C2_alt", "arm": "baseline", "epoch": 12, "step": 600, "loss": 2.284144401550293}
{"fold": "C2_alt", "arm": "baseline", "epoch": 12, "seen": {"pooled_auroc": 0.7094471967923144, "rows": 1476, "videos": 466, "source_pair_acc": 0.7573221757322176, "source_pairs": 478, "same_query_pair_acc": 0.5726291150709755, "same_query_support": 43, "raw_r1_iou_05": 0.35287958115183243, "raw_r1_iou_07": 0.17382198952879582, "threshold_logit": 1.2221249341964722, "gated_r1_iou_05": 0.2931937172774869}, "losses": {"gmr": 2.4799360914761763}, "chains": 0, "seconds": 31.263455629348755, "selected": true}
{"fold": "C2_alt", "arm": "baseline", "epoch": 13, "step": 100, "loss": 2.5213067531585693}
{"fold": "C2_alt", "arm": "baseline", "epoch": 13, "step": 200, "loss": 1.6156920194625854}
{"fold": "C2_alt", "arm": "baseline", "epoch": 13, "step": 300, "loss": 2.6818292140960693}
{"fold": "C2_alt", "arm": "baseline", "epoch": 13, "step": 400, "loss": 2.1618082523345947}
{"fold": "C2_alt", "arm": "baseline", "epoch": 13, "step": 500, "loss": 2.580535411834717}
{"fold": "C2_alt", "arm": "baseline", "epoch": 13, "step": 600, "loss": 2.2886297702789307}
{"fold": "C2_alt", "arm": "baseline", "epoch": 13, "seen": {"pooled_auroc": 0.7032890836188964, "rows": 1476, "videos": 466, "source_pair_acc": 0.7552301255230126, "source_pairs": 478, "same_query_pair_acc": 0.5691495519983892, "same_query_support": 43, "raw_r1_iou_05": 0.34450261780104713, "raw_r1_iou_07": 0.16649214659685863, "threshold_logit": 1.789417028427124, "gated_r1_iou_05": 0.24083769633507854}, "losses": {"gmr": 2.4718433358224043}, "chains": 0, "seconds": 31.291539430618286, "selected": false}
{"fold": "C2_alt", "arm": "baseline", "epoch": 14, "step": 100, "loss": 2.415761947631836}
{"fold": "C2_alt", "arm": "baseline", "epoch": 14, "step": 200, "loss": 2.3672754764556885}
{"fold": "C2_alt", "arm": "baseline", "epoch": 14, "step": 300, "loss": 3.156888961791992}
{"fold": "C2_alt", "arm": "baseline", "epoch": 14, "step": 400, "loss": 2.2629599571228027}
{"fold": "C2_alt", "arm": "baseline", "epoch": 14, "step": 500, "loss": 2.454178810119629}
{"fold": "C2_alt", "arm": "baseline", "epoch": 14, "step": 600, "loss": 2.4284701347351074}
{"fold": "C2_alt", "arm": "baseline", "epoch": 14, "seen": {"pooled_auroc": 0.708225221332315, "rows": 1476, "videos": 466, "source_pair_acc": 0.7552301255230126, "source_pairs": 478, "same_query_pair_acc": 0.5659783046410953, "same_query_support": 43, "raw_r1_iou_05": 0.3382198952879581, "raw_r1_iou_07": 0.16335078534031414, "threshold_logit": 2.2080254554748535, "gated_r1_iou_05": 0.225130890052356}, "losses": {"gmr": 2.4470759077244493}, "chains": 0, "seconds": 31.332448959350586, "selected": false}
{"fold": "C2_alt", "arm": "baseline", "epoch": 15, "step": 100, "loss": 2.0667457580566406}
{"fold": "C2_alt", "arm": "baseline", "epoch": 15, "step": 200, "loss": 2.2895772457122803}
{"fold": "C2_alt", "arm": "baseline", "epoch": 15, "step": 300, "loss": 2.3241114616394043}
{"fold": "C2_alt", "arm": "baseline", "epoch": 15, "step": 400, "loss": 2.48520827293396}
{"fold": "C2_alt", "arm": "baseline", "epoch": 15, "step": 500, "loss": 2.38598370552063}
{"fold": "C2_alt", "arm": "baseline", "epoch": 15, "step": 600, "loss": 2.1100635528564453}
{"fold": "C2_alt", "arm": "baseline", "epoch": 15, "seen": {"pooled_auroc": 0.707208248334355, "rows": 1476, "videos": 466, "source_pair_acc": 0.7552301255230126, "source_pairs": 478, "same_query_pair_acc": 0.5806642001409443, "same_query_support": 43, "raw_r1_iou_05": 0.3424083769633508, "raw_r1_iou_07": 0.1643979057591623, "threshold_logit": 2.4643471240997314, "gated_r1_iou_05": 0.20732984293193718}, "losses": {"gmr": 2.4504293013049896}, "chains": 0, "seconds": 31.22940945625305, "selected": false}
{"fold": "C2_alt", "arm": "baseline", "epoch": 16, "step": 100, "loss": 2.244621753692627}
{"fold": "C2_alt", "arm": "baseline", "epoch": 16, "step": 200, "loss": 2.5881757736206055}
{"fold": "C2_alt", "arm": "baseline", "epoch": 16, "step": 300, "loss": 3.040383815765381}
{"fold": "C2_alt", "arm": "baseline", "epoch": 16, "step": 400, "loss": 2.7270872592926025}
{"fold": "C2_alt", "arm": "baseline", "epoch": 16, "step": 500, "loss": 2.2159500122070312}
{"fold": "C2_alt", "arm": "baseline", "epoch": 16, "step": 600, "loss": 3.5707004070281982}
{"fold": "C2_alt", "arm": "baseline", "epoch": 16, "seen": {"pooled_auroc": 0.7088703761393211, "rows": 1476, "videos": 466, "source_pair_acc": 0.7594142259414226, "source_pairs": 478, "same_query_pair_acc": 0.5497256619349642, "same_query_support": 43, "raw_r1_iou_05": 0.3267015706806283, "raw_r1_iou_07": 0.15916230366492146, "threshold_logit": 2.1920006275177, "gated_r1_iou_05": 0.2157068062827225}, "losses": {"gmr": 2.4227269744298545}, "chains": 0, "seconds": 31.206947565078735, "selected": false}
{"fold": "C2_alt", "arm": "baseline", "epoch": 17, "step": 100, "loss": 2.6130311489105225}
{"fold": "C2_alt", "arm": "baseline", "epoch": 17, "step": 200, "loss": 2.176124095916748}
{"fold": "C2_alt", "arm": "baseline", "epoch": 17, "step": 300, "loss": 2.7823638916015625}
{"fold": "C2_alt", "arm": "baseline", "epoch": 17, "step": 400, "loss": 2.3970727920532227}
{"fold": "C2_alt", "arm": "baseline", "epoch": 17, "step": 500, "loss": 2.4806947708129883}
{"fold": "C2_alt", "arm": "baseline", "epoch": 17, "step": 600, "loss": 2.3525240421295166}
{"fold": "C2_alt", "arm": "baseline", "epoch": 17, "seen": {"pooled_auroc": 0.7060968134176121, "rows": 1476, "videos": 466, "source_pair_acc": 0.7510460251046025, "source_pairs": 478, "same_query_pair_acc": 0.4934800664451828, "same_query_support": 43, "raw_r1_iou_05": 0.34659685863874345, "raw_r1_iou_07": 0.16649214659685863, "threshold_logit": 1.7804536819458008, "gated_r1_iou_05": 0.23141361256544501}, "losses": {"gmr": 2.417431917714785}, "chains": 0, "seconds": 31.219586610794067, "selected": false}
{"fold": "C2_alt", "arm": "baseline", "epoch": 18, "step": 100, "loss": 2.354656934738159}
{"fold": "C2_alt", "arm": "baseline", "epoch": 18, "step": 200, "loss": 2.8797247409820557}
{"fold": "C2_alt", "arm": "baseline", "epoch": 18, "step": 300, "loss": 2.278560161590576}
{"fold": "C2_alt", "arm": "baseline", "epoch": 18, "step": 400, "loss": 2.3770828247070312}
{"fold": "C2_alt", "arm": "baseline", "epoch": 18, "step": 500, "loss": 2.451484441757202}
{"fold": "C2_alt", "arm": "baseline", "epoch": 18, "step": 600, "loss": 2.4221770763397217}
{"fold": "C2_alt", "arm": "baseline", "epoch": 18, "seen": {"pooled_auroc": 0.7078674719377758, "rows": 1476, "videos": 466, "source_pair_acc": 0.7510460251046025, "source_pairs": 478, "same_query_pair_acc": 0.5713077620054364, "same_query_support": 43, "raw_r1_iou_05": 0.3308900523560209, "raw_r1_iou_07": 0.1643979057591623, "threshold_logit": 1.1002302169799805, "gated_r1_iou_05": 0.2743455497382199}, "losses": {"gmr": 2.4010286501732216}, "chains": 0, "seconds": 31.17332673072815, "selected": false}
{"fold": "C2_alt", "arm": "baseline", "epoch": 19, "step": 100, "loss": 2.7337887287139893}
{"fold": "C2_alt", "arm": "baseline", "epoch": 19, "step": 200, "loss": 2.3366386890411377}
{"fold": "C2_alt", "arm": "baseline", "epoch": 19, "step": 300, "loss": 2.4011027812957764}
{"fold": "C2_alt", "arm": "baseline", "epoch": 19, "step": 400, "loss": 2.344569683074951}
{"fold": "C2_alt", "arm": "baseline", "epoch": 19, "step": 500, "loss": 2.306957960128784}
{"fold": "C2_alt", "arm": "baseline", "epoch": 19, "step": 600, "loss": 1.6869417428970337}
{"fold": "C2_alt", "arm": "baseline", "epoch": 19, "seen": {"pooled_auroc": 0.7035664398910673, "rows": 1476, "videos": 466, "source_pair_acc": 0.7510460251046025, "source_pairs": 478, "same_query_pair_acc": 0.5540420819490587, "same_query_support": 43, "raw_r1_iou_05": 0.33612565445026177, "raw_r1_iou_07": 0.16963350785340314, "threshold_logit": 1.349863052368164, "gated_r1_iou_05": 0.2858638743455497}, "losses": {"gmr": 2.3857676709990905}, "chains": 0, "seconds": 31.215689182281494, "selected": false}
{"fold": "C2_alt", "arm": "baseline", "epoch": 20, "step": 100, "loss": 2.097151279449463}
{"fold": "C2_alt", "arm": "baseline", "epoch": 20, "step": 200, "loss": 2.0568137168884277}
{"fold": "C2_alt", "arm": "baseline", "epoch": 20, "step": 300, "loss": 2.678035259246826}
{"fold": "C2_alt", "arm": "baseline", "epoch": 20, "step": 400, "loss": 2.2454423904418945}
{"fold": "C2_alt", "arm": "baseline", "epoch": 20, "step": 500, "loss": 2.3887827396392822}
{"fold": "C2_alt", "arm": "baseline", "epoch": 20, "step": 600, "loss": 2.1991775035858154}
{"fold": "C2_alt", "arm": "baseline", "epoch": 20, "seen": {"pooled_auroc": 0.7060365185758358, "rows": 1476, "videos": 466, "source_pair_acc": 0.7552301255230126, "source_pairs": 478, "same_query_pair_acc": 0.5392177589852009, "same_query_support": 43, "raw_r1_iou_05": 0.3392670157068063, "raw_r1_iou_07": 0.1581151832460733, "threshold_logit": 1.1795291900634766, "gated_r1_iou_05": 0.27958115183246074}, "losses": {"gmr": 2.383837605456272}, "chains": 0, "seconds": 31.236119985580444, "selected": false}
{"fold": "C2_alt", "arm": "baseline", "epoch": 21, "step": 100, "loss": 3.080327033996582}
{"fold": "C2_alt", "arm": "baseline", "epoch": 21, "step": 200, "loss": 2.5960803031921387}
{"fold": "C2_alt", "arm": "baseline", "epoch": 21, "step": 300, "loss": 2.209585666656494}
{"fold": "C2_alt", "arm": "baseline", "epoch": 21, "step": 400, "loss": 2.1976819038391113}
{"fold": "C2_alt", "arm": "baseline", "epoch": 21, "step": 500, "loss": 2.6113643646240234}
{"fold": "C2_alt", "arm": "baseline", "epoch": 21, "step": 600, "loss": 2.341965675354004}
{"fold": "C2_alt", "arm": "baseline", "epoch": 21, "seen": {"pooled_auroc": 0.7043542924902775, "rows": 1476, "videos": 466, "source_pair_acc": 0.7573221757322176, "source_pairs": 478, "same_query_pair_acc": 0.5783549783549784, "same_query_support": 43, "raw_r1_iou_05": 0.33507853403141363, "raw_r1_iou_07": 0.1643979057591623, "threshold_logit": 1.4603126049041748, "gated_r1_iou_05": 0.24921465968586387}, "losses": {"gmr": 2.378803787102182}, "chains": 0, "seconds": 31.19898772239685, "selected": false}
{"fold": "C2_alt", "arm": "baseline", "epoch": 22, "step": 100, "loss": 2.542402505874634}
{"fold": "C2_alt", "arm": "baseline", "epoch": 22, "step": 200, "loss": 1.8238798379898071}
{"fold": "C2_alt", "arm": "baseline", "epoch": 22, "step": 300, "loss": 2.3429882526397705}
{"fold": "C2_alt", "arm": "baseline", "epoch": 22, "step": 400, "loss": 2.1812667846679688}
{"fold": "C2_alt", "arm": "baseline", "epoch": 22, "step": 500, "loss": 2.0892555713653564}
{"fold": "C2_alt", "arm": "baseline", "epoch": 22, "step": 600, "loss": 2.543402671813965}
{"fold": "C2_alt", "arm": "baseline", "epoch": 22, "seen": {"pooled_auroc": 0.706585201636, "rows": 1476, "videos": 466, "source_pair_acc": 0.7594142259414226, "source_pairs": 478, "same_query_pair_acc": 0.5861069163394745, "same_query_support": 43, "raw_r1_iou_05": 0.33403141361256544, "raw_r1_iou_07": 0.16230366492146597, "threshold_logit": 1.2370326519012451, "gated_r1_iou_05": 0.2680628272251309}, "losses": {"gmr": 2.358653648790107}, "chains": 0, "seconds": 31.02114987373352, "selected": false}
{"fold": "C2_alt", "arm": "baseline", "epoch": 23, "step": 100, "loss": 2.098853826522827}
{"fold": "C2_alt", "arm": "baseline", "epoch": 23, "step": 200, "loss": 2.234492301940918}
{"fold": "C2_alt", "arm": "baseline", "epoch": 23, "step": 300, "loss": 2.335712194442749}
{"fold": "C2_alt", "arm": "baseline", "epoch": 23, "step": 400, "loss": 2.580256223678589}
{"fold": "C2_alt", "arm": "baseline", "epoch": 23, "step": 500, "loss": 2.755664587020874}
{"fold": "C2_alt", "arm": "baseline", "epoch": 23, "step": 600, "loss": 2.7185704708099365}
{"fold": "C2_alt", "arm": "baseline", "epoch": 23, "seen": {"pooled_auroc": 0.705807398177086, "rows": 1476, "videos": 466, "source_pair_acc": 0.7594142259414226, "source_pairs": 478, "same_query_pair_acc": 0.5796322863183329, "same_query_support": 43, "raw_r1_iou_05": 0.35602094240837695, "raw_r1_iou_07": 0.16753926701570682, "threshold_logit": 1.282718539237976, "gated_r1_iou_05": 0.28272251308900526}, "losses": {"gmr": 2.33852595342211}, "chains": 0, "seconds": 31.311429023742676, "selected": false}
{"fold": "C2_alt", "arm": "baseline", "epoch": 24, "step": 100, "loss": 2.1578640937805176}
{"fold": "C2_alt", "arm": "baseline", "epoch": 24, "step": 200, "loss": 2.9779036045074463}
{"fold": "C2_alt", "arm": "baseline", "epoch": 24, "step": 300, "loss": 2.3052189350128174}
{"fold": "C2_alt", "arm": "baseline", "epoch": 24, "step": 400, "loss": 2.3240199089050293}
{"fold": "C2_alt", "arm": "baseline", "epoch": 24, "step": 500, "loss": 2.215543746948242}
{"fold": "C2_alt", "arm": "baseline", "epoch": 24, "step": 600, "loss": 2.6526360511779785}
{"fold": "C2_alt", "arm": "baseline", "epoch": 24, "seen": {"pooled_auroc": 0.7086784375596668, "rows": 1476, "videos": 466, "source_pair_acc": 0.7594142259414226, "source_pairs": 478, "same_query_pair_acc": 0.5569842947749924, "same_query_support": 43, "raw_r1_iou_05": 0.33403141361256544, "raw_r1_iou_07": 0.16544502617801046, "threshold_logit": 1.1330134868621826, "gated_r1_iou_05": 0.25654450261780104}, "losses": {"gmr": 2.3459865429315223}, "chains": 0, "seconds": 31.00446629524231, "selected": false}
{"fold": "C2_alt", "arm": "baseline", "epoch": 25, "step": 100, "loss": 2.1785855293273926}
{"fold": "C2_alt", "arm": "baseline", "epoch": 25, "step": 200, "loss": 2.144124984741211}
{"fold": "C2_alt", "arm": "baseline", "epoch": 25, "step": 300, "loss": 2.4440534114837646}
{"fold": "C2_alt", "arm": "baseline", "epoch": 25, "step": 400, "loss": 2.2574992179870605}
{"fold": "C2_alt", "arm": "baseline", "epoch": 25, "step": 500, "loss": 2.415170431137085}
{"fold": "C2_alt", "arm": "baseline", "epoch": 25, "step": 600, "loss": 2.6406748294830322}
{"fold": "C2_alt", "arm": "baseline", "epoch": 25, "seen": {"pooled_auroc": 0.7028991769754097, "rows": 1476, "videos": 466, "source_pair_acc": 0.7468619246861925, "source_pairs": 478, "same_query_pair_acc": 0.5748666062619552, "same_query_support": 43, "raw_r1_iou_05": 0.3424083769633508, "raw_r1_iou_07": 0.16858638743455498, "threshold_logit": 1.770323395729065, "gated_r1_iou_05": 0.24293193717277486}, "losses": {"gmr": 2.326998904706484}, "chains": 0, "seconds": 31.638129949569702, "selected": false}
{"fold": "C2_alt", "arm": "baseline", "epoch": 26, "step": 100, "loss": 2.238579511642456}
{"fold": "C2_alt", "arm": "baseline", "epoch": 26, "step": 200, "loss": 1.9232929944992065}
{"fold": "C2_alt", "arm": "baseline", "epoch": 26, "step": 300, "loss": 2.7135379314422607}
{"fold": "C2_alt", "arm": "baseline", "epoch": 26, "step": 400, "loss": 2.855738401412964}
{"fold": "C2_alt", "arm": "baseline", "epoch": 26, "step": 500, "loss": 1.9876712560653687}
{"fold": "C2_alt", "arm": "baseline", "epoch": 26, "step": 600, "loss": 2.1427338123321533}
{"fold": "C2_alt", "arm": "baseline", "epoch": 26, "seen": {"pooled_auroc": 0.7044306659565275, "rows": 1476, "videos": 466, "source_pair_acc": 0.7531380753138075, "source_pairs": 478, "same_query_pair_acc": 0.5380889459377831, "same_query_support": 43, "raw_r1_iou_05": 0.3392670157068063, "raw_r1_iou_07": 0.17172774869109947, "threshold_logit": 1.9780586957931519, "gated_r1_iou_05": 0.23769633507853402}, "losses": {"gmr": 2.3148428059845085}, "chains": 0, "seconds": 30.705016374588013, "selected": false}
{"fold": "C2_alt", "arm": "baseline", "epoch": 27, "step": 100, "loss": 2.609994411468506}
{"fold": "C2_alt", "arm": "baseline", "epoch": 27, "step": 200, "loss": 2.794757127761841}
{"fold": "C2_alt", "arm": "baseline", "epoch": 27, "step": 300, "loss": 2.6326816082000732}
{"fold": "C2_alt", "arm": "baseline", "epoch": 27, "step": 400, "loss": 2.052274227142334}
{"fold": "C2_alt", "arm": "baseline", "epoch": 27, "step": 500, "loss": 2.5692310333251953}
{"fold": "C2_alt", "arm": "baseline", "epoch": 27, "step": 600, "loss": 1.952973484992981}
{"fold": "C2_alt", "arm": "baseline", "epoch": 27, "seen": {"pooled_auroc": 0.7060103908110661, "rows": 1476, "videos": 466, "source_pair_acc": 0.7635983263598326, "source_pairs": 478, "same_query_pair_acc": 0.5469860565790798, "same_query_support": 43, "raw_r1_iou_05": 0.3382198952879581, "raw_r1_iou_07": 0.1612565445026178, "threshold_logit": 1.239304780960083, "gated_r1_iou_05": 0.2523560209424084}, "losses": {"gmr": 2.300070460481816}, "chains": 0, "seconds": 31.095730781555176, "selected": false}
{"fold": "C2_alt", "arm": "baseline", "epoch": 28, "step": 100, "loss": 2.8375840187072754}
{"fold": "C2_alt", "arm": "baseline", "epoch": 28, "step": 200, "loss": 2.594694137573242}
{"fold": "C2_alt", "arm": "baseline", "epoch": 28, "step": 300, "loss": 2.505709648132324}
{"fold": "C2_alt", "arm": "baseline", "epoch": 28, "step": 400, "loss": 2.0756258964538574}
{"fold": "C2_alt", "arm": "baseline", "epoch": 28, "step": 500, "loss": 2.804436683654785}
{"fold": "C2_alt", "arm": "baseline", "epoch": 28, "step": 600, "loss": 1.872963786125183}
{"fold": "C2_alt", "arm": "baseline", "epoch": 28, "seen": {"pooled_auroc": 0.7056365627920531, "rows": 1476, "videos": 466, "source_pair_acc": 0.7552301255230126, "source_pairs": 478, "same_query_pair_acc": 0.55059775495822, "same_query_support": 43, "raw_r1_iou_05": 0.3308900523560209, "raw_r1_iou_07": 0.1612565445026178, "threshold_logit": 1.2850022315979004, "gated_r1_iou_05": 0.2753926701570681}, "losses": {"gmr": 2.3018749979246094}, "chains": 0, "seconds": 31.587870121002197, "selected": false}
{"fold": "C2_alt", "arm": "baseline", "epoch": 29, "step": 100, "loss": 2.224687099456787}
{"fold": "C2_alt", "arm": "baseline", "epoch": 29, "step": 200, "loss": 2.5104997158050537}
{"fold": "C2_alt", "arm": "baseline", "epoch": 29, "step": 300, "loss": 1.8945783376693726}
{"fold": "C2_alt", "arm": "baseline", "epoch": 29, "step": 400, "loss": 1.8449383974075317}
{"fold": "C2_alt", "arm": "baseline", "epoch": 29, "step": 500, "loss": 2.697892904281616}
{"fold": "C2_alt", "arm": "baseline", "epoch": 29, "step": 600, "loss": 2.4242448806762695}
{"fold": "C2_alt", "arm": "baseline", "epoch": 29, "seen": {"pooled_auroc": 0.703582518515541, "rows": 1476, "videos": 466, "source_pair_acc": 0.7531380753138075, "source_pairs": 478, "same_query_pair_acc": 0.546237289841941, "same_query_support": 43, "raw_r1_iou_05": 0.33717277486910996, "raw_r1_iou_07": 0.16230366492146597, "threshold_logit": 1.7719556093215942, "gated_r1_iou_05": 0.23979057591623038}, "losses": {"gmr": 2.29503651448043}, "chains": 0, "seconds": 31.04959011077881, "selected": false}
{"fold": "C2_alt", "arm": "baseline", "epoch": 30, "step": 100, "loss": 2.9282333850860596}
{"fold": "C2_alt", "arm": "baseline", "epoch": 30, "step": 200, "loss": 2.806917905807495}
{"fold": "C2_alt", "arm": "baseline", "epoch": 30, "step": 300, "loss": 2.365586757659912}
{"fold": "C2_alt", "arm": "baseline", "epoch": 30, "step": 400, "loss": 2.070647954940796}
{"fold": "C2_alt", "arm": "baseline", "epoch": 30, "step": 500, "loss": 2.9973537921905518}
{"fold": "C2_alt", "arm": "baseline", "epoch": 30, "step": 600, "loss": 1.8413335084915161}
{"fold": "C2_alt", "arm": "baseline", "epoch": 30, "seen": {"pooled_auroc": 0.7072162876465917, "rows": 1476, "videos": 466, "source_pair_acc": 0.7552301255230126, "source_pairs": 478, "same_query_pair_acc": 0.5365914124635055, "same_query_support": 43, "raw_r1_iou_05": 0.3403141361256545, "raw_r1_iou_07": 0.17486910994764399, "threshold_logit": 2.1293044090270996, "gated_r1_iou_05": 0.24293193717277486}, "losses": {"gmr": 2.2793377686336815}, "chains": 0, "seconds": 31.04738998413086, "selected": false}
{"fold": "C2_alt", "arm": "baseline", "epoch": 31, "step": 100, "loss": 1.9705314636230469}
{"fold": "C2_alt", "arm": "baseline", "epoch": 31, "step": 200, "loss": 2.507073402404785}
{"fold": "C2_alt", "arm": "baseline", "epoch": 31, "step": 300, "loss": 2.4472432136535645}
{"fold": "C2_alt", "arm": "baseline", "epoch": 31, "step": 400, "loss": 1.857129693031311}
{"fold": "C2_alt", "arm": "baseline", "epoch": 31, "step": 500, "loss": 2.0668745040893555}
{"fold": "C2_alt", "arm": "baseline", "epoch": 31, "step": 600, "loss": 2.1989827156066895}
{"fold": "C2_alt", "arm": "baseline", "epoch": 31, "seen": {"pooled_auroc": 0.7049692998763956, "rows": 1476, "videos": 466, "source_pair_acc": 0.7573221757322176, "source_pairs": 478, "same_query_pair_acc": 0.45767139836907283, "same_query_support": 43, "raw_r1_iou_05": 0.34345549738219894, "raw_r1_iou_07": 0.17382198952879582, "threshold_logit": 1.6892768144607544, "gated_r1_iou_05": 0.22827225130890053}, "losses": {"gmr": 2.2625110955482506}, "chains": 0, "seconds": 31.01191520690918, "selected": false}
{"fold": "C2_alt", "arm": "baseline", "epoch": 32, "step": 100, "loss": 2.075500965118408}
{"fold": "C2_alt", "arm": "baseline", "epoch": 32, "step": 200, "loss": 1.9735398292541504}
{"fold": "C2_alt", "arm": "baseline", "epoch": 32, "step": 300, "loss": 2.307547092437744}
{"fold": "C2_alt", "arm": "baseline", "epoch": 32, "step": 400, "loss": 1.9827117919921875}
{"fold": "C2_alt", "arm": "baseline", "epoch": 32, "step": 500, "loss": 2.423072099685669}
{"fold": "C2_alt", "arm": "baseline", "epoch": 32, "step": 600, "loss": 2.3236870765686035}
{"fold": "C2_alt", "arm": "baseline", "epoch": 32, "seen": {"pooled_auroc": 0.7046336585905075, "rows": 1476, "videos": 466, "source_pair_acc": 0.7594142259414226, "source_pairs": 478, "same_query_pair_acc": 0.5607721735628712, "same_query_support": 43, "raw_r1_iou_05": 0.3413612565445026, "raw_r1_iou_07": 0.14973821989528796, "threshold_logit": 1.6037561893463135, "gated_r1_iou_05": 0.23455497382198953}, "losses": {"gmr": 2.2520774267165056}, "chains": 0, "seconds": 30.851208686828613, "selected": false}
{"fold": "C2_alt", "arm": "baseline", "epoch": 33, "step": 100, "loss": 2.5412912368774414}
{"fold": "C2_alt", "arm": "baseline", "epoch": 33, "step": 200, "loss": 2.3156726360321045}
{"fold": "C2_alt", "arm": "baseline", "epoch": 33, "step": 300, "loss": 2.2670373916625977}
{"fold": "C2_alt", "arm": "baseline", "epoch": 33, "step": 400, "loss": 2.1698648929595947}
{"fold": "C2_alt", "arm": "baseline", "epoch": 33, "step": 500, "loss": 2.4688146114349365}
{"fold": "C2_alt", "arm": "baseline", "epoch": 33, "step": 600, "loss": 1.536137580871582}
{"fold": "C2_alt", "arm": "baseline", "epoch": 33, "seen": {"pooled_auroc": 0.7085689019304399, "rows": 1476, "videos": 466, "source_pair_acc": 0.7552301255230126, "source_pairs": 478, "same_query_pair_acc": 0.5358426457263666, "same_query_support": 43, "raw_r1_iou_05": 0.33612565445026177, "raw_r1_iou_07": 0.1643979057591623, "threshold_logit": 1.7744554281234741, "gated_r1_iou_05": 0.23141361256544501}, "losses": {"gmr": 2.2511469364525323}, "chains": 0, "seconds": 30.93172335624695, "selected": false}
{"fold": "C2_alt", "arm": "baseline", "epoch": 34, "step": 100, "loss": 2.242224931716919}
{"fold": "C2_alt", "arm": "baseline", "epoch": 34, "step": 200, "loss": 2.545535087585449}
{"fold": "C2_alt", "arm": "baseline", "epoch": 34, "step": 300, "loss": 1.857019305229187}
{"fold": "C2_alt", "arm": "baseline", "epoch": 34, "step": 400, "loss": 2.130800724029541}
{"fold": "C2_alt", "arm": "baseline", "epoch": 34, "step": 500, "loss": 2.6212666034698486}
{"fold": "C2_alt", "arm": "baseline", "epoch": 34, "step": 600, "loss": 2.2034757137298584}
{"fold": "C2_alt", "arm": "baseline", "epoch": 34, "seen": {"pooled_auroc": 0.7059360271728753, "rows": 1476, "videos": 466, "source_pair_acc": 0.7573221757322176, "source_pairs": 478, "same_query_pair_acc": 0.5380449008355985, "same_query_support": 43, "raw_r1_iou_05": 0.34554973821989526, "raw_r1_iou_07": 0.15602094240837697, "threshold_logit": 2.29362154006958, "gated_r1_iou_05": 0.23769633507853402}, "losses": {"gmr": 2.2415427096995963}, "chains": 0, "seconds": 31.040985345840454, "selected": false}
{"fold": "C2_alt", "arm": "baseline", "epoch": 35, "step": 100, "loss": 1.7144124507904053}
{"fold": "C2_alt", "arm": "baseline", "epoch": 35, "step": 200, "loss": 1.988448977470398}
{"fold": "C2_alt", "arm": "baseline", "epoch": 35, "step": 300, "loss": 2.4136059284210205}
{"fold": "C2_alt", "arm": "baseline", "epoch": 35, "step": 400, "loss": 2.455207109451294}
{"fold": "C2_alt", "arm": "baseline", "epoch": 35, "step": 500, "loss": 2.4637112617492676}
{"fold": "C2_alt", "arm": "baseline", "epoch": 35, "step": 600, "loss": 1.754010558128357}
{"fold": "C2_alt", "arm": "baseline", "epoch": 35, "seen": {"pooled_auroc": 0.7091135653344857, "rows": 1476, "videos": 466, "source_pair_acc": 0.7573221757322176, "source_pairs": 478, "same_query_pair_acc": 0.5411721030907077, "same_query_support": 43, "raw_r1_iou_05": 0.33717277486910996, "raw_r1_iou_07": 0.1612565445026178, "threshold_logit": 2.275965452194214, "gated_r1_iou_05": 0.2198952879581152}, "losses": {"gmr": 2.2323009565652137}, "chains": 0, "seconds": 31.170004844665527, "selected": false}
{"fold": "C2_alt", "arm": "baseline", "epoch": 36, "step": 100, "loss": 1.8026163578033447}
{"fold": "C2_alt", "arm": "baseline", "epoch": 36, "step": 200, "loss": 2.3552663326263428}
{"fold": "C2_alt", "arm": "baseline", "epoch": 36, "step": 300, "loss": 2.3593497276306152}
{"fold": "C2_alt", "arm": "baseline", "epoch": 36, "step": 400, "loss": 2.24682879447937}
{"fold": "C2_alt", "arm": "baseline", "epoch": 36, "step": 500, "loss": 2.2881476879119873}
{"fold": "C2_alt", "arm": "baseline", "epoch": 36, "step": 600, "loss": 1.7876620292663574}
{"fold": "C2_alt", "arm": "baseline", "epoch": 36, "seen": {"pooled_auroc": 0.7055240124207375, "rows": 1476, "videos": 466, "source_pair_acc": 0.7552301255230126, "source_pairs": 478, "same_query_pair_acc": 0.5101643511527232, "same_query_support": 43, "raw_r1_iou_05": 0.33298429319371725, "raw_r1_iou_07": 0.16963350785340314, "threshold_logit": 1.907533884048462, "gated_r1_iou_05": 0.22408376963350785}, "losses": {"gmr": 2.2360871848930794}, "chains": 0, "seconds": 31.158531188964844, "selected": false}
{"fold": "C2_alt", "arm": "baseline", "epoch": 37, "step": 100, "loss": 2.4256911277770996}
{"fold": "C2_alt", "arm": "baseline", "epoch": 37, "step": 200, "loss": 2.1047654151916504}
{"fold": "C2_alt", "arm": "baseline", "epoch": 37, "step": 300, "loss": 2.0953471660614014}
{"fold": "C2_alt", "arm": "baseline", "epoch": 37, "step": 400, "loss": 2.138158082962036}
{"fold": "C2_alt", "arm": "baseline", "epoch": 37, "step": 500, "loss": 2.410616874694824}
{"fold": "C2_alt", "arm": "baseline", "epoch": 37, "step": 600, "loss": 2.485269784927368}
{"fold": "C2_alt", "arm": "baseline", "epoch": 37, "seen": {"pooled_auroc": 0.7055863170905727, "rows": 1476, "videos": 466, "source_pair_acc": 0.7552301255230126, "source_pairs": 478, "same_query_pair_acc": 0.5179162891372193, "same_query_support": 43, "raw_r1_iou_05": 0.3319371727748691, "raw_r1_iou_07": 0.16544502617801046, "threshold_logit": 1.8979324102401733, "gated_r1_iou_05": 0.2324607329842932}, "losses": {"gmr": 2.21572231294879}, "chains": 0, "seconds": 31.039112091064453, "selected": false}
{"fold": "C2_alt", "arm": "baseline", "epoch": 38, "step": 100, "loss": 1.7904268503189087}
{"fold": "C2_alt", "arm": "baseline", "epoch": 38, "step": 200, "loss": 1.7593517303466797}
{"fold": "C2_alt", "arm": "baseline", "epoch": 38, "step": 300, "loss": 1.7458856105804443}
{"fold": "C2_alt", "arm": "baseline", "epoch": 38, "step": 400, "loss": 1.9542310237884521}
{"fold": "C2_alt", "arm": "baseline", "epoch": 38, "step": 500, "loss": 1.9062891006469727}
{"fold": "C2_alt", "arm": "baseline", "epoch": 38, "step": 600, "loss": 2.0899906158447266}
{"fold": "C2_alt", "arm": "baseline", "epoch": 38, "seen": {"pooled_auroc": 0.7074795751223482, "rows": 1476, "videos": 466, "source_pair_acc": 0.7573221757322176, "source_pairs": 478, "same_query_pair_acc": 0.5389698479814758, "same_query_support": 43, "raw_r1_iou_05": 0.34659685863874345, "raw_r1_iou_07": 0.17801047120418848, "threshold_logit": 1.4892635345458984, "gated_r1_iou_05": 0.2607329842931937}, "losses": {"gmr": 2.21358109059104}, "chains": 0, "seconds": 30.842899084091187, "selected": false}
{"fold": "C2_alt", "arm": "baseline", "epoch": 39, "step": 100, "loss": 2.173417568206787}
{"fold": "C2_alt", "arm": "baseline", "epoch": 39, "step": 200, "loss": 2.627157688140869}
{"fold": "C2_alt", "arm": "baseline", "epoch": 39, "step": 300, "loss": 2.5217010974884033}
{"fold": "C2_alt", "arm": "baseline", "epoch": 39, "step": 400, "loss": 2.3986923694610596}
{"fold": "C2_alt", "arm": "baseline", "epoch": 39, "step": 500, "loss": 1.8835036754608154}
{"fold": "C2_alt", "arm": "baseline", "epoch": 39, "step": 600, "loss": 2.3656959533691406}
{"fold": "C2_alt", "arm": "baseline", "epoch": 39, "seen": {"pooled_auroc": 0.7004090000100491, "rows": 1476, "videos": 466, "source_pair_acc": 0.7552301255230126, "source_pairs": 478, "same_query_pair_acc": 0.5328475787778113, "same_query_support": 43, "raw_r1_iou_05": 0.3319371727748691, "raw_r1_iou_07": 0.16020942408376965, "threshold_logit": 2.582904100418091, "gated_r1_iou_05": 0.2261780104712042}, "losses": {"gmr": 2.200360615748957}, "chains": 0, "seconds": 31.173747539520264, "selected": false}
{"fold": "C2_alt", "arm": "baseline", "epoch": 40, "step": 100, "loss": 2.0150973796844482}
{"fold": "C2_alt", "arm": "baseline", "epoch": 40, "step": 200, "loss": 1.9596277475357056}
{"fold": "C2_alt", "arm": "baseline", "epoch": 40, "step": 300, "loss": 1.918043613433838}
{"fold": "C2_alt", "arm": "baseline", "epoch": 40, "step": 400, "loss": 2.4475369453430176}
{"fold": "C2_alt", "arm": "baseline", "epoch": 40, "step": 500, "loss": 2.525510549545288}
{"fold": "C2_alt", "arm": "baseline", "epoch": 40, "step": 600, "loss": 1.654138445854187}
{"fold": "C2_alt", "arm": "baseline", "epoch": 40, "seen": {"pooled_auroc": 0.7063118650199476, "rows": 1476, "videos": 466, "source_pair_acc": 0.7573221757322176, "source_pairs": 478, "same_query_pair_acc": 0.5408637873754153, "same_query_support": 43, "raw_r1_iou_05": 0.33403141361256544, "raw_r1_iou_07": 0.15916230366492146, "threshold_logit": 1.8436278104782104, "gated_r1_iou_05": 0.2356020942408377}, "losses": {"gmr": 2.195429647543344}, "chains": 0, "seconds": 31.380696058273315, "selected": false}
{"fold": "C2_alt", "arm": "baseline", "epoch": 41, "step": 100, "loss": 2.664984941482544}
{"fold": "C2_alt", "arm": "baseline", "epoch": 41, "step": 200, "loss": 1.9335334300994873}
{"fold": "C2_alt", "arm": "baseline", "epoch": 41, "step": 300, "loss": 2.9424326419830322}
{"fold": "C2_alt", "arm": "baseline", "epoch": 41, "step": 400, "loss": 2.157320737838745}
{"fold": "C2_alt", "arm": "baseline", "epoch": 41, "step": 500, "loss": 2.218104839324951}
{"fold": "C2_alt", "arm": "baseline", "epoch": 41, "step": 600, "loss": 2.2189781665802}
{"fold": "C2_alt", "arm": "baseline", "epoch": 41, "seen": {"pooled_auroc": 0.7065731426676448, "rows": 1476, "videos": 466, "source_pair_acc": 0.7552301255230126, "source_pairs": 478, "same_query_pair_acc": 0.523783096748213, "same_query_support": 43, "raw_r1_iou_05": 0.3382198952879581, "raw_r1_iou_07": 0.16335078534031414, "threshold_logit": 2.036318302154541, "gated_r1_iou_05": 0.22827225130890053}, "losses": {"gmr": 2.1917449822985984}, "chains": 0, "seconds": 31.26994752883911, "selected": false}
{"fold": "C2_alt", "arm": "baseline", "epoch": 42, "step": 100, "loss": 2.679443359375}
{"fold": "C2_alt", "arm": "baseline", "epoch": 42, "step": 200, "loss": 2.0985946655273438}
{"fold": "C2_alt", "arm": "baseline", "epoch": 42, "step": 300, "loss": 2.093968629837036}
{"fold": "C2_alt", "arm": "baseline", "epoch": 42, "step": 400, "loss": 2.227604389190674}
{"fold": "C2_alt", "arm": "baseline", "epoch": 42, "step": 500, "loss": 1.9861607551574707}
{"fold": "C2_alt", "arm": "baseline", "epoch": 42, "step": 600, "loss": 1.6744842529296875}
{"fold": "C2_alt", "arm": "baseline", "epoch": 42, "seen": {"pooled_auroc": 0.7051099878405402, "rows": 1476, "videos": 466, "source_pair_acc": 0.7552301255230126, "source_pairs": 478, "same_query_pair_acc": 0.4928986710963455, "same_query_support": 43, "raw_r1_iou_05": 0.3413612565445026, "raw_r1_iou_07": 0.17277486910994763, "threshold_logit": 2.2292659282684326, "gated_r1_iou_05": 0.2293193717277487}, "losses": {"gmr": 2.1796028395015075}, "chains": 0, "seconds": 31.338661432266235, "selected": false}
{"fold": "C2_alt", "arm": "baseline", "epoch": 43, "step": 100, "loss": 1.6854908466339111}
{"fold": "C2_alt", "arm": "baseline", "epoch": 43, "step": 200, "loss": 2.641112804412842}
{"fold": "C2_alt", "arm": "baseline", "epoch": 43, "step": 300, "loss": 1.8300373554229736}
{"fold": "C2_alt", "arm": "baseline", "epoch": 43, "step": 400, "loss": 2.626389503479004}
{"fold": "C2_alt", "arm": "baseline", "epoch": 43, "step": 500, "loss": 1.934542179107666}
{"fold": "C2_alt", "arm": "baseline", "epoch": 43, "step": 600, "loss": 1.9830100536346436}
{"fold": "C2_alt", "arm": "baseline", "epoch": 43, "seen": {"pooled_auroc": 0.7047180713689943, "rows": 1476, "videos": 466, "source_pair_acc": 0.7552301255230126, "source_pairs": 478, "same_query_pair_acc": 0.5371728078123427, "same_query_support": 43, "raw_r1_iou_05": 0.33717277486910996, "raw_r1_iou_07": 0.16020942408376965, "threshold_logit": 1.9034528732299805, "gated_r1_iou_05": 0.2293193717277487}, "losses": {"gmr": 2.156087214688221}, "chains": 0, "seconds": 31.25980019569397, "selected": false}
{"fold": "C2_alt", "arm": "baseline", "epoch": 44, "step": 100, "loss": 2.4108099937438965}
{"fold": "C2_alt", "arm": "baseline", "epoch": 44, "step": 200, "loss": 2.0550756454467773}
{"fold": "C2_alt", "arm": "baseline", "epoch": 44, "step": 300, "loss": 2.201185464859009}
{"fold": "C2_alt", "arm": "baseline", "epoch": 44, "step": 400, "loss": 2.132462501525879}
{"fold": "C2_alt", "arm": "baseline", "epoch": 44, "step": 500, "loss": 2.2122533321380615}
{"fold": "C2_alt", "arm": "baseline", "epoch": 44, "step": 600, "loss": 2.077120542526245}
{"fold": "C2_alt", "arm": "baseline", "epoch": 44, "seen": {"pooled_auroc": 0.7051783219945534, "rows": 1476, "videos": 466, "source_pair_acc": 0.7552301255230126, "source_pairs": 478, "same_query_pair_acc": 0.5132915534078325, "same_query_support": 43, "raw_r1_iou_05": 0.3267015706806283, "raw_r1_iou_07": 0.1581151832460733, "threshold_logit": 2.2545390129089355, "gated_r1_iou_05": 0.20628272251308902}, "losses": {"gmr": 2.1468704226146262}, "chains": 0, "seconds": 31.156129837036133, "selected": false}
{"fold": "C2_alt", "arm": "baseline", "epoch": 45, "step": 100, "loss": 1.6252135038375854}
{"fold": "C2_alt", "arm": "baseline", "epoch": 45, "step": 200, "loss": 2.0547618865966797}
{"fold": "C2_alt", "arm": "baseline", "epoch": 45, "step": 300, "loss": 2.086495876312256}
{"fold": "C2_alt", "arm": "baseline", "epoch": 45, "step": 400, "loss": 1.979228138923645}
{"fold": "C2_alt", "arm": "baseline", "epoch": 45, "step": 500, "loss": 2.0653488636016846}
{"fold": "C2_alt", "arm": "baseline", "epoch": 45, "step": 600, "loss": 3.187418222427368}
{"fold": "C2_alt", "arm": "baseline", "epoch": 45, "seen": {"pooled_auroc": 0.702191717498568, "rows": 1476, "videos": 466, "source_pair_acc": 0.7552301255230126, "source_pairs": 478, "same_query_pair_acc": 0.5688324272626598, "same_query_support": 43, "raw_r1_iou_05": 0.3413612565445026, "raw_r1_iou_07": 0.16963350785340314, "threshold_logit": 1.3215622901916504, "gated_r1_iou_05": 0.2628272251308901}, "losses": {"gmr": 2.1452817040753653}, "chains": 0, "seconds": 30.885521173477173, "selected": false}
{"fold": "C2_alt", "arm": "baseline", "epoch": 46, "step": 100, "loss": 1.9455914497375488}
{"fold": "C2_alt", "arm": "baseline", "epoch": 46, "step": 200, "loss": 2.448077917098999}
{"fold": "C2_alt", "arm": "baseline", "epoch": 46, "step": 300, "loss": 2.1438329219818115}
{"fold": "C2_alt", "arm": "baseline", "epoch": 46, "step": 400, "loss": 2.6054813861846924}
{"fold": "C2_alt", "arm": "baseline", "epoch": 46, "step": 500, "loss": 2.1982133388519287}
{"fold": "C2_alt", "arm": "baseline", "epoch": 46, "step": 600, "loss": 2.1894655227661133}
{"fold": "C2_alt", "arm": "baseline", "epoch": 46, "seen": {"pooled_auroc": 0.7024871622232718, "rows": 1476, "videos": 466, "source_pair_acc": 0.7531380753138075, "source_pairs": 478, "same_query_pair_acc": 0.5417446894191081, "same_query_support": 43, "raw_r1_iou_05": 0.3403141361256545, "raw_r1_iou_07": 0.16230366492146597, "threshold_logit": 1.2504236698150635, "gated_r1_iou_05": 0.2670157068062827}, "losses": {"gmr": 2.1372447489614945}, "chains": 0, "seconds": 31.24638819694519, "selected": false}
{"fold": "C2_alt", "arm": "baseline", "epoch": 47, "step": 100, "loss": 2.483396053314209}
{"fold": "C2_alt", "arm": "baseline", "epoch": 47, "step": 200, "loss": 2.1968514919281006}
{"fold": "C2_alt", "arm": "baseline", "epoch": 47, "step": 300, "loss": 1.958688735961914}
{"fold": "C2_alt", "arm": "baseline", "epoch": 47, "step": 400, "loss": 1.558038592338562}
{"fold": "C2_alt", "arm": "baseline", "epoch": 47, "step": 500, "loss": 2.5365540981292725}
{"fold": "C2_alt", "arm": "baseline", "epoch": 47, "step": 600, "loss": 2.250330924987793}
{"fold": "C2_alt", "arm": "baseline", "epoch": 47, "seen": {"pooled_auroc": 0.7045150787350142, "rows": 1476, "videos": 466, "source_pair_acc": 0.7573221757322176, "source_pairs": 478, "same_query_pair_acc": 0.5435593476291151, "same_query_support": 43, "raw_r1_iou_05": 0.3298429319371728, "raw_r1_iou_07": 0.1612565445026178, "threshold_logit": 1.0306241512298584, "gated_r1_iou_05": 0.2617801047120419}, "losses": {"gmr": 2.1308359943599586}, "chains": 0, "seconds": 30.73260760307312, "selected": false}
{"fold": "C2_alt", "arm": "baseline", "epoch": 48, "step": 100, "loss": 1.5992096662521362}
{"fold": "C2_alt", "arm": "baseline", "epoch": 48, "step": 200, "loss": 2.552347183227539}
{"fold": "C2_alt", "arm": "baseline", "epoch": 48, "step": 300, "loss": 2.0509443283081055}
{"fold": "C2_alt", "arm": "baseline", "epoch": 48, "step": 400, "loss": 1.9626896381378174}
{"fold": "C2_alt", "arm": "baseline", "epoch": 48, "step": 500, "loss": 1.8995723724365234}
{"fold": "C2_alt", "arm": "baseline", "epoch": 48, "step": 600, "loss": 3.1231672763824463}
{"fold": "C2_alt", "arm": "baseline", "epoch": 48, "seen": {"pooled_auroc": 0.7050838600757705, "rows": 1476, "videos": 466, "source_pair_acc": 0.7615062761506276, "source_pairs": 478, "same_query_pair_acc": 0.5144014899828854, "same_query_support": 43, "raw_r1_iou_05": 0.32460732984293195, "raw_r1_iou_07": 0.15602094240837697, "threshold_logit": 1.5648329257965088, "gated_r1_iou_05": 0.23036649214659685}, "losses": {"gmr": 2.1260123491646294}, "chains": 0, "seconds": 30.56196165084839, "selected": false}
{"fold": "C2_alt", "arm": "baseline", "epoch": 49, "step": 100, "loss": 2.1905205249786377}
{"fold": "C2_alt", "arm": "baseline", "epoch": 49, "step": 200, "loss": 2.5180768966674805}
{"fold": "C2_alt", "arm": "baseline", "epoch": 49, "step": 300, "loss": 1.5718953609466553}
{"fold": "C2_alt", "arm": "baseline", "epoch": 49, "step": 400, "loss": 2.385199785232544}
{"fold": "C2_alt", "arm": "baseline", "epoch": 49, "step": 500, "loss": 2.4667117595672607}
{"fold": "C2_alt", "arm": "baseline", "epoch": 49, "step": 600, "loss": 2.517387628555298}
{"fold": "C2_alt", "arm": "baseline", "epoch": 49, "seen": {"pooled_auroc": 0.7077127151772166, "rows": 1476, "videos": 466, "source_pair_acc": 0.7573221757322176, "source_pairs": 478, "same_query_pair_acc": 0.5446076210611094, "same_query_support": 43, "raw_r1_iou_05": 0.3507853403141361, "raw_r1_iou_07": 0.18534031413612564, "threshold_logit": 2.2701587677001953, "gated_r1_iou_05": 0.22827225130890053}, "losses": {"gmr": 2.1115840106125336}, "chains": 0, "seconds": 31.190335273742676, "selected": false}
{"fold": "C2_alt", "arm": "baseline", "epoch": 50, "step": 100, "loss": 2.4538445472717285}
{"fold": "C2_alt", "arm": "baseline", "epoch": 50, "step": 200, "loss": 1.8132214546203613}
{"fold": "C2_alt", "arm": "baseline", "epoch": 50, "step": 300, "loss": 2.55517578125}
{"fold": "C2_alt", "arm": "baseline", "epoch": 50, "step": 400, "loss": 1.9460196495056152}
{"fold": "C2_alt", "arm": "baseline", "epoch": 50, "step": 500, "loss": 2.0305683612823486}
{"fold": "C2_alt", "arm": "baseline", "epoch": 50, "step": 600, "loss": 1.7299096584320068}
{"fold": "C2_alt", "arm": "baseline", "epoch": 50, "seen": {"pooled_auroc": 0.7052305775240928, "rows": 1476, "videos": 466, "source_pair_acc": 0.7635983263598326, "source_pairs": 478, "same_query_pair_acc": 0.545884929024464, "same_query_support": 43, "raw_r1_iou_05": 0.3382198952879581, "raw_r1_iou_07": 0.1643979057591623, "threshold_logit": 2.0165538787841797, "gated_r1_iou_05": 0.2293193717277487}, "losses": {"gmr": 2.1031408920345536}, "chains": 0, "seconds": 31.32081151008606, "selected": false}
COMPLETED {"fold": "C2_alt", "arm": "baseline", "seed": 3407, "best_epoch": 12, "seen_val": {"pooled_auroc": 0.7094471967923144, "rows": 1476, "videos": 466, "source_pair_acc": 0.7573221757322176, "source_pairs": 478, "same_query_pair_acc": 0.5726291150709755, "same_query_support": 43, "raw_r1_iou_05": 0.35287958115183243, "raw_r1_iou_07": 0.17382198952879582, "threshold_logit": 1.2221249341964722, "gated_r1_iou_05": 0.2931937172774869}, "epoch0": {"seen": {"pooled_auroc": 0.6950186411552491, "rows": 1476, "videos": 466, "source_pair_acc": 0.7510460251046025, "source_pairs": 478, "same_query_pair_acc": 0.5096282593375616, "same_query_support": 43, "raw_r1_iou_05": 0.374869109947644, "raw_r1_iou_07": 0.1905759162303665, "threshold_logit": 1.7230274677276611, "gated_r1_iou_05": 0.25968586387434556}}, "elapsed_seconds": 1560.0924038887024, "peak_gpu_bytes": 0, "formal_U_accessed": false}
{"fold": "C2_alt", "arm": "shine", "epoch": 1, "step": 100, "loss": 7.50534200668335}
{"fold": "C2_alt", "arm": "shine", "epoch": 1, "step": 200, "loss": 8.453763008117676}
{"fold": "C2_alt", "arm": "shine", "epoch": 1, "step": 300, "loss": 7.296308994293213}
{"fold": "C2_alt", "arm": "shine", "epoch": 1, "step": 400, "loss": 7.751079559326172}
{"fold": "C2_alt", "arm": "shine", "epoch": 1, "step": 500, "loss": 7.3639397621154785}
{"fold": "C2_alt", "arm": "shine", "epoch": 1, "step": 600, "loss": 7.811948299407959}
{"fold": "C2_alt", "arm": "shine", "epoch": 1, "seen": {"pooled_auroc": 0.7181939685059944, "rows": 1476, "videos": 466, "source_pair_acc": 0.7615062761506276, "source_pairs": 478, "same_query_pair_acc": 0.5229122621564481, "same_query_support": 43, "raw_r1_iou_05": 0.374869109947644, "raw_r1_iou_07": 0.18534031413612564, "threshold_logit": -0.3721705675125122, "gated_r1_iou_05": 0.23979057591623038}, "losses": {"gmr": 3.157764933015927, "coarse": 3.0724131931741554, "fine": 0.9212343949510391, "rotated_bce": 0.6509102822157992, "exist_pair": 0.3066723151020257}, "chains": 2656, "seconds": 53.08281636238098, "selected": true}
{"fold": "C2_alt", "arm": "shine", "epoch": 2, "step": 100, "loss": 7.44170618057251}
{"fold": "C2_alt", "arm": "shine", "epoch": 2, "step": 200, "loss": 7.342158794403076}
{"fold": "C2_alt", "arm": "shine", "epoch": 2, "step": 300, "loss": 6.373845100402832}
{"fold": "C2_alt", "arm": "shine", "epoch": 2, "step": 400, "loss": 8.173005104064941}
{"fold": "C2_alt", "arm": "shine", "epoch": 2, "step": 500, "loss": 7.072899341583252}
{"fold": "C2_alt", "arm": "shine", "epoch": 2, "step": 600, "loss": 7.579832077026367}
{"fold": "C2_alt", "arm": "shine", "epoch": 2, "seen": {"pooled_auroc": 0.7115072705530041, "rows": 1476, "videos": 466, "source_pair_acc": 0.7594142259414226, "source_pairs": 478, "same_query_pair_acc": 0.5505285412262156, "same_query_support": 43, "raw_r1_iou_05": 0.37277486910994767, "raw_r1_iou_07": 0.187434554973822, "threshold_logit": -0.3216714560985565, "gated_r1_iou_05": 0.24712041884816754}, "losses": {"gmr": 3.142029282917459, "coarse": 2.936678728784423, "fine": 0.9207063670079392, "rotated_bce": 0.573466219142618, "exist_pair": 0.22743570701365012}, "chains": 2655, "seconds": 52.30575513839722, "selected": false}
{"fold": "C2_alt", "arm": "shine", "epoch": 3, "step": 100, "loss": 6.588510513305664}
{"fold": "C2_alt", "arm": "shine", "epoch": 3, "step": 200, "loss": 7.3178629875183105}
{"fold": "C2_alt", "arm": "shine", "epoch": 3, "step": 300, "loss": 8.342180252075195}
{"fold": "C2_alt", "arm": "shine", "epoch": 3, "step": 400, "loss": 7.042799949645996}
{"fold": "C2_alt", "arm": "shine", "epoch": 3, "step": 500, "loss": 7.70393705368042}
{"fold": "C2_alt", "arm": "shine", "epoch": 3, "step": 600, "loss": 6.528960704803467}
{"fold": "C2_alt", "arm": "shine", "epoch": 3, "seen": {"pooled_auroc": 0.7095919044125776, "rows": 1476, "videos": 466, "source_pair_acc": 0.7510460251046025, "source_pairs": 478, "same_query_pair_acc": 0.5646229739252995, "same_query_support": 43, "raw_r1_iou_05": 0.362303664921466, "raw_r1_iou_07": 0.17905759162303664, "threshold_logit": -0.3051825165748596, "gated_r1_iou_05": 0.2450261780104712}, "losses": {"gmr": 3.1233542184513734, "coarse": 2.8316330855869385, "fine": 0.9091611587139498, "rotated_bce": 0.5696985891694764, "exist_pair": 0.2151426098096263}, "chains": 2656, "seconds": 52.37169933319092, "selected": false}
{"fold": "C2_alt", "arm": "shine", "epoch": 4, "step": 100, "loss": 7.826240539550781}
{"fold": "C2_alt", "arm": "shine", "epoch": 4, "step": 200, "loss": 7.324849605560303}
{"fold": "C2_alt", "arm": "shine", "epoch": 4, "step": 300, "loss": 6.8650078773498535}
{"fold": "C2_alt", "arm": "shine", "epoch": 4, "step": 400, "loss": 7.213196754455566}
{"fold": "C2_alt", "arm": "shine", "epoch": 4, "step": 500, "loss": 6.649799823760986}
{"fold": "C2_alt", "arm": "shine", "epoch": 4, "step": 600, "loss": 7.9785637855529785}
{"fold": "C2_alt", "arm": "shine", "epoch": 4, "seen": {"pooled_auroc": 0.7034237420988635, "rows": 1476, "videos": 466, "source_pair_acc": 0.7594142259414226, "source_pairs": 478, "same_query_pair_acc": 0.5821176885130374, "same_query_support": 43, "raw_r1_iou_05": 0.3633507853403141, "raw_r1_iou_07": 0.17486910994764399, "threshold_logit": -0.26651838421821594, "gated_r1_iou_05": 0.23769633507853402}, "losses": {"gmr": 3.1136702528919082, "coarse": 2.7314813803118394, "fine": 0.8990456761724978, "rotated_bce": 0.5687530770987631, "exist_pair": 0.21105498517582932}, "chains": 2654, "seconds": 52.20088315010071, "selected": false}
{"fold": "C2_alt", "arm": "shine", "epoch": 5, "step": 100, "loss": 7.471681594848633}
{"fold": "C2_alt", "arm": "shine", "epoch": 5, "step": 200, "loss": 7.6355299949646}
{"fold": "C2_alt", "arm": "shine", "epoch": 5, "step": 300, "loss": 6.459466457366943}
{"fold": "C2_alt", "arm": "shine", "epoch": 5, "step": 400, "loss": 7.799919128417969}
{"fold": "C2_alt", "arm": "shine", "epoch": 5, "step": 500, "loss": 7.7177276611328125}
{"fold": "C2_alt", "arm": "shine", "epoch": 5, "step": 600, "loss": 7.21973991394043}
{"fold": "C2_alt", "arm": "shine", "epoch": 5, "seen": {"pooled_auroc": 0.7046537568710997, "rows": 1476, "videos": 466, "source_pair_acc": 0.7447698744769874, "source_pairs": 478, "same_query_pair_acc": 0.5560253699788583, "same_query_support": 43, "raw_r1_iou_05": 0.3539267015706806, "raw_r1_iou_07": 0.18219895287958116, "threshold_logit": -0.3068813681602478, "gated_r1_iou_05": 0.23979057591623038}, "losses": {"gmr": 3.1015576763325425, "coarse": 2.6542314635701927, "fine": 0.8927788823304406, "rotated_bce": 0.5688602346253683, "exist_pair": 0.20854979141963176}, "chains": 2656, "seconds": 52.32795071601868, "selected": false}
{"fold": "C2_alt", "arm": "shine", "epoch": 6, "step": 100, "loss": 7.077702045440674}
{"fold": "C2_alt", "arm": "shine", "epoch": 6, "step": 200, "loss": 8.439388275146484}
{"fold": "C2_alt", "arm": "shine", "epoch": 6, "step": 300, "loss": 7.267516136169434}
{"fold": "C2_alt", "arm": "shine", "epoch": 6, "step": 400, "loss": 7.700078964233398}
{"fold": "C2_alt", "arm": "shine", "epoch": 6, "step": 500, "loss": 6.4996819496154785}
{"fold": "C2_alt", "arm": "shine", "epoch": 6, "step": 600, "loss": 7.678542613983154}
{"fold": "C2_alt", "arm": "shine", "epoch": 6, "seen": {"pooled_auroc": 0.7081689461466572, "rows": 1476, "videos": 466, "source_pair_acc": 0.7468619246861925, "source_pairs": 478, "same_query_pair_acc": 0.59526955602537, "same_query_support": 43, "raw_r1_iou_05": 0.36544502617801045, "raw_r1_iou_07": 0.19162303664921465, "threshold_logit": -0.3040216863155365, "gated_r1_iou_05": 0.2628272251308901}, "losses": {"gmr": 3.089084999388959, "coarse": 2.583158629845424, "fine": 0.9035602076405502, "rotated_bce": 0.5676821117031287, "exist_pair": 0.20979050074490796}, "chains": 2655, "seconds": 52.428460121154785, "selected": false}
{"fold": "C2_alt", "arm": "shine", "epoch": 7, "step": 100, "loss": 7.931188583374023}
{"fold": "C2_alt", "arm": "shine", "epoch": 7, "step": 200, "loss": 6.947906017303467}
{"fold": "C2_alt", "arm": "shine", "epoch": 7, "step": 300, "loss": 7.571636199951172}
{"fold": "C2_alt", "arm": "shine", "epoch": 7, "step": 400, "loss": 7.828254699707031}
{"fold": "C2_alt", "arm": "shine", "epoch": 7, "step": 500, "loss": 6.7945075035095215}
{"fold": "C2_alt", "arm": "shine", "epoch": 7, "step": 600, "loss": 7.6201395988464355}
{"fold": "C2_alt", "arm": "shine", "epoch": 7, "seen": {"pooled_auroc": 0.6921606656550533, "rows": 1476, "videos": 466, "source_pair_acc": 0.7447698744769874, "source_pairs": 478, "same_query_pair_acc": 0.5623238195912614, "same_query_support": 43, "raw_r1_iou_05": 0.37905759162303665, "raw_r1_iou_07": 0.19790575916230366, "threshold_logit": -0.24292969703674316, "gated_r1_iou_05": 0.2607329842931937}, "losses": {"gmr": 3.081256885126413, "coarse": 2.542762356619519, "fine": 0.8900604739964727, "rotated_bce": 0.5668285028582596, "exist_pair": 0.20956916267792863}, "chains": 2656, "seconds": 52.46662926673889, "selected": false}
{"fold": "C2_alt", "arm": "shine", "epoch": 8, "step": 100, "loss": 7.4098429679870605}
{"fold": "C2_alt", "arm": "shine", "epoch": 8, "step": 200, "loss": 7.47774076461792}
{"fold": "C2_alt", "arm": "shine", "epoch": 8, "step": 300, "loss": 7.6249003410339355}
{"fold": "C2_alt", "arm": "shine", "epoch": 8, "step": 400, "loss": 5.739292144775391}
{"fold": "C2_alt", "arm": "shine", "epoch": 8, "step": 500, "loss": 7.24789571762085}
{"fold": "C2_alt", "arm": "shine", "epoch": 8, "step": 600, "loss": 8.076725006103516}
{"fold": "C2_alt", "arm": "shine", "epoch": 8, "seen": {"pooled_auroc": 0.6899056385726202, "rows": 1476, "videos": 466, "source_pair_acc": 0.7531380753138075, "source_pairs": 478, "same_query_pair_acc": 0.5998062015503876, "same_query_support": 43, "raw_r1_iou_05": 0.374869109947644, "raw_r1_iou_07": 0.193717277486911, "threshold_logit": -0.22996051609516144, "gated_r1_iou_05": 0.2764397905759162}, "losses": {"gmr": 3.0564989490681382, "coarse": 2.5031783521534448, "fine": 0.8851049923035036, "rotated_bce": 0.5665603789040842, "exist_pair": 0.20934020590418614}, "chains": 2655, "seconds": 52.510382890701294, "selected": false}
{"fold": "C2_alt", "arm": "shine", "epoch": 9, "step": 100, "loss": 6.212216377258301}
{"fold": "C2_alt", "arm": "shine", "epoch": 9, "step": 200, "loss": 6.975553512573242}
{"fold": "C2_alt", "arm": "shine", "epoch": 9, "step": 300, "loss": 7.457633018493652}
{"fold": "C2_alt", "arm": "shine", "epoch": 9, "step": 400, "loss": 6.76552152633667}
{"fold": "C2_alt", "arm": "shine", "epoch": 9, "step": 500, "loss": 7.888489246368408}
{"fold": "C2_alt", "arm": "shine", "epoch": 9, "step": 600, "loss": 8.239370346069336}
{"fold": "C2_alt", "arm": "shine", "epoch": 9, "seen": {"pooled_auroc": 0.6849594517189055, "rows": 1476, "videos": 466, "source_pair_acc": 0.7531380753138075, "source_pairs": 478, "same_query_pair_acc": 0.6289200140944328, "same_query_support": 43, "raw_r1_iou_05": 0.37905759162303665, "raw_r1_iou_07": 0.19267015706806281, "threshold_logit": -0.3016516864299774, "gated_r1_iou_05": 0.30052356020942406}, "losses": {"gmr": 3.0547186351684203, "coarse": 2.4738456856414497, "fine": 0.8844158551599606, "rotated_bce": 0.5651871983904436, "exist_pair": 0.2086840681731701}, "chains": 2655, "seconds": 52.18057370185852, "selected": false}
{"fold": "C2_alt", "arm": "shine", "epoch": 10, "step": 100, "loss": 7.89496374130249}
{"fold": "C2_alt", "arm": "shine", "epoch": 10, "step": 200, "loss": 6.294636249542236}
{"fold": "C2_alt", "arm": "shine", "epoch": 10, "step": 300, "loss": 7.247089385986328}
{"fold": "C2_alt", "arm": "shine", "epoch": 10, "step": 400, "loss": 7.1778998374938965}
{"fold": "C2_alt", "arm": "shine", "epoch": 10, "step": 500, "loss": 6.707129001617432}
{"fold": "C2_alt", "arm": "shine", "epoch": 10, "step": 600, "loss": 6.950096130371094}
{"fold": "C2_alt", "arm": "shine", "epoch": 10, "seen": {"pooled_auroc": 0.6724080754891419, "rows": 1476, "videos": 466, "source_pair_acc": 0.7405857740585774, "source_pairs": 478, "same_query_pair_acc": 0.6119626497533474, "same_query_support": 43, "raw_r1_iou_05": 0.37801047120418846, "raw_r1_iou_07": 0.19895287958115182, "threshold_logit": -0.33579176664352417, "gated_r1_iou_05": 0.2973821989528796}, "losses": {"gmr": 3.0397736552249954, "coarse": 2.4035619759416007, "fine": 0.8779479480651488, "rotated_bce": 0.563730756022844, "exist_pair": 0.20506965326347265}, "chains": 2656, "seconds": 52.130311250686646, "selected": false}
{"fold": "C2_alt", "arm": "shine", "epoch": 11, "step": 100, "loss": 6.256893634796143}
{"fold": "C2_alt", "arm": "shine", "epoch": 11, "step": 200, "loss": 6.749388217926025}
{"fold": "C2_alt", "arm": "shine", "epoch": 11, "step": 300, "loss": 7.221156597137451}
{"fold": "C2_alt", "arm": "shine", "epoch": 11, "step": 400, "loss": 7.075784683227539}
{"fold": "C2_alt", "arm": "shine", "epoch": 11, "step": 500, "loss": 6.690587997436523}
{"fold": "C2_alt", "arm": "shine", "epoch": 11, "step": 600, "loss": 7.606161594390869}
{"fold": "C2_alt", "arm": "shine", "epoch": 11, "seen": {"pooled_auroc": 0.6687441589372028, "rows": 1476, "videos": 466, "source_pair_acc": 0.7426778242677824, "source_pairs": 478, "same_query_pair_acc": 0.6226215644820297, "same_query_support": 43, "raw_r1_iou_05": 0.381151832460733, "raw_r1_iou_07": 0.18638743455497384, "threshold_logit": -0.36616161465644836, "gated_r1_iou_05": 0.31518324607329845}, "losses": {"gmr": 3.0340664964842508, "coarse": 2.3941089961543143, "fine": 0.8716141817620001, "rotated_bce": 0.5618162230106003, "exist_pair": 0.2067938871143094}, "chains": 2656, "seconds": 51.77001929283142, "selected": false}
{"fold": "C2_alt", "arm": "shine", "epoch": 12, "step": 100, "loss": 6.3984761238098145}
{"fold": "C2_alt", "arm": "shine", "epoch": 12, "step": 200, "loss": 7.163951873779297}
