Traceback (most recent call last):
  File "/home/guoxiangyu/VLMbasedIter_momentretrival/Unseen3/research_ideas/10_shine_absence_aware_transfer/code/prepare_bank.py", line 125, in <module>
    prepare() if args.stage=='prepare' else encode(args.device)
  File "/home/guoxiangyu/VLMbasedIter_momentretrival/Unseen3/research_ideas/10_shine_absence_aware_transfer/code/prepare_bank.py", line 98, in encode
    import clip
  File "/home/guoxiangyu/VLMbasedIter_momentretrival/Unseen3/research_ideas/10_shine_absence_aware_transfer/code/clip/__init__.py", line 1, in <module>
    from .clip import *
  File "/home/guoxiangyu/VLMbasedIter_momentretrival/Unseen3/research_ideas/10_shine_absence_aware_transfer/code/clip/clip.py", line 9, in <module>
    from torchvision.transforms import Compose, Resize, CenterCrop, ToTensor, Normalize
  File "/home/guoxiangyu/miniconda3/envs/gmr/lib/python3.10/site-packages/torchvision/__init__.py", line 10, in <module>
    from torchvision import _meta_registrations, datasets, io, models, ops, transforms, utils  # usort:skip
  File "/home/guoxiangyu/miniconda3/envs/gmr/lib/python3.10/site-packages/torchvision/_meta_registrations.py", line 164, in <module>
    def meta_nms(dets, scores, iou_threshold):
  File "/home/guoxiangyu/miniconda3/envs/gmr/lib/python3.10/site-packages/torch/library.py", line 828, in register
    use_lib._register_fake(op_name, func, _stacklevel=stacklevel + 1)
  File "/home/guoxiangyu/miniconda3/envs/gmr/lib/python3.10/site-packages/torch/library.py", line 198, in _register_fake
    handle = entry.fake_impl.register(func_to_register, source)
  File "/home/guoxiangyu/miniconda3/envs/gmr/lib/python3.10/site-packages/torch/_library/fake_impl.py", line 31, in register
    if torch._C._dispatch_has_kernel_for_dispatch_key(self.qualname, "Meta"):
RuntimeError: operator torchvision::nms does not exist
