Loaded datasets C1_composition_01
{"fold": "C1_composition_01", "arm": "baseline", "epoch": 1, "step": 100, "loss": 1.4915711879730225}
{"fold": "C1_composition_01", "arm": "baseline", "epoch": 1, "step": 200, "loss": 1.3370246887207031}
{"fold": "C1_composition_01", "arm": "baseline", "epoch": 1, "step": 300, "loss": 1.2762755155563354}
{"fold": "C1_composition_01", "arm": "baseline", "epoch": 1, "step": 400, "loss": 1.5185691118240356}
{"fold": "C1_composition_01", "arm": "baseline", "epoch": 1, "step": 500, "loss": 1.044146180152893}
{"fold": "C1_composition_01", "arm": "baseline", "epoch": 1, "seen": {"pooled_auroc": 0.8069889195682576, "rows": 943, "videos": 370, "source_pair_acc": 0.7747747747747747, "source_pairs": 222, "same_query_pair_acc": 0.5, "same_query_support": 9, "raw_r1_iou_05": 0.3626062322946176, "raw_r1_iou_07": 0.18980169971671387, "threshold_logit": 4.180461406707764, "gated_r1_iou_05": 0.2507082152974504}, "losses": {"gmr": 1.5363033641695352}, "chains": 0, "seconds": 27.297045469284058, "selected": true}
{"fold": "C1_composition_01", "arm": "baseline", "epoch": 2, "step": 100, "loss": 1.547001838684082}
{"fold": "C1_composition_01", "arm": "baseline", "epoch": 2, "step": 200, "loss": 1.5798307657241821}
{"fold": "C1_composition_01", "arm": "baseline", "epoch": 2, "step": 300, "loss": 1.1199463605880737}
{"fold": "C1_composition_01", "arm": "baseline", "epoch": 2, "step": 400, "loss": 1.3391735553741455}
{"fold": "C1_composition_01", "arm": "baseline", "epoch": 2, "step": 500, "loss": 1.9264681339263916}
{"fold": "C1_composition_01", "arm": "baseline", "epoch": 2, "seen": {"pooled_auroc": 0.8039707868660428, "rows": 943, "videos": 370, "source_pair_acc": 0.7837837837837838, "source_pairs": 222, "same_query_pair_acc": 0.5, "same_query_support": 9, "raw_r1_iou_05": 0.37677053824362605, "raw_r1_iou_07": 0.18696883852691218, "threshold_logit": 3.93498158454895, "gated_r1_iou_05": 0.25920679886685555}, "losses": {"gmr": 1.4766806602269984}, "chains": 0, "seconds": 27.320818662643433, "selected": false}
{"fold": "C1_composition_01", "arm": "baseline", "epoch": 3, "step": 100, "loss": 1.4268481731414795}
{"fold": "C1_composition_01", "arm": "baseline", "epoch": 3, "step": 200, "loss": 1.0133830308914185}
{"fold": "C1_composition_01", "arm": "baseline", "epoch": 3, "step": 300, "loss": 1.6532797813415527}
{"fold": "C1_composition_01", "arm": "baseline", "epoch": 3, "step": 400, "loss": 1.7084126472473145}
{"fold": "C1_composition_01", "arm": "baseline", "epoch": 3, "step": 500, "loss": 1.6892019510269165}
{"fold": "C1_composition_01", "arm": "baseline", "epoch": 3, "seen": {"pooled_auroc": 0.8023929907603303, "rows": 943, "videos": 370, "source_pair_acc": 0.7792792792792793, "source_pairs": 222, "same_query_pair_acc": 0.5, "same_query_support": 9, "raw_r1_iou_05": 0.3640226628895184, "raw_r1_iou_07": 0.18980169971671387, "threshold_logit": 4.7540974617004395, "gated_r1_iou_05": 0.24079320113314448}, "losses": {"gmr": 1.4825340555184383}, "chains": 0, "seconds": 27.169090747833252, "selected": false}
{"fold": "C1_composition_01", "arm": "baseline", "epoch": 4, "step": 100, "loss": 1.1496155261993408}
{"fold": "C1_composition_01", "arm": "baseline", "epoch": 4, "step": 200, "loss": 1.1463087797164917}
{"fold": "C1_composition_01", "arm": "baseline", "epoch": 4, "step": 300, "loss": 1.692309021949768}
{"fold": "C1_composition_01", "arm": "baseline", "epoch": 4, "step": 400, "loss": 1.4927585124969482}
{"fold": "C1_composition_01", "arm": "baseline", "epoch": 4, "step": 500, "loss": 1.2599505186080933}
{"fold": "C1_composition_01", "arm": "baseline", "epoch": 4, "seen": {"pooled_auroc": 0.7990939625392954, "rows": 943, "videos": 370, "source_pair_acc": 0.7792792792792793, "source_pairs": 222, "same_query_pair_acc": 0.5, "same_query_support": 9, "raw_r1_iou_05": 0.3611898016997167, "raw_r1_iou_07": 0.17847025495750707, "threshold_logit": 4.667338848114014, "gated_r1_iou_05": 0.2535410764872521}, "losses": {"gmr": 1.4455341142301577}, "chains": 0, "seconds": 27.164644241333008, "selected": false}
{"fold": "C1_composition_01", "arm": "baseline", "epoch": 5, "step": 100, "loss": 1.4144814014434814}
{"fold": "C1_composition_01", "arm": "baseline", "epoch": 5, "step": 200, "loss": 1.4285893440246582}
{"fold": "C1_composition_01", "arm": "baseline", "epoch": 5, "step": 300, "loss": 1.1651041507720947}
{"fold": "C1_composition_01", "arm": "baseline", "epoch": 5, "step": 400, "loss": 1.4028116464614868}
{"fold": "C1_composition_01", "arm": "baseline", "epoch": 5, "step": 500, "loss": 1.0924296379089355}
{"fold": "C1_composition_01", "arm": "baseline", "epoch": 5, "seen": {"pooled_auroc": 0.7997932130861454, "rows": 943, "videos": 370, "source_pair_acc": 0.7792792792792793, "source_pairs": 222, "same_query_pair_acc": 0.5, "same_query_support": 9, "raw_r1_iou_05": 0.37393767705382436, "raw_r1_iou_07": 0.17847025495750707, "threshold_logit": 4.20551872253418, "gated_r1_iou_05": 0.273371104815864}, "losses": {"gmr": 1.4482207524006696}, "chains": 0, "seconds": 27.251500129699707, "selected": false}
{"fold": "C1_composition_01", "arm": "baseline", "epoch": 6, "step": 100, "loss": 1.5168191194534302}
{"fold": "C1_composition_01", "arm": "baseline", "epoch": 6, "step": 200, "loss": 1.2016781568527222}
{"fold": "C1_composition_01", "arm": "baseline", "epoch": 6, "step": 300, "loss": 1.235640525817871}
{"fold": "C1_composition_01", "arm": "baseline", "epoch": 6, "step": 400, "loss": 1.168864130973816}
{"fold": "C1_composition_01", "arm": "baseline", "epoch": 6, "step": 500, "loss": 1.3448542356491089}
{"fold": "C1_composition_01", "arm": "baseline", "epoch": 6, "seen": {"pooled_auroc": 0.7987652550172721, "rows": 943, "videos": 370, "source_pair_acc": 0.7837837837837838, "source_pairs": 222, "same_query_pair_acc": 0.5, "same_query_support": 9, "raw_r1_iou_05": 0.3668555240793201, "raw_r1_iou_07": 0.19830028328611898, "threshold_logit": 5.107186317443848, "gated_r1_iou_05": 0.254957507082153}, "losses": {"gmr": 1.4309743745788854}, "chains": 0, "seconds": 27.061643600463867, "selected": false}
{"fold": "C1_composition_01", "arm": "baseline", "epoch": 7, "step": 100, "loss": 1.2052747011184692}
{"fold": "C1_composition_01", "arm": "baseline", "epoch": 7, "step": 200, "loss": 1.6999492645263672}
{"fold": "C1_composition_01", "arm": "baseline", "epoch": 7, "step": 300, "loss": 1.0193151235580444}
{"fold": "C1_composition_01", "arm": "baseline", "epoch": 7, "step": 400, "loss": 1.597975254058838}
{"fold": "C1_composition_01", "arm": "baseline", "epoch": 7, "step": 500, "loss": 2.0337960720062256}
{"fold": "C1_composition_01", "arm": "baseline", "epoch": 7, "seen": {"pooled_auroc": 0.801502492200667, "rows": 943, "videos": 370, "source_pair_acc": 0.7837837837837838, "source_pairs": 222, "same_query_pair_acc": 0.5, "same_query_support": 9, "raw_r1_iou_05": 0.3668555240793201, "raw_r1_iou_07": 0.19121813031161472, "threshold_logit": 1.6185510158538818, "gated_r1_iou_05": 0.3073654390934844}, "losses": {"gmr": 1.4370687430233648}, "chains": 0, "seconds": 26.92989206314087, "selected": false}
{"fold": "C1_composition_01", "arm": "baseline", "epoch": 8, "step": 100, "loss": 0.9519280195236206}
{"fold": "C1_composition_01", "arm": "baseline", "epoch": 8, "step": 200, "loss": 1.158909559249878}
{"fold": "C1_composition_01", "arm": "baseline", "epoch": 8, "step": 300, "loss": 1.2160683870315552}
{"fold": "C1_composition_01", "arm": "baseline", "epoch": 8, "step": 400, "loss": 2.066790819168091}
{"fold": "C1_composition_01", "arm": "baseline", "epoch": 8, "step": 500, "loss": 1.7178505659103394}
{"fold": "C1_composition_01", "arm": "baseline", "epoch": 8, "seen": {"pooled_auroc": 0.8035643848388138, "rows": 943, "videos": 370, "source_pair_acc": 0.7792792792792793, "source_pairs": 222, "same_query_pair_acc": 0.5, "same_query_support": 9, "raw_r1_iou_05": 0.3810198300283286, "raw_r1_iou_07": 0.19121813031161472, "threshold_logit": 3.1856112480163574, "gated_r1_iou_05": 0.2804532577903683}, "losses": {"gmr": 1.4192741233432897}, "chains": 0, "seconds": 26.939045906066895, "selected": false}
{"fold": "C1_composition_01", "arm": "baseline", "epoch": 9, "step": 100, "loss": 1.1725493669509888}
{"fold": "C1_composition_01", "arm": "baseline", "epoch": 9, "step": 200, "loss": 1.3014401197433472}
{"fold": "C1_composition_01", "arm": "baseline", "epoch": 9, "step": 300, "loss": 1.4991462230682373}
{"fold": "C1_composition_01", "arm": "baseline", "epoch": 9, "step": 400, "loss": 1.502746343612671}
{"fold": "C1_composition_01", "arm": "baseline", "epoch": 9, "step": 500, "loss": 1.1924909353256226}
{"fold": "C1_composition_01", "arm": "baseline", "epoch": 9, "seen": {"pooled_auroc": 0.8005223461349971, "rows": 943, "videos": 370, "source_pair_acc": 0.7792792792792793, "source_pairs": 222, "same_query_pair_acc": 0.5, "same_query_support": 9, "raw_r1_iou_05": 0.37393767705382436, "raw_r1_iou_07": 0.18838526912181303, "threshold_logit": 6.122958660125732, "gated_r1_iou_05": 0.23796033994334279}, "losses": {"gmr": 1.4228163687138449}, "chains": 0, "seconds": 26.96726131439209, "selected": false}
{"fold": "C1_composition_01", "arm": "baseline", "epoch": 10, "step": 100, "loss": 1.7871124744415283}
{"fold": "C1_composition_01", "arm": "baseline", "epoch": 10, "step": 200, "loss": 1.6918443441390991}
{"fold": "C1_composition_01", "arm": "baseline", "epoch": 10, "step": 300, "loss": 1.7883775234222412}
{"fold": "C1_composition_01", "arm": "baseline", "epoch": 10, "step": 400, "loss": 0.7553675174713135}
{"fold": "C1_composition_01", "arm": "baseline", "epoch": 10, "step": 500, "loss": 1.8069729804992676}
{"fold": "C1_composition_01", "arm": "baseline", "epoch": 10, "seen": {"pooled_auroc": 0.8004924636329951, "rows": 943, "videos": 370, "source_pair_acc": 0.7792792792792793, "source_pairs": 222, "same_query_pair_acc": 0.5, "same_query_support": 9, "raw_r1_iou_05": 0.3838526912181303, "raw_r1_iou_07": 0.19263456090651557, "threshold_logit": 4.693711757659912, "gated_r1_iou_05": 0.26770538243626063}, "losses": {"gmr": 1.4132393848209481}, "chains": 0, "seconds": 27.077991724014282, "selected": false}
COMPLETED {"fold": "C1_composition_01", "arm": "baseline", "seed": 3407, "best_epoch": 1, "seen": {"pooled_auroc": 0.8069889195682576, "rows": 943, "videos": 370, "source_pair_acc": 0.7747747747747747, "source_pairs": 222, "same_query_pair_acc": 0.5, "same_query_support": 9, "raw_r1_iou_05": 0.3626062322946176, "raw_r1_iou_07": 0.18980169971671387, "threshold_logit": 4.180461406707764, "gated_r1_iou_05": 0.2507082152974504}, "novel": {"pooled_auroc": 0.545499213836478, "rows": 202, "videos": 92, "source_pair_acc": 0.6710526315789473, "source_pairs": 76, "same_query_pair_acc": 0.5079744816586922, "same_query_support": 19, "raw_r1_iou_05": 0.3584905660377358, "raw_r1_iou_07": 0.16037735849056603, "threshold_logit": 4.180461406707764, "gated_r1_iou_05": 0.12264150943396226}, "epoch0": {"seen": {"pooled_auroc": 0.8137722475227407, "rows": 943, "videos": 370, "source_pair_acc": 0.7792792792792793, "source_pairs": 222, "same_query_pair_acc": 0.4444444444444444, "same_query_support": 9, "raw_r1_iou_05": 0.3611898016997167, "raw_r1_iou_07": 0.19263456090651557, "threshold_logit": 3.3520143032073975, "gated_r1_iou_05": 0.24362606232294617}, "novel": {"pooled_auroc": 0.5555227987421384, "rows": 202, "videos": 92, "source_pair_acc": 0.6578947368421053, "source_pairs": 76, "same_query_pair_acc": 0.5518341307814992, "same_query_support": 19, "raw_r1_iou_05": 0.36792452830188677, "raw_r1_iou_07": 0.16981132075471697, "threshold_logit": 3.3520143032073975, "gated_r1_iou_05": 0.11320754716981132}}, "elapsed_seconds": 272.75878500938416, "peak_gpu_bytes": 0, "formal_U_accessed": false}
{"fold": "C1_composition_01", "arm": "shine", "epoch": 1, "step": 100, "loss": 6.757826805114746}
{"fold": "C1_composition_01", "arm": "shine", "epoch": 1, "step": 200, "loss": 6.478458404541016}
{"fold": "C1_composition_01", "arm": "shine", "epoch": 1, "step": 300, "loss": 6.404679775238037}
{"fold": "C1_composition_01", "arm": "shine", "epoch": 1, "step": 400, "loss": 7.117466926574707}
{"fold": "C1_composition_01", "arm": "shine", "epoch": 1, "step": 500, "loss": 6.0219197273254395}
{"fold": "C1_composition_01", "arm": "shine", "epoch": 1, "seen": {"pooled_auroc": 0.8179797038046401, "rows": 943, "videos": 370, "source_pair_acc": 0.7792792792792793, "source_pairs": 222, "same_query_pair_acc": 0.5555555555555556, "same_query_support": 9, "raw_r1_iou_05": 0.3668555240793201, "raw_r1_iou_07": 0.19405099150141644, "threshold_logit": -0.4989445209503174, "gated_r1_iou_05": 0.29603399433427763}, "losses": {"gmr": 2.10454552138247, "coarse": 3.0691375503573326, "fine": 0.9053082834363608, "rotated_bce": 0.7202298353063706, "exist_pair": 0.3533539030356349}, "chains": 2292, "seconds": 45.73928356170654, "selected": true}
{"fold": "C1_composition_01", "arm": "shine", "epoch": 2, "step": 100, "loss": 6.103175640106201}
{"fold": "C1_composition_01", "arm": "shine", "epoch": 2, "step": 200, "loss": 6.901750564575195}
{"fold": "C1_composition_01", "arm": "shine", "epoch": 2, "step": 300, "loss": 6.531121253967285}
{"fold": "C1_composition_01", "arm": "shine", "epoch": 2, "step": 400, "loss": 6.131608486175537}
{"fold": "C1_composition_01", "arm": "shine", "epoch": 2, "step": 500, "loss": 7.683974742889404}
{"fold": "C1_composition_01", "arm": "shine", "epoch": 2, "seen": {"pooled_auroc": 0.821446074036887, "rows": 943, "videos": 370, "source_pair_acc": 0.7792792792792793, "source_pairs": 222, "same_query_pair_acc": 0.6666666666666666, "same_query_support": 9, "raw_r1_iou_05": 0.35694050991501414, "raw_r1_iou_07": 0.19971671388101983, "threshold_logit": -0.4185297191143036, "gated_r1_iou_05": 0.28328611898017}, "losses": {"gmr": 2.0668887303553745, "coarse": 2.8698258936717247, "fine": 0.9487254493731687, "rotated_bce": 0.5927925918114747, "exist_pair": 0.2426117815168324}, "chains": 2292, "seconds": 45.54544806480408, "selected": true}
{"fold": "C1_composition_01", "arm": "shine", "epoch": 3, "step": 100, "loss": 5.677391052246094}
{"fold": "C1_composition_01", "arm": "shine", "epoch": 3, "step": 200, "loss": 6.052241325378418}
{"fold": "C1_composition_01", "arm": "shine", "epoch": 3, "step": 300, "loss": 7.0347490310668945}
{"fold": "C1_composition_01", "arm": "shine", "epoch": 3, "step": 400, "loss": 6.729350566864014}
{"fold": "C1_composition_01", "arm": "shine", "epoch": 3, "step": 500, "loss": 6.622244358062744}
{"fold": "C1_composition_01", "arm": "shine", "epoch": 3, "seen": {"pooled_auroc": 0.8132104564851006, "rows": 943, "videos": 370, "source_pair_acc": 0.7792792792792793, "source_pairs": 222, "same_query_pair_acc": 0.6111111111111112, "same_query_support": 9, "raw_r1_iou_05": 0.36827195467422097, "raw_r1_iou_07": 0.20538243626062322, "threshold_logit": -0.4038408398628235, "gated_r1_iou_05": 0.29461756373937675}, "losses": {"gmr": 2.058087821822308, "coarse": 2.728762528035029, "fine": 0.9423430892809523, "rotated_bce": 0.5867311082793364, "exist_pair": 0.22671188545424692}, "chains": 2292, "seconds": 45.655741691589355, "selected": false}
{"fold": "C1_composition_01", "arm": "shine", "epoch": 4, "step": 100, "loss": 5.654614448547363}
{"fold": "C1_composition_01", "arm": "shine", "epoch": 4, "step": 200, "loss": 5.57643461227417}
{"fold": "C1_composition_01", "arm": "shine", "epoch": 4, "step": 300, "loss": 6.933595657348633}
{"fold": "C1_composition_01", "arm": "shine", "epoch": 4, "step": 400, "loss": 6.146566867828369}
{"fold": "C1_composition_01", "arm": "shine", "epoch": 4, "step": 500, "loss": 5.655102729797363}
{"fold": "C1_composition_01", "arm": "shine", "epoch": 4, "seen": {"pooled_auroc": 0.811208328850958, "rows": 943, "videos": 370, "source_pair_acc": 0.7837837837837838, "source_pairs": 222, "same_query_pair_acc": 0.5, "same_query_support": 9, "raw_r1_iou_05": 0.3696883852691218, "raw_r1_iou_07": 0.19971671388101983, "threshold_logit": -0.35465800762176514, "gated_r1_iou_05": 0.2988668555240793}, "losses": {"gmr": 2.038045548435697, "coarse": 2.6306917128554606, "fine": 0.9220151508041702, "rotated_bce": 0.5842983191654112, "exist_pair": 0.2215369670386922}, "chains": 2292, "seconds": 45.38157081604004, "selected": false}
{"fold": "C1_composition_01", "arm": "shine", "epoch": 5, "step": 100, "loss": 6.326652526855469}
{"fold": "C1_composition_01", "arm": "shine", "epoch": 5, "step": 200, "loss": 5.587963104248047}
{"fold": "C1_composition_01", "arm": "shine", "epoch": 5, "step": 300, "loss": 5.586208820343018}
{"fold": "C1_composition_01", "arm": "shine", "epoch": 5, "step": 400, "loss": 5.465841293334961}
{"fold": "C1_composition_01", "arm": "shine", "epoch": 5, "step": 500, "loss": 6.195715427398682}
{"fold": "C1_composition_01", "arm": "shine", "epoch": 5, "seen": {"pooled_auroc": 0.8073415330918827, "rows": 943, "videos": 370, "source_pair_acc": 0.7837837837837838, "source_pairs": 222, "same_query_pair_acc": 0.6666666666666666, "same_query_support": 9, "raw_r1_iou_05": 0.37535410764872523, "raw_r1_iou_07": 0.1954674220963173, "threshold_logit": -0.2813626527786255, "gated_r1_iou_05": 0.2847025495750708}, "losses": {"gmr": 2.028258482407109, "coarse": 2.5151275396347046, "fine": 0.9132511192383358, "rotated_bce": 0.5817932475611801, "exist_pair": 0.21701188909497768}, "chains": 2292, "seconds": 46.11295938491821, "selected": false}
{"fold": "C1_composition_01", "arm": "shine", "epoch": 6, "step": 100, "loss": 6.300926685333252}
{"fold": "C1_composition_01", "arm": "shine", "epoch": 6, "step": 200, "loss": 5.920991897583008}
{"fold": "C1_composition_01", "arm": "shine", "epoch": 6, "step": 300, "loss": 6.4009199142456055}
{"fold": "C1_composition_01", "arm": "shine", "epoch": 6, "step": 400, "loss": 6.773351669311523}
{"fold": "C1_composition_01", "arm": "shine", "epoch": 6, "step": 500, "loss": 5.983430862426758}
{"fold": "C1_composition_01", "arm": "shine", "epoch": 6, "seen": {"pooled_auroc": 0.8000502026033637, "rows": 943, "videos": 370, "source_pair_acc": 0.7927927927927928, "source_pairs": 222, "same_query_pair_acc": 0.7222222222222222, "same_query_support": 9, "raw_r1_iou_05": 0.37960339943342775, "raw_r1_iou_07": 0.19688385269121814, "threshold_logit": -0.19945527613162994, "gated_r1_iou_05": 0.2790368271954674}, "losses": {"gmr": 2.027540565785313, "coarse": 2.439405986983947, "fine": 0.9087251539213703, "rotated_bce": 0.5806952237978864, "exist_pair": 0.21181531606752418}, "chains": 2292, "seconds": 45.74763894081116, "selected": false}
{"fold": "C1_composition_01", "arm": "shine", "epoch": 7, "step": 100, "loss": 5.000791549682617}
{"fold": "C1_composition_01", "arm": "shine", "epoch": 7, "step": 200, "loss": 5.04372501373291}
{"fold": "C1_composition_01", "arm": "shine", "epoch": 7, "step": 300, "loss": 6.072944164276123}
{"fold": "C1_composition_01", "arm": "shine", "epoch": 7, "step": 400, "loss": 5.824178695678711}
{"fold": "C1_composition_01", "arm": "shine", "epoch": 7, "step": 500, "loss": 5.011935234069824}
{"fold": "C1_composition_01", "arm": "shine", "epoch": 7, "seen": {"pooled_auroc": 0.7958128638194619, "rows": 943, "videos": 370, "source_pair_acc": 0.7882882882882883, "source_pairs": 222, "same_query_pair_acc": 0.7222222222222222, "same_query_support": 9, "raw_r1_iou_05": 0.3781869688385269, "raw_r1_iou_07": 0.18980169971671387, "threshold_logit": -0.2686011791229248, "gated_r1_iou_05": 0.29036827195467424}, "losses": {"gmr": 2.017162881180462, "coarse": 2.372406672848873, "fine": 0.8922708229036648, "rotated_bce": 0.5788794176532752, "exist_pair": 0.21114203979441631}, "chains": 2292, "seconds": 45.02319693565369, "selected": false}
{"fold": "C1_composition_01", "arm": "shine", "epoch": 8, "step": 100, "loss": 5.634111404418945}
{"fold": "C1_composition_01", "arm": "shine", "epoch": 8, "step": 200, "loss": 7.246131420135498}
{"fold": "C1_composition_01", "arm": "shine", "epoch": 8, "step": 300, "loss": 5.566516876220703}
{"fold": "C1_composition_01", "arm": "shine", "epoch": 8, "step": 400, "loss": 5.874750137329102}
{"fold": "C1_composition_01", "arm": "shine", "epoch": 8, "step": 500, "loss": 6.839268684387207}
{"fold": "C1_composition_01", "arm": "shine", "epoch": 8, "seen": {"pooled_auroc": 0.7873859982548619, "rows": 943, "videos": 370, "source_pair_acc": 0.7882882882882883, "source_pairs": 222, "same_query_pair_acc": 0.7222222222222222, "same_query_support": 9, "raw_r1_iou_05": 0.3838526912181303, "raw_r1_iou_07": 0.19121813031161472, "threshold_logit": -0.26543328166007996, "gated_r1_iou_05": 0.28753541076487255}, "losses": {"gmr": 2.016840979066819, "coarse": 2.34869026263971, "fine": 0.8935900336784842, "rotated_bce": 0.5754549414907658, "exist_pair": 0.20386109658131737}, "chains": 2292, "seconds": 43.450419902801514, "selected": false}
{"fold": "C1_composition_01", "arm": "shine", "epoch": 9, "step": 100, "loss": 6.357401371002197}
{"fold": "C1_composition_01", "arm": "shine", "epoch": 9, "step": 200, "loss": 6.478496551513672}
{"fold": "C1_composition_01", "arm": "shine", "epoch": 9, "step": 300, "loss": 5.117135047912598}
{"fold": "C1_composition_01", "arm": "shine", "epoch": 9, "step": 400, "loss": 5.532556533813477}
{"fold": "C1_composition_01", "arm": "shine", "epoch": 9, "step": 500, "loss": 5.8022260665893555}
{"fold": "C1_composition_01", "arm": "shine", "epoch": 9, "seen": {"pooled_auroc": 0.7760724829968565, "rows": 943, "videos": 370, "source_pair_acc": 0.7837837837837838, "source_pairs": 222, "same_query_pair_acc": 0.6111111111111112, "same_query_support": 9, "raw_r1_iou_05": 0.37960339943342775, "raw_r1_iou_07": 0.1954674220963173, "threshold_logit": -0.1652296483516693, "gated_r1_iou_05": 0.26487252124645894}, "losses": {"gmr": 2.0052213562720733, "coarse": 2.281302949937018, "fine": 0.885549222559621, "rotated_bce": 0.573392160691932, "exist_pair": 0.2112537567125045}, "chains": 2292, "seconds": 42.97169351577759, "selected": false}
{"fold": "C1_composition_01", "arm": "shine", "epoch": 10, "step": 100, "loss": 6.462635040283203}
{"fold": "C1_composition_01", "arm": "shine", "epoch": 10, "step": 200, "loss": 6.055980205535889}
{"fold": "C1_composition_01", "arm": "shine", "epoch": 10, "step": 300, "loss": 6.462685585021973}
{"fold": "C1_composition_01", "arm": "shine", "epoch": 10, "step": 400, "loss": 4.355105876922607}
{"fold": "C1_composition_01", "arm": "shine", "epoch": 10, "step": 500, "loss": 6.691429138183594}
{"fold": "C1_composition_01", "arm": "shine", "epoch": 10, "seen": {"pooled_auroc": 0.7735623528286777, "rows": 943, "videos": 370, "source_pair_acc": 0.7837837837837838, "source_pairs": 222, "same_query_pair_acc": 0.9444444444444444, "same_query_support": 9, "raw_r1_iou_05": 0.3781869688385269, "raw_r1_iou_07": 0.18838526912181303, "threshold_logit": -0.3646910786628723, "gated_r1_iou_05": 0.3031161473087819}, "losses": {"gmr": 2.002844896616112, "coarse": 2.2337920952841874, "fine": 0.883248601804437, "rotated_bce": 0.5746226507331689, "exist_pair": 0.20775298883465573}, "chains": 2292, "seconds": 43.526222229003906, "selected": false}
COMPLETED {"fold": "C1_composition_01", "arm": "shine", "seed": 3407, "best_epoch": 2, "seen": {"pooled_auroc": 0.821446074036887, "rows": 943, "videos": 370, "source_pair_acc": 0.7792792792792793, "source_pairs": 222, "same_query_pair_acc": 0.6666666666666666, "same_query_support": 9, "raw_r1_iou_05": 0.35694050991501414, "raw_r1_iou_07": 0.19971671388101983, "threshold_logit": -0.4185297191143036, "gated_r1_iou_05": 0.28328611898017}, "novel": {"pooled_auroc": 0.5812696540880503, "rows": 202, "videos": 92, "source_pair_acc": 0.6710526315789473, "source_pairs": 76, "same_query_pair_acc": 0.6747408293460925, "same_query_support": 19, "raw_r1_iou_05": 0.3584905660377358, "raw_r1_iou_07": 0.16981132075471697, "threshold_logit": -0.4185297191143036, "gated_r1_iou_05": 0.2169811320754717}, "epoch0": {"seen": {"pooled_auroc": 0.8137722475227407, "rows": 943, "videos": 370, "source_pair_acc": 0.7792792792792793, "source_pairs": 222, "same_query_pair_acc": 0.4444444444444444, "same_query_support": 9, "raw_r1_iou_05": 0.3611898016997167, "raw_r1_iou_07": 0.19263456090651557, "threshold_logit": 3.3520143032073975, "gated_r1_iou_05": 0.24362606232294617}, "novel": {"pooled_auroc": 0.5555227987421384, "rows": 202, "videos": 92, "source_pair_acc": 0.6578947368421053, "source_pairs": 76, "same_query_pair_acc": 0.5518341307814992, "same_query_support": 19, "raw_r1_iou_05": 0.36792452830188677, "raw_r1_iou_07": 0.16981132075471697, "threshold_logit": 3.3520143032073975, "gated_r1_iou_05": 0.11320754716981132}}, "elapsed_seconds": 450.357435464859, "peak_gpu_bytes": 0, "formal_U_accessed": false}
