Loaded datasets A1_action_01
{"fold": "A1_action_01", "arm": "baseline", "epoch": 1, "step": 100, "loss": 2.3047356605529785}
{"fold": "A1_action_01", "arm": "baseline", "epoch": 1, "step": 200, "loss": 2.741814613342285}
{"fold": "A1_action_01", "arm": "baseline", "epoch": 1, "step": 300, "loss": 2.611325979232788}
{"fold": "A1_action_01", "arm": "baseline", "epoch": 1, "step": 400, "loss": 2.4710755348205566}
{"fold": "A1_action_01", "arm": "baseline", "epoch": 1, "seen": {"pooled_auroc": 0.8587394604752369, "rows": 625, "videos": 251, "source_pair_acc": 0.8032786885245902, "source_pairs": 183, "same_query_pair_acc": 0.5, "same_query_support": 6, "raw_r1_iou_05": 0.3733031674208145, "raw_r1_iou_07": 0.2149321266968326, "threshold_logit": 1.9852533340454102, "gated_r1_iou_05": 0.3257918552036199}, "losses": {"gmr": 2.743527332365801}, "chains": 0, "seconds": 19.535181522369385, "selected": true}
{"fold": "A1_action_01", "arm": "baseline", "epoch": 2, "step": 100, "loss": 2.6366641521453857}
{"fold": "A1_action_01", "arm": "baseline", "epoch": 2, "step": 200, "loss": 3.2884109020233154}
{"fold": "A1_action_01", "arm": "baseline", "epoch": 2, "step": 300, "loss": 2.3912012577056885}
{"fold": "A1_action_01", "arm": "baseline", "epoch": 2, "step": 400, "loss": 2.8078367710113525}
{"fold": "A1_action_01", "arm": "baseline", "epoch": 2, "seen": {"pooled_auroc": 0.8543876567020251, "rows": 625, "videos": 251, "source_pair_acc": 0.7923497267759563, "source_pairs": 183, "same_query_pair_acc": 0.6666666666666666, "same_query_support": 6, "raw_r1_iou_05": 0.3755656108597285, "raw_r1_iou_07": 0.19909502262443438, "threshold_logit": 0.7027397155761719, "gated_r1_iou_05": 0.3438914027149321}, "losses": {"gmr": 2.7078651811765586}, "chains": 0, "seconds": 16.792834997177124, "selected": false}
{"fold": "A1_action_01", "arm": "baseline", "epoch": 3, "step": 100, "loss": 2.322415351867676}
{"fold": "A1_action_01", "arm": "baseline", "epoch": 3, "step": 200, "loss": 2.4406542778015137}
{"fold": "A1_action_01", "arm": "baseline", "epoch": 3, "step": 300, "loss": 2.611048698425293}
{"fold": "A1_action_01", "arm": "baseline", "epoch": 3, "step": 400, "loss": 3.110520839691162}
{"fold": "A1_action_01", "arm": "baseline", "epoch": 3, "seen": {"pooled_auroc": 0.8603713868901911, "rows": 625, "videos": 251, "source_pair_acc": 0.7868852459016393, "source_pairs": 183, "same_query_pair_acc": 0.5, "same_query_support": 6, "raw_r1_iou_05": 0.36877828054298645, "raw_r1_iou_07": 0.2171945701357466, "threshold_logit": 1.548464298248291, "gated_r1_iou_05": 0.3212669683257919}, "losses": {"gmr": 2.6740837673058255}, "chains": 0, "seconds": 16.40245819091797, "selected": true}
{"fold": "A1_action_01", "arm": "baseline", "epoch": 4, "step": 100, "loss": 2.8845489025115967}
{"fold": "A1_action_01", "arm": "baseline", "epoch": 4, "step": 200, "loss": 2.772984027862549}
{"fold": "A1_action_01", "arm": "baseline", "epoch": 4, "step": 300, "loss": 2.019597053527832}
{"fold": "A1_action_01", "arm": "baseline", "epoch": 4, "step": 400, "loss": 2.8017191886901855}
{"fold": "A1_action_01", "arm": "baseline", "epoch": 4, "seen": {"pooled_auroc": 0.8534727888633384, "rows": 625, "videos": 251, "source_pair_acc": 0.7978142076502732, "source_pairs": 183, "same_query_pair_acc": 0.6666666666666666, "same_query_support": 6, "raw_r1_iou_05": 0.34615384615384615, "raw_r1_iou_07": 0.21266968325791855, "threshold_logit": 1.5806999206542969, "gated_r1_iou_05": 0.31221719457013575}, "losses": {"gmr": 2.6477931179286203}, "chains": 0, "seconds": 17.225667238235474, "selected": false}
{"fold": "A1_action_01", "arm": "baseline", "epoch": 5, "step": 100, "loss": 2.492913007736206}
{"fold": "A1_action_01", "arm": "baseline", "epoch": 5, "step": 200, "loss": 2.6587514877319336}
{"fold": "A1_action_01", "arm": "baseline", "epoch": 5, "step": 300, "loss": 2.057438611984253}
{"fold": "A1_action_01", "arm": "baseline", "epoch": 5, "step": 400, "loss": 2.2470226287841797}
{"fold": "A1_action_01", "arm": "baseline", "epoch": 5, "seen": {"pooled_auroc": 0.8542269366763098, "rows": 625, "videos": 251, "source_pair_acc": 0.7814207650273224, "source_pairs": 183, "same_query_pair_acc": 0.5, "same_query_support": 6, "raw_r1_iou_05": 0.36199095022624433, "raw_r1_iou_07": 0.2081447963800905, "threshold_logit": 1.2486355304718018, "gated_r1_iou_05": 0.33031674208144796}, "losses": {"gmr": 2.6273982763866295}, "chains": 0, "seconds": 18.901875019073486, "selected": false}
{"fold": "A1_action_01", "arm": "baseline", "epoch": 6, "step": 100, "loss": 2.973752737045288}
{"fold": "A1_action_01", "arm": "baseline", "epoch": 6, "step": 200, "loss": 2.2022860050201416}
{"fold": "A1_action_01", "arm": "baseline", "epoch": 6, "step": 300, "loss": 2.4628262519836426}
{"fold": "A1_action_01", "arm": "baseline", "epoch": 6, "step": 400, "loss": 2.475229501724243}
{"fold": "A1_action_01", "arm": "baseline", "epoch": 6, "seen": {"pooled_auroc": 0.8560195831169795, "rows": 625, "videos": 251, "source_pair_acc": 0.7814207650273224, "source_pairs": 183, "same_query_pair_acc": 0.6666666666666666, "same_query_support": 6, "raw_r1_iou_05": 0.3506787330316742, "raw_r1_iou_07": 0.2171945701357466, "threshold_logit": 1.1555843353271484, "gated_r1_iou_05": 0.3212669683257919}, "losses": {"gmr": 2.5896092667671793}, "chains": 0, "seconds": 19.147985696792603, "selected": false}
{"fold": "A1_action_01", "arm": "baseline", "epoch": 7, "step": 100, "loss": 2.250436782836914}
{"fold": "A1_action_01", "arm": "baseline", "epoch": 7, "step": 200, "loss": 3.2062830924987793}
{"fold": "A1_action_01", "arm": "baseline", "epoch": 7, "step": 300, "loss": 2.6003623008728027}
{"fold": "A1_action_01", "arm": "baseline", "epoch": 7, "step": 400, "loss": 2.56148624420166}
{"fold": "A1_action_01", "arm": "baseline", "epoch": 7, "seen": {"pooled_auroc": 0.8522982963677274, "rows": 625, "videos": 251, "source_pair_acc": 0.7759562841530054, "source_pairs": 183, "same_query_pair_acc": 0.6666666666666666, "same_query_support": 6, "raw_r1_iou_05": 0.3665158371040724, "raw_r1_iou_07": 0.21040723981900453, "threshold_logit": 1.4813724756240845, "gated_r1_iou_05": 0.32805429864253394}, "losses": {"gmr": 2.574307072277806}, "chains": 0, "seconds": 19.15883731842041, "selected": false}
{"fold": "A1_action_01", "arm": "baseline", "epoch": 8, "step": 100, "loss": 3.033358097076416}
{"fold": "A1_action_01", "arm": "baseline", "epoch": 8, "step": 200, "loss": 3.007038116455078}
{"fold": "A1_action_01", "arm": "baseline", "epoch": 8, "step": 300, "loss": 2.365267276763916}
{"fold": "A1_action_01", "arm": "baseline", "epoch": 8, "step": 400, "loss": 2.465331554412842}
{"fold": "A1_action_01", "arm": "baseline", "epoch": 8, "seen": {"pooled_auroc": 0.8504067452958485, "rows": 625, "videos": 251, "source_pair_acc": 0.7704918032786885, "source_pairs": 183, "same_query_pair_acc": 0.6666666666666666, "same_query_support": 6, "raw_r1_iou_05": 0.36877828054298645, "raw_r1_iou_07": 0.20135746606334842, "threshold_logit": 1.737525224685669, "gated_r1_iou_05": 0.32805429864253394}, "losses": {"gmr": 2.5444115884062173}, "chains": 0, "seconds": 18.980055332183838, "selected": false}
{"fold": "A1_action_01", "arm": "baseline", "epoch": 9, "step": 100, "loss": 2.160297155380249}
{"fold": "A1_action_01", "arm": "baseline", "epoch": 9, "step": 200, "loss": 1.8816617727279663}
{"fold": "A1_action_01", "arm": "baseline", "epoch": 9, "step": 300, "loss": 2.2948124408721924}
{"fold": "A1_action_01", "arm": "baseline", "epoch": 9, "step": 400, "loss": 2.877181053161621}
{"fold": "A1_action_01", "arm": "baseline", "epoch": 9, "seen": {"pooled_auroc": 0.8497020497984819, "rows": 625, "videos": 251, "source_pair_acc": 0.7540983606557377, "source_pairs": 183, "same_query_pair_acc": 0.5, "same_query_support": 6, "raw_r1_iou_05": 0.334841628959276, "raw_r1_iou_07": 0.1832579185520362, "threshold_logit": 1.80424964427948, "gated_r1_iou_05": 0.3054298642533937}, "losses": {"gmr": 2.5454600539760315}, "chains": 0, "seconds": 19.020663261413574, "selected": false}
{"fold": "A1_action_01", "arm": "baseline", "epoch": 10, "step": 100, "loss": 2.483001708984375}
{"fold": "A1_action_01", "arm": "baseline", "epoch": 10, "step": 200, "loss": 2.6003713607788086}
{"fold": "A1_action_01", "arm": "baseline", "epoch": 10, "step": 300, "loss": 3.2875475883483887}
{"fold": "A1_action_01", "arm": "baseline", "epoch": 10, "step": 400, "loss": 2.659905433654785}
{"fold": "A1_action_01", "arm": "baseline", "epoch": 10, "seen": {"pooled_auroc": 0.8512968869767328, "rows": 625, "videos": 251, "source_pair_acc": 0.7595628415300546, "source_pairs": 183, "same_query_pair_acc": 0.6666666666666666, "same_query_support": 6, "raw_r1_iou_05": 0.36199095022624433, "raw_r1_iou_07": 0.20135746606334842, "threshold_logit": 1.2386424541473389, "gated_r1_iou_05": 0.3167420814479638}, "losses": {"gmr": 2.5198335368276217}, "chains": 0, "seconds": 18.87989115715027, "selected": false}
COMPLETED {"fold": "A1_action_01", "arm": "baseline", "seed": 3407, "best_epoch": 3, "seen": {"pooled_auroc": 0.8603713868901911, "rows": 625, "videos": 251, "source_pair_acc": 0.7868852459016393, "source_pairs": 183, "same_query_pair_acc": 0.5, "same_query_support": 6, "raw_r1_iou_05": 0.36877828054298645, "raw_r1_iou_07": 0.2171945701357466, "threshold_logit": 1.548464298248291, "gated_r1_iou_05": 0.3212669683257919}, "novel": {"pooled_auroc": 0.6122162162162162, "rows": 335, "videos": 138, "source_pair_acc": 0.7062937062937062, "source_pairs": 143, "same_query_pair_acc": 0.4388888888888889, "same_query_support": 30, "raw_r1_iou_05": 0.31333333333333335, "raw_r1_iou_07": 0.18, "threshold_logit": 1.548464298248291, "gated_r1_iou_05": 0.2866666666666667}, "epoch0": {"seen": {"pooled_auroc": 0.8600870360754643, "rows": 625, "videos": 251, "source_pair_acc": 0.7978142076502732, "source_pairs": 183, "same_query_pair_acc": 0.5, "same_query_support": 6, "raw_r1_iou_05": 0.3733031674208145, "raw_r1_iou_07": 0.22850678733031674, "threshold_logit": 1.609761118888855, "gated_r1_iou_05": 0.33031674208144796}, "novel": {"pooled_auroc": 0.616072072072072, "rows": 335, "videos": 138, "source_pair_acc": 0.7062937062937062, "source_pairs": 143, "same_query_pair_acc": 0.42731481481481476, "same_query_support": 30, "raw_r1_iou_05": 0.31333333333333335, "raw_r1_iou_07": 0.18666666666666668, "threshold_logit": 1.609761118888855, "gated_r1_iou_05": 0.25333333333333335}}, "elapsed_seconds": 185.49294352531433, "peak_gpu_bytes": 477246976, "formal_U_accessed": false}
{"fold": "A1_action_01", "arm": "shine", "epoch": 1, "step": 100, "loss": 7.594607353210449}
{"fold": "A1_action_01", "arm": "shine", "epoch": 1, "step": 200, "loss": 7.994081974029541}
{"fold": "A1_action_01", "arm": "shine", "epoch": 1, "step": 300, "loss": 7.49778938293457}
{"fold": "A1_action_01", "arm": "shine", "epoch": 1, "step": 400, "loss": 7.956342697143555}
{"fold": "A1_action_01", "arm": "shine", "epoch": 1, "seen": {"pooled_auroc": 0.866923818707811, "rows": 625, "videos": 251, "source_pair_acc": 0.7923497267759563, "source_pairs": 183, "same_query_pair_acc": 0.8333333333333334, "same_query_support": 6, "raw_r1_iou_05": 0.38687782805429866, "raw_r1_iou_07": 0.21266968325791855, "threshold_logit": -0.5473127365112305, "gated_r1_iou_05": 0.34841628959276016}, "losses": {"gmr": 3.3043488448368756, "coarse": 3.0986486863398897, "fine": 0.9272824003212694, "rotated_bce": 0.7073379491550335, "exist_pair": 0.3357422797072337}, "chains": 1653, "seconds": 31.648293256759644, "selected": true}
{"fold": "A1_action_01", "arm": "shine", "epoch": 2, "step": 100, "loss": 7.913066864013672}
{"fold": "A1_action_01", "arm": "shine", "epoch": 2, "step": 200, "loss": 8.540581703186035}
{"fold": "A1_action_01", "arm": "shine", "epoch": 2, "step": 300, "loss": 7.825777530670166}
{"fold": "A1_action_01", "arm": "shine", "epoch": 2, "step": 400, "loss": 7.262997627258301}
{"fold": "A1_action_01", "arm": "shine", "epoch": 2, "seen": {"pooled_auroc": 0.8689884528843064, "rows": 625, "videos": 251, "source_pair_acc": 0.7923497267759563, "source_pairs": 183, "same_query_pair_acc": 0.6666666666666666, "same_query_support": 6, "raw_r1_iou_05": 0.38009049773755654, "raw_r1_iou_07": 0.19683257918552036, "threshold_logit": -0.5280160903930664, "gated_r1_iou_05": 0.3393665158371041}, "losses": {"gmr": 3.2899246094883354, "coarse": 2.9866643579685745, "fine": 0.9330650408198868, "rotated_bce": 0.6051099897870695, "exist_pair": 0.22602821913534316}, "chains": 1655, "seconds": 31.410940647125244, "selected": true}
{"fold": "A1_action_01", "arm": "shine", "epoch": 3, "step": 100, "loss": 7.243141174316406}
{"fold": "A1_action_01", "arm": "shine", "epoch": 3, "step": 200, "loss": 7.590366840362549}
{"fold": "A1_action_01", "arm": "shine", "epoch": 3, "step": 300, "loss": 7.728708744049072}
{"fold": "A1_action_01", "arm": "shine", "epoch": 3, "step": 400, "loss": 7.838358402252197}
{"fold": "A1_action_01", "arm": "shine", "epoch": 3, "seen": {"pooled_auroc": 0.8723512103454244, "rows": 625, "videos": 251, "source_pair_acc": 0.8032786885245902, "source_pairs": 183, "same_query_pair_acc": 0.6666666666666666, "same_query_support": 6, "raw_r1_iou_05": 0.38687782805429866, "raw_r1_iou_07": 0.22624434389140272, "threshold_logit": -0.42645299434661865, "gated_r1_iou_05": 0.34615384615384615}, "losses": {"gmr": 3.2674604671588843, "coarse": 2.935389835477451, "fine": 0.9298864490743997, "rotated_bce": 0.6021570226420527, "exist_pair": 0.21965412584983784}, "chains": 1655, "seconds": 31.51232385635376, "selected": true}
{"fold": "A1_action_01", "arm": "shine", "epoch": 4, "step": 100, "loss": 7.941587924957275}
{"fold": "A1_action_01", "arm": "shine", "epoch": 4, "step": 200, "loss": 7.87408447265625}
{"fold": "A1_action_01", "arm": "shine", "epoch": 4, "step": 300, "loss": 6.958314895629883}
{"fold": "A1_action_01", "arm": "shine", "epoch": 4, "step": 400, "loss": 8.124515533447266}
{"fold": "A1_action_01", "arm": "shine", "epoch": 4, "seen": {"pooled_auroc": 0.8709047301139876, "rows": 625, "videos": 251, "source_pair_acc": 0.7978142076502732, "source_pairs": 183, "same_query_pair_acc": 1.0, "same_query_support": 6, "raw_r1_iou_05": 0.3891402714932127, "raw_r1_iou_07": 0.21945701357466063, "threshold_logit": -0.3499031960964203, "gated_r1_iou_05": 0.34841628959276016}, "losses": {"gmr": 3.2581983695283605, "coarse": 2.865957720844066, "fine": 0.9258870335592739, "rotated_bce": 0.6019724129478713, "exist_pair": 0.21663733933498894}, "chains": 1655, "seconds": 31.36511993408203, "selected": false}
{"fold": "A1_action_01", "arm": "shine", "epoch": 5, "step": 100, "loss": 6.83825159072876}
{"fold": "A1_action_01", "arm": "shine", "epoch": 5, "step": 200, "loss": 7.824654579162598}
{"fold": "A1_action_01", "arm": "shine", "epoch": 5, "step": 300, "loss": 7.440118312835693}
{"fold": "A1_action_01", "arm": "shine", "epoch": 5, "step": 400, "loss": 6.918789863586426}
{"fold": "A1_action_01", "arm": "shine", "epoch": 5, "seen": {"pooled_auroc": 0.8674183418638578, "rows": 625, "videos": 251, "source_pair_acc": 0.8032786885245902, "source_pairs": 183, "same_query_pair_acc": 0.8333333333333334, "same_query_support": 6, "raw_r1_iou_05": 0.38687782805429866, "raw_r1_iou_07": 0.20588235294117646, "threshold_logit": -0.2934187650680542, "gated_r1_iou_05": 0.3416289592760181}, "losses": {"gmr": 3.2430879033130147, "coarse": 2.780444596412677, "fine": 0.9240295354294892, "rotated_bce": 0.6012804845105046, "exist_pair": 0.215907519278319}, "chains": 1654, "seconds": 31.34244990348816, "selected": false}
{"fold": "A1_action_01", "arm": "shine", "epoch": 6, "step": 100, "loss": 8.151813507080078}
{"fold": "A1_action_01", "arm": "shine", "epoch": 6, "step": 200, "loss": 7.016242980957031}
{"fold": "A1_action_01", "arm": "shine", "epoch": 6, "step": 300, "loss": 7.411285877227783}
{"fold": "A1_action_01", "arm": "shine", "epoch": 6, "step": 400, "loss": 7.875410079956055}
{"fold": "A1_action_01", "arm": "shine", "epoch": 6, "seen": {"pooled_auroc": 0.8689513636476028, "rows": 625, "videos": 251, "source_pair_acc": 0.7923497267759563, "source_pairs": 183, "same_query_pair_acc": 0.8333333333333334, "same_query_support": 6, "raw_r1_iou_05": 0.3733031674208145, "raw_r1_iou_07": 0.23755656108597284, "threshold_logit": -0.3306482434272766, "gated_r1_iou_05": 0.3167420814479638}, "losses": {"gmr": 3.2270590331819324, "coarse": 2.714728809785152, "fine": 0.9083611187727555, "rotated_bce": 0.603167223541633, "exist_pair": 0.21347028479555955}, "chains": 1655, "seconds": 31.517168045043945, "selected": false}
{"fold": "A1_action_01", "arm": "shine", "epoch": 7, "step": 100, "loss": 7.4706621170043945}
{"fold": "A1_action_01", "arm": "shine", "epoch": 7, "step": 200, "loss": 8.656440734863281}
{"fold": "A1_action_01", "arm": "shine", "epoch": 7, "step": 300, "loss": 8.638110160827637}
{"fold": "A1_action_01", "arm": "shine", "epoch": 7, "step": 400, "loss": 6.581092834472656}
{"fold": "A1_action_01", "arm": "shine", "epoch": 7, "seen": {"pooled_auroc": 0.8666641940508865, "rows": 625, "videos": 251, "source_pair_acc": 0.7978142076502732, "source_pairs": 183, "same_query_pair_acc": 0.8333333333333334, "same_query_support": 6, "raw_r1_iou_05": 0.38687782805429866, "raw_r1_iou_07": 0.2171945701357466, "threshold_logit": -0.2674979865550995, "gated_r1_iou_05": 0.334841628959276}, "losses": {"gmr": 3.209350617899411, "coarse": 2.6606688018582294, "fine": 0.9063258159563737, "rotated_bce": 0.600913760886676, "exist_pair": 0.216757388488538}, "chains": 1655, "seconds": 31.72399067878723, "selected": false}
{"fold": "A1_action_01", "arm": "shine", "epoch": 8, "step": 100, "loss": 8.656211853027344}
{"fold": "A1_action_01", "arm": "shine", "epoch": 8, "step": 200, "loss": 8.394501686096191}
{"fold": "A1_action_01", "arm": "shine", "epoch": 8, "step": 300, "loss": 7.534417629241943}
{"fold": "A1_action_01", "arm": "shine", "epoch": 8, "step": 400, "loss": 7.157251834869385}
{"fold": "A1_action_01", "arm": "shine", "epoch": 8, "seen": {"pooled_auroc": 0.8626709195658087, "rows": 625, "videos": 251, "source_pair_acc": 0.7923497267759563, "source_pairs": 183, "same_query_pair_acc": 0.8333333333333334, "same_query_support": 6, "raw_r1_iou_05": 0.3733031674208145, "raw_r1_iou_07": 0.20588235294117646, "threshold_logit": -0.23391157388687134, "gated_r1_iou_05": 0.32805429864253394}, "losses": {"gmr": 3.205492641614831, "coarse": 2.6559012552390353, "fine": 0.9049723457886977, "rotated_bce": 0.6001566802533929, "exist_pair": 0.21688228831199055}, "chains": 1654, "seconds": 31.551724910736084, "selected": false}
{"fold": "A1_action_01", "arm": "shine", "epoch": 9, "step": 100, "loss": 6.187577724456787}
{"fold": "A1_action_01", "arm": "shine", "epoch": 9, "step": 200, "loss": 6.366888999938965}
{"fold": "A1_action_01", "arm": "shine", "epoch": 9, "step": 300, "loss": 7.296749114990234}
{"fold": "A1_action_01", "arm": "shine", "epoch": 9, "step": 400, "loss": 8.130559921264648}
{"fold": "A1_action_01", "arm": "shine", "epoch": 9, "seen": {"pooled_auroc": 0.8564399277996192, "rows": 625, "videos": 251, "source_pair_acc": 0.7978142076502732, "source_pairs": 183, "same_query_pair_acc": 0.8333333333333334, "same_query_support": 6, "raw_r1_iou_05": 0.38009049773755654, "raw_r1_iou_07": 0.21266968325791855, "threshold_logit": -0.17300118505954742, "gated_r1_iou_05": 0.32805429864253394}, "losses": {"gmr": 3.198307442780278, "coarse": 2.6211692057369986, "fine": 0.9122736741955154, "rotated_bce": 0.6004634393010162, "exist_pair": 0.2134071248561}, "chains": 1654, "seconds": 31.473130702972412, "selected": false}
{"fold": "A1_action_01", "arm": "shine", "epoch": 10, "step": 100, "loss": 7.026278972625732}
{"fold": "A1_action_01", "arm": "shine", "epoch": 10, "step": 200, "loss": 7.105749607086182}
{"fold": "A1_action_01", "arm": "shine", "epoch": 10, "step": 300, "loss": 6.97421932220459}
{"fold": "A1_action_01", "arm": "shine", "epoch": 10, "step": 400, "loss": 6.848260879516602}
{"fold": "A1_action_01", "arm": "shine", "epoch": 10, "seen": {"pooled_auroc": 0.8541774843607051, "rows": 625, "videos": 251, "source_pair_acc": 0.7923497267759563, "source_pairs": 183, "same_query_pair_acc": 0.8333333333333334, "same_query_support": 6, "raw_r1_iou_05": 0.38235294117647056, "raw_r1_iou_07": 0.22171945701357465, "threshold_logit": -0.2519699037075043, "gated_r1_iou_05": 0.3257918552036199}, "losses": {"gmr": 3.1832564487549417, "coarse": 2.567808709858696, "fine": 0.8981499288968994, "rotated_bce": 0.5983308257112181, "exist_pair": 0.21798269662124234}, "chains": 1655, "seconds": 31.81798529624939, "selected": false}
COMPLETED {"fold": "A1_action_01", "arm": "shine", "seed": 3407, "best_epoch": 3, "seen": {"pooled_auroc": 0.8723512103454244, "rows": 625, "videos": 251, "source_pair_acc": 0.8032786885245902, "source_pairs": 183, "same_query_pair_acc": 0.6666666666666666, "same_query_support": 6, "raw_r1_iou_05": 0.38687782805429866, "raw_r1_iou_07": 0.22624434389140272, "threshold_logit": -0.42645299434661865, "gated_r1_iou_05": 0.34615384615384615}, "novel": {"pooled_auroc": 0.6540540540540539, "rows": 335, "videos": 138, "source_pair_acc": 0.7062937062937062, "source_pairs": 143, "same_query_pair_acc": 0.40582671957671956, "same_query_support": 30, "raw_r1_iou_05": 0.30666666666666664, "raw_r1_iou_07": 0.18, "threshold_logit": -0.42645299434661865, "gated_r1_iou_05": 0.2733333333333333}, "epoch0": {"seen": {"pooled_auroc": 0.8600870360754643, "rows": 625, "videos": 251, "source_pair_acc": 0.7978142076502732, "source_pairs": 183, "same_query_pair_acc": 0.5, "same_query_support": 6, "raw_r1_iou_05": 0.3733031674208145, "raw_r1_iou_07": 0.22850678733031674, "threshold_logit": 1.609761118888855, "gated_r1_iou_05": 0.33031674208144796}, "novel": {"pooled_auroc": 0.616072072072072, "rows": 335, "videos": 138, "source_pair_acc": 0.7062937062937062, "source_pairs": 143, "same_query_pair_acc": 0.42731481481481476, "same_query_support": 30, "raw_r1_iou_05": 0.31333333333333335, "raw_r1_iou_07": 0.18666666666666668, "threshold_logit": 1.609761118888855, "gated_r1_iou_05": 0.25333333333333335}}, "elapsed_seconds": 316.5386905670166, "peak_gpu_bytes": 1093602816, "formal_U_accessed": false}
