Loaded datasets C1
{"fold": "C1", "arm": "Low_BCE_only", "epoch": 1, "step": 100, "loss": 6.261714935302734}
{"fold": "C1", "arm": "Low_BCE_only", "epoch": 1, "step": 200, "loss": 5.355186462402344}
{"fold": "C1", "arm": "Low_BCE_only", "epoch": 1, "step": 300, "loss": 5.347390174865723}
{"fold": "C1", "arm": "Low_BCE_only", "epoch": 1, "step": 400, "loss": 4.752843856811523}
{"fold": "C1", "arm": "Low_BCE_only", "epoch": 1, "step": 500, "loss": 5.345722198486328}
{"fold": "C1", "arm": "Low_BCE_only", "epoch": 1, "step": 600, "loss": 5.583848476409912}
{"fold": "C1", "arm": "Low_BCE_only", "epoch": 1, "seen": {"pooled_auroc": 0.7890026803383405, "rows": 1451, "videos": 462, "source_pair_acc": 0.6707317073170732, "source_pairs": 492, "same_query_pair_acc": 0.6052723281446685, "same_query_support": 47, "raw_r1_iou_05": 0.36903499469777307, "raw_r1_iou_07": 0.18027571580063625, "threshold_logit": 2.9819486141204834, "gated_r1_iou_05": 0.2513255567338282, "score_distribution": {"0": {"mean": 0.3544574650664499, "std": 4.151177219493673, "quantiles": [-7.379478931427002, 1.1402294039726257, 4.69910078048706]}, "1": {"mean": 4.42663209184546, "std": 3.043971702598057, "quantiles": [0.7669045209884644, 4.478663444519043, 8.34460315704346]}}}, "losses": {"gmr": 1.5466164665743936, "gmr_loss_span": 0.03345475251868503, "gmr_loss_giou": 0.23830179550818034, "gmr_loss_label": 0.025652931858771297, "gmr_class_error": 2.4439042737781094, "gmr_loss_saliency": 0.0, "gmr_loss_exist": 0.1883221661479504, "gmr_loss_span_0": 0.03372800923419669, "gmr_loss_giou_0": 0.24048860021229934, "gmr_loss_label_0": 0.026266141963052624, "gmr_class_error_0": 2.517598972494479, "gmr_loss_exist_0": 0.0, "coarse": 2.950698882069631, "fine": 0.8906601079510338, "rotated_bce": 4.153508596869588, "exist_pair": 1.2726665365093566, "total": 5.429510530367448}, "chains": 2630, "seconds": 86.79162502288818, "selected": true, "exposure_sha256": "dd1b8444924396e221771e46273c471327997116a6848aa6d70e304376c56a7b"}
{"fold": "C1", "arm": "Low_BCE_only", "epoch": 2, "step": 100, "loss": 5.204886436462402}
{"fold": "C1", "arm": "Low_BCE_only", "epoch": 2, "step": 200, "loss": 5.673328399658203}
{"fold": "C1", "arm": "Low_BCE_only", "epoch": 2, "step": 300, "loss": 5.731545448303223}
{"fold": "C1", "arm": "Low_BCE_only", "epoch": 2, "step": 400, "loss": 5.51118278503418}
{"fold": "C1", "arm": "Low_BCE_only", "epoch": 2, "step": 500, "loss": 4.671929836273193}
{"fold": "C1", "arm": "Low_BCE_only", "epoch": 2, "step": 600, "loss": 5.735540866851807}
{"fold": "C1", "arm": "Low_BCE_only", "epoch": 2, "seen": {"pooled_auroc": 0.7850948973371966, "rows": 1451, "videos": 462, "source_pair_acc": 0.6686991869918699, "source_pairs": 492, "same_query_pair_acc": 0.6145915845383931, "same_query_support": 47, "raw_r1_iou_05": 0.3616118769883351, "raw_r1_iou_07": 0.1919406150583245, "threshold_logit": 2.9495089054107666, "gated_r1_iou_05": 0.2417815482502651, "score_distribution": {"0": {"mean": 0.09395295633809773, "std": 4.186899308315489, "quantiles": [-7.59181318283081, 0.9409202933311462, 4.504546499252319]}, "1": {"mean": 4.03942461691062, "std": 2.9090784043012254, "quantiles": [0.597331190109253, 4.213199138641357, 7.67517614364624]}}}, "losses": {"gmr": 1.519752466751087, "gmr_loss_span": 0.0328236577769113, "gmr_loss_giou": 0.23478735377587445, "gmr_loss_label": 0.024882357850625522, "gmr_class_error": 2.270093703342426, "gmr_loss_saliency": 0.0, "gmr_loss_exist": 0.18670894375982436, "gmr_loss_span_0": 0.03310194940343046, "gmr_loss_giou_0": 0.23655346509261696, "gmr_loss_label_0": 0.025729300198074442, "gmr_class_error_0": 2.324912943738572, "gmr_loss_exist_0": 0.0, "coarse": 2.755033199910335, "fine": 0.9248781016260658, "rotated_bce": 3.7988300308992797, "exist_pair": 1.0959555726600274, "total": 5.237652088008753}, "chains": 2632, "seconds": 86.37322759628296, "selected": false, "exposure_sha256": "6060c7700ed87ffcfe4ab42acbbed6cdcc22e3a662a36bf54f696481bef07c67"}
{"fold": "C1", "arm": "Low_BCE_only", "epoch": 3, "step": 100, "loss": 4.407492160797119}
{"fold": "C1", "arm": "Low_BCE_only", "epoch": 3, "step": 200, "loss": 5.285709857940674}
{"fold": "C1", "arm": "Low_BCE_only", "epoch": 3, "step": 300, "loss": 4.983063697814941}
{"fold": "C1", "arm": "Low_BCE_only", "epoch": 3, "step": 400, "loss": 5.1636152267456055}
{"fold": "C1", "arm": "Low_BCE_only", "epoch": 3, "step": 500, "loss": 5.532859802246094}
{"fold": "C1", "arm": "Low_BCE_only", "epoch": 3, "step": 600, "loss": 5.430823802947998}
{"fold": "C1", "arm": "Low_BCE_only", "epoch": 3, "seen": {"pooled_auroc": 0.7831618807458187, "rows": 1451, "videos": 462, "source_pair_acc": 0.6605691056910569, "source_pairs": 492, "same_query_pair_acc": 0.5730216296705659, "same_query_support": 47, "raw_r1_iou_05": 0.36903499469777307, "raw_r1_iou_07": 0.18981972428419935, "threshold_logit": 3.0219645500183105, "gated_r1_iou_05": 0.25026511134676566, "score_distribution": {"0": {"mean": 0.29089444066126513, "std": 4.216472783930875, "quantiles": [-7.522400331497193, 1.1474334001541138, 4.654121446609498]}, "1": {"mean": 4.125832449885783, "std": 2.7728635876264938, "quantiles": [0.7566511392593384, 4.405541896820068, 7.5036782264709485]}}}, "losses": {"gmr": 1.516908574339829, "gmr_loss_span": 0.03270873955329229, "gmr_loss_giou": 0.2337099694757295, "gmr_loss_label": 0.024892813902586065, "gmr_class_error": 2.199520957506174, "gmr_loss_saliency": 0.0, "gmr_loss_exist": 0.1881767243916865, "gmr_loss_span_0": 0.03301270590885613, "gmr_loss_giou_0": 0.23507451929582288, "gmr_loss_label_0": 0.025790413300928555, "gmr_class_error_0": 2.251376398428595, "gmr_loss_exist_0": 0.0, "coarse": 2.5846384832561924, "fine": 0.9032214323800386, "rotated_bce": 3.6348671641393273, "exist_pair": 1.03766763078949, "total": 5.041117160515944}, "chains": 2630, "seconds": 86.64727687835693, "selected": false, "exposure_sha256": "4717bd3aa38344b0bda292298aee7a5d827fed945d71364f3c6ad61b08b2577d"}
{"fold": "C1", "arm": "Low_BCE_only", "epoch": 4, "step": 100, "loss": 5.14621639251709}
{"fold": "C1", "arm": "Low_BCE_only", "epoch": 4, "step": 200, "loss": 5.114405632019043}
{"fold": "C1", "arm": "Low_BCE_only", "epoch": 4, "step": 300, "loss": 5.015739440917969}
{"fold": "C1", "arm": "Low_BCE_only", "epoch": 4, "step": 400, "loss": 4.692277431488037}
{"fold": "C1", "arm": "Low_BCE_only", "epoch": 4, "step": 500, "loss": 4.911064624786377}
{"fold": "C1", "arm": "Low_BCE_only", "epoch": 4, "step": 600, "loss": 4.9705095291137695}
{"fold": "C1", "arm": "Low_BCE_only", "epoch": 4, "seen": {"pooled_auroc": 0.778087190320722, "rows": 1451, "videos": 462, "source_pair_acc": 0.6666666666666666, "source_pairs": 492, "same_query_pair_acc": 0.58656128150809, "same_query_support": 47, "raw_r1_iou_05": 0.3552492046659597, "raw_r1_iou_07": 0.1855779427359491, "threshold_logit": 2.825378894805908, "gated_r1_iou_05": 0.23860021208907742, "score_distribution": {"0": {"mean": 0.23787886807035039, "std": 4.187278778982756, "quantiles": [-7.679724788665771, 1.1419036388397217, 4.427746343612671]}, "1": {"mean": 3.863515599961625, "std": 2.5766863622953116, "quantiles": [0.7250339984893799, 4.110214710235596, 6.97562007904053]}}}, "losses": {"gmr": 1.5103106207035957, "gmr_loss_span": 0.032576615847137655, "gmr_loss_giou": 0.2316254631568052, "gmr_loss_label": 0.02454298973864788, "gmr_class_error": 2.254003159543301, "gmr_loss_saliency": 0.0, "gmr_loss_exist": 0.19056251515439035, "gmr_loss_span_0": 0.032824641184196285, "gmr_loss_giou_0": 0.23355533258485578, "gmr_loss_label_0": 0.02559569534084174, "gmr_class_error_0": 2.323198521390874, "gmr_loss_exist_0": 0.0, "coarse": 2.499977048588379, "fine": 0.887509935260906, "rotated_bce": 3.5879590085574558, "exist_pair": 0.9603024114229034, "total": 4.933677188168906}, "chains": 2631, "seconds": 86.93173408508301, "selected": false, "exposure_sha256": "5ed8e3c879cb94ac5518c4ba3f688bdaafbc201d174b38bf87129c2f6b3f3713"}
{"fold": "C1", "arm": "Low_BCE_only", "epoch": 5, "step": 100, "loss": 4.523312568664551}
{"fold": "C1", "arm": "Low_BCE_only", "epoch": 5, "step": 200, "loss": 3.751349449157715}
{"fold": "C1", "arm": "Low_BCE_only", "epoch": 5, "step": 300, "loss": 4.934289932250977}
{"fold": "C1", "arm": "Low_BCE_only", "epoch": 5, "step": 400, "loss": 4.3966064453125}
{"fold": "C1", "arm": "Low_BCE_only", "epoch": 5, "step": 500, "loss": 4.844221591949463}
{"fold": "C1", "arm": "Low_BCE_only", "epoch": 5, "step": 600, "loss": 4.856804847717285}
{"fold": "C1", "arm": "Low_BCE_only", "epoch": 5, "seen": {"pooled_auroc": 0.7855457953757902, "rows": 1451, "videos": 462, "source_pair_acc": 0.6626016260162602, "source_pairs": 492, "same_query_pair_acc": 0.5872436369776796, "same_query_support": 47, "raw_r1_iou_05": 0.36585365853658536, "raw_r1_iou_07": 0.18663838812301167, "threshold_logit": 2.504204750061035, "gated_r1_iou_05": 0.24708377518557795, "score_distribution": {"0": {"mean": -0.0725306463171178, "std": 4.1676662573033125, "quantiles": [-7.990982532501221, 0.8720797300338745, 4.149595355987549]}, "1": {"mean": 3.645328604064147, "std": 2.604649263412711, "quantiles": [0.4935618042945862, 3.913247585296631, 6.718758869171143]}}}, "losses": {"gmr": 1.5025855327268502, "gmr_loss_span": 0.032318988095934996, "gmr_loss_giou": 0.23067165064231965, "gmr_loss_label": 0.024776646219148643, "gmr_class_error": 2.31891336412053, "gmr_loss_saliency": 0.0, "gmr_loss_exist": 0.19062159897753894, "gmr_loss_span_0": 0.03251146044763298, "gmr_loss_giou_0": 0.23113796775056597, "gmr_loss_label_0": 0.025685811525714614, "gmr_class_error_0": 2.203073611737747, "gmr_loss_exist_0": 0.0, "coarse": 2.4328869691735706, "fine": 0.8866220122050369, "rotated_bce": 3.455076729272999, "exist_pair": 0.905366284891646, "total": 4.856645283365684}, "chains": 2631, "seconds": 86.81213331222534, "selected": false, "exposure_sha256": "0f11eeedbb5c2ea71e3af78014338bb0875143849220d57ab62495e8e10abf76"}
{"fold": "C1", "arm": "Low_BCE_only", "epoch": 6, "step": 100, "loss": 5.02044677734375}
{"fold": "C1", "arm": "Low_BCE_only", "epoch": 6, "step": 200, "loss": 4.412929534912109}
{"fold": "C1", "arm": "Low_BCE_only", "epoch": 6, "step": 300, "loss": 5.283651351928711}
{"fold": "C1", "arm": "Low_BCE_only", "epoch": 6, "step": 400, "loss": 4.103124618530273}
{"fold": "C1", "arm": "Low_BCE_only", "epoch": 6, "step": 500, "loss": 5.437283992767334}
{"fold": "C1", "arm": "Low_BCE_only", "epoch": 6, "step": 600, "loss": 5.376542568206787}
{"fold": "C1", "arm": "Low_BCE_only", "epoch": 6, "seen": {"pooled_auroc": 0.782569033324705, "rows": 1451, "videos": 462, "source_pair_acc": 0.6707317073170732, "source_pairs": 492, "same_query_pair_acc": 0.5880361364403918, "same_query_support": 47, "raw_r1_iou_05": 0.3679745493107105, "raw_r1_iou_07": 0.1823966065747614, "threshold_logit": 3.484825849533081, "gated_r1_iou_05": 0.22693531283138918, "score_distribution": {"0": {"mean": 0.25296918107710015, "std": 4.228035584226332, "quantiles": [-7.798454856872558, 1.246042549610138, 4.482602977752686]}, "1": {"mean": 3.8842653734323074, "std": 2.510528971861172, "quantiles": [0.8067408800125122, 4.243711948394775, 6.770008087158205]}}}, "losses": {"gmr": 1.487777541835982, "gmr_loss_span": 0.032146960552102435, "gmr_loss_giou": 0.229092954400372, "gmr_loss_label": 0.024449856003525592, "gmr_class_error": 2.356818004944404, "gmr_loss_saliency": 0.0, "gmr_loss_exist": 0.18378793864615692, "gmr_loss_span_0": 0.032476755767766284, "gmr_loss_giou_0": 0.23098401849845984, "gmr_loss_label_0": 0.02496901170582734, "gmr_class_error_0": 2.114715866042488, "gmr_loss_exist_0": 0.0, "coarse": 2.3628189036549045, "fine": 0.8888254175613717, "rotated_bce": 3.440113841762659, "exist_pair": 0.9011212735009411, "total": 4.773823008348876}, "chains": 2632, "seconds": 86.98528003692627, "selected": false, "exposure_sha256": "093a4239ceeba0c16bad6a6ffced2e1bd5e0469eebc0f071116f3e0dd6c4877f"}
{"fold": "C1", "arm": "Low_BCE_only", "epoch": 7, "step": 100, "loss": 4.958945274353027}
{"fold": "C1", "arm": "Low_BCE_only", "epoch": 7, "step": 200, "loss": 4.835592269897461}
{"fold": "C1", "arm": "Low_BCE_only", "epoch": 7, "step": 300, "loss": 5.537599086761475}
{"fold": "C1", "arm": "Low_BCE_only", "epoch": 7, "step": 400, "loss": 5.407942771911621}
{"fold": "C1", "arm": "Low_BCE_only", "epoch": 7, "step": 500, "loss": 4.990485191345215}
{"fold": "C1", "arm": "Low_BCE_only", "epoch": 7, "step": 600, "loss": 3.8018996715545654}
{"fold": "C1", "arm": "Low_BCE_only", "epoch": 7, "seen": {"pooled_auroc": 0.7830533312180092, "rows": 1451, "videos": 462, "source_pair_acc": 0.6626016260162602, "source_pairs": 492, "same_query_pair_acc": 0.5858654938442173, "same_query_support": 47, "raw_r1_iou_05": 0.35737009544008486, "raw_r1_iou_07": 0.18027571580063625, "threshold_logit": 3.6468734741210938, "gated_r1_iou_05": 0.21845174973488865, "score_distribution": {"0": {"mean": 0.3013773846667348, "std": 4.176454996830677, "quantiles": [-7.691063117980957, 1.3584568500518799, 4.389631605148316]}, "1": {"mean": 3.8707238536758677, "std": 2.420451379729671, "quantiles": [0.8274216413497925, 4.217289924621582, 6.647152900695802]}}}, "losses": {"gmr": 1.5048504357642316, "gmr_loss_span": 0.03251147766719292, "gmr_loss_giou": 0.2315933167662664, "gmr_loss_label": 0.024559036071347157, "gmr_class_error": 2.2915209390472135, "gmr_loss_saliency": 0.0, "gmr_loss_exist": 0.18741592507537647, "gmr_loss_span_0": 0.03273528546949786, "gmr_loss_giou_0": 0.23348783436698392, "gmr_loss_label_0": 0.02541239644148837, "gmr_class_error_0": 2.3815822659292483, "gmr_loss_exist_0": 0.0, "coarse": 2.3250849699901592, "fine": 0.8647201095670914, "rotated_bce": 3.381220603786341, "exist_pair": 0.8601605620201236, "total": 4.728467724968235}, "chains": 2631, "seconds": 86.2567765712738, "selected": false, "exposure_sha256": "5344ac7be05830f16adeda1df1d49db84f81100012e9df4890e426e7bafb068b"}
{"fold": "C1", "arm": "Low_BCE_only", "epoch": 8, "step": 100, "loss": 4.920309066772461}
{"fold": "C1", "arm": "Low_BCE_only", "epoch": 8, "step": 200, "loss": 5.162199974060059}
{"fold": "C1", "arm": "Low_BCE_only", "epoch": 8, "step": 300, "loss": 4.777775764465332}
{"fold": "C1", "arm": "Low_BCE_only", "epoch": 8, "step": 400, "loss": 3.230882167816162}
{"fold": "C1", "arm": "Low_BCE_only", "epoch": 8, "step": 500, "loss": 3.806044816970825}
{"fold": "C1", "arm": "Low_BCE_only", "epoch": 8, "step": 600, "loss": 2.9803998470306396}
{"fold": "C1", "arm": "Low_BCE_only", "epoch": 8, "seen": {"pooled_auroc": 0.7846773991533136, "rows": 1451, "videos": 462, "source_pair_acc": 0.6666666666666666, "source_pairs": 492, "same_query_pair_acc": 0.5853685026557367, "same_query_support": 47, "raw_r1_iou_05": 0.3563096500530223, "raw_r1_iou_07": 0.18027571580063625, "threshold_logit": 2.2618188858032227, "gated_r1_iou_05": 0.25874867444326616, "score_distribution": {"0": {"mean": 0.05552363994084005, "std": 4.168897056744403, "quantiles": [-7.959166622161865, 1.0706029534339905, 4.163876581192017]}, "1": {"mean": 3.677161111210968, "std": 2.4929888710115775, "quantiles": [0.525240445137024, 4.090678691864014, 6.5134089469909675]}}}, "losses": {"gmr": 1.482255489358786, "gmr_loss_span": 0.03190647325503971, "gmr_loss_giou": 0.2289081115875744, "gmr_loss_label": 0.024171101421933044, "gmr_class_error": 2.038776733954989, "gmr_loss_saliency": 0.0, "gmr_loss_exist": 0.18275401977635353, "gmr_loss_span_0": 0.03234779451178291, "gmr_loss_giou_0": 0.2314194617368349, "gmr_loss_label_0": 0.024986704593484708, "gmr_class_error_0": 2.163241354527807, "gmr_loss_exist_0": 0.0, "coarse": 2.2741184808925294, "fine": 0.866809004708264, "rotated_bce": 3.411385062436565, "exist_pair": 0.864246390302776, "total": 4.657296824600197}, "chains": 2632, "seconds": 86.90007543563843, "selected": false, "exposure_sha256": "1b15c3ec4d3ee56d618a9da3e35bc77a5daf107294deb14d54cf59df1a7a033b"}
{"fold": "C1", "arm": "Low_BCE_only", "epoch": 9, "step": 100, "loss": 5.422815322875977}
{"fold": "C1", "arm": "Low_BCE_only", "epoch": 9, "step": 200, "loss": 3.661184072494507}
{"fold": "C1", "arm": "Low_BCE_only", "epoch": 9, "step": 300, "loss": 4.693187713623047}
{"fold": "C1", "arm": "Low_BCE_only", "epoch": 9, "step": 400, "loss": 3.706346273422241}
{"fold": "C1", "arm": "Low_BCE_only", "epoch": 9, "step": 500, "loss": 4.484361171722412}
{"fold": "C1", "arm": "Low_BCE_only", "epoch": 9, "step": 600, "loss": 4.393141269683838}
{"fold": "C1", "arm": "Low_BCE_only", "epoch": 9, "seen": {"pooled_auroc": 0.7847316739172184, "rows": 1451, "videos": 462, "source_pair_acc": 0.6646341463414634, "source_pairs": 492, "same_query_pair_acc": 0.5969980964661816, "same_query_support": 47, "raw_r1_iou_05": 0.35418875927889715, "raw_r1_iou_07": 0.18663838812301167, "threshold_logit": 3.040634870529175, "gated_r1_iou_05": 0.2258748674443266, "score_distribution": {"0": {"mean": -0.005355221872019956, "std": 4.164185246934791, "quantiles": [-8.115418243408204, 0.985855758190155, 4.079199886322021]}, "1": {"mean": 3.6209006532236603, "std": 2.5080836828097763, "quantiles": [0.4919961869716645, 3.9943172931671143, 6.477582836151123]}}}, "losses": {"gmr": 1.468399354933243, "gmr_loss_span": 0.03163592521480559, "gmr_loss_giou": 0.22645796448173494, "gmr_loss_label": 0.024257920959845504, "gmr_class_error": 2.248372851896431, "gmr_loss_saliency": 0.0, "gmr_loss_exist": 0.18137145796960566, "gmr_loss_span_0": 0.031888290314077423, "gmr_loss_giou_0": 0.22810089714983675, "gmr_loss_label_0": 0.025048799720793782, "gmr_class_error_0": 2.2185109726926115, "gmr_loss_exist_0": 0.0, "coarse": 2.2285869644224463, "fine": 0.8650391327392729, "rotated_bce": 3.412596711452971, "exist_pair": 0.876187428492362, "total": 4.596151418598952}, "chains": 2631, "seconds": 83.52356624603271, "selected": false, "exposure_sha256": "f2aaaf6ef30d4a910efa11ba4cc63fc23a562a30950b4da88824ad02403c978a"}
{"fold": "C1", "arm": "Low_BCE_only", "epoch": 10, "step": 100, "loss": 3.5478689670562744}
{"fold": "C1", "arm": "Low_BCE_only", "epoch": 10, "step": 200, "loss": 4.743139743804932}
{"fold": "C1", "arm": "Low_BCE_only", "epoch": 10, "step": 300, "loss": 4.469992637634277}
{"fold": "C1", "arm": "Low_BCE_only", "epoch": 10, "step": 400, "loss": 4.072554588317871}
{"fold": "C1", "arm": "Low_BCE_only", "epoch": 10, "step": 500, "loss": 4.834239959716797}
{"fold": "C1", "arm": "Low_BCE_only", "epoch": 10, "step": 600, "loss": 4.142379283905029}
{"fold": "C1", "arm": "Low_BCE_only", "epoch": 10, "seen": {"pooled_auroc": 0.7820408981220932, "rows": 1451, "videos": 462, "source_pair_acc": 0.6666666666666666, "source_pairs": 492, "same_query_pair_acc": 0.6000875011513309, "same_query_support": 47, "raw_r1_iou_05": 0.3584305408271474, "raw_r1_iou_07": 0.1792152704135737, "threshold_logit": 3.4297971725463867, "gated_r1_iou_05": 0.2142099681866384, "score_distribution": {"0": {"mean": 0.14114233355705194, "std": 4.199004810272566, "quantiles": [-7.9352226734161375, 1.2139774560928345, 4.147405672073364]}, "1": {"mean": 3.6748091214843104, "std": 2.4032645852697425, "quantiles": [0.5900622248649597, 4.116459846496582, 6.334996032714844]}}}, "losses": {"gmr": 1.488186353245767, "gmr_loss_span": 0.03187440774802651, "gmr_loss_giou": 0.22892616315543832, "gmr_loss_label": 0.024647171280734625, "gmr_class_error": 2.290416705934472, "gmr_loss_saliency": 0.0, "gmr_loss_exist": 0.18678728640249345, "gmr_loss_span_0": 0.03225659872164616, "gmr_loss_giou_0": 0.23084275025908346, "gmr_loss_label_0": 0.025432851871809607, "gmr_class_error_0": 2.3130049082283555, "gmr_loss_exist_0": 0.0, "coarse": 2.2088425984679745, "fine": 0.8670053189014592, "rotated_bce": 3.39712421292592, "exist_pair": 0.8426961213191773, "total": 4.598005514739132}, "chains": 2630, "seconds": 85.15927767753601, "selected": false, "exposure_sha256": "bab766f8cfc7a21dae8053be8f9dbe20a3851fae58fa23c3255a839edc038b32"}
COMPLETED {"fold": "C1", "arm": "Low_BCE_only", "seed": 3407, "best_epoch": 1, "seen_val": {"pooled_auroc": 0.7890026803383405, "rows": 1451, "videos": 462, "source_pair_acc": 0.6707317073170732, "source_pairs": 492, "same_query_pair_acc": 0.6052723281446685, "same_query_support": 47, "raw_r1_iou_05": 0.36903499469777307, "raw_r1_iou_07": 0.18027571580063625, "threshold_logit": 2.9819486141204834, "gated_r1_iou_05": 0.2513255567338282}, "epoch0": {"seen": {"pooled_auroc": 0.7882616210619483, "rows": 1451, "videos": 462, "source_pair_acc": 0.676829268292683, "source_pairs": 492, "same_query_pair_acc": 0.5633719412974733, "same_query_support": 47, "raw_r1_iou_05": 0.3743372216330859, "raw_r1_iou_07": 0.20042417815482502, "threshold_logit": 1.8752331733703613, "gated_r1_iou_05": 0.2735949098621421}}, "elapsed_seconds": 864.9276592731476, "peak_gpu_bytes": 0, "formal_U_accessed": false}
