Loaded datasets C1
{"fold": "C1", "arm": "BCE_only", "epoch": 1, "step": 100, "loss": 6.807399749755859}
{"fold": "C1", "arm": "BCE_only", "epoch": 1, "step": 200, "loss": 6.726372718811035}
{"fold": "C1", "arm": "BCE_only", "epoch": 1, "step": 300, "loss": 6.346590042114258}
{"fold": "C1", "arm": "BCE_only", "epoch": 1, "step": 400, "loss": 6.030184745788574}
{"fold": "C1", "arm": "BCE_only", "epoch": 1, "step": 500, "loss": 6.359320640563965}
{"fold": "C1", "arm": "BCE_only", "epoch": 1, "step": 600, "loss": 6.916629314422607}
{"fold": "C1", "arm": "BCE_only", "epoch": 1, "seen": {"pooled_auroc": 0.767530748741243, "rows": 1451, "videos": 462, "source_pair_acc": 0.6951219512195121, "source_pairs": 492, "same_query_pair_acc": 0.5911927020969574, "same_query_support": 47, "raw_r1_iou_05": 0.3722163308589608, "raw_r1_iou_07": 0.1792152704135737, "threshold_logit": -0.345637708902359, "gated_r1_iou_05": 0.25556733828207845, "score_distribution": {"0": {"mean": -1.6568870928695822, "std": 2.452769638818592, "quantiles": [-6.5707585334777825, -0.5901498198509216, -0.030617867410182922]}, "1": {"mean": -0.2188559073247687, "std": 0.7933409662265022, "quantiles": [-0.7361251592636108, -0.1490575075149536, 0.4152256786823279]}}}, "losses": {"gmr": 2.0866244109205923, "gmr_loss_span": 0.034652803568763935, "gmr_loss_giou": 0.24526274736438478, "gmr_loss_label": 0.027782530461559724, "gmr_class_error": 2.870135310210718, "gmr_loss_saliency": 0.0, "gmr_loss_exist": 0.6868953761222877, "gmr_loss_span_0": 0.034360809107296914, "gmr_loss_giou_0": 0.24448678557588335, "gmr_loss_label_0": 0.027178314513042794, "gmr_class_error_0": 2.8489223120785048, "gmr_loss_exist_0": 0.0, "coarse": 2.962783415629146, "fine": 0.8965740339734272, "rotated_bce": 0.6887979706279412, "exist_pair": 0.34485289516737033, "total": 6.634779819963914}, "chains": 2630, "seconds": 87.4462308883667, "selected": true, "exposure_sha256": "dd1b8444924396e221771e46273c471327997116a6848aa6d70e304376c56a7b"}
{"fold": "C1", "arm": "BCE_only", "epoch": 2, "step": 100, "loss": 6.185858726501465}
{"fold": "C1", "arm": "BCE_only", "epoch": 2, "step": 200, "loss": 6.631076812744141}
{"fold": "C1", "arm": "BCE_only", "epoch": 2, "step": 300, "loss": 6.527233123779297}
{"fold": "C1", "arm": "BCE_only", "epoch": 2, "step": 400, "loss": 6.763391494750977}
{"fold": "C1", "arm": "BCE_only", "epoch": 2, "step": 500, "loss": 5.982792377471924}
{"fold": "C1", "arm": "BCE_only", "epoch": 2, "step": 600, "loss": 6.858033180236816}
{"fold": "C1", "arm": "BCE_only", "epoch": 2, "seen": {"pooled_auroc": 0.7562582977764047, "rows": 1451, "videos": 462, "source_pair_acc": 0.6910569105691057, "source_pairs": 492, "same_query_pair_acc": 0.5864377053206841, "same_query_support": 47, "raw_r1_iou_05": 0.3647932131495228, "raw_r1_iou_07": 0.176033934252386, "threshold_logit": -0.27742519974708557, "gated_r1_iou_05": 0.2354188759278897, "score_distribution": {"0": {"mean": -1.8589841842314039, "std": 2.7808002835272294, "quantiles": [-7.409909391403199, -0.5606734156608582, 0.034258430451154856]}, "1": {"mean": -0.22516777136087543, "std": 0.9088069498684604, "quantiles": [-0.7339285731315612, -0.11816861480474472, 0.4228940427303315]}}}, "losses": {"gmr": 2.0584489889782613, "gmr_loss_span": 0.033488232999088915, "gmr_loss_giou": 0.2388072359321871, "gmr_loss_label": 0.02577928726994475, "gmr_class_error": 2.3760661441142075, "gmr_loss_saliency": 0.0, "gmr_loss_exist": 0.704467070863602, "gmr_loss_span_0": 0.0334664884612168, "gmr_loss_giou_0": 0.2387573254665524, "gmr_loss_label_0": 0.025938248859101336, "gmr_class_error_0": 2.3440459694905846, "gmr_loss_exist_0": 0.0, "coarse": 2.75676712855742, "fine": 0.9183528062782751, "rotated_bce": 0.5788609231949577, "exist_pair": 0.2517679521310112, "total": 6.312429854210387}, "chains": 2632, "seconds": 86.73839139938354, "selected": false, "exposure_sha256": "6060c7700ed87ffcfe4ab42acbbed6cdcc22e3a662a36bf54f696481bef07c67"}
{"fold": "C1", "arm": "BCE_only", "epoch": 3, "step": 100, "loss": 5.542156219482422}
{"fold": "C1", "arm": "BCE_only", "epoch": 3, "step": 200, "loss": 6.463446617126465}
{"fold": "C1", "arm": "BCE_only", "epoch": 3, "step": 300, "loss": 5.903215408325195}
{"fold": "C1", "arm": "BCE_only", "epoch": 3, "step": 400, "loss": 6.204248905181885}
{"fold": "C1", "arm": "BCE_only", "epoch": 3, "step": 500, "loss": 6.420942306518555}
{"fold": "C1", "arm": "BCE_only", "epoch": 3, "step": 600, "loss": 6.711836814880371}
{"fold": "C1", "arm": "BCE_only", "epoch": 3, "seen": {"pooled_auroc": 0.7528410751413231, "rows": 1451, "videos": 462, "source_pair_acc": 0.6808943089430894, "source_pairs": 492, "same_query_pair_acc": 0.5695238862792054, "same_query_support": 47, "raw_r1_iou_05": 0.37645811240721105, "raw_r1_iou_07": 0.18769883351007424, "threshold_logit": -0.2812175452709198, "gated_r1_iou_05": 0.26193001060445387, "score_distribution": {"0": {"mean": -1.8347460734034617, "std": 2.8547815216229924, "quantiles": [-7.531209897994994, -0.47930458188056946, 0.1114812552928925]}, "1": {"mean": -0.17716965165822782, "std": 0.916763322683514, "quantiles": [-0.7451401114463806, -0.0820794329047203, 0.47039906978607177]}}}, "losses": {"gmr": 2.0453985788177214, "gmr_loss_span": 0.03318892291387526, "gmr_loss_giou": 0.23666377738118172, "gmr_loss_label": 0.025550121639637238, "gmr_class_error": 2.45996727986901, "gmr_loss_saliency": 0.0, "gmr_loss_exist": 0.7009357115689744, "gmr_loss_span_0": 0.03329556027432977, "gmr_loss_giou_0": 0.23671517332047676, "gmr_loss_label_0": 0.026009648518868944, "gmr_class_error_0": 2.3969185547988103, "gmr_loss_exist_0": 0.0, "coarse": 2.587368829272076, "fine": 0.8994482929583378, "rotated_bce": 0.5733585490372406, "exist_pair": 0.24608384484374232, "total": 6.105574252032944}, "chains": 2630, "seconds": 87.50411987304688, "selected": false, "exposure_sha256": "4717bd3aa38344b0bda292298aee7a5d827fed945d71364f3c6ad61b08b2577d"}
{"fold": "C1", "arm": "BCE_only", "epoch": 4, "step": 100, "loss": 6.405433654785156}
{"fold": "C1", "arm": "BCE_only", "epoch": 4, "step": 200, "loss": 6.240542888641357}
{"fold": "C1", "arm": "BCE_only", "epoch": 4, "step": 300, "loss": 6.195387840270996}
{"fold": "C1", "arm": "BCE_only", "epoch": 4, "step": 400, "loss": 5.8453521728515625}
{"fold": "C1", "arm": "BCE_only", "epoch": 4, "step": 500, "loss": 6.1478376388549805}
{"fold": "C1", "arm": "BCE_only", "epoch": 4, "step": 600, "loss": 5.8795928955078125}
{"fold": "C1", "arm": "BCE_only", "epoch": 4, "seen": {"pooled_auroc": 0.7367277327343627, "rows": 1451, "videos": 462, "source_pair_acc": 0.6626016260162602, "source_pairs": 492, "same_query_pair_acc": 0.5758773141751865, "same_query_support": 47, "raw_r1_iou_05": 0.3647932131495228, "raw_r1_iou_07": 0.1855779427359491, "threshold_logit": -0.2664450705051422, "gated_r1_iou_05": 0.24390243902439024, "score_distribution": {"0": {"mean": -1.7729409826244777, "std": 2.873687697106092, "quantiles": [-7.554767084121704, -0.46602146327495575, 0.1524621888995171]}, "1": {"mean": -0.16565096324600065, "std": 0.8962313487573035, "quantiles": [-0.7039978742599488, -0.06941190361976624, 0.4578721582889559]}}}, "losses": {"gmr": 2.029299549056404, "gmr_loss_span": 0.03292003918812811, "gmr_loss_giou": 0.23363797694988164, "gmr_loss_label": 0.02522512567923107, "gmr_class_error": 2.351551902330393, "gmr_loss_saliency": 0.0, "gmr_loss_exist": 0.6970544928928276, "gmr_loss_span_0": 0.03305570710744811, "gmr_loss_giou_0": 0.2354942384008941, "gmr_loss_label_0": 0.025613718063182744, "gmr_class_error_0": 2.3246598635038707, "gmr_loss_exist_0": 0.0, "coarse": 2.501239788206153, "fine": 0.8810711246674546, "rotated_bce": 0.5716312659004177, "exist_pair": 0.2388630211070225, "total": 5.983241716054435}, "chains": 2631, "seconds": 87.8573272228241, "selected": false, "exposure_sha256": "5ed8e3c879cb94ac5518c4ba3f688bdaafbc201d174b38bf87129c2f6b3f3713"}
{"fold": "C1", "arm": "BCE_only", "epoch": 5, "step": 100, "loss": 5.802690505981445}
{"fold": "C1", "arm": "BCE_only", "epoch": 5, "step": 200, "loss": 4.808063507080078}
{"fold": "C1", "arm": "BCE_only", "epoch": 5, "step": 300, "loss": 5.888087272644043}
{"fold": "C1", "arm": "BCE_only", "epoch": 5, "step": 400, "loss": 5.365785598754883}
{"fold": "C1", "arm": "BCE_only", "epoch": 5, "step": 500, "loss": 6.013584136962891}
{"fold": "C1", "arm": "BCE_only", "epoch": 5, "step": 600, "loss": 5.792014122009277}
{"fold": "C1", "arm": "BCE_only", "epoch": 5, "seen": {"pooled_auroc": 0.7399278563138251, "rows": 1451, "videos": 462, "source_pair_acc": 0.676829268292683, "source_pairs": 492, "same_query_pair_acc": 0.5914908968100457, "same_query_support": 47, "raw_r1_iou_05": 0.3722163308589608, "raw_r1_iou_07": 0.18027571580063625, "threshold_logit": -0.17065763473510742, "gated_r1_iou_05": 0.21951219512195122, "score_distribution": {"0": {"mean": -1.9554409977253966, "std": 3.0339417066485526, "quantiles": [-8.17986364364624, -0.5665310025215149, 0.1670032650232319]}, "1": {"mean": -0.20577700082943523, "std": 0.982699653032157, "quantiles": [-0.842176353931427, -0.08056828379631042, 0.5010477483272557]}}}, "losses": {"gmr": 2.0193728429568214, "gmr_loss_span": 0.03272250502180637, "gmr_loss_giou": 0.23337814194860793, "gmr_loss_label": 0.025294968170484693, "gmr_class_error": 2.6714592211876957, "gmr_loss_saliency": 0.0, "gmr_loss_exist": 0.6931563730388427, "gmr_loss_span_0": 0.03283024541354288, "gmr_loss_giou_0": 0.2330703189579549, "gmr_loss_label_0": 0.02576516111208675, "gmr_class_error_0": 2.2841690434510946, "gmr_loss_exist_0": 0.0, "coarse": 2.4332633145312044, "fine": 0.8824501863728903, "rotated_bce": 0.5674393188808464, "exist_pair": 0.23271891551720697, "total": 5.902525660477148}, "chains": 2631, "seconds": 87.12094974517822, "selected": false, "exposure_sha256": "0f11eeedbb5c2ea71e3af78014338bb0875143849220d57ab62495e8e10abf76"}
{"fold": "C1", "arm": "BCE_only", "epoch": 6, "step": 100, "loss": 5.882747650146484}
{"fold": "C1", "arm": "BCE_only", "epoch": 6, "step": 200, "loss": 5.525963306427002}
{"fold": "C1", "arm": "BCE_only", "epoch": 6, "step": 300, "loss": 6.248587608337402}
{"fold": "C1", "arm": "BCE_only", "epoch": 6, "step": 400, "loss": 5.144652366638184}
{"fold": "C1", "arm": "BCE_only", "epoch": 6, "step": 500, "loss": 6.536231517791748}
{"fold": "C1", "arm": "BCE_only", "epoch": 6, "step": 600, "loss": 6.350564956665039}
{"fold": "C1", "arm": "BCE_only", "epoch": 6, "seen": {"pooled_auroc": 0.7245764480924508, "rows": 1451, "videos": 462, "source_pair_acc": 0.7032520325203252, "source_pairs": 492, "same_query_pair_acc": 0.6056027601240367, "same_query_support": 47, "raw_r1_iou_05": 0.37009544008483564, "raw_r1_iou_07": 0.18451749734888653, "threshold_logit": -0.467725545167923, "gated_r1_iou_05": 0.3149522799575822, "score_distribution": {"0": {"mean": -1.8978345890375456, "std": 3.0912567237446313, "quantiles": [-8.158249282836914, -0.5174638330936432, 0.29605589807033544]}, "1": {"mean": -0.12929348100059737, "std": 1.0082966374275073, "quantiles": [-0.7560685753822327, -0.013938140124082565, 0.6361530423164368]}}}, "losses": {"gmr": 1.9966252125505255, "gmr_loss_span": 0.03237618601634691, "gmr_loss_giou": 0.23022301037623163, "gmr_loss_label": 0.024994394879952343, "gmr_class_error": 2.6192614314766276, "gmr_loss_saliency": 0.0, "gmr_loss_exist": 0.683919382176863, "gmr_loss_span_0": 0.03260973199075343, "gmr_loss_giou_0": 0.23172575960043354, "gmr_loss_label_0": 0.025230075589361342, "gmr_class_error_0": 2.1266878122254345, "gmr_loss_exist_0": 0.0, "coarse": 2.3562864617736143, "fine": 0.88823287827628, "rotated_bce": 0.5623874939683723, "exist_pair": 0.23866475112509764, "total": 5.803532046749962}, "chains": 2632, "seconds": 87.31028246879578, "selected": false, "exposure_sha256": "093a4239ceeba0c16bad6a6ffced2e1bd5e0469eebc0f071116f3e0dd6c4877f"}
{"fold": "C1", "arm": "BCE_only", "epoch": 7, "step": 100, "loss": 6.0640997886657715}
{"fold": "C1", "arm": "BCE_only", "epoch": 7, "step": 200, "loss": 5.739863395690918}
{"fold": "C1", "arm": "BCE_only", "epoch": 7, "step": 300, "loss": 6.662726402282715}
{"fold": "C1", "arm": "BCE_only", "epoch": 7, "step": 400, "loss": 6.470113277435303}
{"fold": "C1", "arm": "BCE_only", "epoch": 7, "step": 500, "loss": 6.044051170349121}
{"fold": "C1", "arm": "BCE_only", "epoch": 7, "step": 600, "loss": 4.825038433074951}
{"fold": "C1", "arm": "BCE_only", "epoch": 7, "seen": {"pooled_auroc": 0.7157296615759722, "rows": 1451, "videos": 462, "source_pair_acc": 0.693089430894309, "source_pairs": 492, "same_query_pair_acc": 0.6280855669153542, "same_query_support": 47, "raw_r1_iou_05": 0.3647932131495228, "raw_r1_iou_07": 0.1823966065747614, "threshold_logit": -0.4875466823577881, "gated_r1_iou_05": 0.3138918345705196, "score_distribution": {"0": {"mean": -1.8155717863664618, "std": 3.052538406449559, "quantiles": [-8.010438632965087, -0.49969516694545746, 0.3652516037225726]}, "1": {"mean": -0.09606943546556339, "std": 0.9536139932562474, "quantiles": [-0.7548268675804138, 0.03311140090227127, 0.6252528071403506]}}}, "losses": {"gmr": 2.0118229142800654, "gmr_loss_span": 0.03288892744601588, "gmr_loss_giou": 0.23385185520744975, "gmr_loss_label": 0.02483668571159719, "gmr_class_error": 2.571654867618642, "gmr_loss_saliency": 0.0, "gmr_loss_exist": 0.683115573096058, "gmr_loss_span_0": 0.03295073908184709, "gmr_loss_giou_0": 0.23507301732444835, "gmr_loss_label_0": 0.025509765027741983, "gmr_class_error_0": 2.480759061216221, "gmr_loss_exist_0": 0.0, "coarse": 2.3210063227041875, "fine": 0.8631086317782707, "rotated_bce": 0.5612393489905766, "exist_pair": 0.23235792859165863, "total": 5.757177220289468}, "chains": 2631, "seconds": 86.48527932167053, "selected": false, "exposure_sha256": "5344ac7be05830f16adeda1df1d49db84f81100012e9df4890e426e7bafb068b"}
{"fold": "C1", "arm": "BCE_only", "epoch": 8, "step": 100, "loss": 5.868704319000244}
{"fold": "C1", "arm": "BCE_only", "epoch": 8, "step": 200, "loss": 6.218048572540283}
{"fold": "C1", "arm": "BCE_only", "epoch": 8, "step": 300, "loss": 6.041069030761719}
{"fold": "C1", "arm": "BCE_only", "epoch": 8, "step": 400, "loss": 4.239847660064697}
{"fold": "C1", "arm": "BCE_only", "epoch": 8, "step": 500, "loss": 4.756588935852051}
{"fold": "C1", "arm": "BCE_only", "epoch": 8, "step": 600, "loss": 3.890984296798706}
{"fold": "C1", "arm": "BCE_only", "epoch": 8, "seen": {"pooled_auroc": 0.7110244570436118, "rows": 1451, "videos": 462, "source_pair_acc": 0.6991869918699187, "source_pairs": 492, "same_query_pair_acc": 0.6296383285744988, "same_query_support": 47, "raw_r1_iou_05": 0.3616118769883351, "raw_r1_iou_07": 0.18027571580063625, "threshold_logit": -0.4358086884021759, "gated_r1_iou_05": 0.2990455991516437, "score_distribution": {"0": {"mean": -1.8657602032749203, "std": 3.1280475540817445, "quantiles": [-8.356393337249756, -0.5356031060218811, 0.45195907950401304]}, "1": {"mean": -0.08540650230386983, "std": 1.0437802557752396, "quantiles": [-0.8901802778244019, 0.057274363934993744, 0.7249667882919313]}}}, "losses": {"gmr": 1.9871055893260294, "gmr_loss_span": 0.03228694614090909, "gmr_loss_giou": 0.23097569214627373, "gmr_loss_label": 0.024774251856747732, "gmr_class_error": 2.2457540912106406, "gmr_loss_saliency": 0.0, "gmr_loss_exist": 0.675765658086194, "gmr_loss_span_0": 0.032550301382991864, "gmr_loss_giou_0": 0.2324842513173728, "gmr_loss_label_0": 0.025102626663946907, "gmr_class_error_0": 2.203806149560992, "gmr_loss_exist_0": 0.0, "coarse": 2.2641318429567168, "fine": 0.8625982343063529, "rotated_bce": 0.5546108677666238, "exist_pair": 0.23230082004707545, "total": 5.668446536122122}, "chains": 2632, "seconds": 86.66319108009338, "selected": false, "exposure_sha256": "1b15c3ec4d3ee56d618a9da3e35bc77a5daf107294deb14d54cf59df1a7a033b"}
{"fold": "C1", "arm": "BCE_only", "epoch": 9, "step": 100, "loss": 6.167485237121582}
{"fold": "C1", "arm": "BCE_only", "epoch": 9, "step": 200, "loss": 4.784667015075684}
{"fold": "C1", "arm": "BCE_only", "epoch": 9, "step": 300, "loss": 5.634117126464844}
{"fold": "C1", "arm": "BCE_only", "epoch": 9, "step": 400, "loss": 4.738213539123535}
{"fold": "C1", "arm": "BCE_only", "epoch": 9, "step": 500, "loss": 5.301274299621582}
{"fold": "C1", "arm": "BCE_only", "epoch": 9, "step": 600, "loss": 5.425122261047363}
{"fold": "C1", "arm": "BCE_only", "epoch": 9, "seen": {"pooled_auroc": 0.7050270956321338, "rows": 1451, "videos": 462, "source_pair_acc": 0.725609756097561, "source_pairs": 492, "same_query_pair_acc": 0.5886405851831383, "same_query_support": 47, "raw_r1_iou_05": 0.35949098621421, "raw_r1_iou_07": 0.18345705196182396, "threshold_logit": -0.5530920028686523, "gated_r1_iou_05": 0.30328738069989397, "score_distribution": {"0": {"mean": -1.9525043846907344, "std": 3.201355881788533, "quantiles": [-8.472550868988037, -0.6119889616966248, 0.5048560917377471]}, "1": {"mean": -0.11186056019005505, "std": 1.1243641140967884, "quantiles": [-1.0655516624450683, 0.04313891381025314, 0.8171870708465585]}}}, "losses": {"gmr": 1.9719200616187238, "gmr_loss_span": 0.032049778969194115, "gmr_loss_giou": 0.2288437724385218, "gmr_loss_label": 0.024736089027546187, "gmr_class_error": 2.437323445607101, "gmr_loss_saliency": 0.0, "gmr_loss_exist": 0.6714006263796681, "gmr_loss_span_0": 0.03215874027811829, "gmr_loss_giou_0": 0.22961714559186555, "gmr_loss_label_0": 0.025257241916432298, "gmr_class_error_0": 2.2737375508688142, "gmr_loss_exist_0": 0.0, "coarse": 2.215847663694602, "fine": 0.8634343258696849, "rotated_bce": 0.5490918734243938, "exist_pair": 0.23396821372709195, "total": 5.600293914235472}, "chains": 2631, "seconds": 85.09830737113953, "selected": false, "exposure_sha256": "f2aaaf6ef30d4a910efa11ba4cc63fc23a562a30950b4da88824ad02403c978a"}
{"fold": "C1", "arm": "BCE_only", "epoch": 10, "step": 100, "loss": 4.778615951538086}
{"fold": "C1", "arm": "BCE_only", "epoch": 10, "step": 200, "loss": 5.752541542053223}
{"fold": "C1", "arm": "BCE_only", "epoch": 10, "step": 300, "loss": 5.2195940017700195}
{"fold": "C1", "arm": "BCE_only", "epoch": 10, "step": 400, "loss": 4.596902370452881}
{"fold": "C1", "arm": "BCE_only", "epoch": 10, "step": 500, "loss": 5.767488479614258}
{"fold": "C1", "arm": "BCE_only", "epoch": 10, "step": 600, "loss": 5.247371673583984}
{"fold": "C1", "arm": "BCE_only", "epoch": 10, "seen": {"pooled_auroc": 0.6867573751054182, "rows": 1451, "videos": 462, "source_pair_acc": 0.7296747967479674, "source_pairs": 492, "same_query_pair_acc": 0.6459960547726505, "same_query_support": 47, "raw_r1_iou_05": 0.3616118769883351, "raw_r1_iou_07": 0.17815482502651114, "threshold_logit": -0.741405189037323, "gated_r1_iou_05": 0.32025450689289503, "score_distribution": {"0": {"mean": -1.7771808811001422, "std": 3.140263787990093, "quantiles": [-8.112811851501464, -0.5573887526988983, 0.6262621641159059]}, "1": {"mean": -0.053923691266383245, "std": 1.0767391154042045, "quantiles": [-1.0399823904037475, 0.08417516946792603, 0.8624928116798406]}}}, "losses": {"gmr": 1.984852287544668, "gmr_loss_span": 0.03214669384424629, "gmr_loss_giou": 0.23094373015194317, "gmr_loss_label": 0.025073460487246877, "gmr_class_error": 2.467223158723315, "gmr_loss_saliency": 0.0, "gmr_loss_exist": 0.672672951973318, "gmr_loss_span_0": 0.03248934181248571, "gmr_loss_giou_0": 0.23256276722284072, "gmr_loss_label_0": 0.02550466060864889, "gmr_class_error_0": 2.300361088344029, "gmr_loss_exist_0": 0.0, "coarse": 2.1978782124613554, "fine": 0.860310137090712, "rotated_bce": 0.5477229284751016, "exist_pair": 0.24003691185763995, "total": 5.5907635754002625}, "chains": 2630, "seconds": 84.91036605834961, "selected": false, "exposure_sha256": "bab766f8cfc7a21dae8053be8f9dbe20a3851fae58fa23c3255a839edc038b32"}
COMPLETED {"fold": "C1", "arm": "BCE_only", "seed": 3407, "best_epoch": 1, "seen_val": {"pooled_auroc": 0.767530748741243, "rows": 1451, "videos": 462, "source_pair_acc": 0.6951219512195121, "source_pairs": 492, "same_query_pair_acc": 0.5911927020969574, "same_query_support": 47, "raw_r1_iou_05": 0.3722163308589608, "raw_r1_iou_07": 0.1792152704135737, "threshold_logit": -0.345637708902359, "gated_r1_iou_05": 0.25556733828207845}, "epoch0": {"seen": {"pooled_auroc": 0.7882616210619483, "rows": 1451, "videos": 462, "source_pair_acc": 0.676829268292683, "source_pairs": 492, "same_query_pair_acc": 0.5633719412974733, "same_query_support": 47, "raw_r1_iou_05": 0.3743372216330859, "raw_r1_iou_07": 0.20042417815482502, "threshold_logit": 1.8752331733703613, "gated_r1_iou_05": 0.2735949098621421}}, "elapsed_seconds": 869.4658627510071, "peak_gpu_bytes": 0, "formal_U_accessed": false}
