Loaded datasets C1
{"fold": "C1", "arm": "Pair_only", "epoch": 1, "step": 100, "loss": 6.322755336761475}
{"fold": "C1", "arm": "Pair_only", "epoch": 1, "step": 200, "loss": 5.426111698150635}
{"fold": "C1", "arm": "Pair_only", "epoch": 1, "step": 300, "loss": 5.408276557922363}
{"fold": "C1", "arm": "Pair_only", "epoch": 1, "step": 400, "loss": 4.92685079574585}
{"fold": "C1", "arm": "Pair_only", "epoch": 1, "step": 500, "loss": 5.44241189956665}
{"fold": "C1", "arm": "Pair_only", "epoch": 1, "step": 600, "loss": 5.6949143409729}
{"fold": "C1", "arm": "Pair_only", "epoch": 1, "seen": {"pooled_auroc": 0.7667041023371548, "rows": 1451, "videos": 462, "source_pair_acc": 0.6646341463414634, "source_pairs": 492, "same_query_pair_acc": 0.5875660096404777, "same_query_support": 47, "raw_r1_iou_05": 0.36267232237539765, "raw_r1_iou_07": 0.18133616118769882, "threshold_logit": 2.2479958534240723, "gated_r1_iou_05": 0.264050901378579, "score_distribution": {"0": {"mean": 0.1910618429152867, "std": 3.826162443948199, "quantiles": [-7.523192596435547, 1.630352258682251, 3.25472903251648]}, "1": {"mean": 2.793084052214567, "std": 1.551876417500056, "quantiles": [1.2881477117538451, 2.949524402618408, 4.377846336364747]}}}, "losses": {"gmr": 1.5647584812257065, "gmr_loss_span": 0.03359122545738622, "gmr_loss_giou": 0.23906626072245166, "gmr_loss_label": 0.02575583895951464, "gmr_class_error": 2.4126987979042496, "gmr_loss_saliency": 0.0, "gmr_loss_exist": 0.20330104635501886, "gmr_loss_span_0": 0.033789045618999876, "gmr_loss_giou_0": 0.24076901582327295, "gmr_loss_label_0": 0.026199023676668168, "gmr_class_error_0": 2.5436974847208043, "gmr_loss_exist_0": 0.0, "coarse": 2.954969492726775, "fine": 0.8930243861530327, "rotated_bce": 3.124549947248766, "exist_pair": 0.7404122701350678, "total": 5.560834817973314}, "chains": 2630, "seconds": 88.4466495513916, "selected": true, "exposure_sha256": "dd1b8444924396e221771e46273c471327997116a6848aa6d70e304376c56a7b"}
{"fold": "C1", "arm": "Pair_only", "epoch": 2, "step": 100, "loss": 5.2974772453308105}
{"fold": "C1", "arm": "Pair_only", "epoch": 2, "step": 200, "loss": 5.676883697509766}
{"fold": "C1", "arm": "Pair_only", "epoch": 2, "step": 300, "loss": 5.861724376678467}
{"fold": "C1", "arm": "Pair_only", "epoch": 2, "step": 400, "loss": 5.647972583770752}
{"fold": "C1", "arm": "Pair_only", "epoch": 2, "step": 500, "loss": 4.770198822021484}
{"fold": "C1", "arm": "Pair_only", "epoch": 2, "step": 600, "loss": 5.779177665710449}
{"fold": "C1", "arm": "Pair_only", "epoch": 2, "seen": {"pooled_auroc": 0.7625270330074064, "rows": 1451, "videos": 462, "source_pair_acc": 0.6626016260162602, "source_pairs": 492, "same_query_pair_acc": 0.5935567682908108, "same_query_support": 47, "raw_r1_iou_05": 0.3637327677624602, "raw_r1_iou_07": 0.18133616118769882, "threshold_logit": 1.808854103088379, "gated_r1_iou_05": 0.29056203605514314, "score_distribution": {"0": {"mean": -0.17848472206259336, "std": 3.9753896458505285, "quantiles": [-8.21344804763794, 1.5617319345474243, 3.001459455490113]}, "1": {"mean": 2.4423560863587914, "std": 1.5271595571473155, "quantiles": [1.2027970790863036, 2.7174060344696045, 3.744744157791138]}}}, "losses": {"gmr": 1.5558855634148723, "gmr_loss_span": 0.032947667778149746, "gmr_loss_giou": 0.23564431766517982, "gmr_loss_label": 0.025131290908733037, "gmr_class_error": 2.2966268243760686, "gmr_loss_saliency": 0.0, "gmr_loss_exist": 0.21937917538077817, "gmr_loss_span_0": 0.03311815790090381, "gmr_loss_giou_0": 0.23671674724996633, "gmr_loss_label_0": 0.025740476302508163, "gmr_class_error_0": 2.382718002180198, "gmr_loss_exist_0": 0.0, "coarse": 2.7571127941905544, "fine": 0.9287391507879217, "rotated_bce": 2.573335445941763, "exist_pair": 0.43505838282383685, "total": 5.328749178390735}, "chains": 2632, "seconds": 88.11776185035706, "selected": false, "exposure_sha256": "6060c7700ed87ffcfe4ab42acbbed6cdcc22e3a662a36bf54f696481bef07c67"}
{"fold": "C1", "arm": "Pair_only", "epoch": 3, "step": 100, "loss": 4.4323506355285645}
{"fold": "C1", "arm": "Pair_only", "epoch": 3, "step": 200, "loss": 5.338497638702393}
{"fold": "C1", "arm": "Pair_only", "epoch": 3, "step": 300, "loss": 5.028987884521484}
{"fold": "C1", "arm": "Pair_only", "epoch": 3, "step": 400, "loss": 5.273265361785889}
{"fold": "C1", "arm": "Pair_only", "epoch": 3, "step": 500, "loss": 5.5408034324646}
{"fold": "C1", "arm": "Pair_only", "epoch": 3, "step": 600, "loss": 5.492120742797852}
{"fold": "C1", "arm": "Pair_only", "epoch": 3, "seen": {"pooled_auroc": 0.75902004826279, "rows": 1451, "videos": 462, "source_pair_acc": 0.6666666666666666, "source_pairs": 492, "same_query_pair_acc": 0.5774542537840409, "same_query_support": 47, "raw_r1_iou_05": 0.3647932131495228, "raw_r1_iou_07": 0.1855779427359491, "threshold_logit": 2.265801191329956, "gated_r1_iou_05": 0.2608695652173913, "score_distribution": {"0": {"mean": 0.06692584817422421, "std": 3.95024646226688, "quantiles": [-8.036567878723144, 1.7787572145462036, 3.092261290550232]}, "1": {"mean": 2.564137239830839, "std": 1.4248598118114781, "quantiles": [1.4401573896408082, 2.832742929458618, 3.7184723854064945]}}}, "losses": {"gmr": 1.5545928639481494, "gmr_loss_span": 0.032832333919985676, "gmr_loss_giou": 0.23452241152615533, "gmr_loss_label": 0.025063157940742, "gmr_class_error": 2.1971063237059805, "gmr_loss_saliency": 0.0, "gmr_loss_exist": 0.22271846953247273, "gmr_loss_span_0": 0.03304170791093702, "gmr_loss_giou_0": 0.23537114883085153, "gmr_loss_label_0": 0.025746946586833807, "gmr_class_error_0": 2.2559861528112535, "gmr_loss_exist_0": 0.0, "coarse": 2.585813814927017, "fine": 0.9055466520568882, "rotated_bce": 2.497255009720753, "exist_pair": 0.38876871533103086, "total": 5.123707072350754}, "chains": 2630, "seconds": 91.58990502357483, "selected": false, "exposure_sha256": "4717bd3aa38344b0bda292298aee7a5d827fed945d71364f3c6ad61b08b2577d"}
{"fold": "C1", "arm": "Pair_only", "epoch": 4, "step": 100, "loss": 5.256683349609375}
{"fold": "C1", "arm": "Pair_only", "epoch": 4, "step": 200, "loss": 5.190248489379883}
{"fold": "C1", "arm": "Pair_only", "epoch": 4, "step": 300, "loss": 5.038547992706299}
{"fold": "C1", "arm": "Pair_only", "epoch": 4, "step": 400, "loss": 4.838191032409668}
{"fold": "C1", "arm": "Pair_only", "epoch": 4, "step": 500, "loss": 4.935110569000244}
{"fold": "C1", "arm": "Pair_only", "epoch": 4, "step": 600, "loss": 5.0680694580078125}
{"fold": "C1", "arm": "Pair_only", "epoch": 4, "seen": {"pooled_auroc": 0.7505469226208865, "rows": 1451, "videos": 462, "source_pair_acc": 0.6666666666666666, "source_pairs": 492, "same_query_pair_acc": 0.5677024807343956, "same_query_support": 47, "raw_r1_iou_05": 0.3563096500530223, "raw_r1_iou_07": 0.18027571580063625, "threshold_logit": 2.003718376159668, "gated_r1_iou_05": 0.2788971367974549, "score_distribution": {"0": {"mean": 0.00031114838225400354, "std": 3.996501852612086, "quantiles": [-8.178877639770507, 1.7706307172775269, 3.021923327445984]}, "1": {"mean": 2.4664288270677326, "std": 1.401521953380075, "quantiles": [1.4232078552246095, 2.729853868484497, 3.532494163513184]}}}, "losses": {"gmr": 1.550285726513906, "gmr_loss_span": 0.032720606104615156, "gmr_loss_giou": 0.23237816290788374, "gmr_loss_label": 0.024820309978737114, "gmr_class_error": 2.2749244898648247, "gmr_loss_saliency": 0.0, "gmr_loss_exist": 0.22574314183490435, "gmr_loss_span_0": 0.03295269544805346, "gmr_loss_giou_0": 0.23430764387534384, "gmr_loss_label_0": 0.025460631259657602, "gmr_class_error_0": 2.3089751733472643, "gmr_loss_exist_0": 0.0, "coarse": 2.50034327601227, "fine": 0.8860867768979, "rotated_bce": 2.5026590046911616, "exist_pair": 0.36307014913318003, "total": 5.00932980272183}, "chains": 2631, "seconds": 89.35193133354187, "selected": false, "exposure_sha256": "5ed8e3c879cb94ac5518c4ba3f688bdaafbc201d174b38bf87129c2f6b3f3713"}
{"fold": "C1", "arm": "Pair_only", "epoch": 5, "step": 100, "loss": 4.556971073150635}
{"fold": "C1", "arm": "Pair_only", "epoch": 5, "step": 200, "loss": 3.826195478439331}
{"fold": "C1", "arm": "Pair_only", "epoch": 5, "step": 300, "loss": 4.984255313873291}
{"fold": "C1", "arm": "Pair_only", "epoch": 5, "step": 400, "loss": 4.396846771240234}
{"fold": "C1", "arm": "Pair_only", "epoch": 5, "step": 500, "loss": 4.889192581176758}
{"fold": "C1", "arm": "Pair_only", "epoch": 5, "step": 600, "loss": 4.815850257873535}
{"fold": "C1", "arm": "Pair_only", "epoch": 5, "seen": {"pooled_auroc": 0.7600283063768672, "rows": 1451, "videos": 462, "source_pair_acc": 0.6626016260162602, "source_pairs": 492, "same_query_pair_acc": 0.5971968929415739, "same_query_support": 47, "raw_r1_iou_05": 0.37009544008483564, "raw_r1_iou_07": 0.17815482502651114, "threshold_logit": 1.9570950269699097, "gated_r1_iou_05": 0.271474019088017, "score_distribution": {"0": {"mean": -0.29106819034942727, "std": 4.06477910741043, "quantiles": [-8.435536193847657, 1.5574581623077393, 2.8184861183166507]}, "1": {"mean": 2.280546844515195, "std": 1.4708733128559544, "quantiles": [1.1631243228912354, 2.5923194885253906, 3.372989368438721]}}}, "losses": {"gmr": 1.5399944541302133, "gmr_loss_span": 0.032438320070958065, "gmr_loss_giou": 0.23154743946522566, "gmr_loss_label": 0.024647239004021177, "gmr_class_error": 2.4314851036187726, "gmr_loss_saliency": 0.0, "gmr_loss_exist": 0.2251447539685979, "gmr_loss_span_0": 0.03260354448879834, "gmr_loss_giou_0": 0.2316396765886469, "gmr_loss_label_0": 0.02566374678696905, "gmr_class_error_0": 2.2460846828472287, "gmr_loss_exist_0": 0.0, "coarse": 2.434397458667813, "fine": 0.8858626494835213, "rotated_bce": 2.479352968079703, "exist_pair": 0.33754943990598696, "total": 4.927764453424146}, "chains": 2631, "seconds": 87.7951169013977, "selected": false, "exposure_sha256": "0f11eeedbb5c2ea71e3af78014338bb0875143849220d57ab62495e8e10abf76"}
{"fold": "C1", "arm": "Pair_only", "epoch": 6, "step": 100, "loss": 5.04741907119751}
{"fold": "C1", "arm": "Pair_only", "epoch": 6, "step": 200, "loss": 4.42747688293457}
{"fold": "C1", "arm": "Pair_only", "epoch": 6, "step": 300, "loss": 5.312761306762695}
{"fold": "C1", "arm": "Pair_only", "epoch": 6, "step": 400, "loss": 4.178762435913086}
{"fold": "C1", "arm": "Pair_only", "epoch": 6, "step": 500, "loss": 5.400908470153809}
{"fold": "C1", "arm": "Pair_only", "epoch": 6, "step": 600, "loss": 5.5025248527526855}
{"fold": "C1", "arm": "Pair_only", "epoch": 6, "seen": {"pooled_auroc": 0.7540079825652758, "rows": 1451, "videos": 462, "source_pair_acc": 0.6686991869918699, "source_pairs": 492, "same_query_pair_acc": 0.602870651806822, "same_query_support": 47, "raw_r1_iou_05": 0.3584305408271474, "raw_r1_iou_07": 0.176033934252386, "threshold_logit": 2.26857852935791, "gated_r1_iou_05": 0.2735949098621421, "score_distribution": {"0": {"mean": 0.015329901715667229, "std": 4.101525150968128, "quantiles": [-8.252715301513671, 1.8938403129577637, 3.142910647392273]}, "1": {"mean": 2.5596157461325793, "std": 1.4570754903075271, "quantiles": [1.5338759422302246, 2.8737165927886963, 3.586062574386597]}}}, "losses": {"gmr": 1.5204765972395435, "gmr_loss_span": 0.03224790126572173, "gmr_loss_giou": 0.22948491625419867, "gmr_loss_label": 0.024344905728961152, "gmr_class_error": 2.269616077736156, "gmr_loss_saliency": 0.0, "gmr_loss_exist": 0.2155020639900469, "gmr_loss_span_0": 0.032487468389188444, "gmr_loss_giou_0": 0.23085243740659717, "gmr_loss_label_0": 0.02497596510312319, "gmr_class_error_0": 2.126837710116772, "gmr_loss_exist_0": 0.0, "coarse": 2.362935032706855, "fine": 0.8905290600738989, "rotated_bce": 2.4582063713334614, "exist_pair": 0.3399919202228538, "total": 4.8419390677681085}, "chains": 2632, "seconds": 87.53791618347168, "selected": false, "exposure_sha256": "093a4239ceeba0c16bad6a6ffced2e1bd5e0469eebc0f071116f3e0dd6c4877f"}
{"fold": "C1", "arm": "Pair_only", "epoch": 7, "step": 100, "loss": 4.975949287414551}
{"fold": "C1", "arm": "Pair_only", "epoch": 7, "step": 200, "loss": 4.995782852172852}
{"fold": "C1", "arm": "Pair_only", "epoch": 7, "step": 300, "loss": 5.580229759216309}
{"fold": "C1", "arm": "Pair_only", "epoch": 7, "step": 400, "loss": 5.472879886627197}
{"fold": "C1", "arm": "Pair_only", "epoch": 7, "step": 500, "loss": 5.0660881996154785}
{"fold": "C1", "arm": "Pair_only", "epoch": 7, "step": 600, "loss": 3.8750314712524414}
{"fold": "C1", "arm": "Pair_only", "epoch": 7, "seen": {"pooled_auroc": 0.7506032848757107, "rows": 1451, "videos": 462, "source_pair_acc": 0.6707317073170732, "source_pairs": 492, "same_query_pair_acc": 0.5890623560836326, "same_query_support": 47, "raw_r1_iou_05": 0.3552492046659597, "raw_r1_iou_07": 0.17497348886532343, "threshold_logit": 2.1852493286132812, "gated_r1_iou_05": 0.28207847295864263, "score_distribution": {"0": {"mean": 0.15550632984560775, "std": 3.9760195589990777, "quantiles": [-7.918186950683594, 1.9256240725517273, 3.106974482536316]}, "1": {"mean": 2.57982299485553, "std": 1.3376079887767225, "quantiles": [1.601643967628479, 2.86456298828125, 3.548055458068848]}}}, "losses": {"gmr": 1.540909907738126, "gmr_loss_span": 0.03262150323295847, "gmr_loss_giou": 0.23248055767505726, "gmr_loss_label": 0.02456121336057284, "gmr_class_error": 2.1077715401229162, "gmr_loss_saliency": 0.0, "gmr_loss_exist": 0.2212585960387459, "gmr_loss_span_0": 0.03273503162181939, "gmr_loss_giou_0": 0.23369307763942468, "gmr_loss_label_0": 0.025416867868369022, "gmr_class_error_0": 2.39046056219872, "gmr_loss_exist_0": 0.0, "coarse": 2.3261417041795958, "fine": 0.8665493249349681, "rotated_bce": 2.4724554453939653, "exist_pair": 0.3256447209571814, "total": 4.7987298972700865}, "chains": 2631, "seconds": 88.12162661552429, "selected": false, "exposure_sha256": "5344ac7be05830f16adeda1df1d49db84f81100012e9df4890e426e7bafb068b"}
{"fold": "C1", "arm": "Pair_only", "epoch": 8, "step": 100, "loss": 5.0007710456848145}
{"fold": "C1", "arm": "Pair_only", "epoch": 8, "step": 200, "loss": 5.1511969566345215}
{"fold": "C1", "arm": "Pair_only", "epoch": 8, "step": 300, "loss": 4.81821870803833}
{"fold": "C1", "arm": "Pair_only", "epoch": 8, "step": 400, "loss": 3.2801337242126465}
{"fold": "C1", "arm": "Pair_only", "epoch": 8, "step": 500, "loss": 3.817215919494629}
{"fold": "C1", "arm": "Pair_only", "epoch": 8, "step": 600, "loss": 3.048706531524658}
{"fold": "C1", "arm": "Pair_only", "epoch": 8, "seen": {"pooled_auroc": 0.7517159175357587, "rows": 1451, "videos": 462, "source_pair_acc": 0.6707317073170732, "source_pairs": 492, "same_query_pair_acc": 0.5979329771882963, "same_query_support": 47, "raw_r1_iou_05": 0.34994697773064687, "raw_r1_iou_07": 0.17815482502651114, "threshold_logit": 2.5245823860168457, "gated_r1_iou_05": 0.2258748674443266, "score_distribution": {"0": {"mean": 0.011084638242646465, "std": 4.028957346421595, "quantiles": [-8.244972419738769, 1.852130651473999, 3.030114793777466]}, "1": {"mean": 2.485562118823114, "std": 1.40879702728594, "quantiles": [1.3881476879119874, 2.8044958114624023, 3.4942056179046634]}}}, "losses": {"gmr": 1.5163011921394198, "gmr_loss_span": 0.0319459616747263, "gmr_loss_giou": 0.22912076619484867, "gmr_loss_label": 0.02423041383523528, "gmr_class_error": 2.016164530374359, "gmr_loss_saliency": 0.0, "gmr_loss_exist": 0.2155581651917888, "gmr_loss_span_0": 0.0324291558256854, "gmr_loss_giou_0": 0.23190996349763726, "gmr_loss_label_0": 0.024759867950413364, "gmr_class_error_0": 2.159698868957334, "gmr_loss_exist_0": 0.0, "coarse": 2.272481392944475, "fine": 0.8665499160898492, "rotated_bce": 2.481464737092108, "exist_pair": 0.32326782298894274, "total": 4.71998606916619}, "chains": 2632, "seconds": 87.81809949874878, "selected": false, "exposure_sha256": "1b15c3ec4d3ee56d618a9da3e35bc77a5daf107294deb14d54cf59df1a7a033b"}
{"fold": "C1", "arm": "Pair_only", "epoch": 9, "step": 100, "loss": 5.5361008644104}
{"fold": "C1", "arm": "Pair_only", "epoch": 9, "step": 200, "loss": 3.7038140296936035}
{"fold": "C1", "arm": "Pair_only", "epoch": 9, "step": 300, "loss": 4.772493362426758}
{"fold": "C1", "arm": "Pair_only", "epoch": 9, "step": 400, "loss": 3.696713924407959}
{"fold": "C1", "arm": "Pair_only", "epoch": 9, "step": 500, "loss": 4.515827655792236}
{"fold": "C1", "arm": "Pair_only", "epoch": 9, "step": 600, "loss": 4.291027545928955}
{"fold": "C1", "arm": "Pair_only", "epoch": 9, "seen": {"pooled_auroc": 0.7533796477985322, "rows": 1451, "videos": 462, "source_pair_acc": 0.6707317073170732, "source_pairs": 492, "same_query_pair_acc": 0.5993917134874582, "same_query_support": 47, "raw_r1_iou_05": 0.3563096500530223, "raw_r1_iou_07": 0.1823966065747614, "threshold_logit": 2.138978958129883, "gated_r1_iou_05": 0.2651113467656416, "score_distribution": {"0": {"mean": -0.10971110267197992, "std": 4.049786218833581, "quantiles": [-8.286665153503417, 1.7439333200454712, 2.997239089012146]}, "1": {"mean": 2.4146432263829993, "std": 1.4556505468294412, "quantiles": [1.2744417190551758, 2.7407662868499756, 3.4792635440826416]}}}, "losses": {"gmr": 1.5034159451813682, "gmr_loss_span": 0.031868355459106185, "gmr_loss_giou": 0.22782614559931597, "gmr_loss_label": 0.02396742031148049, "gmr_class_error": 2.2162386653633463, "gmr_loss_saliency": 0.0, "gmr_loss_exist": 0.21287294425704378, "gmr_loss_span_0": 0.03197310754525444, "gmr_loss_giou_0": 0.22847042990265284, "gmr_loss_label_0": 0.024990528717206785, "gmr_class_error_0": 2.1890242556308177, "gmr_loss_exist_0": 0.0, "coarse": 2.225544588091163, "fine": 0.8661167552768279, "rotated_bce": 2.480083835704711, "exist_pair": 0.3216782447720643, "total": 4.659412934062691}, "chains": 2631, "seconds": 87.23504543304443, "selected": false, "exposure_sha256": "f2aaaf6ef30d4a910efa11ba4cc63fc23a562a30950b4da88824ad02403c978a"}
{"fold": "C1", "arm": "Pair_only", "epoch": 10, "step": 100, "loss": 3.7091879844665527}
{"fold": "C1", "arm": "Pair_only", "epoch": 10, "step": 200, "loss": 4.809792518615723}
{"fold": "C1", "arm": "Pair_only", "epoch": 10, "step": 300, "loss": 4.4774346351623535}
{"fold": "C1", "arm": "Pair_only", "epoch": 10, "step": 400, "loss": 3.958240509033203}
{"fold": "C1", "arm": "Pair_only", "epoch": 10, "step": 500, "loss": 4.995680809020996}
{"fold": "C1", "arm": "Pair_only", "epoch": 10, "step": 600, "loss": 4.066592216491699}
{"fold": "C1", "arm": "Pair_only", "epoch": 10, "seen": {"pooled_auroc": 0.7415874115947595, "rows": 1451, "videos": 462, "source_pair_acc": 0.6727642276422764, "source_pairs": 492, "same_query_pair_acc": 0.6013071443922507, "same_query_support": 47, "raw_r1_iou_05": 0.3584305408271474, "raw_r1_iou_07": 0.18027571580063625, "threshold_logit": 2.0662002563476562, "gated_r1_iou_05": 0.2788971367974549, "score_distribution": {"0": {"mean": 0.03554863350715224, "std": 4.02595865179683, "quantiles": [-8.183769512176514, 1.8725454211235046, 3.0953717708587645]}, "1": {"mean": 2.464347685935136, "std": 1.4093445084117378, "quantiles": [1.3983782529830933, 2.7892043590545654, 3.4643047332763675]}}}, "losses": {"gmr": 1.52148612101752, "gmr_loss_span": 0.031955033158572066, "gmr_loss_giou": 0.22946350536900814, "gmr_loss_label": 0.024554492326843973, "gmr_class_error": 2.2646521594386697, "gmr_loss_saliency": 0.0, "gmr_loss_exist": 0.21857037300125082, "gmr_loss_span_0": 0.03235065702371594, "gmr_loss_giou_0": 0.23154604155287192, "gmr_loss_label_0": 0.025157833164755967, "gmr_class_error_0": 2.2788141360761185, "gmr_loss_exist_0": 0.0, "coarse": 2.206227136056836, "fine": 0.8648301209903415, "rotated_bce": 2.4843229006488996, "exist_pair": 0.3193814332362004, "total": 4.656419671777534}, "chains": 2630, "seconds": 81.80164957046509, "selected": false, "exposure_sha256": "bab766f8cfc7a21dae8053be8f9dbe20a3851fae58fa23c3255a839edc038b32"}
COMPLETED {"fold": "C1", "arm": "Pair_only", "seed": 3407, "best_epoch": 1, "seen_val": {"pooled_auroc": 0.7667041023371548, "rows": 1451, "videos": 462, "source_pair_acc": 0.6646341463414634, "source_pairs": 492, "same_query_pair_acc": 0.5875660096404777, "same_query_support": 47, "raw_r1_iou_05": 0.36267232237539765, "raw_r1_iou_07": 0.18133616118769882, "threshold_logit": 2.2479958534240723, "gated_r1_iou_05": 0.264050901378579}, "epoch0": {"seen": {"pooled_auroc": 0.7882616210619483, "rows": 1451, "videos": 462, "source_pair_acc": 0.676829268292683, "source_pairs": 492, "same_query_pair_acc": 0.5633719412974733, "same_query_support": 47, "raw_r1_iou_05": 0.3743372216330859, "raw_r1_iou_07": 0.20042417815482502, "threshold_logit": 1.8752331733703613, "gated_r1_iou_05": 0.2735949098621421}}, "elapsed_seconds": 879.9833080768585, "peak_gpu_bytes": 0, "formal_U_accessed": false}
