Loaded datasets C1
{"fold": "C1", "arm": "Weak_BCE_pair", "epoch": 1, "step": 100, "loss": 6.294979095458984}
{"fold": "C1", "arm": "Weak_BCE_pair", "epoch": 1, "step": 200, "loss": 5.796180725097656}
{"fold": "C1", "arm": "Weak_BCE_pair", "epoch": 1, "step": 300, "loss": 5.511905670166016}
{"fold": "C1", "arm": "Weak_BCE_pair", "epoch": 1, "step": 400, "loss": 5.1309814453125}
{"fold": "C1", "arm": "Weak_BCE_pair", "epoch": 1, "step": 500, "loss": 5.62788200378418}
{"fold": "C1", "arm": "Weak_BCE_pair", "epoch": 1, "step": 600, "loss": 5.987184524536133}
{"fold": "C1", "arm": "Weak_BCE_pair", "epoch": 1, "seen": {"pooled_auroc": 0.7688938803116206, "rows": 1451, "videos": 462, "source_pair_acc": 0.6747967479674797, "source_pairs": 492, "same_query_pair_acc": 0.5954963771453133, "same_query_support": 47, "raw_r1_iou_05": 0.3711558854718982, "raw_r1_iou_07": 0.176033934252386, "threshold_logit": 1.4549070596694946, "gated_r1_iou_05": 0.25874867444326616, "score_distribution": {"0": {"mean": -0.35425794217002204, "std": 3.3317617403711455, "quantiles": [-7.161834669113159, 1.12790447473526, 1.8495471477508547]}, "1": {"mean": 1.6236470282701962, "std": 1.0746399795093253, "quantiles": [0.9301577568054199, 1.7247211933135986, 2.4743892669677736]}}}, "losses": {"gmr": 1.641074976660198, "gmr_loss_span": 0.033780067125873184, "gmr_loss_giou": 0.24029914570525063, "gmr_loss_label": 0.026220378311673648, "gmr_class_error": 2.3804008576645317, "gmr_loss_saliency": 0.0, "gmr_loss_exist": 0.2726639670215117, "gmr_loss_span_0": 0.033865633712215265, "gmr_loss_giou_0": 0.2414409885335838, "gmr_loss_label_0": 0.026333088588852742, "gmr_class_error_0": 2.5876448610995677, "gmr_loss_exist_0": 0.0, "coarse": 2.95468612028835, "fine": 0.8947398159822795, "rotated_bce": 1.8753694232473983, "exist_pair": 0.48322044152166344, "total": 5.774681929759342}, "chains": 2630, "seconds": 87.58520865440369, "selected": true, "exposure_sha256": "dd1b8444924396e221771e46273c471327997116a6848aa6d70e304376c56a7b"}
{"fold": "C1", "arm": "Weak_BCE_pair", "epoch": 2, "step": 100, "loss": 5.486234664916992}
{"fold": "C1", "arm": "Weak_BCE_pair", "epoch": 2, "step": 200, "loss": 5.820542335510254}
{"fold": "C1", "arm": "Weak_BCE_pair", "epoch": 2, "step": 300, "loss": 5.936860084533691}
{"fold": "C1", "arm": "Weak_BCE_pair", "epoch": 2, "step": 400, "loss": 5.852621555328369}
{"fold": "C1", "arm": "Weak_BCE_pair", "epoch": 2, "step": 500, "loss": 5.022944450378418}
{"fold": "C1", "arm": "Weak_BCE_pair", "epoch": 2, "step": 600, "loss": 6.107368469238281}
{"fold": "C1", "arm": "Weak_BCE_pair", "epoch": 2, "seen": {"pooled_auroc": 0.7623245463882232, "rows": 1451, "videos": 462, "source_pair_acc": 0.6707317073170732, "source_pairs": 492, "same_query_pair_acc": 0.5950584876116791, "same_query_support": 47, "raw_r1_iou_05": 0.36267232237539765, "raw_r1_iou_07": 0.18345705196182396, "threshold_logit": 1.338167667388916, "gated_r1_iou_05": 0.26935312831389185, "score_distribution": {"0": {"mean": -0.6695556782816691, "std": 3.583647108668832, "quantiles": [-8.023714351654053, 1.0512493252754211, 1.844296360015869]}, "1": {"mean": 1.490100110931399, "std": 1.1829969488337186, "quantiles": [0.8411757707595825, 1.6972352266311646, 2.274776077270508]}}}, "losses": {"gmr": 1.617122997538297, "gmr_loss_span": 0.033064463913248215, "gmr_loss_giou": 0.23632819711663802, "gmr_loss_label": 0.025297654260482107, "gmr_class_error": 2.341989894043711, "gmr_loss_saliency": 0.0, "gmr_loss_exist": 0.2771196287453718, "gmr_loss_span_0": 0.033175944493613614, "gmr_loss_giou_0": 0.23688351384457484, "gmr_loss_label_0": 0.025799239645952692, "gmr_class_error_0": 2.4058762408317405, "gmr_loss_exist_0": 0.0, "coarse": 2.7546321177192734, "fine": 0.9257409483828443, "rotated_bce": 1.6971487026084158, "exist_pair": 0.2935123633717875, "total": 5.52591340157761}, "chains": 2632, "seconds": 87.59675478935242, "selected": false, "exposure_sha256": "6060c7700ed87ffcfe4ab42acbbed6cdcc22e3a662a36bf54f696481bef07c67"}
{"fold": "C1", "arm": "Weak_BCE_pair", "epoch": 3, "step": 100, "loss": 4.686415672302246}
{"fold": "C1", "arm": "Weak_BCE_pair", "epoch": 3, "step": 200, "loss": 5.622997760772705}
{"fold": "C1", "arm": "Weak_BCE_pair", "epoch": 3, "step": 300, "loss": 5.283383846282959}
{"fold": "C1", "arm": "Weak_BCE_pair", "epoch": 3, "step": 400, "loss": 5.464292526245117}
{"fold": "C1", "arm": "Weak_BCE_pair", "epoch": 3, "step": 500, "loss": 5.741883277893066}
{"fold": "C1", "arm": "Weak_BCE_pair", "epoch": 3, "step": 600, "loss": 5.799100875854492}
{"fold": "C1", "arm": "Weak_BCE_pair", "epoch": 3, "seen": {"pooled_auroc": 0.7608758276901495, "rows": 1451, "videos": 462, "source_pair_acc": 0.6686991869918699, "source_pairs": 492, "same_query_pair_acc": 0.5465494611771208, "same_query_support": 47, "raw_r1_iou_05": 0.36585365853658536, "raw_r1_iou_07": 0.18345705196182396, "threshold_logit": 1.4864904880523682, "gated_r1_iou_05": 0.25874867444326616, "score_distribution": {"0": {"mean": -0.5437549976705331, "std": 3.579813908069041, "quantiles": [-7.878456163406372, 1.151466429233551, 1.9229768514633179]}, "1": {"mean": 1.5641959407391504, "std": 1.1412952050065626, "quantiles": [0.9185411810874939, 1.758696436882019, 2.2964202880859377]}}}, "losses": {"gmr": 1.612295846627476, "gmr_loss_span": 0.032970630651549364, "gmr_loss_giou": 0.23527209748341318, "gmr_loss_label": 0.025218469781467075, "gmr_class_error": 2.234571393137645, "gmr_loss_saliency": 0.0, "gmr_loss_exist": 0.27618522964712333, "gmr_loss_span_0": 0.033109148995424297, "gmr_loss_giou_0": 0.2356013556925359, "gmr_loss_label_0": 0.02589137267638394, "gmr_class_error_0": 2.407976365016949, "gmr_loss_exist_0": 0.0, "coarse": 2.5834433978089444, "fine": 0.9038672984371069, "rotated_bce": 1.689805723975857, "exist_pair": 0.27839373643184506, "total": 5.324265861583698}, "chains": 2630, "seconds": 87.33276891708374, "selected": false, "exposure_sha256": "4717bd3aa38344b0bda292298aee7a5d827fed945d71364f3c6ad61b08b2577d"}
{"fold": "C1", "arm": "Weak_BCE_pair", "epoch": 4, "step": 100, "loss": 5.479122161865234}
{"fold": "C1", "arm": "Weak_BCE_pair", "epoch": 4, "step": 200, "loss": 5.405789375305176}
{"fold": "C1", "arm": "Weak_BCE_pair", "epoch": 4, "step": 300, "loss": 5.218478202819824}
{"fold": "C1", "arm": "Weak_BCE_pair", "epoch": 4, "step": 400, "loss": 5.029337406158447}
{"fold": "C1", "arm": "Weak_BCE_pair", "epoch": 4, "step": 500, "loss": 5.285309791564941}
{"fold": "C1", "arm": "Weak_BCE_pair", "epoch": 4, "step": 600, "loss": 5.24505090713501}
{"fold": "C1", "arm": "Weak_BCE_pair", "epoch": 4, "seen": {"pooled_auroc": 0.7530237305967719, "rows": 1451, "videos": 462, "source_pair_acc": 0.6646341463414634, "source_pairs": 492, "same_query_pair_acc": 0.5620878235239937, "same_query_support": 47, "raw_r1_iou_05": 0.35737009544008486, "raw_r1_iou_07": 0.18451749734888653, "threshold_logit": 1.410070776939392, "gated_r1_iou_05": 0.25874867444326616, "score_distribution": {"0": {"mean": -0.5180852124247495, "std": 3.581767817105054, "quantiles": [-7.8525176525115965, 1.1863411664962769, 1.90250643491745]}, "1": {"mean": 1.540376692552076, "std": 1.1058515212075326, "quantiles": [0.9302139639854431, 1.7270246744155884, 2.198994636535645]}}}, "losses": {"gmr": 1.6010774043374512, "gmr_loss_span": 0.03280489946684395, "gmr_loss_giou": 0.23277973468588117, "gmr_loss_label": 0.024774716336189523, "gmr_class_error": 2.3531700992294358, "gmr_loss_saliency": 0.0, "gmr_loss_exist": 0.27513179825024403, "gmr_loss_span_0": 0.03290959588311454, "gmr_loss_giou_0": 0.23428654703552237, "gmr_loss_label_0": 0.025658876673349585, "gmr_class_error_0": 2.3411966109348286, "gmr_loss_exist_0": 0.0, "coarse": 2.498133808827328, "fine": 0.8850533206774471, "rotated_bce": 1.6967643859900965, "exist_pair": 0.2683699110234128, "total": 5.207614952670042}, "chains": 2631, "seconds": 87.24450373649597, "selected": false, "exposure_sha256": "5ed8e3c879cb94ac5518c4ba3f688bdaafbc201d174b38bf87129c2f6b3f3713"}
{"fold": "C1", "arm": "Weak_BCE_pair", "epoch": 5, "step": 100, "loss": 4.832289695739746}
{"fold": "C1", "arm": "Weak_BCE_pair", "epoch": 5, "step": 200, "loss": 4.007075309753418}
{"fold": "C1", "arm": "Weak_BCE_pair", "epoch": 5, "step": 300, "loss": 5.169163703918457}
{"fold": "C1", "arm": "Weak_BCE_pair", "epoch": 5, "step": 400, "loss": 4.6147027015686035}
{"fold": "C1", "arm": "Weak_BCE_pair", "epoch": 5, "step": 500, "loss": 5.109142780303955}
{"fold": "C1", "arm": "Weak_BCE_pair", "epoch": 5, "step": 600, "loss": 5.047623157501221}
{"fold": "C1", "arm": "Weak_BCE_pair", "epoch": 5, "seen": {"pooled_auroc": 0.7617149990397543, "rows": 1451, "videos": 462, "source_pair_acc": 0.6707317073170732, "source_pairs": 492, "same_query_pair_acc": 0.5839903595222745, "same_query_support": 47, "raw_r1_iou_05": 0.37009544008483564, "raw_r1_iou_07": 0.17709437963944857, "threshold_logit": 1.3474081754684448, "gated_r1_iou_05": 0.264050901378579, "score_distribution": {"0": {"mean": -0.7710577717828234, "std": 3.715042057761755, "quantiles": [-8.28966302871704, 1.038766086101532, 1.807254993915558]}, "1": {"mean": 1.434621327597162, "std": 1.192984327021446, "quantiles": [0.7674290776252747, 1.6655713319778442, 2.1469197750091555]}}}, "losses": {"gmr": 1.5903972455252269, "gmr_loss_span": 0.032469265151621726, "gmr_loss_giou": 0.23154067494948946, "gmr_loss_label": 0.02495233403762242, "gmr_class_error": 2.5118682652621285, "gmr_loss_saliency": 0.0, "gmr_loss_exist": 0.2738622680283789, "gmr_loss_span_0": 0.032599006714384246, "gmr_loss_giou_0": 0.23142435363179645, "gmr_loss_label_0": 0.025769472093884707, "gmr_class_error_0": 2.290953708637087, "gmr_loss_exist_0": 0.0, "coarse": 2.4317898857194966, "fine": 0.882495243408035, "rotated_bce": 1.690648815552152, "exist_pair": 0.25589955248799184, "total": 5.124927168921497}, "chains": 2631, "seconds": 87.43443393707275, "selected": false, "exposure_sha256": "0f11eeedbb5c2ea71e3af78014338bb0875143849220d57ab62495e8e10abf76"}
{"fold": "C1", "arm": "Weak_BCE_pair", "epoch": 6, "step": 100, "loss": 5.187127590179443}
{"fold": "C1", "arm": "Weak_BCE_pair", "epoch": 6, "step": 200, "loss": 4.665116310119629}
{"fold": "C1", "arm": "Weak_BCE_pair", "epoch": 6, "step": 300, "loss": 5.516839981079102}
{"fold": "C1", "arm": "Weak_BCE_pair", "epoch": 6, "step": 400, "loss": 4.293302059173584}
{"fold": "C1", "arm": "Weak_BCE_pair", "epoch": 6, "step": 500, "loss": 5.66548490524292}
{"fold": "C1", "arm": "Weak_BCE_pair", "epoch": 6, "step": 600, "loss": 5.575417518615723}
{"fold": "C1", "arm": "Weak_BCE_pair", "epoch": 6, "seen": {"pooled_auroc": 0.7561455732667564, "rows": 1451, "videos": 462, "source_pair_acc": 0.6707317073170732, "source_pairs": 492, "same_query_pair_acc": 0.5743111203217587, "same_query_support": 47, "raw_r1_iou_05": 0.36585365853658536, "raw_r1_iou_07": 0.1855779427359491, "threshold_logit": 1.4222761392593384, "gated_r1_iou_05": 0.28844114528101805, "score_distribution": {"0": {"mean": -0.5935000093199136, "std": 3.7206295935742744, "quantiles": [-8.080688571929931, 1.234897494316101, 1.9864534854888918]}, "1": {"mean": 1.589971981666121, "std": 1.1743091665890393, "quantiles": [0.9773589015007019, 1.8171306848526, 2.2966148853302]}}}, "losses": {"gmr": 1.5725357467280332, "gmr_loss_span": 0.03223653769228143, "gmr_loss_giou": 0.2295452251260404, "gmr_loss_label": 0.024474352061759828, "gmr_class_error": 2.4212267681458077, "gmr_loss_saliency": 0.0, "gmr_loss_exist": 0.2658450522864843, "gmr_loss_span_0": 0.03252503297102035, "gmr_loss_giou_0": 0.23125125811998604, "gmr_loss_label_0": 0.02509527449781998, "gmr_class_error_0": 2.156192269368737, "gmr_loss_exist_0": 0.0, "coarse": 2.357756082591315, "fine": 0.8886101965121586, "rotated_bce": 1.6745699740108386, "exist_pair": 0.25956224990969007, "total": 5.038271476070207}, "chains": 2632, "seconds": 88.04213547706604, "selected": false, "exposure_sha256": "093a4239ceeba0c16bad6a6ffced2e1bd5e0469eebc0f071116f3e0dd6c4877f"}
{"fold": "C1", "arm": "Weak_BCE_pair", "epoch": 7, "step": 100, "loss": 5.235256195068359}
{"fold": "C1", "arm": "Weak_BCE_pair", "epoch": 7, "step": 200, "loss": 5.097293376922607}
{"fold": "C1", "arm": "Weak_BCE_pair", "epoch": 7, "step": 300, "loss": 5.729547023773193}
{"fold": "C1", "arm": "Weak_BCE_pair", "epoch": 7, "step": 400, "loss": 5.644494533538818}
{"fold": "C1", "arm": "Weak_BCE_pair", "epoch": 7, "step": 500, "loss": 5.259371757507324}
{"fold": "C1", "arm": "Weak_BCE_pair", "epoch": 7, "step": 600, "loss": 4.051133632659912}
{"fold": "C1", "arm": "Weak_BCE_pair", "epoch": 7, "seen": {"pooled_auroc": 0.7516198929534657, "rows": 1451, "videos": 462, "source_pair_acc": 0.6747967479674797, "source_pairs": 492, "same_query_pair_acc": 0.6051541248349759, "same_query_support": 47, "raw_r1_iou_05": 0.3584305408271474, "raw_r1_iou_07": 0.17179215270413573, "threshold_logit": 1.6954413652420044, "gated_r1_iou_05": 0.2163308589607635, "score_distribution": {"0": {"mean": -0.45673147498035993, "std": 3.6017908950146413, "quantiles": [-7.860871648788452, 1.250302791595459, 1.980898118019104]}, "1": {"mean": 1.6116333952448147, "std": 1.078011010402789, "quantiles": [1.028583812713623, 1.8169937133789062, 2.255662250518799]}}}, "losses": {"gmr": 1.589794097881549, "gmr_loss_span": 0.03261479817183637, "gmr_loss_giou": 0.23236116705785045, "gmr_loss_label": 0.02474425554184928, "gmr_class_error": 2.37247206157464, "gmr_loss_saliency": 0.0, "gmr_loss_exist": 0.26896941234954946, "gmr_loss_span_0": 0.0327743211248748, "gmr_loss_giou_0": 0.23387569704271377, "gmr_loss_label_0": 0.025429901364047113, "gmr_class_error_0": 2.426283387065296, "gmr_loss_exist_0": 0.0, "coarse": 2.319679536718003, "fine": 0.8669649654246391, "rotated_bce": 1.682600543129408, "exist_pair": 0.249029238224256, "total": 4.994504491971257}, "chains": 2631, "seconds": 84.8473072052002, "selected": false, "exposure_sha256": "5344ac7be05830f16adeda1df1d49db84f81100012e9df4890e426e7bafb068b"}
{"fold": "C1", "arm": "Weak_BCE_pair", "epoch": 8, "step": 100, "loss": 5.201340675354004}
{"fold": "C1", "arm": "Weak_BCE_pair", "epoch": 8, "step": 200, "loss": 5.389618396759033}
{"fold": "C1", "arm": "Weak_BCE_pair", "epoch": 8, "step": 300, "loss": 5.1408162117004395}
{"fold": "C1", "arm": "Weak_BCE_pair", "epoch": 8, "step": 400, "loss": 3.4569478034973145}
{"fold": "C1", "arm": "Weak_BCE_pair", "epoch": 8, "step": 500, "loss": 4.034398078918457}
{"fold": "C1", "arm": "Weak_BCE_pair", "epoch": 8, "step": 600, "loss": 3.298811435699463}
{"fold": "C1", "arm": "Weak_BCE_pair", "epoch": 8, "seen": {"pooled_auroc": 0.7547678292599427, "rows": 1451, "videos": 462, "source_pair_acc": 0.6707317073170732, "source_pairs": 492, "same_query_pair_acc": 0.5966918424365233, "same_query_support": 47, "raw_r1_iou_05": 0.3531283138918346, "raw_r1_iou_07": 0.17497348886532343, "threshold_logit": 1.5297071933746338, "gated_r1_iou_05": 0.24602332979851538, "score_distribution": {"0": {"mean": -0.5705914806398585, "std": 3.6681326122532028, "quantiles": [-8.104748725891113, 1.1727148294448853, 1.9753947257995608]}, "1": {"mean": 1.5614471557497789, "std": 1.141877804786602, "quantiles": [0.8664560198783875, 1.7945877313613892, 2.2595598697662354]}}}, "losses": {"gmr": 1.566408908747612, "gmr_loss_span": 0.03198960945463108, "gmr_loss_giou": 0.22914544120430946, "gmr_loss_label": 0.024329410320980117, "gmr_class_error": 2.108699972506352, "gmr_loss_saliency": 0.0, "gmr_loss_exist": 0.2641976278014821, "gmr_loss_span_0": 0.03244247785160788, "gmr_loss_giou_0": 0.23175053487568642, "gmr_loss_label_0": 0.024919198228663404, "gmr_class_error_0": 2.117071145935986, "gmr_loss_exist_0": 0.0, "coarse": 2.2683920753400737, "fine": 0.8632405287045476, "rotated_bce": 1.67680149020395, "exist_pair": 0.2484411006923595, "total": 4.915409894337408}, "chains": 2632, "seconds": 87.58829307556152, "selected": false, "exposure_sha256": "1b15c3ec4d3ee56d618a9da3e35bc77a5daf107294deb14d54cf59df1a7a033b"}
{"fold": "C1", "arm": "Weak_BCE_pair", "epoch": 9, "step": 100, "loss": 5.63981819152832}
{"fold": "C1", "arm": "Weak_BCE_pair", "epoch": 9, "step": 200, "loss": 3.9604697227478027}
{"fold": "C1", "arm": "Weak_BCE_pair", "epoch": 9, "step": 300, "loss": 4.935365676879883}
{"fold": "C1", "arm": "Weak_BCE_pair", "epoch": 9, "step": 400, "loss": 3.9149765968322754}
{"fold": "C1", "arm": "Weak_BCE_pair", "epoch": 9, "step": 500, "loss": 4.6948933601379395}
{"fold": "C1", "arm": "Weak_BCE_pair", "epoch": 9, "step": 600, "loss": 4.669508934020996}
{"fold": "C1", "arm": "Weak_BCE_pair", "epoch": 9, "seen": {"pooled_auroc": 0.7540643448201001, "rows": 1451, "videos": 462, "source_pair_acc": 0.6707317073170732, "source_pairs": 492, "same_query_pair_acc": 0.6029646771668048, "same_query_support": 47, "raw_r1_iou_05": 0.34994697773064687, "raw_r1_iou_07": 0.18345705196182396, "threshold_logit": 1.4731146097183228, "gated_r1_iou_05": 0.24602332979851538, "score_distribution": {"0": {"mean": -0.6826562294223177, "std": 3.724442981209341, "quantiles": [-8.286746978759766, 1.072935700416565, 1.9323563575744631]}, "1": {"mean": 1.5125079834132533, "std": 1.1991489601922756, "quantiles": [0.7464732050895692, 1.7604151964187622, 2.2628367424011233]}}}, "losses": {"gmr": 1.5510571537409148, "gmr_loss_span": 0.031773898207036196, "gmr_loss_giou": 0.22709211154549316, "gmr_loss_label": 0.02428395537331157, "gmr_class_error": 2.259371238638927, "gmr_loss_saliency": 0.0, "gmr_loss_exist": 0.2615684134981915, "gmr_loss_span_0": 0.031913220738046616, "gmr_loss_giou_0": 0.22821970347394335, "gmr_loss_label_0": 0.02504247834334167, "gmr_class_error_0": 2.2601520457166306, "gmr_loss_exist_0": 0.0, "coarse": 2.222220601644197, "fine": 0.8640350968460906, "rotated_bce": 1.6731570384785035, "exist_pair": 0.24737446473792513, "total": 4.854103445282099}, "chains": 2631, "seconds": 86.60139775276184, "selected": false, "exposure_sha256": "f2aaaf6ef30d4a910efa11ba4cc63fc23a562a30950b4da88824ad02403c978a"}
{"fold": "C1", "arm": "Weak_BCE_pair", "epoch": 10, "step": 100, "loss": 3.962618112564087}
{"fold": "C1", "arm": "Weak_BCE_pair", "epoch": 10, "step": 200, "loss": 4.885707855224609}
{"fold": "C1", "arm": "Weak_BCE_pair", "epoch": 10, "step": 300, "loss": 4.60642147064209}
{"fold": "C1", "arm": "Weak_BCE_pair", "epoch": 10, "step": 400, "loss": 4.071979522705078}
{"fold": "C1", "arm": "Weak_BCE_pair", "epoch": 10, "step": 500, "loss": 5.067656993865967}
{"fold": "C1", "arm": "Weak_BCE_pair", "epoch": 10, "step": 600, "loss": 4.314496994018555}
{"fold": "C1", "arm": "Weak_BCE_pair", "epoch": 10, "seen": {"pooled_auroc": 0.7388131361628577, "rows": 1451, "videos": 462, "source_pair_acc": 0.6808943089430894, "source_pairs": 492, "same_query_pair_acc": 0.6076417672162353, "same_query_support": 47, "raw_r1_iou_05": 0.3647932131495228, "raw_r1_iou_07": 0.18345705196182396, "threshold_logit": 1.4508740901947021, "gated_r1_iou_05": 0.26935312831389185, "score_distribution": {"0": {"mean": -0.5372813856742513, "std": 3.6825914259320394, "quantiles": [-8.074110317230224, 1.1438975930213928, 2.0163710594177244]}, "1": {"mean": 1.5539990876340095, "std": 1.1408527114262734, "quantiles": [0.8913244128227233, 1.7878036499023438, 2.2508633136749268]}}}, "losses": {"gmr": 1.570799616875982, "gmr_loss_span": 0.03198106319567126, "gmr_loss_giou": 0.22960960208282644, "gmr_loss_label": 0.02456937454595573, "gmr_class_error": 2.315101971379892, "gmr_loss_saliency": 0.0, "gmr_loss_exist": 0.26689803690895847, "gmr_loss_span_0": 0.03234246388604259, "gmr_loss_giou_0": 0.2316015172625204, "gmr_loss_label_0": 0.025294422440932877, "gmr_class_error_0": 2.347474628668788, "gmr_loss_exist_0": 0.0, "coarse": 2.204370776480092, "fine": 0.864380244652551, "rotated_bce": 1.6731737181770765, "exist_pair": 0.24627555718526561, "total": 4.856123140155363}, "chains": 2630, "seconds": 85.94829845428467, "selected": false, "exposure_sha256": "bab766f8cfc7a21dae8053be8f9dbe20a3851fae58fa23c3255a839edc038b32"}
COMPLETED {"fold": "C1", "arm": "Weak_BCE_pair", "seed": 3407, "best_epoch": 1, "seen_val": {"pooled_auroc": 0.7688938803116206, "rows": 1451, "videos": 462, "source_pair_acc": 0.6747967479674797, "source_pairs": 492, "same_query_pair_acc": 0.5954963771453133, "same_query_support": 47, "raw_r1_iou_05": 0.3711558854718982, "raw_r1_iou_07": 0.176033934252386, "threshold_logit": 1.4549070596694946, "gated_r1_iou_05": 0.25874867444326616}, "epoch0": {"seen": {"pooled_auroc": 0.7882616210619483, "rows": 1451, "videos": 462, "source_pair_acc": 0.676829268292683, "source_pairs": 492, "same_query_pair_acc": 0.5633719412974733, "same_query_support": 47, "raw_r1_iou_05": 0.3743372216330859, "raw_r1_iou_07": 0.20042417815482502, "threshold_logit": 1.8752331733703613, "gated_r1_iou_05": 0.2735949098621421}}, "elapsed_seconds": 872.4419131278992, "peak_gpu_bytes": 0, "formal_U_accessed": false}
