Loaded datasets C1
{"fold": "C1", "arm": "B0", "epoch": 1, "step": 100, "loss": 2.2744336128234863}
{"fold": "C1", "arm": "B0", "epoch": 1, "step": 200, "loss": 1.4234356880187988}
{"fold": "C1", "arm": "B0", "epoch": 1, "step": 300, "loss": 1.6843595504760742}
{"fold": "C1", "arm": "B0", "epoch": 1, "step": 400, "loss": 1.280306100845337}
{"fold": "C1", "arm": "B0", "epoch": 1, "step": 500, "loss": 1.6197407245635986}
{"fold": "C1", "arm": "B0", "epoch": 1, "step": 600, "loss": 1.8706315755844116}
{"fold": "C1", "arm": "B0", "epoch": 1, "seen": {"pooled_auroc": 0.7825857332520603, "rows": 1451, "videos": 462, "source_pair_acc": 0.6707317073170732, "source_pairs": 492, "same_query_pair_acc": 0.5921356421356421, "same_query_support": 47, "raw_r1_iou_05": 0.3679745493107105, "raw_r1_iou_07": 0.1728525980911983, "threshold_logit": 4.404780387878418, "gated_r1_iou_05": 0.23435843054082714, "score_distribution": {"0": {"mean": 0.8048232995765651, "std": 4.619216261148252, "quantiles": [-7.313792419433594, 1.1682702898979187, 6.226623964309693]}, "1": {"mean": 5.547636546905637, "std": 3.8572911035492345, "quantiles": [0.7100859999656678, 5.78066873550415, 10.462303352355958]}}}, "losses": {"gmr": 1.5388448273700783, "gmr_loss_span": 0.03334469880942697, "gmr_loss_giou": 0.23719099071159913, "gmr_loss_label": 0.02547542085180393, "gmr_class_error": 2.3472471498066168, "gmr_loss_saliency": 0.0, "gmr_loss_exist": 0.18606264676224996, "gmr_loss_span_0": 0.03366170015672963, "gmr_loss_giou_0": 0.2396507813711297, "gmr_loss_label_0": 0.025993683926002504, "gmr_class_error_0": 2.405629642103943, "gmr_loss_exist_0": 0.0, "coarse": 3.134893890572174, "fine": 0.847687481837432, "rotated_bce": 4.905857217710431, "exist_pair": 1.4483618773746454, "total": 1.5388448273700783}, "chains": 2630, "seconds": 62.99366641044617, "selected": true, "exposure_sha256": "dd1b8444924396e221771e46273c471327997116a6848aa6d70e304376c56a7b"}
{"fold": "C1", "arm": "B0", "epoch": 2, "step": 100, "loss": 1.6710219383239746}
{"fold": "C1", "arm": "B0", "epoch": 2, "step": 200, "loss": 1.4706743955612183}
{"fold": "C1", "arm": "B0", "epoch": 2, "step": 300, "loss": 1.591721534729004}
{"fold": "C1", "arm": "B0", "epoch": 2, "step": 400, "loss": 1.6872785091400146}
{"fold": "C1", "arm": "B0", "epoch": 2, "step": 500, "loss": 1.345653772354126}
{"fold": "C1", "arm": "B0", "epoch": 2, "step": 600, "loss": 1.227250099182129}
{"fold": "C1", "arm": "B0", "epoch": 2, "seen": {"pooled_auroc": 0.7808343283706716, "rows": 1451, "videos": 462, "source_pair_acc": 0.6707317073170732, "source_pairs": 492, "same_query_pair_acc": 0.6153679653679653, "same_query_support": 47, "raw_r1_iou_05": 0.3616118769883351, "raw_r1_iou_07": 0.1792152704135737, "threshold_logit": 4.451964378356934, "gated_r1_iou_05": 0.23860021208907742, "score_distribution": {"0": {"mean": 0.75066266736881, "std": 4.872966304690055, "quantiles": [-7.434256315231323, 0.95514315366745, 6.560786390304566]}, "1": {"mean": 5.750225209612261, "std": 4.136210921399698, "quantiles": [0.526099967956543, 6.024936676025391, 11.112141418457032]}}}, "losses": {"gmr": 1.4939964239720516, "gmr_loss_span": 0.03234129674070285, "gmr_loss_giou": 0.23104318119245823, "gmr_loss_label": 0.024491042626234718, "gmr_class_error": 2.30688692226236, "gmr_loss_saliency": 0.0, "gmr_loss_exist": 0.18067821118510738, "gmr_loss_span_0": 0.032619720641919904, "gmr_loss_giou_0": 0.23279035667744452, "gmr_loss_label_0": 0.02547758307851466, "gmr_class_error_0": 2.194655641596368, "gmr_loss_exist_0": 0.0, "coarse": 3.151844927605162, "fine": 0.845948216038272, "rotated_bce": 5.078420226697139, "exist_pair": 1.473444659478034, "total": 1.4939964239720516}, "chains": 2632, "seconds": 62.758593797683716, "selected": false, "exposure_sha256": "6060c7700ed87ffcfe4ab42acbbed6cdcc22e3a662a36bf54f696481bef07c67"}
{"fold": "C1", "arm": "B0", "epoch": 3, "step": 100, "loss": 1.2024126052856445}
{"fold": "C1", "arm": "B0", "epoch": 3, "step": 200, "loss": 1.413182258605957}
{"fold": "C1", "arm": "B0", "epoch": 3, "step": 300, "loss": 1.3145053386688232}
{"fold": "C1", "arm": "B0", "epoch": 3, "step": 400, "loss": 1.470849633216858}
{"fold": "C1", "arm": "B0", "epoch": 3, "step": 500, "loss": 1.4763706922531128}
{"fold": "C1", "arm": "B0", "epoch": 3, "step": 600, "loss": 1.7818028926849365}
{"fold": "C1", "arm": "B0", "epoch": 3, "seen": {"pooled_auroc": 0.7808071909887192, "rows": 1451, "videos": 462, "source_pair_acc": 0.6686991869918699, "source_pairs": 492, "same_query_pair_acc": 0.5864108409321175, "same_query_support": 47, "raw_r1_iou_05": 0.34994697773064687, "raw_r1_iou_07": 0.17815482502651114, "threshold_logit": 4.746077060699463, "gated_r1_iou_05": 0.22693531283138918, "score_distribution": {"0": {"mean": 0.9674313253187757, "std": 4.988630813147851, "quantiles": [-7.519151782989502, 1.3457165360450745, 7.0411446571350105]}, "1": {"mean": 6.042273195035763, "std": 4.144541250039833, "quantiles": [0.6783678054809571, 6.450493335723877, 11.381144332885743]}}}, "losses": {"gmr": 1.4824489101450493, "gmr_loss_span": 0.03205265904604075, "gmr_loss_giou": 0.22859503239347942, "gmr_loss_label": 0.024566734695133378, "gmr_class_error": 2.162568854705903, "gmr_loss_saliency": 0.0, "gmr_loss_exist": 0.18165248444220364, "gmr_loss_span_0": 0.032251078946838624, "gmr_loss_giou_0": 0.22933689692824807, "gmr_loss_label_0": 0.025390044410959295, "gmr_class_error_0": 2.3309662653682444, "gmr_loss_exist_0": 0.0, "coarse": 3.1364720545278857, "fine": 0.8446877468320736, "rotated_bce": 5.1365179555394365, "exist_pair": 1.536738261376652, "total": 1.4824489101450493}, "chains": 2630, "seconds": 62.83927822113037, "selected": false, "exposure_sha256": "4717bd3aa38344b0bda292298aee7a5d827fed945d71364f3c6ad61b08b2577d"}
{"fold": "C1", "arm": "B0", "epoch": 4, "step": 100, "loss": 1.1897271871566772}
{"fold": "C1", "arm": "B0", "epoch": 4, "step": 200, "loss": 1.6699111461639404}
{"fold": "C1", "arm": "B0", "epoch": 4, "step": 300, "loss": 1.5172890424728394}
{"fold": "C1", "arm": "B0", "epoch": 4, "step": 400, "loss": 1.2224783897399902}
{"fold": "C1", "arm": "B0", "epoch": 4, "step": 500, "loss": 1.3558483123779297}
{"fold": "C1", "arm": "B0", "epoch": 4, "step": 600, "loss": 1.8533951044082642}
{"fold": "C1", "arm": "B0", "epoch": 4, "seen": {"pooled_auroc": 0.7738078339359223, "rows": 1451, "videos": 462, "source_pair_acc": 0.6727642276422764, "source_pairs": 492, "same_query_pair_acc": 0.549415891437168, "same_query_support": 47, "raw_r1_iou_05": 0.35100742311770944, "raw_r1_iou_07": 0.1728525980911983, "threshold_logit": 4.7582879066467285, "gated_r1_iou_05": 0.22269353128313893, "score_distribution": {"0": {"mean": 1.1845684421329399, "std": 4.913004706272681, "quantiles": [-7.109474992752075, 1.4035589098930359, 7.391924905776977]}, "1": {"mean": 6.020163130504993, "std": 4.063766559220938, "quantiles": [0.7668413639068604, 6.312760353088379, 11.291428565979006]}}}, "losses": {"gmr": 1.4734842520897875, "gmr_loss_span": 0.03180572113424177, "gmr_loss_giou": 0.22658098704184443, "gmr_loss_label": 0.024150994116593275, "gmr_class_error": 2.127715438332601, "gmr_loss_saliency": 0.0, "gmr_loss_exist": 0.18316963587329924, "gmr_loss_span_0": 0.03207521480833687, "gmr_loss_giou_0": 0.2288391624314082, "gmr_loss_label_0": 0.0248702836157839, "gmr_class_error_0": 2.2069869229858767, "gmr_loss_exist_0": 0.0, "coarse": 3.149252761823428, "fine": 0.8427451839019462, "rotated_bce": 5.231243100209801, "exist_pair": 1.502172034947162, "total": 1.4734842520897875}, "chains": 2631, "seconds": 62.392494916915894, "selected": false, "exposure_sha256": "5ed8e3c879cb94ac5518c4ba3f688bdaafbc201d174b38bf87129c2f6b3f3713"}
{"fold": "C1", "arm": "B0", "epoch": 5, "step": 100, "loss": 1.3067153692245483}
{"fold": "C1", "arm": "B0", "epoch": 5, "step": 200, "loss": 1.3555477857589722}
{"fold": "C1", "arm": "B0", "epoch": 5, "step": 300, "loss": 1.8506182432174683}
{"fold": "C1", "arm": "B0", "epoch": 5, "step": 400, "loss": 1.4599838256835938}
{"fold": "C1", "arm": "B0", "epoch": 5, "step": 500, "loss": 1.1190928220748901}
{"fold": "C1", "arm": "B0", "epoch": 5, "step": 600, "loss": 1.3086230754852295}
{"fold": "C1", "arm": "B0", "epoch": 5, "seen": {"pooled_auroc": 0.7843621880244821, "rows": 1451, "videos": 462, "source_pair_acc": 0.6747967479674797, "source_pairs": 492, "same_query_pair_acc": 0.5537732952626571, "same_query_support": 47, "raw_r1_iou_05": 0.35418875927889715, "raw_r1_iou_07": 0.176033934252386, "threshold_logit": 3.533430576324463, "gated_r1_iou_05": 0.23647932131495228, "score_distribution": {"0": {"mean": 0.42375388094700694, "std": 4.815538963248313, "quantiles": [-7.7511265754699705, 0.8062124252319336, 6.092986869812012]}, "1": {"mean": 5.486929232517331, "std": 4.177459192522819, "quantiles": [0.4133592784404755, 5.6294779777526855, 10.94933433532715]}}}, "losses": {"gmr": 1.4581542790479574, "gmr_loss_span": 0.031449483724531796, "gmr_loss_giou": 0.2246826752272964, "gmr_loss_label": 0.02408574254317124, "gmr_class_error": 2.1346123877992023, "gmr_loss_saliency": 0.0, "gmr_loss_exist": 0.18105296030184848, "gmr_loss_span_0": 0.031639451730011266, "gmr_loss_giou_0": 0.22572861752249188, "gmr_loss_label_0": 0.024864424842389973, "gmr_class_error_0": 2.163414071033791, "gmr_loss_exist_0": 0.0, "coarse": 3.1430276056191118, "fine": 0.8436250231910983, "rotated_bce": 5.14926578063733, "exist_pair": 1.4858731312682927, "total": 1.4581542790479574}, "chains": 2631, "seconds": 62.26171016693115, "selected": true, "exposure_sha256": "0f11eeedbb5c2ea71e3af78014338bb0875143849220d57ab62495e8e10abf76"}
{"fold": "C1", "arm": "B0", "epoch": 6, "step": 100, "loss": 2.026332139968872}
{"fold": "C1", "arm": "B0", "epoch": 6, "step": 200, "loss": 1.2065770626068115}
{"fold": "C1", "arm": "B0", "epoch": 6, "step": 300, "loss": 1.5981732606887817}
{"fold": "C1", "arm": "B0", "epoch": 6, "step": 400, "loss": 1.8405241966247559}
{"fold": "C1", "arm": "B0", "epoch": 6, "step": 500, "loss": 1.832052230834961}
{"fold": "C1", "arm": "B0", "epoch": 6, "step": 600, "loss": 2.1579668521881104}
{"fold": "C1", "arm": "B0", "epoch": 6, "seen": {"pooled_auroc": 0.7775820175182236, "rows": 1451, "videos": 462, "source_pair_acc": 0.6747967479674797, "source_pairs": 492, "same_query_pair_acc": 0.5789774646157625, "same_query_support": 47, "raw_r1_iou_05": 0.352067868504772, "raw_r1_iou_07": 0.17179215270413573, "threshold_logit": 5.225373268127441, "gated_r1_iou_05": 0.21208907741251326, "score_distribution": {"0": {"mean": 0.9610086761591002, "std": 5.0652580636852536, "quantiles": [-7.679956293106079, 1.2853561043739319, 6.793118286132813]}, "1": {"mean": 6.009363283467413, "std": 4.196644772859963, "quantiles": [0.7225794911384583, 6.367553234100342, 11.475344276428226]}}}, "losses": {"gmr": 1.438872128906221, "gmr_loss_span": 0.03113707491001369, "gmr_loss_giou": 0.22318829258615122, "gmr_loss_label": 0.023835006017113348, "gmr_class_error": 2.0570139319701037, "gmr_loss_saliency": 0.0, "gmr_loss_exist": 0.1744577356838511, "gmr_loss_span_0": 0.031336693844749484, "gmr_loss_giou_0": 0.22412420180838521, "gmr_loss_label_0": 0.024256048344024728, "gmr_class_error_0": 2.1205883431941905, "gmr_loss_exist_0": 0.0, "coarse": 3.14807542877719, "fine": 0.8463165100584639, "rotated_bce": 5.253735525267465, "exist_pair": 1.4948281605464708, "total": 1.438872128906221}, "chains": 2632, "seconds": 62.442593574523926, "selected": false, "exposure_sha256": "093a4239ceeba0c16bad6a6ffced2e1bd5e0469eebc0f071116f3e0dd6c4877f"}
{"fold": "C1", "arm": "B0", "epoch": 7, "step": 100, "loss": 1.362453579902649}
{"fold": "C1", "arm": "B0", "epoch": 7, "step": 200, "loss": 1.8594483137130737}
{"fold": "C1", "arm": "B0", "epoch": 7, "step": 300, "loss": 1.8113443851470947}
{"fold": "C1", "arm": "B0", "epoch": 7, "step": 400, "loss": 1.5954865217208862}
{"fold": "C1", "arm": "B0", "epoch": 7, "step": 500, "loss": 1.5948716402053833}
{"fold": "C1", "arm": "B0", "epoch": 7, "step": 600, "loss": 1.2456135749816895}
{"fold": "C1", "arm": "B0", "epoch": 7, "seen": {"pooled_auroc": 0.7792436602900779, "rows": 1451, "videos": 462, "source_pair_acc": 0.6686991869918699, "source_pairs": 492, "same_query_pair_acc": 0.5756086702895213, "same_query_support": 47, "raw_r1_iou_05": 0.35949098621421, "raw_r1_iou_07": 0.17815482502651114, "threshold_logit": 4.597076416015625, "gated_r1_iou_05": 0.23435843054082714, "score_distribution": {"0": {"mean": 1.1242607277414696, "std": 5.027865895017642, "quantiles": [-7.751639747619628, 1.4569583535194397, 6.9466117382049575]}, "1": {"mean": 6.1346741681592585, "std": 4.087957078148076, "quantiles": [0.8570153832435609, 6.51301383972168, 11.334693145751954]}}}, "losses": {"gmr": 1.4533786210245636, "gmr_loss_span": 0.03135844883098519, "gmr_loss_giou": 0.22468846975217113, "gmr_loss_label": 0.02404807659154786, "gmr_class_error": 2.283454442821375, "gmr_loss_saliency": 0.0, "gmr_loss_exist": 0.1773083094690748, "gmr_loss_span_0": 0.031624243756059815, "gmr_loss_giou_0": 0.2267561130633289, "gmr_loss_label_0": 0.02465162423827139, "gmr_class_error_0": 2.225834147908405, "gmr_loss_exist_0": 0.0, "coarse": 3.13391825674515, "fine": 0.8454291490798301, "rotated_bce": 5.265308267439752, "exist_pair": 1.4926900028004835, "total": 1.4533786210245636}, "chains": 2631, "seconds": 62.158690452575684, "selected": false, "exposure_sha256": "5344ac7be05830f16adeda1df1d49db84f81100012e9df4890e426e7bafb068b"}
{"fold": "C1", "arm": "B0", "epoch": 8, "step": 100, "loss": 1.1996301412582397}
{"fold": "C1", "arm": "B0", "epoch": 8, "step": 200, "loss": 1.469789981842041}
{"fold": "C1", "arm": "B0", "epoch": 8, "step": 300, "loss": 1.514780044555664}
{"fold": "C1", "arm": "B0", "epoch": 8, "step": 400, "loss": 1.2137222290039062}
{"fold": "C1", "arm": "B0", "epoch": 8, "step": 500, "loss": 1.2982456684112549}
{"fold": "C1", "arm": "B0", "epoch": 8, "step": 600, "loss": 1.1856099367141724}
{"fold": "C1", "arm": "B0", "epoch": 8, "seen": {"pooled_auroc": 0.7774713804994949, "rows": 1451, "videos": 462, "source_pair_acc": 0.6666666666666666, "source_pairs": 492, "same_query_pair_acc": 0.5827572840870713, "same_query_support": 47, "raw_r1_iou_05": 0.34676564156945916, "raw_r1_iou_07": 0.17073170731707318, "threshold_logit": 5.197490215301514, "gated_r1_iou_05": 0.20572640509013787, "score_distribution": {"0": {"mean": 0.9169325818432363, "std": 4.985217307319802, "quantiles": [-7.602628231048584, 1.1889150142669678, 6.718420553207399]}, "1": {"mean": 5.965036236595122, "std": 4.223178150465736, "quantiles": [0.508993399143219, 6.363162994384766, 11.536804580688479]}}}, "losses": {"gmr": 1.4267816643222124, "gmr_loss_span": 0.030767104611095143, "gmr_loss_giou": 0.22127544477944316, "gmr_loss_label": 0.023680414216123002, "gmr_class_error": 2.122130849078796, "gmr_loss_saliency": 0.0, "gmr_loss_exist": 0.17123567920580143, "gmr_loss_span_0": 0.031139207567940367, "gmr_loss_giou_0": 0.223763390786742, "gmr_loss_label_0": 0.02418059367675187, "gmr_class_error_0": 2.1556426514970495, "gmr_loss_exist_0": 0.0, "coarse": 3.140445369355222, "fine": 0.842580802806605, "rotated_bce": 5.323489371766436, "exist_pair": 1.5137387877584954, "total": 1.4267816643222124}, "chains": 2632, "seconds": 62.13847017288208, "selected": false, "exposure_sha256": "1b15c3ec4d3ee56d618a9da3e35bc77a5daf107294deb14d54cf59df1a7a033b"}
{"fold": "C1", "arm": "B0", "epoch": 9, "step": 100, "loss": 1.7397667169570923}
{"fold": "C1", "arm": "B0", "epoch": 9, "step": 200, "loss": 0.9314395785331726}
{"fold": "C1", "arm": "B0", "epoch": 9, "step": 300, "loss": 1.49503493309021}
{"fold": "C1", "arm": "B0", "epoch": 9, "step": 400, "loss": 1.6563575267791748}
{"fold": "C1", "arm": "B0", "epoch": 9, "step": 500, "loss": 1.0165700912475586}
{"fold": "C1", "arm": "B0", "epoch": 9, "step": 600, "loss": 1.358485460281372}
{"fold": "C1", "arm": "B0", "epoch": 9, "seen": {"pooled_auroc": 0.7790182112707809, "rows": 1451, "videos": 462, "source_pair_acc": 0.6707317073170732, "source_pairs": 492, "same_query_pair_acc": 0.5769733812287005, "same_query_support": 47, "raw_r1_iou_05": 0.352067868504772, "raw_r1_iou_07": 0.176033934252386, "threshold_logit": 4.270240783691406, "gated_r1_iou_05": 0.22269353128313893, "score_distribution": {"0": {"mean": 0.6661065482483135, "std": 5.027689835129792, "quantiles": [-7.841659879684448, 0.8576109707355499, 6.786148214340211]}, "1": {"mean": 5.828169484378835, "std": 4.360599348291504, "quantiles": [0.5225834608078004, 6.074796199798584, 11.58994140625]}}}, "losses": {"gmr": 1.4118622239781007, "gmr_loss_span": 0.030436370821845204, "gmr_loss_giou": 0.2187516597810125, "gmr_loss_label": 0.02336283973602176, "gmr_class_error": 2.165715527751888, "gmr_loss_saliency": 0.0, "gmr_loss_exist": 0.16998599993707583, "gmr_loss_span_0": 0.030711356934024117, "gmr_loss_giou_0": 0.22114927918398272, "gmr_loss_label_0": 0.024261662459119836, "gmr_class_error_0": 2.0672204269826593, "gmr_loss_exist_0": 0.0, "coarse": 3.1472467513794595, "fine": 0.8413026937054283, "rotated_bce": 5.483560766130233, "exist_pair": 1.5771644621702494, "total": 1.4118622239781007}, "chains": 2631, "seconds": 62.29508376121521, "selected": false, "exposure_sha256": "f2aaaf6ef30d4a910efa11ba4cc63fc23a562a30950b4da88824ad02403c978a"}
{"fold": "C1", "arm": "B0", "epoch": 10, "step": 100, "loss": 1.0202451944351196}
{"fold": "C1", "arm": "B0", "epoch": 10, "step": 200, "loss": 1.6636766195297241}
{"fold": "C1", "arm": "B0", "epoch": 10, "step": 300, "loss": 1.6403117179870605}
{"fold": "C1", "arm": "B0", "epoch": 10, "step": 400, "loss": 1.8243452310562134}
{"fold": "C1", "arm": "B0", "epoch": 10, "step": 500, "loss": 1.4353777170181274}
{"fold": "C1", "arm": "B0", "epoch": 10, "step": 600, "loss": 1.1349804401397705}
{"fold": "C1", "arm": "B0", "epoch": 10, "seen": {"pooled_auroc": 0.7795651338916676, "rows": 1451, "videos": 462, "source_pair_acc": 0.6666666666666666, "source_pairs": 492, "same_query_pair_acc": 0.5900133554388873, "same_query_support": 47, "raw_r1_iou_05": 0.34994697773064687, "raw_r1_iou_07": 0.17815482502651114, "threshold_logit": 3.9594430923461914, "gated_r1_iou_05": 0.24708377518557795, "score_distribution": {"0": {"mean": 1.0443062629242699, "std": 5.034309899483869, "quantiles": [-7.548132848739624, 1.252979576587677, 7.290018129348756]}, "1": {"mean": 6.1748433488985075, "std": 4.268466142857576, "quantiles": [0.672050166130066, 6.595229625701904, 11.63168525695801]}}}, "losses": {"gmr": 1.427979568036494, "gmr_loss_span": 0.030573755901839052, "gmr_loss_giou": 0.22106073727678383, "gmr_loss_label": 0.023944513691804375, "gmr_class_error": 2.248068151502986, "gmr_loss_saliency": 0.0, "gmr_loss_exist": 0.17354194221821384, "gmr_loss_span_0": 0.03097506888822219, "gmr_loss_giou_0": 0.22398560584769062, "gmr_loss_label_0": 0.024531245108490023, "gmr_class_error_0": 2.3967984092271797, "gmr_loss_exist_0": 0.0, "coarse": 3.1426398739626342, "fine": 0.8449533500207593, "rotated_bce": 5.4508311230360915, "exist_pair": 1.5487372791875822, "total": 1.427979568036494}, "chains": 2630, "seconds": 62.76251268386841, "selected": false, "exposure_sha256": "bab766f8cfc7a21dae8053be8f9dbe20a3851fae58fa23c3255a839edc038b32"}
{"fold": "C1", "arm": "B0", "epoch": 11, "step": 100, "loss": 1.489439606666565}
{"fold": "C1", "arm": "B0", "epoch": 11, "step": 200, "loss": 1.3004546165466309}
{"fold": "C1", "arm": "B0", "epoch": 11, "step": 300, "loss": 1.4459649324417114}
{"fold": "C1", "arm": "B0", "epoch": 11, "step": 400, "loss": 0.7988210916519165}
{"fold": "C1", "arm": "B0", "epoch": 11, "step": 500, "loss": 1.2160512208938599}
{"fold": "C1", "arm": "B0", "epoch": 11, "step": 600, "loss": 1.254486322402954}
{"fold": "C1", "arm": "B0", "epoch": 11, "seen": {"pooled_auroc": 0.7789138367248103, "rows": 1451, "videos": 462, "source_pair_acc": 0.6707317073170732, "source_pairs": 492, "same_query_pair_acc": 0.576914279573854, "same_query_support": 47, "raw_r1_iou_05": 0.35418875927889715, "raw_r1_iou_07": 0.1728525980911983, "threshold_logit": 3.938342332839966, "gated_r1_iou_05": 0.22481442205726404, "score_distribution": {"0": {"mean": 0.5989754557917555, "std": 4.979567497756301, "quantiles": [-8.14640474319458, 1.0173145532608032, 6.606597805023195]}, "1": {"mean": 5.683112968217625, "std": 4.281066808261636, "quantiles": [0.4916861832141876, 5.83796501159668, 11.34917278289795]}}}, "losses": {"gmr": 1.4242433942741173, "gmr_loss_span": 0.03083459455038684, "gmr_loss_giou": 0.22128478042486954, "gmr_loss_label": 0.022937027743159817, "gmr_class_error": 2.2431980353358307, "gmr_loss_saliency": 0.0, "gmr_loss_exist": 0.1715132023697389, "gmr_loss_span_0": 0.031169655727148964, "gmr_loss_giou_0": 0.2236105979598583, "gmr_loss_label_0": 0.02401104883367258, "gmr_class_error_0": 2.192807716439198, "gmr_loss_exist_0": 0.0, "coarse": 3.1448573200173655, "fine": 0.8463883542181149, "rotated_bce": 5.467570487489092, "exist_pair": 1.5330760333585158, "total": 1.4242433942741173}, "chains": 2632, "seconds": 62.80433511734009, "selected": false, "exposure_sha256": "4cf55c045f3b7ce4174e1ec75c982e2703d29150bb7378422941fdc1cf7195a5"}
{"fold": "C1", "arm": "B0", "epoch": 12, "step": 100, "loss": 1.1228303909301758}
{"fold": "C1", "arm": "B0", "epoch": 12, "step": 200, "loss": 1.4617502689361572}
{"fold": "C1", "arm": "B0", "epoch": 12, "step": 300, "loss": 1.6689701080322266}
{"fold": "C1", "arm": "B0", "epoch": 12, "step": 400, "loss": 0.9242779612541199}
{"fold": "C1", "arm": "B0", "epoch": 12, "step": 500, "loss": 1.2666146755218506}
{"fold": "C1", "arm": "B0", "epoch": 12, "step": 600, "loss": 1.1702929735183716}
{"fold": "C1", "arm": "B0", "epoch": 12, "seen": {"pooled_auroc": 0.7796548960012024, "rows": 1451, "videos": 462, "source_pair_acc": 0.6727642276422764, "source_pairs": 492, "same_query_pair_acc": 0.5625686960793345, "same_query_support": 47, "raw_r1_iou_05": 0.35418875927889715, "raw_r1_iou_07": 0.17391304347826086, "threshold_logit": 4.1617655754089355, "gated_r1_iou_05": 0.22693531283138918, "score_distribution": {"0": {"mean": 0.7442549704977377, "std": 4.983214266792391, "quantiles": [-7.803069448471069, 0.9232645630836487, 6.897552490234376]}, "1": {"mean": 5.873939841424736, "std": 4.329273001948813, "quantiles": [0.3818830370903015, 6.146236896514893, 11.467657279968261]}}}, "losses": {"gmr": 1.4012606023473944, "gmr_loss_span": 0.03045285008083406, "gmr_loss_giou": 0.21785468437162575, "gmr_loss_label": 0.02283144959653402, "gmr_class_error": 2.1304702642840816, "gmr_loss_saliency": 0.0, "gmr_loss_exist": 0.1673986915680141, "gmr_loss_span_0": 0.030630542012073075, "gmr_loss_giou_0": 0.21871753864692337, "gmr_loss_label_0": 0.023782493104297656, "gmr_class_error_0": 2.246318098259552, "gmr_loss_exist_0": 0.0, "coarse": 3.142928492334476, "fine": 0.8465926299341544, "rotated_bce": 5.542733772547412, "exist_pair": 1.5959759264459725, "total": 1.4012606023473944}, "chains": 2631, "seconds": 62.33380889892578, "selected": false, "exposure_sha256": "ddf687f458889cd6c8106eac630c203921f95c9e7d2412d36988f6667ba7e25c"}
{"fold": "C1", "arm": "B0", "epoch": 13, "step": 100, "loss": 1.1148154735565186}
{"fold": "C1", "arm": "B0", "epoch": 13, "step": 200, "loss": 1.6096278429031372}
{"fold": "C1", "arm": "B0", "epoch": 13, "step": 300, "loss": 1.3342114686965942}
{"fold": "C1", "arm": "B0", "epoch": 13, "step": 400, "loss": 1.556678056716919}
{"fold": "C1", "arm": "B0", "epoch": 13, "step": 500, "loss": 1.8301719427108765}
{"fold": "C1", "arm": "B0", "epoch": 13, "step": 600, "loss": 1.92909574508667}
{"fold": "C1", "arm": "B0", "epoch": 13, "seen": {"pooled_auroc": 0.7771394694433078, "rows": 1451, "videos": 462, "source_pair_acc": 0.6747967479674797, "source_pairs": 492, "same_query_pair_acc": 0.5572334285100243, "same_query_support": 47, "raw_r1_iou_05": 0.3563096500530223, "raw_r1_iou_07": 0.176033934252386, "threshold_logit": 5.628636837005615, "gated_r1_iou_05": 0.2205726405090138, "score_distribution": {"0": {"mean": 1.51206125786132, "std": 5.3870069796013915, "quantiles": [-7.781403827667236, 1.8239627480506897, 8.276530265808105]}, "1": {"mean": 6.796308133703748, "std": 4.285942799321453, "quantiles": [0.9828197121620178, 7.285065650939941, 12.290003967285157]}}}, "losses": {"gmr": 1.4110460564901763, "gmr_loss_span": 0.03032816518635962, "gmr_loss_giou": 0.21762906448592892, "gmr_loss_label": 0.02350293910612089, "gmr_class_error": 2.2375686436800972, "gmr_loss_saliency": 0.0, "gmr_loss_exist": 0.1717393395535529, "gmr_loss_span_0": 0.030730134595219488, "gmr_loss_giou_0": 0.22040955424535238, "gmr_loss_label_0": 0.024168335654317065, "gmr_class_error_0": 2.186141457601159, "gmr_loss_exist_0": 0.0, "coarse": 3.1426852840058346, "fine": 0.8467679963104631, "rotated_bce": 5.506038119365379, "exist_pair": 1.597673821571569, "total": 1.4110460564901763}, "chains": 2632, "seconds": 61.668882608413696, "selected": false, "exposure_sha256": "7f1feaec1bb27e849be9564787b600de427681d8cf2d07730ede5670551074d3"}
{"fold": "C1", "arm": "B0", "epoch": 14, "step": 100, "loss": 1.428753137588501}
{"fold": "C1", "arm": "B0", "epoch": 14, "step": 200, "loss": 1.275993824005127}
{"fold": "C1", "arm": "B0", "epoch": 14, "step": 300, "loss": 1.4976959228515625}
{"fold": "C1", "arm": "B0", "epoch": 14, "step": 400, "loss": 1.6284555196762085}
{"fold": "C1", "arm": "B0", "epoch": 14, "step": 500, "loss": 1.624085783958435}
{"fold": "C1", "arm": "B0", "epoch": 14, "step": 600, "loss": 1.9892292022705078}
{"fold": "C1", "arm": "B0", "epoch": 14, "seen": {"pooled_auroc": 0.778725962542063, "rows": 1451, "videos": 462, "source_pair_acc": 0.6747967479674797, "source_pairs": 492, "same_query_pair_acc": 0.5492681373000523, "same_query_support": 47, "raw_r1_iou_05": 0.344644750795334, "raw_r1_iou_07": 0.18133616118769882, "threshold_logit": 4.85998010635376, "gated_r1_iou_05": 0.23329798515376457, "score_distribution": {"0": {"mean": 1.1345861455586952, "std": 5.305537027558233, "quantiles": [-7.996770191192627, 1.3368521928787231, 7.587294101715089]}, "1": {"mean": 6.503306365033665, "std": 4.432973930369538, "quantiles": [0.6451971530914307, 6.858262538909912, 12.141762161254885]}}}, "losses": {"gmr": 1.3979189830710461, "gmr_loss_span": 0.030063090963419355, "gmr_loss_giou": 0.21689563805073228, "gmr_loss_label": 0.022993105247837566, "gmr_class_error": 2.1902864914172326, "gmr_loss_saliency": 0.0, "gmr_loss_exist": 0.17007489642163734, "gmr_loss_span_0": 0.0304315983810346, "gmr_loss_giou_0": 0.21937722610847565, "gmr_loss_label_0": 0.0236629773593737, "gmr_class_error_0": 2.0990978345320217, "gmr_loss_exist_0": 0.0, "coarse": 3.1527548850850855, "fine": 0.8500316325110867, "rotated_bce": 5.559350542022102, "exist_pair": 1.5943096567024575, "total": 1.3979189830710461}, "chains": 2632, "seconds": 61.37064814567566, "selected": false, "exposure_sha256": "12d718ef5a4a82743c747f172d9b49ce87f1beb611d3dbb45e396a37f0d5b76b"}
{"fold": "C1", "arm": "B0", "epoch": 15, "step": 100, "loss": 1.2885934114456177}
{"fold": "C1", "arm": "B0", "epoch": 15, "step": 200, "loss": 1.2992932796478271}
{"fold": "C1", "arm": "B0", "epoch": 15, "step": 300, "loss": 1.1874024868011475}
{"fold": "C1", "arm": "B0", "epoch": 15, "step": 400, "loss": 1.3774018287658691}
{"fold": "C1", "arm": "B0", "epoch": 15, "step": 500, "loss": 1.3705302476882935}
{"fold": "C1", "arm": "B0", "epoch": 15, "step": 600, "loss": 1.6973540782928467}
{"fold": "C1", "arm": "B0", "epoch": 15, "seen": {"pooled_auroc": 0.7749455164870032, "rows": 1451, "videos": 462, "source_pair_acc": 0.6666666666666666, "source_pairs": 492, "same_query_pair_acc": 0.5557746922108624, "same_query_support": 47, "raw_r1_iou_05": 0.3425238600212089, "raw_r1_iou_07": 0.16861081654294804, "threshold_logit": 4.818321228027344, "gated_r1_iou_05": 0.19406150583244963, "score_distribution": {"0": {"mean": 0.5792848451107037, "std": 5.14298778765808, "quantiles": [-8.191098022460936, 0.8611594438552856, 7.134206056594849]}, "1": {"mean": 5.768462782530143, "std": 4.464093933401949, "quantiles": [0.37702566385269176, 5.8871965408325195, 11.561249351501466]}}}, "losses": {"gmr": 1.3866595152120098, "gmr_loss_span": 0.02991799678721417, "gmr_loss_giou": 0.21475194310797746, "gmr_loss_label": 0.02288183791132638, "gmr_class_error": 2.0915488501087873, "gmr_loss_saliency": 0.0, "gmr_loss_exist": 0.1672211044395801, "gmr_loss_span_0": 0.030254910031961995, "gmr_loss_giou_0": 0.21676548035945573, "gmr_loss_label_0": 0.02366614185619001, "gmr_class_error_0": 2.103052075510692, "gmr_loss_exist_0": 0.0, "coarse": 3.1440480005415017, "fine": 0.8492825309375137, "rotated_bce": 5.762389973304192, "exist_pair": 1.6395017477969631, "total": 1.3866595152120098}, "chains": 2631, "seconds": 61.36295485496521, "selected": false, "exposure_sha256": "5610277808f3292429433cfd5978649a7b079c862fe171546b99310f4bc2d9ab"}
{"fold": "C1", "arm": "B0", "epoch": 16, "step": 100, "loss": 0.91584312915802}
{"fold": "C1", "arm": "B0", "epoch": 16, "step": 200, "loss": 1.4904903173446655}
{"fold": "C1", "arm": "B0", "epoch": 16, "step": 300, "loss": 1.492060899734497}
{"fold": "C1", "arm": "B0", "epoch": 16, "step": 400, "loss": 1.2781600952148438}
{"fold": "C1", "arm": "B0", "epoch": 16, "step": 500, "loss": 1.5311968326568604}
{"fold": "C1", "arm": "B0", "epoch": 16, "step": 600, "loss": 1.6101913452148438}
{"fold": "C1", "arm": "B0", "epoch": 16, "seen": {"pooled_auroc": 0.7741376575011898, "rows": 1451, "videos": 462, "source_pair_acc": 0.676829268292683, "source_pairs": 492, "same_query_pair_acc": 0.5439194375364588, "same_query_support": 47, "raw_r1_iou_05": 0.35949098621421, "raw_r1_iou_07": 0.18027571580063625, "threshold_logit": 5.550485610961914, "gated_r1_iou_05": 0.22269353128313893, "score_distribution": {"0": {"mean": 1.3790761530692652, "std": 5.262463225109904, "quantiles": [-7.669775104522705, 1.3680421113967896, 7.90733027458191]}, "1": {"mean": 6.6019892226252805, "std": 4.41481533669706, "quantiles": [0.7538546323776245, 6.980487823486328, 12.321583747863771]}}}, "losses": {"gmr": 1.399999979011556, "gmr_loss_span": 0.03011650004421324, "gmr_loss_giou": 0.21706429702487398, "gmr_loss_label": 0.02296595089420631, "gmr_class_error": 2.287158154426737, "gmr_loss_saliency": 0.0, "gmr_loss_exist": 0.17239308977106127, "gmr_loss_span_0": 0.030360146454679795, "gmr_loss_giou_0": 0.2186397422773135, "gmr_loss_label_0": 0.023818146046760597, "gmr_class_error_0": 2.3012650672425616, "gmr_loss_exist_0": 0.0, "coarse": 3.1379715193368742, "fine": 0.8476047115485357, "rotated_bce": 5.584943317352457, "exist_pair": 1.624795035207163, "total": 1.399999979011556}, "chains": 2631, "seconds": 61.98566246032715, "selected": false, "exposure_sha256": "3f5ba6e21b55a2276d7a424afdfb84ad6bb1ff32c79ca81a9d9035968e8db70f"}
{"fold": "C1", "arm": "B0", "epoch": 17, "step": 100, "loss": 1.2238913774490356}
{"fold": "C1", "arm": "B0", "epoch": 17, "step": 200, "loss": 1.1774121522903442}
{"fold": "C1", "arm": "B0", "epoch": 17, "step": 300, "loss": 1.8952279090881348}
{"fold": "C1", "arm": "B0", "epoch": 17, "step": 400, "loss": 1.8884536027908325}
{"fold": "C1", "arm": "B0", "epoch": 17, "step": 500, "loss": 1.57888662815094}
{"fold": "C1", "arm": "B0", "epoch": 17, "step": 600, "loss": 1.3007651567459106}
{"fold": "C1", "arm": "B0", "epoch": 17, "seen": {"pooled_auroc": 0.7778012040647624, "rows": 1451, "videos": 462, "source_pair_acc": 0.6666666666666666, "source_pairs": 492, "same_query_pair_acc": 0.5459342666789476, "same_query_support": 47, "raw_r1_iou_05": 0.3563096500530223, "raw_r1_iou_07": 0.17815482502651114, "threshold_logit": 5.061578750610352, "gated_r1_iou_05": 0.23966065747614, "score_distribution": {"0": {"mean": 1.3854820658709472, "std": 5.530901436509642, "quantiles": [-7.7364068031311035, 1.4672396183013916, 8.238636779785157]}, "1": {"mean": 6.922554411570821, "std": 4.582783049412037, "quantiles": [0.8267328381538391, 7.505280017852783, 12.614570999145508]}}}, "losses": {"gmr": 1.3908416692246781, "gmr_loss_span": 0.030081160468442825, "gmr_loss_giou": 0.2165245738639114, "gmr_loss_label": 0.022859997548429028, "gmr_class_error": 2.2891906112160725, "gmr_loss_saliency": 0.0, "gmr_loss_exist": 0.16501013583667848, "gmr_loss_span_0": 0.030346080963712153, "gmr_loss_giou_0": 0.21847067947717422, "gmr_loss_label_0": 0.02378096997010377, "gmr_class_error_0": 2.2614561272247222, "gmr_loss_exist_0": 0.0, "coarse": 3.142737334622438, "fine": 0.850239861881117, "rotated_bce": 5.78289412292666, "exist_pair": 1.666759900499622, "total": 1.3908416692246781}, "chains": 2631, "seconds": 61.96475887298584, "selected": false, "exposure_sha256": "12575839584711276c77119a03b3539656c077a7fa7520d45ea0526ebdec06de"}
{"fold": "C1", "arm": "B0", "epoch": 18, "step": 100, "loss": 2.0755465030670166}
{"fold": "C1", "arm": "B0", "epoch": 18, "step": 200, "loss": 1.2688363790512085}
{"fold": "C1", "arm": "B0", "epoch": 18, "step": 300, "loss": 1.1268038749694824}
{"fold": "C1", "arm": "B0", "epoch": 18, "step": 400, "loss": 1.4367280006408691}
{"fold": "C1", "arm": "B0", "epoch": 18, "step": 500, "loss": 1.8281527757644653}
{"fold": "C1", "arm": "B0", "epoch": 18, "step": 600, "loss": 1.1473034620285034}
{"fold": "C1", "arm": "B0", "epoch": 18, "seen": {"pooled_auroc": 0.7749538664506809, "rows": 1451, "videos": 462, "source_pair_acc": 0.6727642276422764, "source_pairs": 492, "same_query_pair_acc": 0.6088533511405853, "same_query_support": 47, "raw_r1_iou_05": 0.34358430540827145, "raw_r1_iou_07": 0.17497348886532343, "threshold_logit": 5.317714214324951, "gated_r1_iou_05": 0.2110286320254507, "score_distribution": {"0": {"mean": 1.2456864320827046, "std": 5.3186568432576165, "quantiles": [-7.569787120819091, 1.2490376830101013, 8.125748062133791]}, "1": {"mean": 6.593249130768905, "std": 4.557057873399423, "quantiles": [0.6219013214111329, 6.9942169189453125, 12.438902282714846]}}}, "losses": {"gmr": 1.3856413492134638, "gmr_loss_span": 0.029748964167304767, "gmr_loss_giou": 0.21511609417508076, "gmr_loss_label": 0.02324814712388107, "gmr_class_error": 2.2860527618315443, "gmr_loss_saliency": 0.0, "gmr_loss_exist": 0.16642766387349045, "gmr_loss_span_0": 0.02996957990819288, "gmr_loss_giou_0": 0.21623576661192537, "gmr_loss_label_0": 0.024420949576654694, "gmr_class_error_0": 2.427585358315326, "gmr_loss_exist_0": 0.0, "coarse": 3.1458126889898423, "fine": 0.8493784079979256, "rotated_bce": 5.862883221777015, "exist_pair": 1.6515694617047498, "total": 1.3856413492134638}, "chains": 2631, "seconds": 61.949029207229614, "selected": false, "exposure_sha256": "fb7cc2286c11de28d285a5ca17d8799b15e83cf79a290816daa6f8272494c306"}
{"fold": "C1", "arm": "B0", "epoch": 19, "step": 100, "loss": 1.456101655960083}
{"fold": "C1", "arm": "B0", "epoch": 19, "step": 200, "loss": 1.4678912162780762}
{"fold": "C1", "arm": "B0", "epoch": 19, "step": 300, "loss": 1.6834888458251953}
{"fold": "C1", "arm": "B0", "epoch": 19, "step": 400, "loss": 1.390330195426941}
{"fold": "C1", "arm": "B0", "epoch": 19, "step": 500, "loss": 1.4857591390609741}
{"fold": "C1", "arm": "B0", "epoch": 19, "step": 600, "loss": 1.1432468891143799}
{"fold": "C1", "arm": "B0", "epoch": 19, "seen": {"pooled_auroc": 0.7780934527934804, "rows": 1451, "videos": 462, "source_pair_acc": 0.6747967479674797, "source_pairs": 492, "same_query_pair_acc": 0.5936761229314421, "same_query_support": 47, "raw_r1_iou_05": 0.3372216330858961, "raw_r1_iou_07": 0.17073170731707318, "threshold_logit": 4.994718551635742, "gated_r1_iou_05": 0.21527041357370094, "score_distribution": {"0": {"mean": 1.0287684627302636, "std": 5.139753296540861, "quantiles": [-7.577390909194946, 1.0606170296669006, 7.580053853988647]}, "1": {"mean": 6.285073935321887, "std": 4.487134410087723, "quantiles": [0.5343028426170349, 6.552263259887695, 12.181707000732423]}}}, "losses": {"gmr": 1.3831729541977127, "gmr_loss_span": 0.029625579581729004, "gmr_loss_giou": 0.21425966801840846, "gmr_loss_label": 0.023285869708550826, "gmr_class_error": 2.2361775082295425, "gmr_loss_saliency": 0.0, "gmr_loss_exist": 0.167654518856834, "gmr_loss_span_0": 0.029932535271865165, "gmr_loss_giou_0": 0.21634299366941567, "gmr_loss_label_0": 0.024047787028073267, "gmr_class_error_0": 2.292008779693882, "gmr_loss_exist_0": 0.0, "coarse": 3.1489446590736643, "fine": 0.8519290481838412, "rotated_bce": 5.802108576957216, "exist_pair": 1.6695694330751352, "total": 1.3831729541977127}, "chains": 2631, "seconds": 62.14545035362244, "selected": false, "exposure_sha256": "b7e94a89ec6d60a0e1cfb1c0ed3bbf72f1a49d2bdba475f78a68ddfa2db2c258"}
{"fold": "C1", "arm": "B0", "epoch": 20, "step": 100, "loss": 0.8267965316772461}
{"fold": "C1", "arm": "B0", "epoch": 20, "step": 200, "loss": 1.4950952529907227}
{"fold": "C1", "arm": "B0", "epoch": 20, "step": 300, "loss": 1.5115870237350464}
{"fold": "C1", "arm": "B0", "epoch": 20, "step": 400, "loss": 1.2605236768722534}
{"fold": "C1", "arm": "B0", "epoch": 20, "step": 500, "loss": 1.1722102165222168}
{"fold": "C1", "arm": "B0", "epoch": 20, "step": 600, "loss": 1.1250395774841309}
{"fold": "C1", "arm": "B0", "epoch": 20, "seen": {"pooled_auroc": 0.7750582409966517, "rows": 1451, "videos": 462, "source_pair_acc": 0.6727642276422764, "source_pairs": 492, "same_query_pair_acc": 0.5829023517853305, "same_query_support": 47, "raw_r1_iou_05": 0.34782608695652173, "raw_r1_iou_07": 0.1792152704135737, "threshold_logit": 5.35054874420166, "gated_r1_iou_05": 0.22269353128313893, "score_distribution": {"0": {"mean": 1.3367890307577106, "std": 5.343619036953198, "quantiles": [-7.586864566802978, 1.3864339590072632, 8.228801631927492]}, "1": {"mean": 6.672085964655225, "std": 4.542527474797496, "quantiles": [0.7744129896163942, 7.1387104988098145, 12.523980712890626]}}}, "losses": {"gmr": 1.3748854089834046, "gmr_loss_span": 0.02965905940822555, "gmr_loss_giou": 0.21400773790197894, "gmr_loss_label": 0.02265566641020399, "gmr_class_error": 2.1406708691257834, "gmr_loss_saliency": 0.0, "gmr_loss_exist": 0.1646508028742073, "gmr_loss_span_0": 0.02992663960649114, "gmr_loss_giou_0": 0.2157940785980877, "gmr_loss_label_0": 0.023488284650578596, "gmr_class_error_0": 2.068749378517406, "gmr_loss_exist_0": 0.0, "coarse": 3.152771496845234, "fine": 0.8445596482072558, "rotated_bce": 5.779350014080755, "exist_pair": 1.6312452085474705, "total": 1.3748854089834046}, "chains": 2632, "seconds": 62.11854338645935, "selected": false, "exposure_sha256": "a91c0d75751716963a353808a3ba6efbbdbabe6a3b258cf3b94f4c2ab2dae266"}
{"fold": "C1", "arm": "B0", "epoch": 21, "step": 100, "loss": 1.0399686098098755}
{"fold": "C1", "arm": "B0", "epoch": 21, "step": 200, "loss": 1.212341070175171}
{"fold": "C1", "arm": "B0", "epoch": 21, "step": 300, "loss": 1.2029494047164917}
{"fold": "C1", "arm": "B0", "epoch": 21, "step": 400, "loss": 1.6121805906295776}
{"fold": "C1", "arm": "B0", "epoch": 21, "step": 500, "loss": 1.0043131113052368}
{"fold": "C1", "arm": "B0", "epoch": 21, "step": 600, "loss": 1.1538797616958618}
{"fold": "C1", "arm": "B0", "epoch": 21, "seen": {"pooled_auroc": 0.7734821853524937, "rows": 1451, "videos": 462, "source_pair_acc": 0.6788617886178862, "source_pairs": 492, "same_query_pair_acc": 0.5617063492063492, "same_query_support": 47, "raw_r1_iou_05": 0.34994697773064687, "raw_r1_iou_07": 0.176033934252386, "threshold_logit": 4.556817054748535, "gated_r1_iou_05": 0.24814422057264052, "score_distribution": {"0": {"mean": 1.251993049332124, "std": 5.4298967609159385, "quantiles": [-7.799437379837036, 1.2675522565841675, 8.061412715911867]}, "1": {"mean": 6.677021339986067, "std": 4.650271901640298, "quantiles": [0.5101482152938843, 7.043924808502197, 12.682021522521973]}}}, "losses": {"gmr": 1.3743870625198793, "gmr_loss_span": 0.029610617358045013, "gmr_loss_giou": 0.2142751255500099, "gmr_loss_label": 0.02279201820018591, "gmr_class_error": 2.1352025759618694, "gmr_loss_saliency": 0.0, "gmr_loss_exist": 0.16269459097934916, "gmr_loss_span_0": 0.029972104661415776, "gmr_loss_giou_0": 0.2171766891803785, "gmr_loss_label_0": 0.02331134187104322, "gmr_class_error_0": 2.183554060915683, "gmr_loss_exist_0": 0.0, "coarse": 3.154615337725468, "fine": 0.8418943420913082, "rotated_bce": 5.787826337712876, "exist_pair": 1.6069889054109985, "total": 1.3743870625198793}, "chains": 2632, "seconds": 62.15546703338623, "selected": false, "exposure_sha256": "b5a64b5c4d0f76d3804c9bfb09cde3b9c9b59abed005f315191b94f17c29382e"}
{"fold": "C1", "arm": "B0", "epoch": 22, "step": 100, "loss": 1.048957109451294}
{"fold": "C1", "arm": "B0", "epoch": 22, "step": 200, "loss": 1.1313776969909668}
{"fold": "C1", "arm": "B0", "epoch": 22, "step": 300, "loss": 1.4481459856033325}
{"fold": "C1", "arm": "B0", "epoch": 22, "step": 400, "loss": 1.80207359790802}
{"fold": "C1", "arm": "B0", "epoch": 22, "step": 500, "loss": 1.621434211730957}
{"fold": "C1", "arm": "B0", "epoch": 22, "step": 600, "loss": 1.2897918224334717}
{"fold": "C1", "arm": "B0", "epoch": 22, "seen": {"pooled_auroc": 0.7722630906555557, "rows": 1451, "videos": 462, "source_pair_acc": 0.6727642276422764, "source_pairs": 492, "same_query_pair_acc": 0.5627540603604434, "same_query_support": 47, "raw_r1_iou_05": 0.34676564156945916, "raw_r1_iou_07": 0.1728525980911983, "threshold_logit": 5.534708499908447, "gated_r1_iou_05": 0.23117709437963946, "score_distribution": {"0": {"mean": 1.6035600047426548, "std": 5.512974079156979, "quantiles": [-7.579480791091919, 1.5427738428115845, 8.401984119415284]}, "1": {"mean": 7.021171766423155, "std": 4.590060912404503, "quantiles": [0.711082375049591, 7.475900173187256, 12.802653312683107]}}}, "losses": {"gmr": 1.357775192220885, "gmr_loss_span": 0.029221826384415832, "gmr_loss_giou": 0.21059488114479102, "gmr_loss_label": 0.02233776895649233, "gmr_class_error": 2.113628480209768, "gmr_loss_saliency": 0.0, "gmr_loss_exist": 0.16163955034331084, "gmr_loss_span_0": 0.029614251387223466, "gmr_loss_giou_0": 0.21394536232060574, "gmr_loss_label_0": 0.02347088600140869, "gmr_class_error_0": 2.168902110183855, "gmr_loss_exist_0": 0.0, "coarse": 3.1606138219949322, "fine": 0.8458689656844618, "rotated_bce": 6.000709995672696, "exist_pair": 1.6850572883131656, "total": 1.357775192220885}, "chains": 2632, "seconds": 62.08667874336243, "selected": false, "exposure_sha256": "2b75e6b99f61c58c2dcf67431bb6097a415fecf1af4d3fad7c19d740f4ca02a2"}
{"fold": "C1", "arm": "B0", "epoch": 23, "step": 100, "loss": 1.38921320438385}
{"fold": "C1", "arm": "B0", "epoch": 23, "step": 200, "loss": 1.0287929773330688}
{"fold": "C1", "arm": "B0", "epoch": 23, "step": 300, "loss": 1.2254540920257568}
{"fold": "C1", "arm": "B0", "epoch": 23, "step": 400, "loss": 1.3006340265274048}
{"fold": "C1", "arm": "B0", "epoch": 23, "step": 500, "loss": 1.2504870891571045}
{"fold": "C1", "arm": "B0", "epoch": 23, "step": 600, "loss": 1.2853257656097412}
{"fold": "C1", "arm": "B0", "epoch": 23, "seen": {"pooled_auroc": 0.7736303972077722, "rows": 1451, "videos": 462, "source_pair_acc": 0.676829268292683, "source_pairs": 492, "same_query_pair_acc": 0.5539882103711891, "same_query_support": 47, "raw_r1_iou_05": 0.344644750795334, "raw_r1_iou_07": 0.18027571580063625, "threshold_logit": 6.354150772094727, "gated_r1_iou_05": 0.20890774125132555, "score_distribution": {"0": {"mean": 1.581260658067277, "std": 5.529054066669542, "quantiles": [-7.743879890441894, 1.8096804022789001, 8.43236017227173]}, "1": {"mean": 7.025175702103343, "std": 4.526168993732374, "quantiles": [0.8606684446334839, 7.427680969238281, 12.733011817932129]}}}, "losses": {"gmr": 1.3519860160930541, "gmr_loss_span": 0.029291188099497992, "gmr_loss_giou": 0.2111701090851272, "gmr_loss_label": 0.0218943325331361, "gmr_class_error": 2.1774908836851727, "gmr_loss_saliency": 0.0, "gmr_loss_exist": 0.15935870278046374, "gmr_loss_span_0": 0.02967454681574936, "gmr_loss_giou_0": 0.21319027471506125, "gmr_loss_label_0": 0.022758064140483602, "gmr_class_error_0": 2.166075002096344, "gmr_loss_exist_0": 0.0, "coarse": 3.145816154030681, "fine": 0.8449374959099256, "rotated_bce": 5.971350187226269, "exist_pair": 1.7008007570965311, "total": 1.3519860160930541}, "chains": 2632, "seconds": 62.274210691452026, "selected": false, "exposure_sha256": "0846c8bbb562dcc9f66e0b23c20e4cf572bd6eec98119ddee8e14168811388f2"}
{"fold": "C1", "arm": "B0", "epoch": 24, "step": 100, "loss": 1.0935542583465576}
{"fold": "C1", "arm": "B0", "epoch": 24, "step": 200, "loss": 1.2889940738677979}
{"fold": "C1", "arm": "B0", "epoch": 24, "step": 300, "loss": 1.0940970182418823}
{"fold": "C1", "arm": "B0", "epoch": 24, "step": 400, "loss": 1.5271755456924438}
{"fold": "C1", "arm": "B0", "epoch": 24, "step": 500, "loss": 1.3355927467346191}
{"fold": "C1", "arm": "B0", "epoch": 24, "step": 600, "loss": 1.6570563316345215}
{"fold": "C1", "arm": "B0", "epoch": 24, "seen": {"pooled_auroc": 0.7749162916141314, "rows": 1451, "videos": 462, "source_pair_acc": 0.676829268292683, "source_pairs": 492, "same_query_pair_acc": 0.596200224125756, "same_query_support": 47, "raw_r1_iou_05": 0.34146341463414637, "raw_r1_iou_07": 0.17497348886532343, "threshold_logit": 5.0550537109375, "gated_r1_iou_05": 0.21845174973488865, "score_distribution": {"0": {"mean": 0.9177605019896988, "std": 5.530272095179455, "quantiles": [-8.430717754364014, 1.1123215556144714, 7.862110662460328]}, "1": {"mean": 6.420480635684785, "std": 4.599977197006724, "quantiles": [0.3990004777908326, 6.791223526000977, 12.181669616699219]}}}, "losses": {"gmr": 1.3513092820767574, "gmr_loss_span": 0.029096855571080216, "gmr_loss_giou": 0.21205037741675564, "gmr_loss_label": 0.021995671329833003, "gmr_class_error": 2.225511881355819, "gmr_loss_saliency": 0.0, "gmr_loss_exist": 0.16091802207424694, "gmr_loss_span_0": 0.029378620028710927, "gmr_loss_giou_0": 0.21396867229991046, "gmr_loss_label_0": 0.022908691490935246, "gmr_class_error_0": 2.054961184237866, "gmr_loss_exist_0": 0.0, "coarse": 3.156528132664759, "fine": 0.8469326775124733, "rotated_bce": 5.88766515544845, "exist_pair": 1.6582616556401855, "total": 1.3513092820767574}, "chains": 2631, "seconds": 62.26918435096741, "selected": false, "exposure_sha256": "8fe7cf23d521ba0c330d47f496c93d259d0a1f558e51e0b9e3424c36a3e8dd6c"}
{"fold": "C1", "arm": "B0", "epoch": 25, "step": 100, "loss": 1.0644361972808838}
{"fold": "C1", "arm": "B0", "epoch": 25, "step": 200, "loss": 1.4911412000656128}
{"fold": "C1", "arm": "B0", "epoch": 25, "step": 300, "loss": 1.1549698114395142}
{"fold": "C1", "arm": "B0", "epoch": 25, "step": 400, "loss": 1.7194949388504028}
{"fold": "C1", "arm": "B0", "epoch": 25, "step": 500, "loss": 1.2756564617156982}
{"fold": "C1", "arm": "B0", "epoch": 25, "step": 600, "loss": 1.4796528816223145}
{"fold": "C1", "arm": "B0", "epoch": 25, "seen": {"pooled_auroc": 0.7733798982974424, "rows": 1451, "videos": 462, "source_pair_acc": 0.6849593495934959, "source_pairs": 492, "same_query_pair_acc": 0.5920577354087992, "same_query_support": 47, "raw_r1_iou_05": 0.3488865323435843, "raw_r1_iou_07": 0.1792152704135737, "threshold_logit": 5.757298469543457, "gated_r1_iou_05": 0.20784729586426298, "score_distribution": {"0": {"mean": 1.4042150912161067, "std": 5.364642957955514, "quantiles": [-7.672772741317749, 1.4910413026809692, 8.19125204086304]}, "1": {"mean": 6.669544645913996, "std": 4.491507523151553, "quantiles": [0.8217862606048584, 7.127746105194092, 12.339376449584961]}}}, "losses": {"gmr": 1.3533852450934587, "gmr_loss_span": 0.029175267317035097, "gmr_loss_giou": 0.2108025633953625, "gmr_loss_label": 0.02212114198809903, "gmr_class_error": 2.1379088543831033, "gmr_loss_saliency": 0.0, "gmr_loss_exist": 0.16100689108116556, "gmr_loss_span_0": 0.029546323863613933, "gmr_loss_giou_0": 0.21378524953607006, "gmr_loss_label_0": 0.023022516462159283, "gmr_class_error_0": 2.1837097098399805, "gmr_loss_exist_0": 0.0, "coarse": 3.1477348395031637, "fine": 0.8458404926905878, "rotated_bce": 5.839566923202352, "exist_pair": 1.64434286480979, "total": 1.3533852450934587}, "chains": 2632, "seconds": 62.31478524208069, "selected": false, "exposure_sha256": "d8b54b13d808ef1d427ff404db47de44885aeedcf9e0f0ee6d8219092489eb6e"}
{"fold": "C1", "arm": "B0", "epoch": 26, "step": 100, "loss": 1.5289932489395142}
{"fold": "C1", "arm": "B0", "epoch": 26, "step": 200, "loss": 1.410011887550354}
{"fold": "C1", "arm": "B0", "epoch": 26, "step": 300, "loss": 1.6827701330184937}
{"fold": "C1", "arm": "B0", "epoch": 26, "step": 400, "loss": 1.3058284521102905}
{"fold": "C1", "arm": "B0", "epoch": 26, "step": 500, "loss": 1.4092204570770264}
{"fold": "C1", "arm": "B0", "epoch": 26, "step": 600, "loss": 0.9452062845230103}
{"fold": "C1", "arm": "B0", "epoch": 26, "seen": {"pooled_auroc": 0.7799095698933709, "rows": 1451, "videos": 462, "source_pair_acc": 0.676829268292683, "source_pairs": 492, "same_query_pair_acc": 0.5740543735224586, "same_query_support": 47, "raw_r1_iou_05": 0.352067868504772, "raw_r1_iou_07": 0.18345705196182396, "threshold_logit": 4.245230197906494, "gated_r1_iou_05": 0.2576882290562036, "score_distribution": {"0": {"mean": 1.184378884373394, "std": 5.654054036080388, "quantiles": [-8.213305759429932, 1.237676203250885, 8.32279167175293]}, "1": {"mean": 6.895836371280577, "std": 4.688690430377972, "quantiles": [0.632879388332367, 7.282344341278076, 12.831086730957033]}}}, "losses": {"gmr": 1.3406421764099852, "gmr_loss_span": 0.0289508620132678, "gmr_loss_giou": 0.2086400672408404, "gmr_loss_label": 0.021962586873830906, "gmr_class_error": 2.3768454322698993, "gmr_loss_saliency": 0.0, "gmr_loss_exist": 0.1591435924878678, "gmr_loss_span_0": 0.02936571122693481, "gmr_loss_giou_0": 0.21085059911148527, "gmr_loss_label_0": 0.022747959707379566, "gmr_class_error_0": 2.271050114037418, "gmr_loss_exist_0": 0.0, "coarse": 3.150496960773294, "fine": 0.8473583844838534, "rotated_bce": 5.924099981603652, "exist_pair": 1.6632191066638677, "total": 1.3406421764099852}, "chains": 2632, "seconds": 62.4587767124176, "selected": false, "exposure_sha256": "57a6483d2d7755336490bff93da1c20263e291f43eabadb120b5350636e610a1"}
{"fold": "C1", "arm": "B0", "epoch": 27, "step": 100, "loss": 1.4110993146896362}
{"fold": "C1", "arm": "B0", "epoch": 27, "step": 200, "loss": 1.3979575634002686}
{"fold": "C1", "arm": "B0", "epoch": 27, "step": 300, "loss": 1.0807905197143555}
{"fold": "C1", "arm": "B0", "epoch": 27, "step": 400, "loss": 1.1984366178512573}
{"fold": "C1", "arm": "B0", "epoch": 27, "step": 500, "loss": 1.412419080734253}
{"fold": "C1", "arm": "B0", "epoch": 27, "step": 600, "loss": 1.1794708967208862}
{"fold": "C1", "arm": "B0", "epoch": 27, "seen": {"pooled_auroc": 0.7722109033825704, "rows": 1451, "videos": 462, "source_pair_acc": 0.676829268292683, "source_pairs": 492, "same_query_pair_acc": 0.5680812686131835, "same_query_support": 47, "raw_r1_iou_05": 0.34676564156945916, "raw_r1_iou_07": 0.1792152704135737, "threshold_logit": 3.42010760307312, "gated_r1_iou_05": 0.2598091198303287, "score_distribution": {"0": {"mean": 1.3154903573871364, "std": 5.550052567148474, "quantiles": [-8.258446216583252, 1.2633834481239319, 8.324661445617677]}, "1": {"mean": 6.7464672749030505, "std": 4.624178834784274, "quantiles": [0.6016617178916931, 7.160547733306885, 12.643178939819336]}}}, "losses": {"gmr": 1.3471243054489959, "gmr_loss_span": 0.02929317331830419, "gmr_loss_giou": 0.2089560662359452, "gmr_loss_label": 0.021949359213672918, "gmr_class_error": 2.216317637713122, "gmr_loss_saliency": 0.0, "gmr_loss_exist": 0.15909606646995858, "gmr_loss_span_0": 0.029510645265195597, "gmr_loss_giou_0": 0.21152772888043006, "gmr_loss_label_0": 0.022927205828457257, "gmr_class_error_0": 2.1535297034359266, "gmr_loss_exist_0": 0.0, "coarse": 3.13119620827556, "fine": 0.8439457169238557, "rotated_bce": 5.92420063446358, "exist_pair": 1.6556012858735754, "total": 1.3471243054489959}, "chains": 2632, "seconds": 62.35455632209778, "selected": false, "exposure_sha256": "44ae6fe7f15e5216ec28794a614bdf86587109aba766df6214a1502565b5f2bb"}
{"fold": "C1", "arm": "B0", "epoch": 28, "step": 100, "loss": 0.9334338903427124}
{"fold": "C1", "arm": "B0", "epoch": 28, "step": 200, "loss": 1.06058931350708}
{"fold": "C1", "arm": "B0", "epoch": 28, "step": 300, "loss": 1.152859091758728}
{"fold": "C1", "arm": "B0", "epoch": 28, "step": 400, "loss": 1.5349498987197876}
{"fold": "C1", "arm": "B0", "epoch": 28, "step": 500, "loss": 1.0750200748443604}
{"fold": "C1", "arm": "B0", "epoch": 28, "step": 600, "loss": 1.5550020933151245}
{"fold": "C1", "arm": "B0", "epoch": 28, "seen": {"pooled_auroc": 0.7703467739915332, "rows": 1451, "videos": 462, "source_pair_acc": 0.676829268292683, "source_pairs": 492, "same_query_pair_acc": 0.575912237880323, "same_query_support": 47, "raw_r1_iou_05": 0.34146341463414637, "raw_r1_iou_07": 0.18027571580063625, "threshold_logit": 5.518545150756836, "gated_r1_iou_05": 0.2205726405090138, "score_distribution": {"0": {"mean": 1.47460590492142, "std": 5.654168866708568, "quantiles": [-7.941796779632568, 1.591226577758789, 8.631672286987305]}, "1": {"mean": 6.914648298581041, "std": 4.634239635211965, "quantiles": [0.7257056832313539, 7.474506378173828, 12.769351196289064]}}}, "losses": {"gmr": 1.3323402530697703, "gmr_loss_span": 0.028585273684724306, "gmr_loss_giou": 0.20793525254110434, "gmr_loss_label": 0.0220899701877115, "gmr_class_error": 2.2542514858999514, "gmr_loss_saliency": 0.0, "gmr_loss_exist": 0.15959747756886547, "gmr_loss_span_0": 0.028975536984513234, "gmr_loss_giou_0": 0.21034793882973288, "gmr_loss_label_0": 0.02262289958756904, "gmr_class_error_0": 2.0722374147919536, "gmr_loss_exist_0": 0.0, "coarse": 3.142211317653714, "fine": 0.844768069616567, "rotated_bce": 5.889921473514708, "exist_pair": 1.6037090430347571, "total": 1.3323402530697703}, "chains": 2632, "seconds": 62.65642952919006, "selected": false, "exposure_sha256": "c5d779e35bc04d41ef33245caff33d0b9d99b12a1ef32834ccb6a9fb34690a9a"}
{"fold": "C1", "arm": "B0", "epoch": 29, "step": 100, "loss": 1.357330560684204}
{"fold": "C1", "arm": "B0", "epoch": 29, "step": 200, "loss": 1.506820559501648}
{"fold": "C1", "arm": "B0", "epoch": 29, "step": 300, "loss": 1.1883330345153809}
{"fold": "C1", "arm": "B0", "epoch": 29, "step": 400, "loss": 1.4715245962142944}
{"fold": "C1", "arm": "B0", "epoch": 29, "step": 500, "loss": 1.8150899410247803}
{"fold": "C1", "arm": "B0", "epoch": 29, "step": 600, "loss": 1.1654233932495117}
{"fold": "C1", "arm": "B0", "epoch": 29, "seen": {"pooled_auroc": 0.7792415727991583, "rows": 1451, "videos": 462, "source_pair_acc": 0.6849593495934959, "source_pairs": 492, "same_query_pair_acc": 0.5644868134229837, "same_query_support": 47, "raw_r1_iou_05": 0.34994697773064687, "raw_r1_iou_07": 0.18133616118769882, "threshold_logit": 5.46998929977417, "gated_r1_iou_05": 0.2110286320254507, "score_distribution": {"0": {"mean": 1.0189457960485473, "std": 5.4783666670716045, "quantiles": [-8.434551811218261, 1.2601240873336792, 7.852098083496094]}, "1": {"mean": 6.56225142708544, "std": 4.626646398209952, "quantiles": [0.5775205850601198, 6.884644031524658, 12.475736045837404]}}}, "losses": {"gmr": 1.3340826360650337, "gmr_loss_span": 0.02883007946795017, "gmr_loss_giou": 0.20908444602393453, "gmr_loss_label": 0.021569897645042704, "gmr_class_error": 2.1866526038451037, "gmr_loss_saliency": 0.0, "gmr_loss_exist": 0.1577644825306697, "gmr_loss_span_0": 0.029228438007557554, "gmr_loss_giou_0": 0.21122634615805735, "gmr_loss_label_0": 0.022285649671833566, "gmr_class_error_0": 2.1301000415372995, "gmr_loss_exist_0": 0.0, "coarse": 3.140388954011865, "fine": 0.8449705188759917, "rotated_bce": 5.929757603396036, "exist_pair": 1.6478355581274873, "total": 1.3340826360650337}, "chains": 2632, "seconds": 62.57264590263367, "selected": false, "exposure_sha256": "a9f851368f0e0ceb4cc1cd19843979c888c6cc3071870bd208b0d58857693e08"}
{"fold": "C1", "arm": "B0", "epoch": 30, "step": 100, "loss": 1.269795298576355}
{"fold": "C1", "arm": "B0", "epoch": 30, "step": 200, "loss": 1.6395649909973145}
{"fold": "C1", "arm": "B0", "epoch": 30, "step": 300, "loss": 1.2504682540893555}
{"fold": "C1", "arm": "B0", "epoch": 30, "step": 400, "loss": 1.5171339511871338}
{"fold": "C1", "arm": "B0", "epoch": 30, "step": 500, "loss": 1.2846647500991821}
{"fold": "C1", "arm": "B0", "epoch": 30, "step": 600, "loss": 2.162977933883667}
{"fold": "C1", "arm": "B0", "epoch": 30, "seen": {"pooled_auroc": 0.7791810355624953, "rows": 1451, "videos": 462, "source_pair_acc": 0.6869918699186992, "source_pairs": 492, "same_query_pair_acc": 0.5809815480028246, "same_query_support": 47, "raw_r1_iou_05": 0.3425238600212089, "raw_r1_iou_07": 0.17391304347826086, "threshold_logit": 3.3506224155426025, "gated_r1_iou_05": 0.2513255567338282, "score_distribution": {"0": {"mean": 0.9224444606275423, "std": 5.645871378917748, "quantiles": [-8.679671001434325, 1.0842726230621338, 7.935034942626953]}, "1": {"mean": 6.5961423788500175, "std": 4.672861030420142, "quantiles": [0.519583022594452, 6.885473251342773, 12.49718647003174]}}}, "losses": {"gmr": 1.3322751071858914, "gmr_loss_span": 0.0287861783499051, "gmr_loss_giou": 0.2097607056601794, "gmr_loss_label": 0.021246165926723903, "gmr_class_error": 1.9546081867623837, "gmr_loss_saliency": 0.0, "gmr_loss_exist": 0.15877645767085455, "gmr_loss_span_0": 0.029052241637419603, "gmr_loss_giou_0": 0.21144736418925159, "gmr_loss_label_0": 0.022230429246478167, "gmr_class_error_0": 2.0517710074102986, "gmr_loss_exist_0": 0.0, "coarse": 3.141599736677477, "fine": 0.843561559009697, "rotated_bce": 5.937480792448514, "exist_pair": 1.6403763838633216, "total": 1.3322751071858914}, "chains": 2632, "seconds": 62.668503761291504, "selected": false, "exposure_sha256": "c1772e17517b888a3effe1a1b672fd550795532000dda8c77a6896876a7f0064"}
{"fold": "C1", "arm": "B0", "epoch": 31, "step": 100, "loss": 1.0121327638626099}
{"fold": "C1", "arm": "B0", "epoch": 31, "step": 200, "loss": 1.4737634658813477}
{"fold": "C1", "arm": "B0", "epoch": 31, "step": 300, "loss": 1.510878086090088}
{"fold": "C1", "arm": "B0", "epoch": 31, "step": 400, "loss": 1.4228416681289673}
{"fold": "C1", "arm": "B0", "epoch": 31, "step": 500, "loss": 1.6436688899993896}
{"fold": "C1", "arm": "B0", "epoch": 31, "step": 600, "loss": 1.2547268867492676}
{"fold": "C1", "arm": "B0", "epoch": 31, "seen": {"pooled_auroc": 0.7798031078564809, "rows": 1451, "videos": 462, "source_pair_acc": 0.6829268292682927, "source_pairs": 492, "same_query_pair_acc": 0.5913738448312916, "same_query_support": 47, "raw_r1_iou_05": 0.3488865323435843, "raw_r1_iou_07": 0.17391304347826086, "threshold_logit": 5.122219085693359, "gated_r1_iou_05": 0.22269353128313893, "score_distribution": {"0": {"mean": 0.9616293253773075, "std": 5.816546894721827, "quantiles": [-9.052769660949707, 1.2102510929107666, 8.366465759277345]}, "1": {"mean": 6.76777798570258, "std": 4.702419187861732, "quantiles": [0.5897152543067933, 7.243463516235352, 12.59808807373047]}}}, "losses": {"gmr": 1.3256593992463723, "gmr_loss_span": 0.028753510967893442, "gmr_loss_giou": 0.20819039566946246, "gmr_loss_label": 0.02107636780495045, "gmr_class_error": 2.0014546171147773, "gmr_loss_saliency": 0.0, "gmr_loss_exist": 0.15636471677893535, "gmr_loss_span_0": 0.02907479582297811, "gmr_loss_giou_0": 0.2103331254110148, "gmr_loss_label_0": 0.0220456554223203, "gmr_class_error_0": 2.0709798517198186, "gmr_loss_exist_0": 0.0, "coarse": 3.139745619159339, "fine": 0.8500391022956117, "rotated_bce": 5.963233308589205, "exist_pair": 1.6610455823252628, "total": 1.3256593992463723}, "chains": 2631, "seconds": 62.305866956710815, "selected": false, "exposure_sha256": "5d4cbae428dd37df9c3d937e58b984054435d65b8111001079a1a2cd441f6be9"}
{"fold": "C1", "arm": "B0", "epoch": 32, "step": 100, "loss": 1.7947688102722168}
{"fold": "C1", "arm": "B0", "epoch": 32, "step": 200, "loss": 1.1334089040756226}
{"fold": "C1", "arm": "B0", "epoch": 32, "step": 300, "loss": 1.2458397150039673}
{"fold": "C1", "arm": "B0", "epoch": 32, "step": 400, "loss": 1.148719072341919}
{"fold": "C1", "arm": "B0", "epoch": 32, "step": 500, "loss": 1.4360839128494263}
{"fold": "C1", "arm": "B0", "epoch": 32, "step": 600, "loss": 0.96905517578125}
{"fold": "C1", "arm": "B0", "epoch": 32, "seen": {"pooled_auroc": 0.7698332512253572, "rows": 1451, "videos": 462, "source_pair_acc": 0.6829268292682927, "source_pairs": 492, "same_query_pair_acc": 0.56964055448098, "same_query_support": 47, "raw_r1_iou_05": 0.3404029692470838, "raw_r1_iou_07": 0.176033934252386, "threshold_logit": 4.866687297821045, "gated_r1_iou_05": 0.22269353128313893, "score_distribution": {"0": {"mean": 1.2335824466889769, "std": 5.643663366075745, "quantiles": [-8.443476486206055, 1.2732290029525757, 8.362443923950195]}, "1": {"mean": 6.654992058466278, "std": 4.591527118053314, "quantiles": [0.6060885906219484, 7.116833686828613, 12.349641609191895]}}}, "losses": {"gmr": 1.3203374783318818, "gmr_loss_span": 0.028553793727672208, "gmr_loss_giou": 0.20736370993194972, "gmr_loss_label": 0.02101862603390878, "gmr_class_error": 1.9532827939668325, "gmr_loss_saliency": 0.0, "gmr_loss_exist": 0.15647672464834714, "gmr_loss_span_0": 0.028995119684905177, "gmr_loss_giou_0": 0.20992837695682304, "gmr_loss_label_0": 0.02175125812525694, "gmr_class_error_0": 2.020162472246628, "gmr_loss_exist_0": 0.0, "coarse": 3.153442379913794, "fine": 0.8509105933111127, "rotated_bce": 5.949750028482686, "exist_pair": 1.65709928377874, "total": 1.3203374783318818}, "chains": 2632, "seconds": 62.01936626434326, "selected": false, "exposure_sha256": "1b01fae5c10fec8976962241dd287652a179009ebb6bf08350ffb3004785f0e7"}
{"fold": "C1", "arm": "B0", "epoch": 33, "step": 100, "loss": 1.4547322988510132}
{"fold": "C1", "arm": "B0", "epoch": 33, "step": 200, "loss": 1.31503164768219}
{"fold": "C1", "arm": "B0", "epoch": 33, "step": 300, "loss": 1.1427946090698242}
{"fold": "C1", "arm": "B0", "epoch": 33, "step": 400, "loss": 1.0494440793991089}
{"fold": "C1", "arm": "B0", "epoch": 33, "step": 500, "loss": 1.4667431116104126}
{"fold": "C1", "arm": "B0", "epoch": 33, "step": 600, "loss": 1.3424906730651855}
{"fold": "C1", "arm": "B0", "epoch": 33, "seen": {"pooled_auroc": 0.7785652257412681, "rows": 1451, "videos": 462, "source_pair_acc": 0.6808943089430894, "source_pairs": 492, "same_query_pair_acc": 0.5840532989469159, "same_query_support": 47, "raw_r1_iou_05": 0.34146341463414637, "raw_r1_iou_07": 0.17497348886532343, "threshold_logit": 4.400264739990234, "gated_r1_iou_05": 0.23223753976670203, "score_distribution": {"0": {"mean": 0.8774427824661019, "std": 5.636842930723218, "quantiles": [-8.825495338439941, 1.0093833208084106, 7.961753940582276]}, "1": {"mean": 6.527869103577142, "std": 4.678421794066357, "quantiles": [0.4673682987689972, 6.9956207275390625, 12.412724494934082]}}}, "losses": {"gmr": 1.325151545751421, "gmr_loss_span": 0.028627052880529212, "gmr_loss_giou": 0.2084301603125765, "gmr_loss_label": 0.021078996063779054, "gmr_class_error": 2.0849750947807335, "gmr_loss_saliency": 0.0, "gmr_loss_exist": 0.1565713413175773, "gmr_loss_span_0": 0.028990973043326276, "gmr_loss_giou_0": 0.21091302116274108, "gmr_loss_label_0": 0.022185195361951928, "gmr_class_error_0": 2.075461831136315, "gmr_loss_exist_0": 0.0, "coarse": 3.142888972099791, "fine": 0.8410369710356993, "rotated_bce": 5.9751789877842265, "exist_pair": 1.6732941942917903, "total": 1.325151545751421}, "chains": 2631, "seconds": 62.27133560180664, "selected": false, "exposure_sha256": "7d0f1a50ddb387d112d20dca6cd4aaa6057d6d4fe29aecb64becf55f6a6a2314"}
{"fold": "C1", "arm": "B0", "epoch": 34, "step": 100, "loss": 1.4553762674331665}
{"fold": "C1", "arm": "B0", "epoch": 34, "step": 200, "loss": 1.3893154859542847}
{"fold": "C1", "arm": "B0", "epoch": 34, "step": 300, "loss": 1.3060861825942993}
{"fold": "C1", "arm": "B0", "epoch": 34, "step": 400, "loss": 1.2920811176300049}
{"fold": "C1", "arm": "B0", "epoch": 34, "step": 500, "loss": 1.1717264652252197}
{"fold": "C1", "arm": "B0", "epoch": 34, "step": 600, "loss": 1.2132668495178223}
{"fold": "C1", "arm": "B0", "epoch": 34, "seen": {"pooled_auroc": 0.7762021860204908, "rows": 1451, "videos": 462, "source_pair_acc": 0.6808943089430894, "source_pairs": 492, "same_query_pair_acc": 0.5761244665499985, "same_query_support": 47, "raw_r1_iou_05": 0.34676564156945916, "raw_r1_iou_07": 0.16436903499469777, "threshold_logit": 4.798896312713623, "gated_r1_iou_05": 0.23435843054082714, "score_distribution": {"0": {"mean": 1.0900063805692777, "std": 5.749819792000769, "quantiles": [-8.621912956237793, 1.3159120678901672, 8.204614543914795]}, "1": {"mean": 6.779426485845229, "std": 4.696728090469762, "quantiles": [0.47488393783569344, 7.196993350982666, 12.739068412780762]}}}, "losses": {"gmr": 1.317695565499071, "gmr_loss_span": 0.028393240937096914, "gmr_loss_giou": 0.2067045667137962, "gmr_loss_label": 0.021136335319468586, "gmr_class_error": 1.928633530451534, "gmr_loss_saliency": 0.0, "gmr_loss_exist": 0.15722360844493172, "gmr_loss_span_0": 0.02870046690044115, "gmr_loss_giou_0": 0.2087994315817182, "gmr_loss_label_0": 0.022371384375346512, "gmr_class_error_0": 1.9349241285700929, "gmr_loss_exist_0": 0.0, "coarse": 3.144983925355604, "fine": 0.8429335061358826, "rotated_bce": 6.017558186249892, "exist_pair": 1.6471121817102548, "total": 1.317695565499071}, "chains": 2631, "seconds": 62.24328136444092, "selected": false, "exposure_sha256": "dc8608f6ccb45c736c9ea76274188242774a12713ddee9513bde5768780040b1"}
{"fold": "C1", "arm": "B0", "epoch": 35, "step": 100, "loss": 1.26930832862854}
{"fold": "C1", "arm": "B0", "epoch": 35, "step": 200, "loss": 0.9959589242935181}
{"fold": "C1", "arm": "B0", "epoch": 35, "step": 300, "loss": 1.0295840501785278}
{"fold": "C1", "arm": "B0", "epoch": 35, "step": 400, "loss": 1.126077651977539}
{"fold": "C1", "arm": "B0", "epoch": 35, "step": 500, "loss": 0.7995827198028564}
{"fold": "C1", "arm": "B0", "epoch": 35, "step": 600, "loss": 1.613412857055664}
{"fold": "C1", "arm": "B0", "epoch": 35, "seen": {"pooled_auroc": 0.7742858693564683, "rows": 1451, "videos": 462, "source_pair_acc": 0.6829268292682927, "source_pairs": 492, "same_query_pair_acc": 0.5940376408461514, "same_query_support": 47, "raw_r1_iou_05": 0.3372216330858961, "raw_r1_iou_07": 0.16436903499469777, "threshold_logit": 5.773218154907227, "gated_r1_iou_05": 0.21739130434782608, "score_distribution": {"0": {"mean": 1.4233831937652168, "std": 5.790036686846331, "quantiles": [-8.492462348937988, 1.5607801675796509, 8.717329502105715]}, "1": {"mean": 7.07244011683514, "std": 4.69498334096969, "quantiles": [0.6578368902206422, 7.588688850402832, 12.868928527832033]}}}, "losses": {"gmr": 1.3123982055027796, "gmr_loss_span": 0.02846085986173443, "gmr_loss_giou": 0.2068664990025813, "gmr_loss_label": 0.020644918728144245, "gmr_class_error": 1.9922294384802728, "gmr_loss_saliency": 0.0, "gmr_loss_exist": 0.15570795181239913, "gmr_loss_span_0": 0.0287257146591315, "gmr_loss_giou_0": 0.20880882622034355, "gmr_loss_label_0": 0.02164237754345846, "gmr_class_error_0": 2.20795982152133, "gmr_loss_exist_0": 0.0, "coarse": 3.148607720720007, "fine": 0.8426681106576079, "rotated_bce": 5.972848196884781, "exist_pair": 1.6263592110148497, "total": 1.3123982055027796}, "chains": 2631, "seconds": 61.97171187400818, "selected": false, "exposure_sha256": "1eeaea4292346cfd8f0957899570586d13bb6e17a84d065a486ca8cff374e7da"}
{"fold": "C1", "arm": "B0", "epoch": 36, "step": 100, "loss": 1.631300687789917}
{"fold": "C1", "arm": "B0", "epoch": 36, "step": 200, "loss": 1.6747199296951294}
{"fold": "C1", "arm": "B0", "epoch": 36, "step": 300, "loss": 1.609341025352478}
{"fold": "C1", "arm": "B0", "epoch": 36, "step": 400, "loss": 1.2211300134658813}
{"fold": "C1", "arm": "B0", "epoch": 36, "step": 500, "loss": 1.4534298181533813}
{"fold": "C1", "arm": "B0", "epoch": 36, "step": 600, "loss": 0.8801600933074951}
{"fold": "C1", "arm": "B0", "epoch": 36, "seen": {"pooled_auroc": 0.7734696604069773, "rows": 1451, "videos": 462, "source_pair_acc": 0.6829268292682927, "source_pairs": 492, "same_query_pair_acc": 0.5990102391698137, "same_query_support": 47, "raw_r1_iou_05": 0.34782608695652173, "raw_r1_iou_07": 0.16967126193001061, "threshold_logit": 4.440629005432129, "gated_r1_iou_05": 0.2301166489925769, "score_distribution": {"0": {"mean": 0.9634233927280884, "std": 5.373523138567753, "quantiles": [-7.950192022323608, 0.9437854588031769, 7.848976182937623]}, "1": {"mean": 6.349815549078069, "std": 4.684529005915866, "quantiles": [0.36763957738876346, 6.508921146392822, 12.492877388000489]}}}, "losses": {"gmr": 1.307689560311181, "gmr_loss_span": 0.028350519681615487, "gmr_loss_giou": 0.2052924272952471, "gmr_loss_label": 0.02096684022500862, "gmr_class_error": 2.203749903067267, "gmr_loss_saliency": 0.0, "gmr_loss_exist": 0.1540577014675364, "gmr_loss_span_0": 0.028697536570390852, "gmr_loss_giou_0": 0.2072874088983949, "gmr_loss_label_0": 0.02167602408660355, "gmr_class_error_0": 1.9788031302686884, "gmr_loss_exist_0": 0.0, "coarse": 3.137996111959672, "fine": 0.8445409452118048, "rotated_bce": 6.081690557097229, "exist_pair": 1.6632787276082035, "total": 1.307689560311181}, "chains": 2631, "seconds": 62.45368194580078, "selected": false, "exposure_sha256": "e698af07ddd83b01571f7c57ef2faff97e2a2aa15b129ffef2ed884eb8deface"}
{"fold": "C1", "arm": "B0", "epoch": 37, "step": 100, "loss": 1.1244715452194214}
{"fold": "C1", "arm": "B0", "epoch": 37, "step": 200, "loss": 1.3763909339904785}
{"fold": "C1", "arm": "B0", "epoch": 37, "step": 300, "loss": 1.0936328172683716}
{"fold": "C1", "arm": "B0", "epoch": 37, "step": 400, "loss": 1.2161823511123657}
{"fold": "C1", "arm": "B0", "epoch": 37, "step": 500, "loss": 0.7784576416015625}
{"fold": "C1", "arm": "B0", "epoch": 37, "step": 600, "loss": 0.9635132551193237}
{"fold": "C1", "arm": "B0", "epoch": 37, "seen": {"pooled_auroc": 0.7786195005051729, "rows": 1451, "videos": 462, "source_pair_acc": 0.6829268292682927, "source_pairs": 492, "same_query_pair_acc": 0.5897984403303552, "same_query_support": 47, "raw_r1_iou_05": 0.34782608695652173, "raw_r1_iou_07": 0.17073170731707318, "threshold_logit": 5.215154647827148, "gated_r1_iou_05": 0.22693531283138918, "score_distribution": {"0": {"mean": 1.0718648353166234, "std": 5.69754932285046, "quantiles": [-8.621252250671386, 1.2631882429122925, 8.230808734893799]}, "1": {"mean": 6.79344161079993, "std": 4.731724900895733, "quantiles": [0.6035237908363342, 7.245360851287842, 12.794942283630373]}}}, "losses": {"gmr": 1.3046023352892566, "gmr_loss_span": 0.028294674122258796, "gmr_loss_giou": 0.20566883434097094, "gmr_loss_label": 0.020513955918055788, "gmr_class_error": 1.8695006558960332, "gmr_loss_saliency": 0.0, "gmr_loss_exist": 0.1524818231596535, "gmr_loss_span_0": 0.028733161551238104, "gmr_loss_giou_0": 0.2082143354606121, "gmr_loss_label_0": 0.02147579009929179, "gmr_class_error_0": 1.8831818879194173, "gmr_loss_exist_0": 0.0, "coarse": 3.1455030383310056, "fine": 0.8433331997561238, "rotated_bce": 6.15468337108299, "exist_pair": 1.7032808281005698, "total": 1.3046023352892566}, "chains": 2632, "seconds": 62.817654848098755, "selected": false, "exposure_sha256": "691593551afb102ee01e090f1cbb8a2bada59b41d725c20ceaa4235de0cd2063"}
{"fold": "C1", "arm": "B0", "epoch": 38, "step": 100, "loss": 1.2616339921951294}
{"fold": "C1", "arm": "B0", "epoch": 38, "step": 200, "loss": 1.1963804960250854}
{"fold": "C1", "arm": "B0", "epoch": 38, "step": 300, "loss": 1.3770337104797363}
{"fold": "C1", "arm": "B0", "epoch": 38, "step": 400, "loss": 1.006306529045105}
{"fold": "C1", "arm": "B0", "epoch": 38, "step": 500, "loss": 1.260086178779602}
{"fold": "C1", "arm": "B0", "epoch": 38, "step": 600, "loss": 0.8202812671661377}
{"fold": "C1", "arm": "B0", "epoch": 38, "seen": {"pooled_auroc": 0.7714510566879035, "rows": 1451, "videos": 462, "source_pair_acc": 0.676829268292683, "source_pairs": 492, "same_query_pair_acc": 0.5949602407049216, "same_query_support": 47, "raw_r1_iou_05": 0.3488865323435843, "raw_r1_iou_07": 0.16967126193001061, "threshold_logit": 5.960019111633301, "gated_r1_iou_05": 0.21845174973488865, "score_distribution": {"0": {"mean": 1.4127551846675517, "std": 5.750833037632576, "quantiles": [-8.44626235961914, 1.6879130005836487, 8.760583305358887]}, "1": {"mean": 6.995990116789163, "std": 4.67299040023918, "quantiles": [0.701541292667389, 7.622329235076904, 12.829332923889162]}}}, "losses": {"gmr": 1.2969034516159161, "gmr_loss_span": 0.02822844487244099, "gmr_loss_giou": 0.20428731685396748, "gmr_loss_label": 0.02023049517913996, "gmr_class_error": 2.107428356506904, "gmr_loss_saliency": 0.0, "gmr_loss_exist": 0.15192706218147847, "gmr_loss_span_0": 0.028513383961036393, "gmr_loss_giou_0": 0.20665057686279248, "gmr_loss_label_0": 0.021424556443309213, "gmr_class_error_0": 2.000820194696583, "gmr_loss_exist_0": 0.0, "coarse": 3.145103594090076, "fine": 0.8455366006738146, "rotated_bce": 6.090478297424896, "exist_pair": 1.6617135734362443, "total": 1.2969034516159161}, "chains": 2631, "seconds": 63.01448345184326, "selected": false, "exposure_sha256": "fdc93047dcf24f6334917a74b0e3c93458bb403da95f995bb394102bd607b5b4"}
{"fold": "C1", "arm": "B0", "epoch": 39, "step": 100, "loss": 1.4010627269744873}
{"fold": "C1", "arm": "B0", "epoch": 39, "step": 200, "loss": 1.020211100578308}
{"fold": "C1", "arm": "B0", "epoch": 39, "step": 300, "loss": 0.8664251565933228}
{"fold": "C1", "arm": "B0", "epoch": 39, "step": 400, "loss": 1.2453386783599854}
{"fold": "C1", "arm": "B0", "epoch": 39, "step": 500, "loss": 1.5254127979278564}
{"fold": "C1", "arm": "B0", "epoch": 39, "step": 600, "loss": 1.1267564296722412}
{"fold": "C1", "arm": "B0", "epoch": 39, "seen": {"pooled_auroc": 0.7752377652157212, "rows": 1451, "videos": 462, "source_pair_acc": 0.6890243902439024, "source_pairs": 492, "same_query_pair_acc": 0.589113398421909, "same_query_support": 47, "raw_r1_iou_05": 0.34358430540827145, "raw_r1_iou_07": 0.16861081654294804, "threshold_logit": 5.152129650115967, "gated_r1_iou_05": 0.2354188759278897, "score_distribution": {"0": {"mean": 1.0685504002965929, "std": 5.809016576179572, "quantiles": [-8.614397144317627, 1.01061350107193, 8.875630950927736]}, "1": {"mean": 6.864550334592039, "std": 4.860035057484412, "quantiles": [0.39538003206253053, 7.3400044441223145, 13.042248725891115]}}}, "losses": {"gmr": 1.2939454771827419, "gmr_loss_span": 0.02820073768756944, "gmr_loss_giou": 0.20458273895333964, "gmr_loss_label": 0.020311686147349718, "gmr_class_error": 1.9382359698913019, "gmr_loss_saliency": 0.0, "gmr_loss_exist": 0.14865074088721958, "gmr_loss_span_0": 0.028564143247936363, "gmr_loss_giou_0": 0.2065337440027292, "gmr_loss_label_0": 0.021320674656168485, "gmr_class_error_0": 2.147203439637158, "gmr_loss_exist_0": 0.0, "coarse": 3.150398003656451, "fine": 0.8458204984121409, "rotated_bce": 6.1599809159623815, "exist_pair": 1.6835926907493712, "total": 1.2939454771827419}, "chains": 2632, "seconds": 63.05482006072998, "selected": false, "exposure_sha256": "d7f508e840ae2fd695014d6d4eb6e67481d69915df0916c4af7a103aff50b6cc"}
{"fold": "C1", "arm": "B0", "epoch": 40, "step": 100, "loss": 1.0647094249725342}
{"fold": "C1", "arm": "B0", "epoch": 40, "step": 200, "loss": 1.347007155418396}
{"fold": "C1", "arm": "B0", "epoch": 40, "step": 300, "loss": 1.3453108072280884}
{"fold": "C1", "arm": "B0", "epoch": 40, "step": 400, "loss": 1.060217022895813}
{"fold": "C1", "arm": "B0", "epoch": 40, "step": 500, "loss": 0.9132245779037476}
{"fold": "C1", "arm": "B0", "epoch": 40, "step": 600, "loss": 1.6322131156921387}
{"fold": "C1", "arm": "B0", "epoch": 40, "seen": {"pooled_auroc": 0.7791998229807701, "rows": 1451, "videos": 462, "source_pair_acc": 0.6910569105691057, "source_pairs": 492, "same_query_pair_acc": 0.5849225538055325, "same_query_support": 47, "raw_r1_iou_05": 0.34676564156945916, "raw_r1_iou_07": 0.17497348886532343, "threshold_logit": 5.545726299285889, "gated_r1_iou_05": 0.2354188759278897, "score_distribution": {"0": {"mean": 1.16818238560873, "std": 5.850405837358886, "quantiles": [-8.687013339996337, 1.3258414268493652, 8.449755954742434]}, "1": {"mean": 7.121890788315178, "std": 4.926625978608995, "quantiles": [0.44025931358337406, 7.638091564178467, 13.220838546752933]}}}, "losses": {"gmr": 1.29270323757705, "gmr_loss_span": 0.02804514682373332, "gmr_loss_giou": 0.20473582221698977, "gmr_loss_label": 0.020634946564076564, "gmr_class_error": 2.151179699187583, "gmr_loss_saliency": 0.0, "gmr_loss_exist": 0.1501919750002493, "gmr_loss_span_0": 0.0282712312624719, "gmr_loss_giou_0": 0.20644797725563355, "gmr_loss_label_0": 0.021405973511331892, "gmr_class_error_0": 2.0890470696075347, "gmr_loss_exist_0": 0.0, "coarse": 3.144326300244201, "fine": 0.8480180073472866, "rotated_bce": 6.2120181611968395, "exist_pair": 1.7037474805585429, "total": 1.29270323757705}, "chains": 2632, "seconds": 63.12132143974304, "selected": false, "exposure_sha256": "8d14cceeecf14101ae262ecdd4f743d43dd02b8014e6ad799fc9e9fae5a0c52c"}
{"fold": "C1", "arm": "B0", "epoch": 41, "step": 100, "loss": 1.390880823135376}
{"fold": "C1", "arm": "B0", "epoch": 41, "step": 200, "loss": 1.0968775749206543}
{"fold": "C1", "arm": "B0", "epoch": 41, "step": 300, "loss": 1.0362446308135986}
{"fold": "C1", "arm": "B0", "epoch": 41, "step": 400, "loss": 1.9530020952224731}
{"fold": "C1", "arm": "B0", "epoch": 41, "step": 500, "loss": 1.5860629081726074}
{"fold": "C1", "arm": "B0", "epoch": 41, "step": 600, "loss": 1.4205557107925415}
{"fold": "C1", "arm": "B0", "epoch": 41, "seen": {"pooled_auroc": 0.7702006496271742, "rows": 1451, "videos": 462, "source_pair_acc": 0.6727642276422764, "source_pairs": 492, "same_query_pair_acc": 0.5675950231801296, "same_query_support": 47, "raw_r1_iou_05": 0.344644750795334, "raw_r1_iou_07": 0.16861081654294804, "threshold_logit": 5.897883892059326, "gated_r1_iou_05": 0.21845174973488865, "score_distribution": {"0": {"mean": 1.550280677829319, "std": 5.91464000572911, "quantiles": [-8.321772003173827, 1.696875512599945, 9.289301967620851]}, "1": {"mean": 7.213186834003551, "std": 4.696500157182984, "quantiles": [0.6997737646102906, 7.82894229888916, 13.113291358947755]}}}, "losses": {"gmr": 1.283747967887432, "gmr_loss_span": 0.027876779991895594, "gmr_loss_giou": 0.20295411063001512, "gmr_loss_label": 0.020251251999883257, "gmr_class_error": 1.9575003765999002, "gmr_loss_saliency": 0.0, "gmr_loss_exist": 0.1495539660839432, "gmr_loss_span_0": 0.028193327489289197, "gmr_loss_giou_0": 0.20498452537146744, "gmr_loss_label_0": 0.02113732037921422, "gmr_class_error_0": 2.0219705112074644, "gmr_loss_exist_0": 0.0, "coarse": 3.139148249089899, "fine": 0.8452399637561439, "rotated_bce": 6.196824056399267, "exist_pair": 1.6777736026012426, "total": 1.283747967887432}, "chains": 2631, "seconds": 63.08440327644348, "selected": false, "exposure_sha256": "d8539d6a69c8cec777eea49923182d6892c1f3b3b9c48fcb39f4c6a1eff427e1"}
{"fold": "C1", "arm": "B0", "epoch": 42, "step": 100, "loss": 1.2602957487106323}
{"fold": "C1", "arm": "B0", "epoch": 42, "step": 200, "loss": 1.2772167921066284}
{"fold": "C1", "arm": "B0", "epoch": 42, "step": 300, "loss": 1.4542995691299438}
{"fold": "C1", "arm": "B0", "epoch": 42, "step": 400, "loss": 1.353659987449646}
{"fold": "C1", "arm": "B0", "epoch": 42, "step": 500, "loss": 1.4186127185821533}
{"fold": "C1", "arm": "B0", "epoch": 42, "step": 600, "loss": 1.3116647005081177}
{"fold": "C1", "arm": "B0", "epoch": 42, "seen": {"pooled_auroc": 0.769555614933075, "rows": 1451, "videos": 462, "source_pair_acc": 0.6707317073170732, "source_pairs": 492, "same_query_pair_acc": 0.5732043075128181, "same_query_support": 47, "raw_r1_iou_05": 0.33510074231177095, "raw_r1_iou_07": 0.16542948038176034, "threshold_logit": 6.073917388916016, "gated_r1_iou_05": 0.21314952279957583, "score_distribution": {"0": {"mean": 1.5500977673516498, "std": 5.852051649756876, "quantiles": [-8.32081413269043, 1.6941494345664978, 9.153788566589357]}, "1": {"mean": 7.153199351881557, "std": 4.7015408201257545, "quantiles": [0.6717922329902649, 7.651566505432129, 13.027598381042482]}}}, "losses": {"gmr": 1.2735878422992208, "gmr_loss_span": 0.027617053625578668, "gmr_loss_giou": 0.201167549858702, "gmr_loss_label": 0.020109144461944155, "gmr_class_error": 2.009846069892489, "gmr_loss_saliency": 0.0, "gmr_loss_exist": 0.14773934737529384, "gmr_loss_span_0": 0.027969168380219886, "gmr_loss_giou_0": 0.20403520120902263, "gmr_loss_label_0": 0.021086736923327108, "gmr_class_error_0": 1.899009530667476, "gmr_loss_exist_0": 0.0, "coarse": 3.1540616642015684, "fine": 0.8441178962633602, "rotated_bce": 6.147215520719627, "exist_pair": 1.6699811583866102, "total": 1.2735878422992208}, "chains": 2632, "seconds": 61.2261860370636, "selected": false, "exposure_sha256": "6f58da1903544f5210ccb66c702930b971516c05cf77082bc8b7417dc9c4dbdd"}
{"fold": "C1", "arm": "B0", "epoch": 43, "step": 100, "loss": 1.0632745027542114}
{"fold": "C1", "arm": "B0", "epoch": 43, "step": 200, "loss": 1.5699609518051147}
{"fold": "C1", "arm": "B0", "epoch": 43, "step": 300, "loss": 1.403191328048706}
{"fold": "C1", "arm": "B0", "epoch": 43, "step": 400, "loss": 1.6006309986114502}
{"fold": "C1", "arm": "B0", "epoch": 43, "step": 500, "loss": 0.72142094373703}
{"fold": "C1", "arm": "B0", "epoch": 43, "step": 600, "loss": 1.010386347770691}
{"fold": "C1", "arm": "B0", "epoch": 43, "seen": {"pooled_auroc": 0.7717224305074273, "rows": 1451, "videos": 462, "source_pair_acc": 0.6747967479674797, "source_pairs": 492, "same_query_pair_acc": 0.5638957968745203, "same_query_support": 47, "raw_r1_iou_05": 0.3584305408271474, "raw_r1_iou_07": 0.15482502651113467, "threshold_logit": 5.422246932983398, "gated_r1_iou_05": 0.23329798515376457, "score_distribution": {"0": {"mean": 1.24489486283498, "std": 5.6698638995819435, "quantiles": [-8.363873100280761, 1.3694906830787659, 8.629960632324218]}, "1": {"mean": 6.760728595962043, "std": 4.630125630586579, "quantiles": [0.5227650761604309, 7.082000732421875, 12.52778205871582]}}}, "losses": {"gmr": 1.2868602418066157, "gmr_loss_span": 0.027793886171127345, "gmr_loss_giou": 0.20288901927804512, "gmr_loss_label": 0.020525036661356324, "gmr_class_error": 2.225350006010757, "gmr_loss_saliency": 0.0, "gmr_loss_exist": 0.15226741332991053, "gmr_loss_span_0": 0.02810825218551291, "gmr_loss_giou_0": 0.20522629999552816, "gmr_loss_label_0": 0.021338995913394634, "gmr_class_error_0": 2.089632805357588, "gmr_loss_exist_0": 0.0, "coarse": 3.149918699336994, "fine": 0.8444196320051118, "rotated_bce": 6.0892566235956815, "exist_pair": 1.6675642015282235, "total": 1.2868602418066157}, "chains": 2632, "seconds": 62.181501626968384, "selected": false, "exposure_sha256": "aad2567fd60946e1c40bad39c8f2a893f1b6f3936f66fde922bc4d7df9161d6d"}
{"fold": "C1", "arm": "B0", "epoch": 44, "step": 100, "loss": 1.2340600490570068}
{"fold": "C1", "arm": "B0", "epoch": 44, "step": 200, "loss": 1.240941047668457}
{"fold": "C1", "arm": "B0", "epoch": 44, "step": 300, "loss": 1.2186726331710815}
{"fold": "C1", "arm": "B0", "epoch": 44, "step": 400, "loss": 1.6230502128601074}
{"fold": "C1", "arm": "B0", "epoch": 44, "step": 500, "loss": 1.4089950323104858}
{"fold": "C1", "arm": "B0", "epoch": 44, "step": 600, "loss": 1.3221594095230103}
{"fold": "C1", "arm": "B0", "epoch": 44, "seen": {"pooled_auroc": 0.7706849475204782, "rows": 1451, "videos": 462, "source_pair_acc": 0.6808943089430894, "source_pairs": 492, "same_query_pair_acc": 0.5790968192563937, "same_query_support": 47, "raw_r1_iou_05": 0.34782608695652173, "raw_r1_iou_07": 0.17179215270413573, "threshold_logit": 4.718430042266846, "gated_r1_iou_05": 0.23860021208907742, "score_distribution": {"0": {"mean": 1.1127593008816008, "std": 6.048990032566607, "quantiles": [-8.864651298522949, 1.1222163438796997, 8.874793910980225]}, "1": {"mean": 6.967914741047809, "std": 4.92224200294121, "quantiles": [0.3693587899208069, 7.452305316925049, 13.083061027526856]}}}, "losses": {"gmr": 1.2701575142815482, "gmr_loss_span": 0.02769933991972074, "gmr_loss_giou": 0.20291502123817484, "gmr_loss_label": 0.01985686869745491, "gmr_class_error": 2.157980817429563, "gmr_loss_saliency": 0.0, "gmr_loss_exist": 0.14203933741749436, "gmr_loss_span_0": 0.02801488562116235, "gmr_loss_giou_0": 0.20477666211028592, "gmr_loss_label_0": 0.020964191982375407, "gmr_class_error_0": 2.2142357637817014, "gmr_loss_exist_0": 0.0, "coarse": 3.148982564004359, "fine": 0.8468997882492274, "rotated_bce": 6.298855440594868, "exist_pair": 1.6812126932037275, "total": 1.2701575142815482}, "chains": 2632, "seconds": 61.69052219390869, "selected": false, "exposure_sha256": "913629c0545487eec0a7edceb2a0f04c844dca9f064e26767c5534d35e85b0d2"}
{"fold": "C1", "arm": "B0", "epoch": 45, "step": 100, "loss": 0.9443170428276062}
{"fold": "C1", "arm": "B0", "epoch": 45, "step": 200, "loss": 1.1065539121627808}
{"fold": "C1", "arm": "B0", "epoch": 45, "step": 300, "loss": 1.3976837396621704}
{"fold": "C1", "arm": "B0", "epoch": 45, "step": 400, "loss": 1.1797151565551758}
{"fold": "C1", "arm": "B0", "epoch": 45, "step": 500, "loss": 1.545877456665039}
{"fold": "C1", "arm": "B0", "epoch": 45, "step": 600, "loss": 0.9798972606658936}
{"fold": "C1", "arm": "B0", "epoch": 45, "seen": {"pooled_auroc": 0.7747534673224171, "rows": 1451, "videos": 462, "source_pair_acc": 0.6788617886178862, "source_pairs": 492, "same_query_pair_acc": 0.59344508918977, "same_query_support": 47, "raw_r1_iou_05": 0.34358430540827145, "raw_r1_iou_07": 0.16861081654294804, "threshold_logit": 6.3247222900390625, "gated_r1_iou_05": 0.21314952279957583, "score_distribution": {"0": {"mean": 1.5055021743737453, "std": 5.9632581043760275, "quantiles": [-8.550327587127686, 1.69285249710083, 9.156103420257569]}, "1": {"mean": 7.365886471596717, "std": 4.837678935020758, "quantiles": [0.7971275448799133, 8.00420093536377, 13.349026489257813]}}}, "losses": {"gmr": 1.28063229460122, "gmr_loss_span": 0.02785823453008268, "gmr_loss_giou": 0.20271383780748287, "gmr_loss_label": 0.020329292584069097, "gmr_class_error": 2.175410691003307, "gmr_loss_saliency": 0.0, "gmr_loss_exist": 0.14588363284647102, "gmr_loss_span_0": 0.02828673617121704, "gmr_loss_giou_0": 0.20577843787324102, "gmr_loss_label_0": 0.02087237696958802, "gmr_class_error_0": 2.0982057287337934, "gmr_loss_exist_0": 0.0, "coarse": 3.1512013260716727, "fine": 0.8419066998190431, "rotated_bce": 6.221229448144559, "exist_pair": 1.6842573821986246, "total": 1.28063229460122}, "chains": 2632, "seconds": 62.59574270248413, "selected": false, "exposure_sha256": "2c309c66a1659cae3f6472b9264ec9dcec197f95077c66cfac32b94ae68a3ea4"}
{"fold": "C1", "arm": "B0", "epoch": 46, "step": 100, "loss": 0.9659611582756042}
{"fold": "C1", "arm": "B0", "epoch": 46, "step": 200, "loss": 1.4054548740386963}
{"fold": "C1", "arm": "B0", "epoch": 46, "step": 300, "loss": 1.6789500713348389}
{"fold": "C1", "arm": "B0", "epoch": 46, "step": 400, "loss": 1.3544129133224487}
{"fold": "C1", "arm": "B0", "epoch": 46, "step": 500, "loss": 1.290496826171875}
{"fold": "C1", "arm": "B0", "epoch": 46, "step": 600, "loss": 0.9787927865982056}
{"fold": "C1", "arm": "B0", "epoch": 46, "seen": {"pooled_auroc": 0.7746323928490911, "rows": 1451, "videos": 462, "source_pair_acc": 0.6829268292682927, "source_pairs": 492, "same_query_pair_acc": 0.5768402106168063, "same_query_support": 47, "raw_r1_iou_05": 0.34358430540827145, "raw_r1_iou_07": 0.1728525980911983, "threshold_logit": 4.713371753692627, "gated_r1_iou_05": 0.2449628844114528, "score_distribution": {"0": {"mean": 1.230901285690644, "std": 5.864517219369886, "quantiles": [-8.633102798461914, 1.4561173915863037, 8.961126327514648]}, "1": {"mean": 7.032403493550935, "std": 4.831516960104799, "quantiles": [0.5057006001472474, 7.476363658905029, 13.078490638732912]}}}, "losses": {"gmr": 1.2690058234614805, "gmr_loss_span": 0.02759487220966526, "gmr_loss_giou": 0.20109301948166908, "gmr_loss_label": 0.019738833885639906, "gmr_class_error": 1.9491911891021265, "gmr_loss_saliency": 0.0, "gmr_loss_exist": 0.14654561897685275, "gmr_loss_span_0": 0.027898516268172163, "gmr_loss_giou_0": 0.20376658159956382, "gmr_loss_label_0": 0.0209278452640405, "gmr_class_error_0": 2.0047491705526332, "gmr_loss_exist_0": 0.0, "coarse": 3.140467547355814, "fine": 0.8487186710885231, "rotated_bce": 6.331686638408881, "exist_pair": 1.6988919534151496, "total": 1.2690058234614805}, "chains": 2631, "seconds": 62.397921562194824, "selected": false, "exposure_sha256": "4ca301a3b52a21db73bb52cf50909371b85cca7af9cb989aad2aa93a2d8edeae"}
{"fold": "C1", "arm": "B0", "epoch": 47, "step": 100, "loss": 1.1017155647277832}
{"fold": "C1", "arm": "B0", "epoch": 47, "step": 200, "loss": 1.6526986360549927}
{"fold": "C1", "arm": "B0", "epoch": 47, "step": 300, "loss": 1.6365666389465332}
{"fold": "C1", "arm": "B0", "epoch": 47, "step": 400, "loss": 1.2539273500442505}
{"fold": "C1", "arm": "B0", "epoch": 47, "step": 500, "loss": 1.226584553718567}
{"fold": "C1", "arm": "B0", "epoch": 47, "step": 600, "loss": 1.2672908306121826}
{"fold": "C1", "arm": "B0", "epoch": 47, "seen": {"pooled_auroc": 0.774953866450681, "rows": 1451, "videos": 462, "source_pair_acc": 0.6849593495934959, "source_pairs": 492, "same_query_pair_acc": 0.5550316999785084, "same_query_support": 47, "raw_r1_iou_05": 0.3531283138918346, "raw_r1_iou_07": 0.17709437963944857, "threshold_logit": 4.847317695617676, "gated_r1_iou_05": 0.22693531283138918, "score_distribution": {"0": {"mean": 0.9784695735626568, "std": 5.71422444148528, "quantiles": [-8.520536804199219, 0.9212384223937988, 8.609492588043214]}, "1": {"mean": 6.6756776562345745, "std": 4.756974393694737, "quantiles": [0.33517107367515564, 7.056510925292969, 12.69682941436768]}}}, "losses": {"gmr": 1.2671887581109276, "gmr_loss_span": 0.02763151109224259, "gmr_loss_giou": 0.2019077949792056, "gmr_loss_label": 0.019440609865502022, "gmr_class_error": 1.856774663490365, "gmr_loss_saliency": 0.0, "gmr_loss_exist": 0.1452703493472389, "gmr_loss_span_0": 0.027998373468652776, "gmr_loss_giou_0": 0.20403276979470325, "gmr_loss_label_0": 0.020479140094110577, "gmr_class_error_0": 2.066296122356751, "gmr_loss_exist_0": 0.0, "coarse": 3.156069228352022, "fine": 0.8501064373367101, "rotated_bce": 6.346744971434759, "exist_pair": 1.709657016088535, "total": 1.2671887581109276}, "chains": 2632, "seconds": 62.380178689956665, "selected": false, "exposure_sha256": "7a6d762c7fe82abf700dc699cbd7733c225bf7e76b6a1f0bf37fd47df42effa2"}
{"fold": "C1", "arm": "B0", "epoch": 48, "step": 100, "loss": 1.55936598777771}
{"fold": "C1", "arm": "B0", "epoch": 48, "step": 200, "loss": 1.2766402959823608}
{"fold": "C1", "arm": "B0", "epoch": 48, "step": 300, "loss": 0.9057716131210327}
{"fold": "C1", "arm": "B0", "epoch": 48, "step": 400, "loss": 0.9862505197525024}
{"fold": "C1", "arm": "B0", "epoch": 48, "step": 500, "loss": 1.2633273601531982}
{"fold": "C1", "arm": "B0", "epoch": 48, "step": 600, "loss": 1.140900731086731}
{"fold": "C1", "arm": "B0", "epoch": 48, "seen": {"pooled_auroc": 0.7749851788144722, "rows": 1451, "videos": 462, "source_pair_acc": 0.6788617886178862, "source_pairs": 492, "same_query_pair_acc": 0.5814581990113905, "same_query_support": 47, "raw_r1_iou_05": 0.3552492046659597, "raw_r1_iou_07": 0.17497348886532343, "threshold_logit": 4.748757839202881, "gated_r1_iou_05": 0.2301166489925769, "score_distribution": {"0": {"mean": 0.8925027168231217, "std": 5.691625100767237, "quantiles": [-8.598258781433106, 1.0341252088546753, 8.45051555633545]}, "1": {"mean": 6.5744366778469665, "std": 4.774921933532013, "quantiles": [0.3153484463691712, 6.863801002502441, 12.655638885498046]}}}, "losses": {"gmr": 1.2625443986121645, "gmr_loss_span": 0.027516317645818175, "gmr_loss_giou": 0.20056705040953443, "gmr_loss_label": 0.01971226182729459, "gmr_class_error": 2.1480420585098963, "gmr_loss_saliency": 0.0, "gmr_loss_exist": 0.14446887378170406, "gmr_loss_span_0": 0.02778971910839023, "gmr_loss_giou_0": 0.20235428166516284, "gmr_loss_label_0": 0.020811194266648368, "gmr_class_error_0": 2.238219994542084, "gmr_loss_exist_0": 0.0, "coarse": 3.160209306105292, "fine": 0.8483618375559346, "rotated_bce": 6.253588721020243, "exist_pair": 1.7394218892311977, "total": 1.2625443986121645}, "chains": 2631, "seconds": 62.583914041519165, "selected": false, "exposure_sha256": "a9909d7bb55b38d9d3d4a2b3794b6cb27d978ab046d21dba930614fcbc368f8f"}
{"fold": "C1", "arm": "B0", "epoch": 49, "step": 100, "loss": 1.3292145729064941}
{"fold": "C1", "arm": "B0", "epoch": 49, "step": 200, "loss": 1.2332265377044678}
{"fold": "C1", "arm": "B0", "epoch": 49, "step": 300, "loss": 1.0710688829421997}
{"fold": "C1", "arm": "B0", "epoch": 49, "step": 400, "loss": 0.7652725577354431}
{"fold": "C1", "arm": "B0", "epoch": 49, "step": 500, "loss": 1.3136602640151978}
{"fold": "C1", "arm": "B0", "epoch": 49, "step": 600, "loss": 0.899770200252533}
{"fold": "C1", "arm": "B0", "epoch": 49, "seen": {"pooled_auroc": 0.7769620327151576, "rows": 1451, "videos": 462, "source_pair_acc": 0.6727642276422764, "source_pairs": 492, "same_query_pair_acc": 0.6188373092628411, "same_query_support": 47, "raw_r1_iou_05": 0.33085896076352067, "raw_r1_iou_07": 0.17073170731707318, "threshold_logit": 6.2440385818481445, "gated_r1_iou_05": 0.2142099681866384, "score_distribution": {"0": {"mean": 1.1984134105173505, "std": 6.166676427239658, "quantiles": [-8.95690975189209, 1.5273553133010864, 9.32626428604126]}, "1": {"mean": 7.327291744400688, "std": 5.014135039486127, "quantiles": [0.49957002401351935, 7.92693567276001, 13.472177886962893]}}}, "losses": {"gmr": 1.25550015112187, "gmr_loss_span": 0.02741068818303544, "gmr_loss_giou": 0.1995823967941445, "gmr_loss_label": 0.019496522821899287, "gmr_class_error": 2.0057671149813294, "gmr_loss_saliency": 0.0, "gmr_loss_exist": 0.14026171076176072, "gmr_loss_span_0": 0.02787439482948972, "gmr_loss_giou_0": 0.20275148935049864, "gmr_loss_label_0": 0.020516908017771267, "gmr_class_error_0": 2.1365910214131363, "gmr_loss_exist_0": 0.0, "coarse": 3.1422989415542695, "fine": 0.8426756942163485, "rotated_bce": 6.31487628790383, "exist_pair": 1.6848957195742151, "total": 1.25550015112187}, "chains": 2631, "seconds": 62.269185304641724, "selected": false, "exposure_sha256": "eb7a60c4200738e4296f0a8521ac56585bf3b431b5f898b68c08cb6e4bbcf758"}
{"fold": "C1", "arm": "B0", "epoch": 50, "step": 100, "loss": 1.2498373985290527}
{"fold": "C1", "arm": "B0", "epoch": 50, "step": 200, "loss": 1.4889857769012451}
{"fold": "C1", "arm": "B0", "epoch": 50, "step": 300, "loss": 1.0848743915557861}
{"fold": "C1", "arm": "B0", "epoch": 50, "step": 400, "loss": 1.780358076095581}
{"fold": "C1", "arm": "B0", "epoch": 50, "step": 500, "loss": 1.2010178565979004}
{"fold": "C1", "arm": "B0", "epoch": 50, "step": 600, "loss": 1.3357547521591187}
{"fold": "C1", "arm": "B0", "epoch": 50, "seen": {"pooled_auroc": 0.7699689381351191, "rows": 1451, "videos": 462, "source_pair_acc": 0.6727642276422764, "source_pairs": 492, "same_query_pair_acc": 0.5764694820545884, "same_query_support": 47, "raw_r1_iou_05": 0.34994697773064687, "raw_r1_iou_07": 0.16755037115588547, "threshold_logit": 5.798669338226318, "gated_r1_iou_05": 0.2301166489925769, "score_distribution": {"0": {"mean": 1.3562712865316962, "std": 6.020028966676165, "quantiles": [-8.66886625289917, 1.5047351121902466, 9.4597957611084]}, "1": {"mean": 7.128618931182495, "std": 4.852350982346474, "quantiles": [0.5225969910621643, 7.761435508728027, 12.994407844543458]}}}, "losses": {"gmr": 1.2456330000267202, "gmr_loss_span": 0.027191988082098745, "gmr_loss_giou": 0.19893364801912322, "gmr_loss_label": 0.01923287647711198, "gmr_class_error": 2.2633604727979852, "gmr_loss_saliency": 0.0, "gmr_loss_exist": 0.14296183173401752, "gmr_loss_span_0": 0.027386299396743346, "gmr_loss_giou_0": 0.20005512740293172, "gmr_loss_label_0": 0.02024200338428687, "gmr_class_error_0": 2.0594656344242734, "gmr_loss_exist_0": 0.0, "coarse": 3.162300648660283, "fine": 0.8444787297386529, "rotated_bce": 6.275454214278688, "exist_pair": 1.6407764968448135, "total": 1.2456330000267202}, "chains": 2631, "seconds": 62.50187659263611, "selected": false, "exposure_sha256": "939c6bcdff0df25fae9e89eb36271ef5f4dc710a81509fcc11d47ea49750bffc"}
COMPLETED {"fold": "C1", "arm": "B0", "seed": 3407, "best_epoch": 5, "seen_val": {"pooled_auroc": 0.7843621880244821, "rows": 1451, "videos": 462, "source_pair_acc": 0.6747967479674797, "source_pairs": 492, "same_query_pair_acc": 0.5537732952626571, "same_query_support": 47, "raw_r1_iou_05": 0.35418875927889715, "raw_r1_iou_07": 0.176033934252386, "threshold_logit": 3.533430576324463, "gated_r1_iou_05": 0.23647932131495228}, "epoch0": {"seen": {"pooled_auroc": 0.7882616210619483, "rows": 1451, "videos": 462, "source_pair_acc": 0.676829268292683, "source_pairs": 492, "same_query_pair_acc": 0.5633719412974733, "same_query_support": 47, "raw_r1_iou_05": 0.3743372216330859, "raw_r1_iou_07": 0.20042417815482502, "threshold_logit": 1.8752331733703613, "gated_r1_iou_05": 0.2735949098621421}}, "elapsed_seconds": 3118.969642162323, "peak_gpu_bytes": 0, "formal_U_accessed": false}
